******************************************************************************
              TMS320C55x Linker PC v4.4.1                      
******************************************************************************
>> Linked Mon Mar 25 09:46:05 2024

OUTPUT FILE NAME:   <biosExample.out>
ENTRY POINT SYMBOL: "_c_int00"  address: 0000a66d


MEMORY CONFIGURATION

         name            origin    length      used     unused   attr    fill
                        (bytes)   (bytes)    (bytes)   (bytes)
----------------------  --------  ---------  --------  --------  ----  --------
  DARAM                 000000c0   0000fe40  0000ae86  00004fba  RWIX
  VECT                  0000ff00   00000100  00000100  00000000  RWIX
  SARAM                 00010000   00040000  00000f5a  0003f0a6  RWIX


SECTION ALLOCATION MAP
(Addresses surrounded by []'s are displayed for convenience only!)

output                                                          attributes/
section   page  orgn(bytes) orgn(words) len(bytes) len(words)   input sections
--------  ----  ----------- ----------- ---------- ----------   --------------
.vers        0   [ 00000000 ]  00000000          *   0000003c   COPY SECTION
                 [ 00000000 ]  00000000          *   0000003c   hellocfg.obj (.vers)

.text        0     000000c0  [ 00000060 ] 00002986          *   
                   000000c0  [ 00000060 ] 00000c3c          *   cslVC5505.lib : csl_i2c.obj (.text)
                   00000cfc  [ 0000067e ] 000009f3          *                 : csl_i2s.obj (.text)
                   000016ef  [ 00000b77+] 0000068d          *                 : csl_gpio.obj (.text)
                   00001d7c  [ 00000ebe ] 0000022e          *   aic3204.obj (.text)
                   00001faa  [ 00000fd5 ] 000001e7          *   ezdsp5535_led.obj (.text)
                   00002191  [ 000010c8+] 00000192          *   ezdsp5535_lcd.obj (.text)
                   00002323  [ 00001191+] 00000107          *   ezdsp5535_i2s.obj (.text)
                   0000242a  [ 00001215 ] 000000f0          *   audioProcessing.obj (.text)
                   0000251a  [ 0000128d ] 000000a1          *   rts55x.lib : divul.obj (.text)
                   000025bb  [ 000012dd+] 0000008e          *   ezdsp5535_i2c.obj (.text)
                   00002649  [ 00001324+] 00000087          *   ezdsp5535_gpio.obj (.text)
                   000026d0  [ 00001368 ] 00000075          *   rts55x.lib : sinit.obj (.text)
                   00002745  [ 000013a2+] 00000072          *              : remul.obj (.text)
                   000027b7  [ 000013db+] 0000006f          *              : atexit.obj (.text)
                   00002826  [ 00001413 ] 00000002          *   --HOLE-- [fill = 20]
                   00002828  [ 00001414 ] 00000067          *   bios.a55L : c55_enable.o55L (.text)
                   0000288f  [ 00001447 ] 00000001          *   --HOLE-- [fill = 20]
                   00002890  [ 00001448 ] 0000005c          *             : tsk_stup.o55L (.text)
                   000028ec  [ 00001476 ] 0000005b          *   main.obj (.text)
                   00002947  [ 000014a3+] 00000054          *   ezdsp5535.obj (.text)
                   0000299b  [ 000014cd+] 0000003f          *   rts55x.lib : memcpy.obj (.text)
                   000029da  [ 000014ed ] 0000003e          *              : exit.obj (.text)
                   00002a18  [ 0000150c ] 00000013          *              : lmpy.obj (.text)
                   00002a2b  [ 00001515+] 00000012          *              : _lock.obj (.text)
                   00002a3d  [ 0000151e+] 00000007          *              : exit.obj (.text:CIO_breakpoint)
                   00002a44  [ 00001522 ] 00000002          *   --HOLE-- [fill = 20]

.data        0   [ 000000c0 ]  00000060          *   00000000   UNINITIALIZED

.mem         0   [ 00002a46 ]  00001523          *   00000001   UNINITIALIZED
                 [ 00002a46 ]  00001523          *   00000001   hellocfg.obj (.mem)

.bios        0     00002a48  [ 00001524 ] 00002204          *   
                   00002a48  [ 00001524 ] 000003d4          *   bios.a55L : swi.o55L (.bios)
                   00002e1c  [ 0000170e ] 000003a3          *   lnkrtdx.a55L : rtdx.o55L (.bios)
                   000031bf  [ 000018df+] 0000035f          *   bios.a55L : hwi_disp_asm.o55L (.bios)
                   0000351e  [ 00001a8f ] 00000002          *   --HOLE-- [fill = 20]
                   00003520  [ 00001a90 ] 0000018b          *             : sem_pend.o55L (.bios)
                   000036ab  [ 00001b55+] 00000186          *             : prd.o55L (.bios)
                   00003831  [ 00001c18 ] 00000003          *   --HOLE-- [fill = 20]
                   00003834  [ 00001c1a ] 00000185          *             : knl_run.o55L (.bios)
                   000039b9  [ 00001cdc ] 00000003          *   --HOLE-- [fill = 20]
                   000039bc  [ 00001cde ] 00000144          *             : knl_tick.o55L (.bios)
                   00003b00  [ 00001d80 ] 00000130          *             : rta.o55L (.bios)
                   00003c30  [ 00001e18 ] 00000119          *             : pip.o55L (.bios)
                   00003d49  [ 00001ea4+] 0000010e          *             : knl_swit.o55L (.bios)
                   00003e57  [ 00001f2b ] 00000001          *   --HOLE-- [fill = 20]
                   00003e58  [ 00001f2c ] 0000010d          *             : mbx.o55L (.bios)
                   00003f65  [ 00001fb2 ] 00000003          *   --HOLE-- [fill = 20]
                   00003f68  [ 00001fb4 ] 00000104          *             : sem_dopo.o55L (.bios)
                   0000406c  [ 00002036 ] 000000f8          *             : tsk_exit.o55L (.bios)
                   00004164  [ 000020b2 ] 000000f6          *             : tsk_setu.o55L (.bios)
                   0000425a  [ 0000212d ] 00000002          *   --HOLE-- [fill = 20]
                   0000425c  [ 0000212e ] 000000bf          *             : tsk_stup.o55L (.bios)
                   0000431b  [ 0000218d+] 000000a2          *             : c55_c.o55L (.bios)
                   000043bd  [ 000021de ] 00000003          *   --HOLE-- [fill = 20]
                   000043c0  [ 000021e0 ] 00000090          *   bios5505.a55L : clk5505_start.o55L (.bios)
                   00004450  [ 00002228 ] 0000008d          *   bios.a55L : knl_chec.o55L (.bios)
                   000044dd  [ 0000226e ] 00000003          *   --HOLE-- [fill = 20]
                   000044e0  [ 00002270 ] 0000008d          *   bios5505.a55L : clk5505_isr.o55L (.bios)
                   0000456d  [ 000022b6 ] 00000003          *   --HOLE-- [fill = 20]
                   00004570  [ 000022b8 ] 00000087          *                 : clk5505_htime.o55L (.bios)
                   000045f7  [ 000022fb+] 00000082          *   bios.a55L : sem_post_asm.o55L (.bios)
                   00004679  [ 0000233c ] 00000003          *   --HOLE-- [fill = 20]
                   0000467c  [ 0000233e ] 00000068          *   bios5505.a55L : clk5505_meas.o55L (.bios)
                   000046e4  [ 00002372 ] 00000062          *   bios.a55L : log_printf.o55L (.bios)
                   00004746  [ 000023a3 ] 00000002          *   --HOLE-- [fill = 20]
                   00004748  [ 000023a4 ] 0000005f          *             : knl_exit.o55L (.bios)
                   000047a7  [ 000023d3 ] 00000001          *   --HOLE-- [fill = 20]
                   000047a8  [ 000023d4 ] 0000005b          *             : knl_ipos.o55L (.bios)
                   00004803  [ 00002401 ] 00000001          *   --HOLE-- [fill = 20]
                   00004804  [ 00002402 ] 00000058          *             : lck.o55L (.bios)
                   0000485c  [ 0000242e ] 00000051          *             : log.o55L (.bios)
                   000048ad  [ 00002456+] 0000004e          *             : sem_pend_counting.o55L (.bios)
                   000048fb  [ 0000247d ] 00000001          *   --HOLE-- [fill = 20]
                   000048fc  [ 0000247e ] 00000048          *             : sem_post.o55L (.bios)
                   00004944  [ 000024a2 ] 00000048          *             : sts.o55L (.bios)
                   0000498c  [ 000024c6 ] 00000048          *             : sys_exit.o55L (.bios)
                   000049d4  [ 000024ea ] 00000047          *             : idl_busy.o55L (.bios)
                   00004a1b  [ 0000250d+] 00000046          *             : idl_cal.o55L (.bios)
                   00004a61  [ 00002530+] 00000043          *             : rta_andn.o55L (.bios)
                   00004aa4  [ 00002552 ] 00000036          *             : utl_putc.o55L (.bios)
                   00004ada  [ 0000256d ] 00000002          *   --HOLE-- [fill = 20]
                   00004adc  [ 0000256e ] 00000034          *             : knl_post.o55L (.bios)
                   00004b10  [ 00002588 ] 00000034          *   bios5505.a55L : clk_itime.o55L (.bios)
                   00004b44  [ 000025a2 ] 00000025          *   bios.a55L : fxn.o55L (.bios)
                   00004b69  [ 000025b4+] 00000024          *             : idl_stub.o55L (.bios)
                   00004b8d  [ 000025c6 ] 00000003          *   --HOLE-- [fill = 20]
                   00004b90  [ 000025c8 ] 00000023          *             : utl_doab.o55L (.bios)
                   00004bb3  [ 000025d9 ] 00000001          *   --HOLE-- [fill = 20]
                   00004bb4  [ 000025da ] 00000020          *             : utl_doer.o55L (.bios)
                   00004bd4  [ 000025ea ] 0000001a          *             : hwi_xable.o55L (.bios)
                   00004bee  [ 000025f7 ] 00000017          *             : clk_run.o55L (.bios)
                   00004c05  [ 00002602 ] 00000003          *   --HOLE-- [fill = 20]
                   00004c08  [ 00002604 ] 00000017          *             : sys_abor.o55L (.bios)
                   00004c1f  [ 0000260f+] 0000000c          *             : idl.o55L (.bios)
                   00004c2b  [ 00002615 ] 00000001          *   --HOLE-- [fill = 20]
                   00004c2c  [ 00002616 ] 00000008          *             : utl_halt.o55L (.bios)
                   00004c34  [ 0000261a ] 00000007          *             : sts_set.o55L (.bios)
                   00004c3b  [ 0000261d+] 00000006          *             : gbl_vers.o55L (.bios)
                   00004c41  [ 00002620 ] 00000003          *   --HOLE-- [fill = 20]
                   00004c44  [ 00002622 ] 00000002          *             : fxn_c.o55L (.bios)
                   00004c46  [ 00002623 ] 00000002          *   --HOLE-- [fill = 20]
                   00004c48  [ 00002624 ] 00000002          *   bios5505.a55L : clk5505_wdog.o55L (.bios)
                   00004c4a  [ 00002625 ] 00000002          *   --HOLE-- [fill = 20]

.sysstack 
*            0   [ 00004c4c ]  00002626          *   00000100   UNINITIALIZED
                 [ 00004c4c ]  00002626          *   00000100   --HOLE--

.stack       0   [ 00004e4c ]  00002726          *   00000400   UNINITIALIZED
                 [ 00004e4c ]  00002726          *   00000400   --HOLE--

.DARAM$heap 
*            0   [ 0000564c ]  00002b26          *   00000500   UNINITIALIZED
                 [ 0000564c ]  00002b26          *   00000500   --HOLE--

.TSKAudio$stk 
*            0   [ 0000604c ]  00003026          *   00000500   UNINITIALIZED
                 [ 0000604c ]  00003026          *   00000500   hellocfg.obj (.TSKAudio$stk)

.TSKFFT$stk 
*            0   [ 00006a4c ]  00003526          *   00000500   UNINITIALIZED
                 [ 00006a4c ]  00003526          *   00000500   hellocfg.obj (.TSKFFT$stk)

.TSK_idle$stk 
*            0   [ 0000744c ]  00003a26          *   00000500   UNINITIALIZED
                 [ 0000744c ]  00003a26          *   00000500   hellocfg.obj (.TSK_idle$stk)

.rtdx_text 
*            0     00007e4c  [ 00003f26 ] 00000942          *   
                   00007e4c  [ 00003f26 ] 000001db          *   rtdxx.lib : buffer1.o55L (.rtdx_text:_RTDX_write_next)
                   00008027  [ 00004013+] 0000017c          *             : buffer1.o55L (.rtdx_text:_RTDX_Buffer_WriteCB)
                   000081a3  [ 000040d1+] 0000010f          *             : rtdx_mon.o55L (.rtdx_text:_RTDX_Init_RT_Monitor)
                   000082b2  [ 00004159 ] 000000ec          *             : rtdx_mon.o55L (.rtdx_text:_RTDX_Poll)
                   0000839e  [ 000041cf ] 000000b5          *             : buffer1.o55L (.rtdx_text:_claim)
                   00008453  [ 00004229+] 00000093          *             : rtdx_mon.o55L (.rtdx_text:_StartXFer)
                   000084e6  [ 00004273 ] 00000088          *             : rtdx_mon.o55L (.rtdx_text:_RTDX_Mon_Queue)
                   0000856e  [ 000042b7 ] 00000065          *             : rtdx_mon.o55L (.rtdx_text:_RTDX_H2TPoll)
                   000085d3  [ 000042e9+] 00000053          *             : buffer1.o55L (.rtdx_text:_RTDX_Buffer_Initialize)
                   00008626  [ 00004313 ] 0000004b          *             : buffer2.o55L (.rtdx_text:_RTDX_Buffer_ReadCB)
                   00008671  [ 00004338+] 0000003c          *             : rtdx_mon.o55L (.rtdx_text:_RTDX_Final_RT_Monitor)
                   000086ad  [ 00004356+] 0000003b          *             : buffer1.o55L (.rtdx_text:_RTDX_Buffer_Size)
                   000086e8  [ 00004374 ] 0000002a          *             : intr_tgt.o55L (.rtdx_text:_RTDX_Mask_IER)
                   00008712  [ 00004389 ] 00000022          *             : buffer2.o55L (.rtdx_text:_RTDX_Buffer_Read)
                   00008734  [ 0000439a ] 0000001e          *             : intr_tgt.o55L (.rtdx_text:_RTDX_Set_IER)
                   00008752  [ 000043a9 ] 0000001c          *             : buffer1.o55L (.rtdx_text:_RTDX_Buffer_Write)
                   0000876e  [ 000043b7 ] 00000017          *             : rtdx_mon.o55L (.rtdx_text:_Allow_EmuAccess)
                   00008785  [ 000043c2+] 00000004          *             : rtdx_mon.o55L (.rtdx_text:_Disallow_EmuAccess)
                   00008789  [ 000043c4+] 00000004          *             : rtdx_mon.o55L (.rtdx_text:_Wait)
                   0000878d  [ 000043c6 ] 00000001          *   --HOLE-- [fill = 20]

.gblinit     0   [ 0000878e ]  000043c7          *   00000039   
                 [ 0000878e ]  000043c7          *   00000039   hellocfg.obj (.gblinit)

.trace$buf 
*            0   [ 00008800 ]  00004400          *   00000400   UNINITIALIZED
                 [ 00008800 ]  00004400          *   00000400   hellocfg.obj (.trace$buf)

.bss         0   [ 00009000 ]  00004800          *   0000029c   UNINITIALIZED
                 [ 00009000 ]  00004800          *   000000c2   rts55x.lib : atexit.obj (.bss)
                 [ 00009184 ]  000048c2          *   0000008a   bios.a55L : knl.o55L (.bss)
                 [ 00009298 ]  0000494c          *   00000033   audioProcessing.obj (.bss)
                 [ 000092fe ]  0000497f          *   00000001   --HOLE--
                 [ 00009300 ]  00004980          *   00000030   bios.a55L : tsk.o55L (.bss)
                 [ 00009360 ]  000049b0          *   0000002a   cslVC5505.lib : csl_i2s.obj (.bss)
                 [ 000093b4 ]  000049da          *   00000028   bios.a55L : tsk_stup.o55L (.bss)
                 [ 00009404 ]  00004a02          *   00000023             : obj_init.o55L (.bss)
                 [ 0000944a ]  00004a25          *   00000001   --HOLE--
                 [ 0000944c ]  00004a26          *   00000014             : sys.o55L (.bss)
                 [ 00009474 ]  00004a3a          *   00000014   hellocfg.obj (.bss)
                 [ 0000949c ]  00004a4e          *   00000012   cslVC5505.lib : csl_i2c.obj (.bss)
                 [ 000094c0 ]  00004a60          *   0000000c   bios5505.a55L : clk5505_data.o55L (.bss)
                 [ 000094d8 ]  00004a6c          *   00000008   bios.a55L : knl_tick.o55L (.bss)
                 [ 000094e8 ]  00004a74          *   00000006             : utl_putc.o55L (.bss)
                 [ 000094f4 ]  00004a7a          *   00000006   rtdxx.lib : buffer1.o55L (.bss)
                 [ 00009500 ]  00004a80          *   00000004   bios.a55L : clk_data.o55L (.bss)
                 [ 00009508 ]  00004a84          *   00000004   ezdsp5535_gpio.obj (.bss)
                 [ 00009510 ]  00004a88          *   00000004   main.obj (.bss)
                 [ 00009518 ]  00004a8c          *   00000004   rts55x.lib : _lock.obj (.bss)
                 [ 00009520 ]  00004a90          *   00000004              : exit.obj (.bss)
                 [ 00009528 ]  00004a94          *   00000002   bios.a55L : clk_data2.o55L (.bss)
                 [ 0000952c ]  00004a96          *   00000002             : mem_asm.o55L (.bss)
                 [ 00009530 ]  00004a98          *   00000002   ezdsp5535_i2s.obj (.bss)
                 [ 00009534 ]  00004a9a          *   00000002   rts55x.lib : sinit.obj (.bss)

.rtdx_data 
*            0   [ 00009538 ]  00004a9c          *   00000128   UNINITIALIZED
                 [ 00009538 ]  00004a9c          *   00000102   hellocfg.obj (.rtdx_data)
                 [ 0000973c ]  00004b9e          *   00000012   rtdxx.lib : rtdx_mon.o55L (.rtdx_data)
                 [ 00009760 ]  00004bb0          *   00000010             : buffer1.o55L (.rtdx_data)
                 [ 00009780 ]  00004bc0          *   00000004   bios.a55L : rtdx_data.o55L (.rtdx_data)

.MBXAudio$que 
*            0   [ 00009788 ]  00004bc4          *   00000034   UNINITIALIZED
                 [ 00009788 ]  00004bc4          *   00000034   --HOLE--

.args        0   [ 000097f0 ]  00004bf8          *   00000008   
                 [ 000097f0 ]  00004bf8          *   00000008   --HOLE-- [fill = 0]

.LOG_system$buf 
*            0   [ 00009800 ]  00004c00          *   00000200   UNINITIALIZED
                 [ 00009800 ]  00004c00          *   00000200   hellocfg.obj (.LOG_system$buf)

.trace       0   [ 00009c00 ]  00004e00          *   00000200   
                 [ 00009c00 ]  00004e00          *   00000200   --HOLE-- [fill = 00]

.TSKUI$stk 
*            0   [ 0000a000 ]  00005000          *   000001c8   UNINITIALIZED
                 [ 0000a000 ]  00005000          *   000001c8   hellocfg.obj (.TSKUI$stk)

.sysinit     0     0000a390  [ 000051c8 ] 00000350          *   
                   0000a390  [ 000051c8 ] 00000111          *   bios.a55L : mem_init.o55L (.sysinit)
                   0000a4a1  [ 00005250+] 000000d5          *   hellocfg.obj (.sysinit)
                   0000a576  [ 000052bb ] 00000002          *   --HOLE-- [fill = 20]
                   0000a578  [ 000052bc ] 00000084          *   bios.a55L : tsk_init.o55L (.sysinit)
                   0000a5fc  [ 000052fe ] 00000071          *             : autoinit.o55L (.sysinit)
                   0000a66d  [ 00005336+] 0000006f          *             : boot.o55L (.sysinit)
                   0000a6dc  [ 0000536e ] 00000002          *             : obj_init.o55L (.sysinit)
                   0000a6de  [ 0000536f ] 00000002          *   --HOLE-- [fill = 20]

.sysdata     0   [ 0000a6e0 ]  00005370          *   000000ce   UNINITIALIZED
                 [ 0000a6e0 ]  00005370          *   000000b0   bios.a55L : biosdata.o55L (.sysdata)
                 [ 0000a840 ]  00005420          *   00000016             : rta.o55L (.sysdata)
                 [ 0000a86c ]  00005436          *   00000006   lnkrtdx.a55L : rtdx.o55L (.sysdata)
                 [ 0000a878 ]  0000543c          *   00000002   bios.a55L : idl_busy.o55L (.sysdata)

.hwi_disp_sec 
*            0   [ 0000a87c ]  0000543e          *   000000c0   UNINITIALIZED
                 [ 0000a87c ]  0000543e          *   000000c0   bios.a55L : hwi_disp_asm.o55L (.hwi_disp_sec)

.tsk         0   [ 0000a9fc ]  000054fe          *   000000b0   UNINITIALIZED
                 [ 0000a9fc ]  000054fe          *   000000b0   hellocfg.obj (.tsk)

.mbx         0   [ 0000ab5c ]  000055ae          *   00000068   UNINITIALIZED
                 [ 0000ab5c ]  000055ae          *   00000068   hellocfg.obj (.mbx)

.pip         0   [ 0000ac2c ]  00005616          *   00000064   UNINITIALIZED
                 [ 0000ac2c ]  00005616          *   00000064   hellocfg.obj (.pip)

.hst0        0   [ 0000acf4 ]  0000567a          *   00000040   UNINITIALIZED
                 [ 0000acf4 ]  0000567a          *   00000040   hellocfg.obj (.hst0)

.sts         0   [ 0000ad74 ]  000056ba          *   00000040   UNINITIALIZED
                 [ 0000ad74 ]  000056ba          *   00000040   hellocfg.obj (.sts)

.swi         0   [ 0000adf4 ]  000056fa          *   00000028   UNINITIALIZED
                 [ 0000adf4 ]  000056fa          *   00000028   hellocfg.obj (.swi)

.hst         0   [ 0000ae44 ]  00005722          *   0000001a   UNINITIALIZED
                 [ 0000ae44 ]  00005722          *   0000001a   hellocfg.obj (.hst)

.sem         0   [ 0000ae78 ]  0000573c          *   00000016   UNINITIALIZED
                 [ 0000ae78 ]  0000573c          *   00000016   hellocfg.obj (.sem)

.log         0   [ 0000aea4 ]  00005752          *   00000014   UNINITIALIZED
                 [ 0000aea4 ]  00005752          *   00000014   hellocfg.obj (.log)

.prd         0   [ 0000aecc ]  00005766          *   0000000c   UNINITIALIZED
                 [ 0000aecc ]  00005766          *   0000000c   hellocfg.obj (.prd)

.idl         0   [ 0000aee4 ]  00005772          *   0000000a   UNINITIALIZED
                 [ 0000aee4 ]  00005772          *   0000000a   hellocfg.obj (.idl)

.idlcal      0   [ 0000aef8 ]  0000577c          *   0000000a   UNINITIALIZED
                 [ 0000aef8 ]  0000577c          *   0000000a   hellocfg.obj (.idlcal)

.hst1        0   [ 0000af0c ]  00005786          *   00000008   UNINITIALIZED
                 [ 0000af0c ]  00005786          *   00000008   hellocfg.obj (.hst1)

.sys         0   [ 0000af1c ]  0000578e          *   00000008   UNINITIALIZED
                 [ 0000af1c ]  0000578e          *   00000008   hellocfg.obj (.sys)

.MBXFFT$que 
*            0   [ 0000af2c ]  00005796          *   00000006   UNINITIALIZED
                 [ 0000af2c ]  00005796          *   00000006   --HOLE--

.clk         0   [ 0000af38 ]  0000579c          *   00000004   UNINITIALIZED
                 [ 0000af38 ]  0000579c          *   00000004   hellocfg.obj (.clk)

.trcdata     0   [ 0000af40 ]  000057a0          *   00000003   
                 [ 0000af40 ]  000057a0          *   00000003   bios.a55L : trc.o55L (.trcdata)

.hwi_vec     0     0000ff00  [ 00007f80 ] 00000100          *   
                   0000ff00  [ 00007f80 ] 00000100          *   hellocfg.obj (.hwi_vec)

.cinit       0   [ 00010000 ]  00008000          *   000006fc   
                 [ 00010000 ]  00008000          *   000004a5   hellocfg.obj (.cinit)
                 [ 0001094a ]  000084a5          *   000000af   bios.a55L : biosdata.o55L (.cinit)
                 [ 00010aa8 ]  00008554          *   000000a0             : knl.o55L (.cinit)
                 [ 00010be8 ]  000085f4          *   00000031             : tsk.o55L (.cinit)
                 [ 00010c4a ]  00008625          *   0000002e             : tsk_stup.o55L (.cinit)
                 [ 00010ca6 ]  00008653          *   00000019             : rta.o55L (.cinit)
                 [ 00010cd8 ]  0000866c          *   00000017   rtdxx.lib : buffer1.o55L (.cinit)
                 [ 00010d06 ]  00008683          *   0000000f   bios.a55L : utl_putc.o55L (.cinit)
                 [ 00010d24 ]  00008692          *   0000000b             : knl_tick.o55L (.cinit)
                 [ 00010d3a ]  0000869d          *   0000000a             : obj_init.o55L (.cinit)
                 [ 00010d4e ]  000086a7          *   0000000a             : sys.o55L (.cinit)
                 [ 00010d62 ]  000086b1          *   0000000a   main.obj (.cinit)
                 [ 00010d76 ]  000086bb          *   0000000a   rts55x.lib : _lock.obj (.cinit)
                 [ 00010d8a ]  000086c5          *   0000000a              : exit.obj (.cinit)
                 [ 00010d9e ]  000086cf          *   00000009   lnkrtdx.a55L : rtdx.o55L (.cinit)
                 [ 00010db0 ]  000086d8          *   00000008   cslVC5505.lib : csl_i2s.obj (.cinit)
                 [ 00010dc0 ]  000086e0          *   00000008   rts55x.lib : atexit.obj (.cinit)
                 [ 00010dd0 ]  000086e8          *   00000005   bios.a55L : idl_busy.o55L (.cinit)
                 [ 00010dda ]  000086ed          *   00000005             : knl_swit.o55L (.cinit)
                 [ 00010de4 ]  000086f2          *   00000005   rts55x.lib : sinit.obj (.cinit)
                 [ 00010dee ]  000086f7          *   00000004   audioProcessing.obj (.cinit)
                 [ 00010df6 ]  000086fb          *   00000001   --HOLE-- [fill = 0]

.const       0   [ 00010df8 ]  000086fc          *   000000ab   
                 [ 00010df8 ]  000086fc          *   0000004f   bios.a55L : tsk_stup.o55L (.const)
                 [ 00010e96 ]  0000874b          *   00000001   --HOLE-- [fill = 0]
                 [ 00010e98 ]  0000874c          *   00000023             : utl_doab.o55L (.const)
                 [ 00010ede ]  0000876f          *   00000001   --HOLE-- [fill = 0]
                 [ 00010ee0 ]  00008770          *   00000022             : utl_doer.o55L (.const)
                 [ 00010f24 ]  00008792          *   0000000a   audioProcessing.obj (.const:.string)
                 [ 00010f38 ]  0000879c          *   00000006   rtdxx.lib : rtdx_mon.o55L (.const)
                 [ 00010f44 ]  000087a2          *   00000004             : buffer1.o55L (.const)
                 [ 00010f4c ]  000087a6          *   00000001   bios.a55L : tsk.o55L (.const)

.printf      0   [ 00010f4e ]  000087a7          *   000000cc   COPY SECTION
                 [ 00010f4e ]  000087a7          *   000000cc   hellocfg.obj (.printf)

.pinit       0   [ 00010f50 ]  000087a8          *   00000006   
                 [ 00010f50 ]  000087a8          *   00000002   rtdxx.lib : buffer1.o55L (.pinit)
                 [ 00010f54 ]  000087aa          *   00000002             : rtdx_mon.o55L (.pinit)
                 [ 00010f58 ]  000087ac          *   00000002   --HOLE-- [fill = 0]


GLOBAL SYMBOLS: SORTED ALPHABETICALLY BY Name 

abs. value/
byte addr   word addr   name
---------   ---------   ----
00000002                $TI_capability$C5500$CallingConvention
00000002                $TI_capability$C5500$MemoryModel
00000001                $TI_capability_requires_rev3
            00004800    .bss
            00000060    .data
000000c0                .text
00000014                BIOSDATA_O_CLK_D_COUNTSPMS
0000000e                BIOSDATA_O_CLK_D_DIRTY
00000016                BIOSDATA_O_CLK_D_IDLETIME
00000018                BIOSDATA_O_CLK_D_ISRHOOK
00000010                BIOSDATA_O_CLK_D_PRD
0000001a                BIOSDATA_O_CLK_D_TABBEG
00000012                BIOSDATA_O_CLK_D_TDDR
0000001c                BIOSDATA_O_CLK_D_TIMEFXN
00000006                BIOSDATA_O_CLK_HTIMEDIV
00000008                BIOSDATA_O_CLK_HTIMEMULT
0000000a                BIOSDATA_O_CLK_LTIMEDIV
0000000c                BIOSDATA_O_CLK_LTIMEMULT
0000001e                BIOSDATA_O_CLK_R_TIMH
0000001f                BIOSDATA_O_CLK_R_TIML
00000020                BIOSDATA_O_HST_D_CHANMASK
000000a0                BIOSDATA_O_HST_D_TABBEGADDR
000000a2                BIOSDATA_O_HST_D_TABENDADDR
00000088                BIOSDATA_O_HWI_D_SPSAVE
0000008a                BIOSDATA_O_HWI_D_SSPSAVE
0000008c                BIOSDATA_O_HWI_D_STKBOTADDR
00000090                BIOSDATA_O_HWI_D_STKTOPADDR
0000008e                BIOSDATA_O_HWI_D_SYSTKBOTADDR
00000092                BIOSDATA_O_HWI_D_SYSTKTOPADDR
00000022                BIOSDATA_O_IDL_D_CALBEG
00000024                BIOSDATA_O_IDL_D_CALIBRATE
00000026                BIOSDATA_O_IDL_D_TABBEG
00000028                BIOSDATA_O_LOG_D_SYSTEM
00000098                BIOSDATA_O_MEM_D_FREELIST
0000009a                BIOSDATA_O_MEM_D_LOCKADDR
00000096                BIOSDATA_O_MEM_D_MEMTAB
00000095                BIOSDATA_O_MEM_D_NUMSEGMENTS
0000009c                BIOSDATA_O_MEM_D_UNLOCKADDR
0000002a                BIOSDATA_O_PIP_D_TABBEG
0000002c                BIOSDATA_O_PIP_D_TABLEN
0000002e                BIOSDATA_O_PRD_D_CUR
00000030                BIOSDATA_O_PRD_D_ELAPSED
00000031                BIOSDATA_O_PRD_D_PREVTIM
00000032                BIOSDATA_O_PRD_D_SCALAR
00000034                BIOSDATA_O_PRD_D_SWIHANDLE
00000036                BIOSDATA_O_PRD_D_TABBEG
00000038                BIOSDATA_O_PRD_D_TABLEN
0000003a                BIOSDATA_O_PRD_D_THOOK
0000003c                BIOSDATA_O_PRD_D_TICKH
0000003d                BIOSDATA_O_PRD_D_TICKL
000000a8                BIOSDATA_O_RTDX_D_BUFREAD
000000aa                BIOSDATA_O_RTDX_D_BUFWRITE
00000046                BIOSDATA_O_SWI_D_CURFXN
00000042                BIOSDATA_O_SWI_D_CURMASK
00000045                BIOSDATA_O_SWI_D_CURMBOX
00000043                BIOSDATA_O_SWI_D_CURSET
00000040                BIOSDATA_O_SWI_D_EXECADDR
00000044                BIOSDATA_O_SWI_D_LOCK
00000048                BIOSDATA_O_SWI_D_RDYBEG
0000004a                BIOSDATA_O_SWI_D_RDYTAB
0000003e                BIOSDATA_O_SWI_D_RUNADDR
0000009e                BIOSDATA_O_SYS
000000a4                BIOSDATA_O_TSK_D_IDLSTKADDR
000000a6                BIOSDATA_O_TSK_D_IDLSYSTKADDR
0000a4a1                BIOS_init
0000a532                BIOS_start
00000000                BUF$
00000001                BUF_ENABLED
00002a3e                C$$EXIT
            00005370    C55_BIOSDATAOBJ
00000001                CLK$
0000579c                CLK_A_TABBEG
0000af38                CLK_A_TABBEGb
00000001                CLK_CALDIV
00000004                CLK_CALMULT
0000c350                CLK_COUNTSPMS
00000000                CLK_COUNTSPMSHIGH
            00005386    CLK_D_idletime
            00005388    CLK_D_isrhook
            0000538a    CLK_D_tabbeg
            0000538c    CLK_D_timefxn
00004bf9                CLK_F_dispRun
000045b0                CLK_F_gethtime
00004b10                CLK_F_itime
00004bf9                CLK_HOOKFXN
00000001                CLK_HTIMEDIV
00000002                CLK_HTIMEMULT
0000c350                CLK_HTIMEPERLTIME
00000010                CLK_IMR0TINTMASK
00000000                CLK_IMR1TINTMASK
00000000                CLK_INTBIT
00000004                CLK_INTID
00000001                CLK_LTIMEDIV
000186a0                CLK_LTIMEMULT
000003e8                CLK_MICROSECS
            0000579e    CLK_NULL
0000c34f                CLK_PRD
00000000                CLK_PRDHIGH
00001810                CLK_REGS
            0000538e    CLK_R_timh
            0000538f    CLK_R_timl
00000020                CLK_TCR
00000000                CLK_TDDR
00000000                CLK_TDDRHIGH
000045b0                CLK_TIMEFXN
00000001                CLK_TIMER0ARG
00004528                CLK_TIMER0FUNC
00000000                CLK_TIMER1ARG
00004b44                CLK_TIMER1FUNC
00000000                CLK_TIMER2ARG
00004b44                CLK_TIMER2FUNC
00000046                CLK_TIMERIFR
00000045                CLK_TIMERIMR
00000010                CLK_TIMERIMRMASK
00000000                CLK_TIMERNUM
00000001                CLK_USETIMER
            00004a40    DARAM
00002b26                DARAM$B
0000564c                DARAM$Bb
00000a00                DARAM$L
00000000                DEV$
00000000                DGN$
00000000                DHL$
00000000                DHL_gChannelsAvailable
00000000                DIO$
00000000                DIO_NUMSWIBASE
00000000                DIO_NUMTSKBASE
00000000                DIO_STATIC
00000000                DPI$
00004b44                FXN_F_nop
00004b46                FXN_F_run
00004b67                FXN_F_selfLoop
00004b63                FXN_F_zero
00000001                GBL$
00005205                GBL_A_VERSION
00004c44                GBL_BIOS_BOOTFXN
00f80000                GBL_CACHEICRTAG1
00f81000                GBL_CACHEICRTAG2
00000002                GBL_CACHETYPE
00000000                GBL_CALLCSLCFGINIT
00004e20                GBL_CLKIN
00000001                GBL_CLKMD
00001581                GBL_CLKTYPE
00000001                GBL_DCRPOSTEDWRITE
00001581                GBL_DSPSUBTYPE
00000037                GBL_DSPTYPE
00000000                GBL_ENABLEICACHE
00000001                GBL_ENABLEINST
00000042                GBL_FOOTPRINT
000186a0                GBL_FREQ
00000001                GBL_LARGEMODEL
00000000                GBL_MODIFYCLKMD
00000000                GBL_NULL
00008000                GBL_PLLDIV0
00008003                GBL_PLLDIV1
0000000f                GBL_PLLM
00000000                GBL_PROCID
00000000                GBL_ROM
00000000                GBL_SUPPORTCSL
0000dbef                GBL_TRCMASKVALUE
00000000                GBL_USERINIT
00004c44                GBL_USERINITFXN
00000001                GBL_boot
            000057a2    GBL_initdone
            00002726    GBL_stackbeg
            00002b25    GBL_stackend
            00002626    GBL_sysstackbeg
            00002725    GBL_sysstackend
00000000                GIO$
00004c44                GIO_CREATEFXN
00004c44                GIO_DELETEFXN
00004c44                GIO_PENDFXN
00004c44                GIO_POSTFXN
00000000                HOOK$
00000000                HOOK_KNLID
00000001                HST$
00005722                HST_A_TABBEG
0000ae44                HST_A_TABBEGb
0000573c                HST_A_TABEND
0000ae78                HST_A_TABENDb
00000000                HST_BIOSLINK
00000000                HST_DSM
            00004a40    HST_DSMBUFSEG
00000400                HST_DSMMEMSIZE
            00005390    HST_D_chanmask
            00005410    HST_D_tabbegaddr
            00005412    HST_D_tabendaddr
000000ff                HST_MAXFRAMEALLOWED
00000040                HST_MAXFRAMESET
00000000                HST_NONE
00000001                HST_RTDX
00000001                HWI$
0000ff00                HWI_A_VECS
00000018                HWI_BERR
00000019                HWI_DLOG
            00005404    HWI_D_inhwi
            000053f8    HWI_D_spsave
            000053fa    HWI_D_sspsave
            000053fc    HWI_D_stkbotaddr
            00005400    HWI_D_stktopaddr
            000053fe    HWI_D_systkbotaddr
            00005402    HWI_D_systktopaddr
000031bf                HWI_F_dispatch
0000000a                HWI_INT10
0000000b                HWI_INT11
0000000c                HWI_INT12
0000000d                HWI_INT13
0000000e                HWI_INT14
0000000f                HWI_INT15
00000010                HWI_INT16
00000011                HWI_INT17
00000012                HWI_INT18
00000013                HWI_INT19
00000002                HWI_INT2
00000014                HWI_INT20
00000015                HWI_INT21
00000016                HWI_INT22
00000017                HWI_INT23
00000003                HWI_INT3
00000004                HWI_INT4
00000005                HWI_INT5
00000006                HWI_INT6
00000007                HWI_INT7
00000008                HWI_INT8
00000009                HWI_INT9
00000001                HWI_NMI
00000000                HWI_RESET
0000001a                HWI_RTOS
0000001b                HWI_SINT27
0000001c                HWI_SINT28
0000001d                HWI_SINT29
0000001e                HWI_SINT30
0000001f                HWI_SINT31
00000004                HWI_TINT
00000000                HWI_ZEROTAB
00002a18                I$$LMPY
00000001                IDL$
            00005778    IDLUserInterface
            00005782    IDLUserInterface$
0000577c                IDL_A_CALBEG
0000aef8                IDL_A_CALBEGb
00005772                IDL_A_TABBEG
0000aee4                IDL_A_TABBEGb
00000000                IDL_CALIBRERROR
00004b69                IDL_CALIBRFXN
            0000543c    IDL_D_busyObj
            00005392    IDL_D_calbeg
            00005394    IDL_D_calibrate
            00005396    IDL_D_tabbeg
            0000577a    IDL_END
            00005784    IDL_END$
000049d4                IDL_F_busy
00004c1f                IDL_F_loop
00000001                IDL_USECLKIDLTIME
            000056f4    IDL_busyObj
            0000886e    IDL_busyObj$avgfmt
00000001                IDL_busyObj$filter
00000001                IDL_busyObj$iA
00000000                IDL_busyObj$iB
00000001                IDL_busyObj$iC
            00008868    IDL_busyObj$maxfmt
00000000                IDL_busyObj$operation
            000056f2    IDL_busyObj$stsobj
            0000886b    IDL_busyObj$sumfmt
00000002                IDL_busyObj$unittype
            00005772    IDL_cpuLoad
            0000577c    IDL_cpuLoad$
00000001                ISRC$
00003d97                KNL_glue
            0000570e    KNL_swi
00000001                KNL_swi$dorta
00000002                KNL_swi$ord
00000000                KNL_swi$pri
            000056cc    KNL_swi$sts
            000087f6    KNL_swi$sts$avgfmt
00000002                KNL_swi$sts$filter
00000001                KNL_swi$sts$filtmaxmult
00000001                KNL_swi$sts$filtsummult
            000087e6    KNL_swi$sts$maxfmt
            000056ca    KNL_swi$sts$stsobj
            000087ee    KNL_swi$sts$sumfmt
00000000                KNL_swi$sts$unittype
00000000                KNL_swi$swi
00003dd6                KNL_tick_stub
00000001                LCK$
            00005436    LNKCTRL
            00005437    LNK_D_dataReadyMask
            00005436    LNK_D_fromHostMask
            00005439    LNK_D_readDone
            0000543a    LNK_D_readFail
            00005438    LNK_D_readPend
            0000543b    LNK_D_writeFail
00002e1e                LNK_F_checkChanEnabled
00002e77                LNK_F_dataPump
00002e45                LNK_F_getChanPtr
00002e2c                LNK_F_getNextChan
00002e1c                LNK_F_init
0000319a                LNK_F_readCallBack
            00005774    LNK_dataPump
            0000577e    LNK_dataPump$
00002fe2                LNK_newin
000030c6                LNK_newout
00002e77                LNK_rcloop
00002ecb                LNK_rdrtry
00002ed5                LNK_rrloop
00002f55                LNK_wrloop
00002f4b                LNK_wrrtry
00000001                LOG$
00005752                LOG_A_TABBEG
0000aea4                LOG_A_TABBEGb
00005766                LOG_A_TABEND
0000aecc                LOG_A_TABENDb
00000002                LOG_A_TABLEN
            00005398    LOG_D_system
00000001                LOG_ENABLED
0000485c                LOG_F_event
            00005752    LOG_system
            00004c00    LOG_system$buf
00000000                LOG_system$datatype
00000000                LOG_system$log
00000200                LOG_system$size
00000001                MBX$
            000055b4    MBXAudio
            000055bc    MBXAudio$data
            000055cc    MBXAudio$free
            00004bc4    MBXAudio$queElems
            000055e8    MBXFFT
            000055f0    MBXFFT$data
            00005600    MBXFFT$free
            00005796    MBXFFT$queElems
00000001                MEM$
            00004a40    MEM_MALLOCSEG
00000000                MEM_NULL
            00004a40    MEM_SEGZERO
00000001                MEM_gNumHeap
00000000                MSGQ$
00000000                MSGQ_USEMSGQ
00000000                OBJ$
00000000                PIP$
00005616                PIP_A_TABBEG
0000ac2c                PIP_A_TABBEGb
0000567a                PIP_A_TABEND
0000acf4                PIP_A_TABENDb
00000002                PIP_A_TABLEN
            0000539a    PIP_D_tabbeg
            0000539c    PIP_D_tablen
00003c86                PIP_F_give
00003c84                PIP_F_probe
00003cf8                PIP_F_start
00003c30                PIP_F_take
00000064                PIP_OBJSIZE
00000000                PIP_gNextId
00000002                PIP_gNumEmbed
00000000                POOL$
00000000                POOL_USEPOOL
00000001                PRD$
            00005766    PRD0
            00005770    PRD0$aaa
00000000                PRD0$mode
00000001                PRD0$ord
00000064                PRD0$period
00000000                PRD0$prd
            000056bc    PRD0$sts
            000087c1    PRD0$sts$avgfmt
00000000                PRD0$sts$filter
            000087af    PRD0$sts$maxfmt
            000056ba    PRD0$sts$stsobj
            000087b8    PRD0$sts$sumfmt
00000002                PRD0$sts$unittype
00005766                PRD_A_TABBEG
0000aecc                PRD_A_TABBEGb
00005772                PRD_A_TABEND
0000aee4                PRD_A_TABENDb
00000001                PRD_A_TABLEN
            0000539e    PRD_D_cur
            000053a0    PRD_D_elapsed
            000053a1    PRD_D_prevtim
            000053a2    PRD_D_scalar
            000053a4    PRD_D_swihandle
            000053a6    PRD_D_tabbeg
            000053a8    PRD_D_tablen
            000053aa    PRD_D_thook
            000053ac    PRD_D_tickh
            000053ad    PRD_D_tickl
000036ab                PRD_F_swi
000037d0                PRD_F_tick
00000004                PRD_SCALAR
            000056fa    PRD_SWIHANDLE
00003dd6                PRD_THOOKFXN
            0000579c    PRD_clock
            000056fa    PRD_swi
00000001                PRD_swi$dorta
00000001                PRD_swi$ord
00000001                PRD_swi$pri
            000056c4    PRD_swi$sts
            000087dc    PRD_swi$sts$avgfmt
00000002                PRD_swi$sts$filter
00000001                PRD_swi$sts$filtmaxmult
00000001                PRD_swi$sts$filtsummult
            000087cc    PRD_swi$sts$maxfmt
            000056c2    PRD_swi$sts$stsobj
            000087d4    PRD_swi$sts$sumfmt
00000000                PRD_swi$sts$unittype
00000000                PRD_swi$swi
00000001                PWRM$
00000000                PWRM_PWRM_ADAPTCLK
00004c44                PWRM_PWRM_BOOTHOOKFXN
00000023                PWRM_PWRM_CAPSMASK
0000003f                PWRM_PWRM_DS_IDLEMASK
00000000                PWRM_PWRM_ENABLE
00000005                PWRM_PWRM_IDLEMASK
00000000                PWRM_PWRM_IER0
00000000                PWRM_PWRM_IER1
00000640                PWRM_PWRM_INITMILVOLTS
0000000f                PWRM_PWRM_INITSP
00000000                PWRM_PWRM_SCALING
00000001                QUE$
            00005420    RTA_D_fromHost
            00005424    RTA_D_logval
            0000542e    RTA_D_stsval
            00005422    RTA_D_toHost
00004a61                RTA_F_andn
00003b89                RTA_F_dispatch
00003b00                RTA_F_getlog
00003b2c                RTA_F_getsts
00004a77                RTA_F_or
00003b5b                RTA_F_readblk
00003b6e                RTA_F_resetmem
00003b6a                RTA_F_writeword
            00005776    RTA_dispatcher
            00005780    RTA_dispatcher$
            00005724    RTA_fromHost
            00005786    RTA_fromHost$buf
00000008                RTA_fromHost$framesize
00000000                RTA_fromHost$hst
00000001                RTA_fromHost$id
00000000                RTA_fromHost$mode
            00005616    RTA_fromHost$pipe
            00004a42    RTA_fromHost$pipe$dtab
            00005618    RTA_fromHost$pipe$rd
            0000561a    RTA_fromHost$pipe$rdaddr
            0000561e    RTA_fromHost$pipe$rdcurdesc
            0000561c    RTA_fromHost$pipe$rdsize
            0000562e    RTA_fromHost$pipe$rdstshdl
            00005630    RTA_fromHost$pipe$wr
            00005632    RTA_fromHost$pipe$wraddr
            00005636    RTA_fromHost$pipe$wrcurdesc
            00005634    RTA_fromHost$pipe$wrsize
            00005646    RTA_fromHost$pipe$wrstshdl
            00005728    RTA_fromHost$rtdx
            00005730    RTA_toHost
            0000567a    RTA_toHost$buf
00000040                RTA_toHost$framesize
00000000                RTA_toHost$hst
00000000                RTA_toHost$id
00000001                RTA_toHost$mode
            00005648    RTA_toHost$pipe
            00004a48    RTA_toHost$pipe$dtab
            0000564a    RTA_toHost$pipe$rd
            0000564c    RTA_toHost$pipe$rdaddr
            00005650    RTA_toHost$pipe$rdcurdesc
            0000564e    RTA_toHost$pipe$rdsize
            00005660    RTA_toHost$pipe$rdstshdl
            00005662    RTA_toHost$pipe$wr
            00005664    RTA_toHost$pipe$wraddr
            00005668    RTA_toHost$pipe$wrcurdesc
            00005666    RTA_toHost$pipe$wrsize
            00005678    RTA_toHost$pipe$wrstshdl
            00005734    RTA_toHost$rtdx
00000001                RTDX$
00000102                RTDX_BUFMEMSIZE
            00004a40    RTDX_DATAMEMSEG
            00005418    RTDX_D_BufRead
            0000541a    RTDX_D_BufWrite
00000000                RTDX_MODE
00000001                RTDX_USERTDX
00000000                RTDX_USERTEXECUTION
ffffffff                SARAM
00000001                SEM$
            00005742    SEMUI
00000000                SIO$
00000001                STS$
000056ba                STS_A_TABBEG
0000ad74                STS_A_TABBEGb
000056fa                STS_A_TABEND
0000adf4                STS_A_TABENDb
00004966                STS_F_add
00004944                STS_F_delta
0000497e                STS_F_reset
00000001                SWI$
000056fa                SWI_A_TABBEG
0000adf4                SWI_A_TABBEGb
00005722                SWI_A_TABEND
0000ae44                SWI_A_TABENDb
00000002                SWI_A_TABLEN
            000053b6    SWI_D_curfxn
            000053b2    SWI_D_curmask
            000053b5    SWI_D_curmbox
            000053b3    SWI_D_curset
            000053b0    SWI_D_execaddr
            000053f6    SWI_D_inswi
            000053b4    SWI_D_lock
            000053b8    SWI_D_rdybeg
            000053ba    SWI_D_rdytab
            000053ae    SWI_D_runaddr
00000000                SWI_EHOOKFXN
00002b8e                SWI_EXECFXN
00002a48                SWI_F_enable
00002b8e                SWI_F_exec
00002b06                SWI_F_exec_sync
00002a7b                SWI_F_post
00002c7a                SWI_F_run
00000000                SWI_IHOOKFXN
00002c7a                SWI_RUNFXN
00000001                SYS$
            0000578e    SYS$config
00004b90                SYS_ABORTFXN
00004bb4                SYS_ERRORFXN
00004c2c                SYS_EXITFXN
00004aa4                SYS_PUTCFXN
00004000                TRC_GBLTARG
            000057a1    TRC_R_mask
            000057a0    TRC_cinit
00000001                TSK$
            0000555c    TSKAudio
00000003                TSKAudio$ord
00000009                TSKAudio$pri
            00003026    TSKAudio$stack
            00003408    TSKAudio$stkptr
            000056e4    TSKAudio$sts
            00008844    TSKAudio$sts$avgfmt
00000002                TSKAudio$sts$filter
00000001                TSKAudio$sts$filtmaxmult
00000001                TSKAudio$sts$filtsummult
            00008834    TSKAudio$sts$maxfmt
            000056e2    TSKAudio$sts$stsobj
            0000883c    TSKAudio$sts$sumfmt
00000000                TSKAudio$sts$unittype
            00003426    TSKAudio$sysstack
            00003508    TSKAudio$sysstkptr
00000000                TSKAudio$tsk
            00005574    TSKAudio$tskobj
            00005588    TSKFFT
00000004                TSKFFT$ord
00000001                TSKFFT$pri
            00003526    TSKFFT$stack
            00003908    TSKFFT$stkptr
            000056ec    TSKFFT$sts
            0000885e    TSKFFT$sts$avgfmt
00000002                TSKFFT$sts$filter
00000001                TSKFFT$sts$filtmaxmult
00000001                TSKFFT$sts$filtsummult
            0000884e    TSKFFT$sts$maxfmt
            000056ea    TSKFFT$sts$stsobj
            00008856    TSKFFT$sts$sumfmt
00000000                TSKFFT$sts$unittype
            00003926    TSKFFT$sysstack
            00003a08    TSKFFT$sysstkptr
00000000                TSKFFT$tsk
            000055a0    TSKFFT$tskobj
            00005530    TSKUI
00000002                TSKUI$ord
00000008                TSKUI$pri
            00005000    TSKUI$stack
            000050aa    TSKUI$stkptr
            000056dc    TSKUI$sts
            0000882a    TSKUI$sts$avgfmt
00000002                TSKUI$sts$filter
00000001                TSKUI$sts$filtmaxmult
00000001                TSKUI$sts$filtsummult
            0000881a    TSKUI$sts$maxfmt
            000056da    TSKUI$sts$stsobj
            00008822    TSKUI$sts$sumfmt
00000000                TSKUI$sts$unittype
            000050c8    TSKUI$sysstack
            000051aa    TSKUI$sysstkptr
00000000                TSKUI$tsk
            00005548    TSKUI$tskobj
            00005414    TSK_D_idlstkaddr
            00005416    TSK_D_idlsystkaddr
00000000                TSK_NUM_HOOKS
00000001                TSK_PRIORITY
00000000                TSK_READYFXN
00000000                TSK_STACKSEG
00000400                TSK_STACKSIZE
00000000                TSK_SWITCHFXN
00000100                TSK_SYSTACKSIZE
00004c44                TSK_VCREATEFXN
00004c44                TSK_VDELETEFXN
00004c44                TSK_VEXITFXN
            00005504    TSK_idle
00000001                TSK_idle$ord
00000000                TSK_idle$pri
            00003a26    TSK_idle$stack
            00003e08    TSK_idle$stkptr
            000056d4    TSK_idle$sts
            00008810    TSK_idle$sts$avgfmt
00000002                TSK_idle$sts$filter
00000001                TSK_idle$sts$filtmaxmult
00000001                TSK_idle$sts$filtsummult
            00008800    TSK_idle$sts$maxfmt
            000056d2    TSK_idle$sts$stsobj
            00008808    TSK_idle$sts$sumfmt
00000000                TSK_idle$sts$unittype
            00003e26    TSK_idle$sysstack
            00003f08    TSK_idle$sysstkptr
00000000                TSK_idle$tsk
            0000551c    TSK_idle$tskobj
00000000                UDEV$
ffffffff                VECT
00001d7c                _AIC3204_rget
00001dc7                _AIC3204_rset
0000a4a1                _BIOS_init
0000a532                _BIOS_start
00004393                _C55_clearIFR0
000043a8                _C55_clearIFR1
0000431b                _C55_disableIMR0
0000433e                _C55_disableIMR1
0000285c                _C55_disableInt
00004361                _C55_enableIMR0
0000437a                _C55_enableIMR1
00002828                _C55_enableInt
0000c350                _CLK_COUNTSPMS
            00004a80    _CLK_DFLTMICROSECS
            00005384    _CLK_D_countspms
            0000537e    _CLK_D_dirty
            00004a82    _CLK_D_microseconds
            00005380    _CLK_D_prd
            00005382    _CLK_D_tddr
0000c34f                _CLK_PRD
00001810                _CLK_REGS
00000020                _CLK_TCR
00000000                _CLK_TDDR
00000000                _CLK_TIMERNUM
00000001                _CLK_USETIMER
00004bf9                _CLK_dispRun
000044e0                _CLK_dispatch
000045a4                _CLK_getfhtime
000045b0                _CLK_getshtime
            00005376    _CLK_htimeDiv
            00005378    _CLK_htimeMult
            00004a94    _CLK_htimePerLtime
00004528                _CLK_isr
            00005388    _CLK_isrhook
00004b10                _CLK_itime
            0000537a    _CLK_ltimeDiv
            0000537c    _CLK_ltimeMult
0000467c                _CLK_measure
00004bee                _CLK_run
000043c0                _CLK_start
00004448                _CLK_stop
            0000538e    _CLK_time
            00004a66    _CLK_timer0arg
            00004a60    _CLK_timer0func
            00004a68    _CLK_timer1arg
            00004a62    _CLK_timer1func
            00004a6a    _CLK_timer2arg
            00004a64    _CLK_timer2func
00001810                _CLK_timer5505
00001c14                _CLK_timerIAFR
00000000                _CLK_timerNum
00004c48                _CLK_wdogdisable
00001dfb                _ConfigureAic3204
            00004a40    _DARAM
00002b26                _DARAM_base
0000564c                _DARAM_baseb
00000a00                _DARAM_length
000026b2                _EZDSP5535_GPIO_getInput
00002649                _EZDSP5535_GPIO_init
00002674                _EZDSP5535_GPIO_setDirection
00002698                _EZDSP5535_GPIO_setOutput
000025bb                _EZDSP5535_I2C_init
00002621                _EZDSP5535_I2C_read
000025f0                _EZDSP5535_I2C_reset
000025fb                _EZDSP5535_I2C_write
00002418                _EZDSP5535_I2S_close
00002323                _EZDSP5535_I2S_init
0000237c                _EZDSP5535_I2S_readLeft
000023db                _EZDSP5535_I2S_readRight
000023ae                _EZDSP5535_I2S_writeLeft
000023fc                _EZDSP5535_I2S_writeRight
00001fe0                _EZDSP5535_LED_getall
00001faa                _EZDSP5535_LED_init
000020d5                _EZDSP5535_LED_off
000020a0                _EZDSP5535_LED_on
00002032                _EZDSP5535_LED_setall
00002108                _EZDSP5535_LED_toggle
00002204                _EZDSP5535_OSD9616_init
000021b9                _EZDSP5535_OSD9616_multiSend
000022e6                _EZDSP5535_OSD9616_printLetter
00002191                _EZDSP5535_OSD9616_send
00002163                _EZDSP5535_XF_get
00002158                _EZDSP5535_XF_off
0000214d                _EZDSP5535_XF_on
00002172                _EZDSP5535_XF_toggle
0000298d                _EZDSP5535_init
00002947                _EZDSP5535_wait
0000297b                _EZDSP5535_waitusec
00004c44                _FXN_F_nop
            00005372    _GBL_clkIn
            00005374    _GBL_freq
00004c3b                _GBL_getVersion
            00005370    _GBL_procId
00001bda                _GPIO_clearInt
00001733                _GPIO_close
00001757                _GPIO_config
0000198a                _GPIO_configBit
00001ad2                _GPIO_disableInt
00001b50                _GPIO_enableInt
000017dc                _GPIO_getConfig
000016ef                _GPIO_open
00001864                _GPIO_read
00001ced                _GPIO_reset
00001c66                _GPIO_statusBit
000018e7                _GPIO_write
            00004a84    _GpioObj
00005722                _HST_A_TABBEG
0000573c                _HST_A_TABEND
            000087a7    _HST_HOST_CHANNEL_DRIVER
00000018                _HWI_BERR
00000019                _HWI_DLOG
            00005404    _HWI_D_inhwi
            000053f8    _HWI_D_spsave
            000053fa    _HWI_D_sspsave
0000343e                _HWI_F_DispIsr0
000031bf                _HWI_F_dispatch
0000242c                _HWI_I2S_Rx
00002497                _HWI_I2S_Tx
0000000a                _HWI_INT10
0000000b                _HWI_INT11
0000000c                _HWI_INT12
0000000d                _HWI_INT13
0000000e                _HWI_INT14
0000000f                _HWI_INT15
00000010                _HWI_INT16
00000011                _HWI_INT17
00000012                _HWI_INT18
00000013                _HWI_INT19
00000002                _HWI_INT2
00000014                _HWI_INT20
00000015                _HWI_INT21
00000016                _HWI_INT22
00000017                _HWI_INT23
00000003                _HWI_INT3
00000004                _HWI_INT4
00000005                _HWI_INT5
00000006                _HWI_INT6
00000007                _HWI_INT7
00000008                _HWI_INT8
00000009                _HWI_INT9
00000001                _HWI_NMI
00000000                _HWI_RESET
0000001a                _HWI_RTOS
0000001b                _HWI_SINT27
0000001c                _HWI_SINT28
0000001d                _HWI_SINT29
0000001e                _HWI_SINT30
0000001f                _HWI_SINT31
            00002b26    _HWI_STKBOTTOM
            00002726    _HWI_STKTOP
            00002726    _HWI_SYSSTKBOTTOM
            00002626    _HWI_SYSSTKTOP
00000004                _HWI_TINT
            000053f8    _HWI_data
00004bd4                _HWI_disable
            0000543e    _HWI_dispatchTab
00004be4                _HWI_enable
00004be8                _HWI_restore
00000169                _I2C_config
00000b34                _I2C_eventDisable
00000a00                _I2C_eventEnable
000002ce                _I2C_getConfig
00000ce0                _I2C_getEventId
000000c0                _I2C_init
000007e2                _I2C_read
00000c53                _I2C_setCallback
000003a4                _I2C_setup
0000059e                _I2C_write
00001131                _I2S_close
00000cfc                _I2S_open
000011e3                _I2S_read
000015f3                _I2S_reset
00000e43                _I2S_setup
000016a4                _I2S_transEnable
0000149d                _I2S_write
            00005778    _IDLUserInterface
00002912                _IDL_UserInterface
000049d4                _IDL_busy
            000056f4    _IDL_busyObj
00004a1b                _IDL_calibrate
            00005772    _IDL_cpuLoad
00004a00                _IDL_init
00004c1f                _IDL_loop
00004b69                _IDL_stub
            00004916    _KNL_alarm
00004450                _KNL_check
            0000493e    _KNL_curqueue
            00004936    _KNL_curtask
            0000493a    _KNL_curtime
            0000491e    _KNL_dummy
00004748                _KNL_enter
00004788                _KNL_exit
000044ab                _KNL_idle
            0000494a    _KNL_idlefxn
            0000491a    _KNL_inactive
000047a8                _KNL_ipost
000044c8                _KNL_max
            00004940    _KNL_maxqueue
00004adc                _KNL_post
            00004938    _KNL_prevtask
            0000491c    _KNL_priority
            000048c4    _KNL_queues
00003834                _KNL_run
00003df6                _KNL_saveIsrFrame
            000048c3    _KNL_set
            00004918    _KNL_setpri
            0000570e    _KNL_swi
            0000493c    _KNL_swiptr
00003d49                _KNL_switch
            00004944    _KNL_tcreatefxn
            00004946    _KNL_tdeletefxn
00003af0                _KNL_tick
            00004948    _KNL_treadyfxn
            00004942    _KNL_tswitchfxn
            000048c2    _KNL_wFlag
            00004914    _KNL_wList
00004824                _LCK_pend
00004804                _LCK_post
0000319a                _LNK_F_readCallBack
            00005774    _LNK_dataPump
00005752                _LOG_A_TABBEG
00005766                _LOG_A_TABEND
00000002                _LOG_A_TABLEN
            00005398    _LOG_D_system
0000485c                _LOG_event
000046e4                _LOG_printf
            00005752    _LOG_system
            000055b4    _MBXAudio
            000055e8    _MBXFFT
00003e58                _MBX_pend
00003ee0                _MBX_post
            00004a96    _MEM
            00005405    _MEM_D_NUMSEGMENTS
            00005408    _MEM_D_freelist
            0000540a    _MEM_D_lockaddr
            00005406    _MEM_D_memtab
            0000540c    _MEM_D_unlockaddr
0000a390                _MEM_init
            00004a3a    _MEM_memtab
0000a6dc                _OBJ_init
            00004a1e    _OBJ_segtab
            00004a02    _OBJ_table
00005616                _PIP_A_TABBEG
0000567a                _PIP_A_TABEND
            00005766    _PRD0
            000053ad    _PRD_D_tick
            0000579c    _PRD_clock
            000056fa    _PRD_swi
00002945                _PRD_test
00003b00                _RTA_F_getlog
            00005776    _RTA_dispatcher
            00005724    _RTA_fromHost
            00005730    _RTA_toHost
            00004a9c    _RTDX_Buffer
            00004bc2    _RTDX_Buffer_End
000085d3                _RTDX_Buffer_Initialize
00008712                _RTDX_Buffer_Read
00008626                _RTDX_Buffer_ReadCB
000086ad                _RTDX_Buffer_Size
            00004bc0    _RTDX_Buffer_Start
00008752                _RTDX_Buffer_Write
00008027                _RTDX_Buffer_WriteCB
00008671                _RTDX_Final_RT_Monitor
0000856e                _RTDX_H2TPoll
000081a3                _RTDX_Init_RT_Monitor
00000003                _RTDX_JTAGONLY
00000001                _RTDX_LMM
000086e8                _RTDX_Mask_IER
000084e6                _RTDX_Mon_Queue
000082b2                _RTDX_Poll
00008734                _RTDX_Set_IER
00000000                _RTDX_interrupt_mask
            00004bb6    _RTDX_writing
ffffffff                _SARAM
            00004a40    _SEG0
            00005742    _SEMUI
000048ad                _SEM_pend
00003520                _SEM_pendEnterKnl
000045f7                _SEM_post
000045f7                _SEM_postBinary
000048fc                _SEM_postEnterKnl
000056ba                _STS_A_TABBEG
000056fa                _STS_A_TABEND
00004966                _STS_add
00004944                _STS_delta
0000497e                _STS_reset
00004c34                _STS_set
            000053b6    _SWI_D_curfxn
            000053b2    _SWI_D_curmask
            000053f6    _SWI_D_inswi
            000053b4    _SWI_D_lock
            000053b8    _SWI_D_rdybeg
            000053ae    _SWI_data
00002a48                _SWI_enable
00002a7b                _SWI_post
            0000540e    _SYS
            00004e00    _SYS_PUTCBEG
            00004fff    _SYS_PUTCEND
00004c08                _SYS_abort
0000498c                _SYS_exit
            00004a26    _SYS_exitStack
            00004a36    _SYS_exitStackPtr
            00004a38    _SYS_exitStackTop
            000057a1    _TRC_R_mask
            0000499e    _TSK
            0000555c    _TSKAudio
000024bf                _TSKAudioFunc
            00005588    _TSKFFT
000024eb                _TSKFFTFunc
            00005530    _TSKUI
00002922                _TSKUserInterface
            00004982    _TSK_ATTRS
            00004990    _TSK_config
0000406c                _TSK_exit
            00005504    _TSK_idle
0000a578                _TSK_init
            00004980    _TSK_nTasks
            00004981    _TSK_pid
00004164                _TSK_setup
000042b8                _TSK_startup
            000049a0    _TSK_timerSem
00004b90                _UTL_doAbort
00004bb4                _UTL_doError
00004aa4                _UTL_doPutc
00004c2c                _UTL_halt
ffffffff                _VECT
            0000541e    __HOOK_NUMHOOKS
            0000541c    __HOOK_knlId
            000049ee    __MEM_mutex
00003f68                __SEM_dopost
            00002b26    __STACK_END
00000800                __STACK_SIZE
00000200                __SYSSTACK_SIZE
            000049da    __TSK_mutex
00002726                ___add_dtor
            00004800    ___atexit_func_id__
ffffffff                ___binit__
            00004800    ___bss__
ffffffff                ___c_args__
            00008000    ___cinit__
            00000060    ___data__
            00000060    ___edata__
            00004a9c    ___end__
00002a46                ___etext__
            000087a8    ___pinit__
000000c0                ___text__
            00004a90    __cleanup_ptr
0000251a                __divul
            00004a92    __dtors_ptr
            00004a8c    __lock
00002a18                __mpyli
00002a3b                __nop
00002a33                __register_lock
00002a2b                __register_unlock
00002745                __remul
            00002726    __stack
            00002626    __sysstack
            00004a8e    __unlock
00002a3d                _abort
00001df1                _aic3204_init
000027b7                _atexit
0000242a                _audioProcessingInit
0000a5fc                _auto_init
0000a66d                _c_int00
000026d0                _call_dtors
            00004a88    _count
            00004a8a    _count2
            00004a9a    _dtors
000029da                _exit
            000049d8    _fsError
            00004a4e    _gI2cObj
            00004a86    _hGpio
            00004a98    _hI2s
            00004a5e    _i2cHandle
            0000494c    _leftSample
000028ec                _main
0000299b                _memcpy
            000049d9    _ouError
            0000494d    _rightSample
            00004a7e    _rtdxNullChanCnt
            00004a7f    _rtdxNullFuncCnt
            00004bb0    _rtdx_buffer_state
            00004b9e    _rtdx_mon_state
            0000497e    _rxSampleIdx
            0000494e    _rxSamples
            0000575c    _trace
ffffffff                binit
            00008000    cinit
            00000060    edata
            00004a9c    end
00002a46                etext
            000043c7    gblinit
0000ff00                hwi0
0000ff08                hwi1
0000ff50                hwi10
0000ff58                hwi11
0000ff60                hwi12
0000ff68                hwi13
0000ff70                hwi14
0000ff78                hwi15
0000ff80                hwi16
0000ff88                hwi17
0000ff90                hwi18
0000ff98                hwi19
0000ff10                hwi2
0000ffa0                hwi20
0000ffa8                hwi21
0000ffb0                hwi22
0000ffb8                hwi23
0000ffc0                hwi24
0000ffc8                hwi25
0000ffd0                hwi26
0000ffd8                hwi27
0000ffe0                hwi28
0000ffe8                hwi29
0000ff18                hwi3
0000fff0                hwi30
0000fff8                hwi31
0000ff20                hwi4
0000ff28                hwi5
0000ff30                hwi6
0000ff38                hwi7
0000ff40                hwi8
0000ff48                hwi9
00004a8e                iRTA_F_or
00002d80                logPost
            000087a8    pinit
00002dd2                stsPost
            0000575c    trace
            00004400    trace$buf
00000001                trace$datatype
00000000                trace$log
00000400                trace$size


GLOBAL SYMBOLS: SORTED BY Symbol Address 

abs. value/
byte addr   word addr   name
---------   ---------   ----
00000000                BUF$
00000000                CLK_COUNTSPMSHIGH
00000000                CLK_IMR1TINTMASK
00000000                CLK_INTBIT
00000000                CLK_PRDHIGH
00000000                CLK_TDDR
00000000                CLK_TDDRHIGH
00000000                CLK_TIMER1ARG
00000000                CLK_TIMER2ARG
00000000                CLK_TIMERNUM
00000000                DEV$
00000000                DGN$
00000000                DHL$
00000000                DHL_gChannelsAvailable
00000000                DIO$
00000000                DIO_NUMSWIBASE
00000000                DIO_NUMTSKBASE
00000000                DIO_STATIC
00000000                DPI$
00000000                GBL_CALLCSLCFGINIT
00000000                GBL_ENABLEICACHE
00000000                GBL_MODIFYCLKMD
00000000                GBL_NULL
00000000                GBL_PROCID
00000000                GBL_ROM
00000000                GBL_SUPPORTCSL
00000000                GBL_USERINIT
00000000                GIO$
00000000                HOOK$
00000000                HOOK_KNLID
00000000                HST_BIOSLINK
00000000                HST_DSM
00000000                HST_NONE
00000000                HWI_RESET
00000000                HWI_ZEROTAB
00000000                IDL_CALIBRERROR
00000000                IDL_busyObj$iB
00000000                IDL_busyObj$operation
00000000                KNL_swi$pri
00000000                KNL_swi$sts$unittype
00000000                KNL_swi$swi
00000000                LOG_system$datatype
00000000                LOG_system$log
00000000                MEM_NULL
00000000                MSGQ$
00000000                MSGQ_USEMSGQ
00000000                OBJ$
00000000                PIP$
00000000                PIP_gNextId
00000000                POOL$
00000000                POOL_USEPOOL
00000000                PRD0$mode
00000000                PRD0$prd
00000000                PRD0$sts$filter
00000000                PRD_swi$sts$unittype
00000000                PRD_swi$swi
00000000                PWRM_PWRM_ADAPTCLK
00000000                PWRM_PWRM_ENABLE
00000000                PWRM_PWRM_IER0
00000000                PWRM_PWRM_IER1
00000000                PWRM_PWRM_SCALING
00000000                RTA_fromHost$hst
00000000                RTA_fromHost$mode
00000000                RTA_toHost$hst
00000000                RTA_toHost$id
00000000                RTDX_MODE
00000000                RTDX_USERTEXECUTION
00000000                SIO$
00000000                SWI_EHOOKFXN
00000000                SWI_IHOOKFXN
00000000                TSKAudio$sts$unittype
00000000                TSKAudio$tsk
00000000                TSKFFT$sts$unittype
00000000                TSKFFT$tsk
00000000                TSKUI$sts$unittype
00000000                TSKUI$tsk
00000000                TSK_NUM_HOOKS
00000000                TSK_READYFXN
00000000                TSK_STACKSEG
00000000                TSK_SWITCHFXN
00000000                TSK_idle$pri
00000000                TSK_idle$sts$unittype
00000000                TSK_idle$tsk
00000000                UDEV$
00000000                _CLK_TDDR
00000000                _CLK_TIMERNUM
00000000                _CLK_timerNum
00000000                _HWI_RESET
00000000                _RTDX_interrupt_mask
00000000                trace$log
00000001                $TI_capability_requires_rev3
00000001                BUF_ENABLED
00000001                CLK$
00000001                CLK_CALDIV
00000001                CLK_HTIMEDIV
00000001                CLK_LTIMEDIV
00000001                CLK_TIMER0ARG
00000001                CLK_USETIMER
00000001                GBL$
00000001                GBL_CLKMD
00000001                GBL_DCRPOSTEDWRITE
00000001                GBL_ENABLEINST
00000001                GBL_LARGEMODEL
00000001                GBL_boot
00000001                HST$
00000001                HST_RTDX
00000001                HWI$
00000001                HWI_NMI
00000001                IDL$
00000001                IDL_USECLKIDLTIME
00000001                IDL_busyObj$filter
00000001                IDL_busyObj$iA
00000001                IDL_busyObj$iC
00000001                ISRC$
00000001                KNL_swi$dorta
00000001                KNL_swi$sts$filtmaxmult
00000001                KNL_swi$sts$filtsummult
00000001                LCK$
00000001                LOG$
00000001                LOG_ENABLED
00000001                MBX$
00000001                MEM$
00000001                MEM_gNumHeap
00000001                PRD$
00000001                PRD0$ord
00000001                PRD_A_TABLEN
00000001                PRD_swi$dorta
00000001                PRD_swi$ord
00000001                PRD_swi$pri
00000001                PRD_swi$sts$filtmaxmult
00000001                PRD_swi$sts$filtsummult
00000001                PWRM$
00000001                QUE$
00000001                RTA_fromHost$id
00000001                RTA_toHost$mode
00000001                RTDX$
00000001                RTDX_USERTDX
00000001                SEM$
00000001                STS$
00000001                SWI$
00000001                SYS$
00000001                TSK$
00000001                TSKAudio$sts$filtmaxmult
00000001                TSKAudio$sts$filtsummult
00000001                TSKFFT$pri
00000001                TSKFFT$sts$filtmaxmult
00000001                TSKFFT$sts$filtsummult
00000001                TSKUI$sts$filtmaxmult
00000001                TSKUI$sts$filtsummult
00000001                TSK_PRIORITY
00000001                TSK_idle$ord
00000001                TSK_idle$sts$filtmaxmult
00000001                TSK_idle$sts$filtsummult
00000001                _CLK_USETIMER
00000001                _HWI_NMI
00000001                _RTDX_LMM
00000001                trace$datatype
00000002                $TI_capability$C5500$CallingConvention
00000002                $TI_capability$C5500$MemoryModel
00000002                CLK_HTIMEMULT
00000002                GBL_CACHETYPE
00000002                HWI_INT2
00000002                IDL_busyObj$unittype
00000002                KNL_swi$ord
00000002                KNL_swi$sts$filter
00000002                LOG_A_TABLEN
00000002                PIP_A_TABLEN
00000002                PIP_gNumEmbed
00000002                PRD0$sts$unittype
00000002                PRD_swi$sts$filter
00000002                SWI_A_TABLEN
00000002                TSKAudio$sts$filter
00000002                TSKFFT$sts$filter
00000002                TSKUI$ord
00000002                TSKUI$sts$filter
00000002                TSK_idle$sts$filter
00000002                _HWI_INT2
00000002                _LOG_A_TABLEN
00000003                HWI_INT3
00000003                TSKAudio$ord
00000003                _HWI_INT3
00000003                _RTDX_JTAGONLY
00000004                CLK_CALMULT
00000004                CLK_INTID
00000004                HWI_INT4
00000004                HWI_TINT
00000004                PRD_SCALAR
00000004                TSKFFT$ord
00000004                _HWI_INT4
00000004                _HWI_TINT
00000005                HWI_INT5
00000005                PWRM_PWRM_IDLEMASK
00000005                _HWI_INT5
00000006                BIOSDATA_O_CLK_HTIMEDIV
00000006                HWI_INT6
00000006                _HWI_INT6
00000007                HWI_INT7
00000007                _HWI_INT7
00000008                BIOSDATA_O_CLK_HTIMEMULT
00000008                HWI_INT8
00000008                RTA_fromHost$framesize
00000008                TSKUI$pri
00000008                _HWI_INT8
00000009                HWI_INT9
00000009                TSKAudio$pri
00000009                _HWI_INT9
0000000a                BIOSDATA_O_CLK_LTIMEDIV
0000000a                HWI_INT10
0000000a                _HWI_INT10
0000000b                HWI_INT11
0000000b                _HWI_INT11
0000000c                BIOSDATA_O_CLK_LTIMEMULT
0000000c                HWI_INT12
0000000c                _HWI_INT12
0000000d                HWI_INT13
0000000d                _HWI_INT13
0000000e                BIOSDATA_O_CLK_D_DIRTY
0000000e                HWI_INT14
0000000e                _HWI_INT14
0000000f                GBL_PLLM
0000000f                HWI_INT15
0000000f                PWRM_PWRM_INITSP
0000000f                _HWI_INT15
00000010                BIOSDATA_O_CLK_D_PRD
00000010                CLK_IMR0TINTMASK
00000010                CLK_TIMERIMRMASK
00000010                HWI_INT16
00000010                _HWI_INT16
00000011                HWI_INT17
00000011                _HWI_INT17
00000012                BIOSDATA_O_CLK_D_TDDR
00000012                HWI_INT18
00000012                _HWI_INT18
00000013                HWI_INT19
00000013                _HWI_INT19
00000014                BIOSDATA_O_CLK_D_COUNTSPMS
00000014                HWI_INT20
00000014                _HWI_INT20
00000015                HWI_INT21
00000015                _HWI_INT21
00000016                BIOSDATA_O_CLK_D_IDLETIME
00000016                HWI_INT22
00000016                _HWI_INT22
00000017                HWI_INT23
00000017                _HWI_INT23
00000018                BIOSDATA_O_CLK_D_ISRHOOK
00000018                HWI_BERR
00000018                _HWI_BERR
00000019                HWI_DLOG
00000019                _HWI_DLOG
0000001a                BIOSDATA_O_CLK_D_TABBEG
0000001a                HWI_RTOS
0000001a                _HWI_RTOS
0000001b                HWI_SINT27
0000001b                _HWI_SINT27
0000001c                BIOSDATA_O_CLK_D_TIMEFXN
0000001c                HWI_SINT28
0000001c                _HWI_SINT28
0000001d                HWI_SINT29
0000001d                _HWI_SINT29
0000001e                BIOSDATA_O_CLK_R_TIMH
0000001e                HWI_SINT30
0000001e                _HWI_SINT30
0000001f                BIOSDATA_O_CLK_R_TIML
0000001f                HWI_SINT31
0000001f                _HWI_SINT31
00000020                BIOSDATA_O_HST_D_CHANMASK
00000020                CLK_TCR
00000020                _CLK_TCR
00000022                BIOSDATA_O_IDL_D_CALBEG
00000023                PWRM_PWRM_CAPSMASK
00000024                BIOSDATA_O_IDL_D_CALIBRATE
00000026                BIOSDATA_O_IDL_D_TABBEG
00000028                BIOSDATA_O_LOG_D_SYSTEM
0000002a                BIOSDATA_O_PIP_D_TABBEG
0000002c                BIOSDATA_O_PIP_D_TABLEN
0000002e                BIOSDATA_O_PRD_D_CUR
00000030                BIOSDATA_O_PRD_D_ELAPSED
00000031                BIOSDATA_O_PRD_D_PREVTIM
00000032                BIOSDATA_O_PRD_D_SCALAR
00000034                BIOSDATA_O_PRD_D_SWIHANDLE
00000036                BIOSDATA_O_PRD_D_TABBEG
00000037                GBL_DSPTYPE
00000038                BIOSDATA_O_PRD_D_TABLEN
0000003a                BIOSDATA_O_PRD_D_THOOK
0000003c                BIOSDATA_O_PRD_D_TICKH
0000003d                BIOSDATA_O_PRD_D_TICKL
0000003e                BIOSDATA_O_SWI_D_RUNADDR
0000003f                PWRM_PWRM_DS_IDLEMASK
00000040                BIOSDATA_O_SWI_D_EXECADDR
00000040                HST_MAXFRAMESET
00000040                RTA_toHost$framesize
00000042                BIOSDATA_O_SWI_D_CURMASK
00000042                GBL_FOOTPRINT
00000043                BIOSDATA_O_SWI_D_CURSET
00000044                BIOSDATA_O_SWI_D_LOCK
00000045                BIOSDATA_O_SWI_D_CURMBOX
00000045                CLK_TIMERIMR
00000046                BIOSDATA_O_SWI_D_CURFXN
00000046                CLK_TIMERIFR
00000048                BIOSDATA_O_SWI_D_RDYBEG
0000004a                BIOSDATA_O_SWI_D_RDYTAB
00000064                PIP_OBJSIZE
00000064                PRD0$period
00000088                BIOSDATA_O_HWI_D_SPSAVE
0000008a                BIOSDATA_O_HWI_D_SSPSAVE
0000008c                BIOSDATA_O_HWI_D_STKBOTADDR
0000008e                BIOSDATA_O_HWI_D_SYSTKBOTADDR
00000090                BIOSDATA_O_HWI_D_STKTOPADDR
00000092                BIOSDATA_O_HWI_D_SYSTKTOPADDR
00000095                BIOSDATA_O_MEM_D_NUMSEGMENTS
00000096                BIOSDATA_O_MEM_D_MEMTAB
00000098                BIOSDATA_O_MEM_D_FREELIST
0000009a                BIOSDATA_O_MEM_D_LOCKADDR
0000009c                BIOSDATA_O_MEM_D_UNLOCKADDR
0000009e                BIOSDATA_O_SYS
000000a0                BIOSDATA_O_HST_D_TABBEGADDR
000000a2                BIOSDATA_O_HST_D_TABENDADDR
000000a4                BIOSDATA_O_TSK_D_IDLSTKADDR
000000a6                BIOSDATA_O_TSK_D_IDLSYSTKADDR
000000a8                BIOSDATA_O_RTDX_D_BUFREAD
000000aa                BIOSDATA_O_RTDX_D_BUFWRITE
            00000060    .data
000000c0                .text
000000c0                _I2C_init
            00000060    ___data__
            00000060    ___edata__
000000c0                ___text__
            00000060    edata
000000ff                HST_MAXFRAMEALLOWED
00000100                TSK_SYSTACKSIZE
00000102                RTDX_BUFMEMSIZE
00000169                _I2C_config
00000200                LOG_system$size
00000200                __SYSSTACK_SIZE
000002ce                _I2C_getConfig
000003a4                _I2C_setup
000003e8                CLK_MICROSECS
00000400                HST_DSMMEMSIZE
00000400                TSK_STACKSIZE
00000400                trace$size
0000059e                _I2C_write
00000640                PWRM_PWRM_INITMILVOLTS
000007e2                _I2C_read
00000800                __STACK_SIZE
00000a00                DARAM$L
00000a00                _DARAM_length
00000a00                _I2C_eventEnable
00000b34                _I2C_eventDisable
00000c53                _I2C_setCallback
00000ce0                _I2C_getEventId
00000cfc                _I2S_open
00000e43                _I2S_setup
00001131                _I2S_close
000011e3                _I2S_read
[...]
000044e0                _CLK_dispatch
00004528                CLK_TIMER0FUNC
00004528                _CLK_isr
000045a4                _CLK_getfhtime
000045b0                CLK_F_gethtime
000045b0                CLK_TIMEFXN
000045b0                _CLK_getshtime
000045f7                _SEM_post
000045f7                _SEM_postBinary
0000467c                _CLK_measure
000046e4                _LOG_printf
00004748                _KNL_enter
00004788                _KNL_exit
000047a8                _KNL_ipost
00004804                _LCK_post
00004824                _LCK_pend
0000485c                LOG_F_event
0000485c                _LOG_event
000048ad                _SEM_pend
000048fc                _SEM_postEnterKnl
00004944                STS_F_delta
00004944                _STS_delta
00004966                STS_F_add
00004966                _STS_add
0000497e                STS_F_reset
0000497e                _STS_reset
0000498c                _SYS_exit
000049d4                IDL_F_busy
000049d4                _IDL_busy
00004a00                _IDL_init
00004a1b                _IDL_calibrate
00004a61                RTA_F_andn
00004a77                RTA_F_or
00004a8e                iRTA_F_or
00004aa4                SYS_PUTCFXN
00004aa4                _UTL_doPutc
00004adc                _KNL_post
00004b10                CLK_F_itime
00004b10                _CLK_itime
00004b44                CLK_TIMER1FUNC
00004b44                CLK_TIMER2FUNC
00004b44                FXN_F_nop
00004b46                FXN_F_run
00004b63                FXN_F_zero
00004b67                FXN_F_selfLoop
00004b69                IDL_CALIBRFXN
00004b69                _IDL_stub
00004b90                SYS_ABORTFXN
00004b90                _UTL_doAbort
00004bb4                SYS_ERRORFXN
00004bb4                _UTL_doError
00004bd4                _HWI_disable
00004be4                _HWI_enable
00004be8                _HWI_restore
00004bee                _CLK_run
00004bf9                CLK_F_dispRun
00004bf9                CLK_HOOKFXN
00004bf9                _CLK_dispRun
00004c08                _SYS_abort
00004c1f                IDL_F_loop
00004c1f                _IDL_loop
00004c2c                SYS_EXITFXN
00004c2c                _UTL_halt
00004c34                _STS_set
00004c3b                _GBL_getVersion
00004c44                GBL_BIOS_BOOTFXN
00004c44                GBL_USERINITFXN
00004c44                GIO_CREATEFXN
00004c44                GIO_DELETEFXN
00004c44                GIO_PENDFXN
00004c44                GIO_POSTFXN
00004c44                PWRM_PWRM_BOOTHOOKFXN
00004c44                TSK_VCREATEFXN
00004c44                TSK_VDELETEFXN
00004c44                TSK_VEXITFXN
00004c44                _FXN_F_nop
00004c48                _CLK_wdogdisable
            00002626    GBL_sysstackbeg
            00002626    _HWI_SYSSTKTOP
            00002626    __sysstack
00004e20                GBL_CLKIN
            00002725    GBL_sysstackend
            00002726    GBL_stackbeg
            00002726    _HWI_STKTOP
            00002726    _HWI_SYSSTKBOTTOM
            00002726    __stack
00005205                GBL_A_VERSION
00005616                PIP_A_TABBEG
00005616                _PIP_A_TABBEG
            00002b25    GBL_stackend
0000564c                DARAM$Bb
0000564c                _DARAM_baseb
            00002b26    _HWI_STKBOTTOM
            00002b26    __STACK_END
0000567a                PIP_A_TABEND
0000567a                _PIP_A_TABEND
000056ba                STS_A_TABBEG
000056ba                _STS_A_TABBEG
000056fa                STS_A_TABEND
000056fa                SWI_A_TABBEG
000056fa                _STS_A_TABEND
00005722                HST_A_TABBEG
00005722                SWI_A_TABEND
00005722                _HST_A_TABBEG
0000573c                HST_A_TABEND
0000573c                _HST_A_TABEND
00005752                LOG_A_TABBEG
00005752                _LOG_A_TABBEG
00005766                LOG_A_TABEND
00005766                PRD_A_TABBEG
00005766                _LOG_A_TABEND
00005772                IDL_A_TABBEG
00005772                PRD_A_TABEND
0000577c                IDL_A_CALBEG
0000579c                CLK_A_TABBEG
            00003026    TSKAudio$stack
            00003408    TSKAudio$stkptr
            00003426    TSKAudio$sysstack
            00003508    TSKAudio$sysstkptr
            00003526    TSKFFT$stack
            00003908    TSKFFT$stkptr
            00003926    TSKFFT$sysstack
            00003a08    TSKFFT$sysstkptr
            00003a26    TSK_idle$stack
            00003e08    TSK_idle$stkptr
            00003e26    TSK_idle$sysstack
            00003f08    TSK_idle$sysstkptr
00008000                GBL_PLLDIV0
00008003                GBL_PLLDIV1
00008027                _RTDX_Buffer_WriteCB
000081a3                _RTDX_Init_RT_Monitor
000082b2                _RTDX_Poll
000084e6                _RTDX_Mon_Queue
0000856e                _RTDX_H2TPoll
000085d3                _RTDX_Buffer_Initialize
00008626                _RTDX_Buffer_ReadCB
00008671                _RTDX_Final_RT_Monitor
000086ad                _RTDX_Buffer_Size
000086e8                _RTDX_Mask_IER
00008712                _RTDX_Buffer_Read
00008734                _RTDX_Set_IER
00008752                _RTDX_Buffer_Write
            000043c7    gblinit
            00004400    trace$buf
            00004800    .bss
            00004800    ___atexit_func_id__
            00004800    ___bss__
            000048c2    _KNL_wFlag
            000048c3    _KNL_set
            000048c4    _KNL_queues
            00004914    _KNL_wList
            00004916    _KNL_alarm
            00004918    _KNL_setpri
            0000491a    _KNL_inactive
            0000491c    _KNL_priority
            0000491e    _KNL_dummy
            00004936    _KNL_curtask
            00004938    _KNL_prevtask
            0000493a    _KNL_curtime
            0000493c    _KNL_swiptr
            0000493e    _KNL_curqueue
            00004940    _KNL_maxqueue
            00004942    _KNL_tswitchfxn
            00004944    _KNL_tcreatefxn
            00004946    _KNL_tdeletefxn
            00004948    _KNL_treadyfxn
            0000494a    _KNL_idlefxn
            0000494c    _leftSample
            0000494d    _rightSample
            0000494e    _rxSamples
            0000497e    _rxSampleIdx
            00004980    _TSK_nTasks
            00004981    _TSK_pid
            00004982    _TSK_ATTRS
            00004990    _TSK_config
            0000499e    _TSK
            000049a0    _TSK_timerSem
            000049d8    _fsError
            000049d9    _ouError
            000049da    __TSK_mutex
            000049ee    __MEM_mutex
            00004a02    _OBJ_table
            00004a1e    _OBJ_segtab
            00004a26    _SYS_exitStack
            00004a36    _SYS_exitStackPtr
            00004a38    _SYS_exitStackTop
            00004a3a    _MEM_memtab
            00004a40    DARAM
            00004a40    HST_DSMBUFSEG
            00004a40    MEM_MALLOCSEG
            00004a40    MEM_SEGZERO
            00004a40    RTDX_DATAMEMSEG
            00004a40    _DARAM
            00004a40    _SEG0
            00004a42    RTA_fromHost$pipe$dtab
            00004a48    RTA_toHost$pipe$dtab
            00004a4e    _gI2cObj
            00004a5e    _i2cHandle
            00004a60    _CLK_timer0func
            00004a62    _CLK_timer1func
            00004a64    _CLK_timer2func
            00004a66    _CLK_timer0arg
            00004a68    _CLK_timer1arg
            00004a6a    _CLK_timer2arg
            00004a7e    _rtdxNullChanCnt
            00004a7f    _rtdxNullFuncCnt
            00004a80    _CLK_DFLTMICROSECS
            00004a82    _CLK_D_microseconds
            00004a84    _GpioObj
            00004a86    _hGpio
            00004a88    _count
            00004a8a    _count2
            00004a8c    __lock
            00004a8e    __unlock
            00004a90    __cleanup_ptr
            00004a92    __dtors_ptr
            00004a94    _CLK_htimePerLtime
            00004a96    _MEM
            00004a98    _hI2s
            00004a9a    _dtors
            00004a9c    _RTDX_Buffer
            00004a9c    ___end__
            00004a9c    end
            00004b9e    _rtdx_mon_state
            00004bb0    _rtdx_buffer_state
            00004bb6    _RTDX_writing
            00004bc0    _RTDX_Buffer_Start
            00004bc2    _RTDX_Buffer_End
            00004bc4    MBXAudio$queElems
            00004c00    LOG_system$buf
            00004e00    _SYS_PUTCBEG
            00004fff    _SYS_PUTCEND
            00005000    TSKUI$stack
            000050aa    TSKUI$stkptr
            000050c8    TSKUI$sysstack
            000051aa    TSKUI$sysstkptr
0000a390                _MEM_init
0000a4a1                BIOS_init
0000a4a1                _BIOS_init
0000a532                BIOS_start
0000a532                _BIOS_start
0000a578                _TSK_init
0000a5fc                _auto_init
0000a66d                _c_int00
0000a6dc                _OBJ_init
            00005370    C55_BIOSDATAOBJ
            00005370    _GBL_procId
            00005372    _GBL_clkIn
            00005374    _GBL_freq
            00005376    _CLK_htimeDiv
            00005378    _CLK_htimeMult
            0000537a    _CLK_ltimeDiv
            0000537c    _CLK_ltimeMult
            0000537e    _CLK_D_dirty
            00005380    _CLK_D_prd
            00005382    _CLK_D_tddr
            00005384    _CLK_D_countspms
            00005386    CLK_D_idletime
            00005388    CLK_D_isrhook
            00005388    _CLK_isrhook
            0000538a    CLK_D_tabbeg
            0000538c    CLK_D_timefxn
            0000538e    CLK_R_timh
            0000538e    _CLK_time
            0000538f    CLK_R_timl
            00005390    HST_D_chanmask
            00005392    IDL_D_calbeg
            00005394    IDL_D_calibrate
            00005396    IDL_D_tabbeg
            00005398    LOG_D_system
            00005398    _LOG_D_system
            0000539a    PIP_D_tabbeg
            0000539c    PIP_D_tablen
            0000539e    PRD_D_cur
            000053a0    PRD_D_elapsed
            000053a1    PRD_D_prevtim
            000053a2    PRD_D_scalar
            000053a4    PRD_D_swihandle
            000053a6    PRD_D_tabbeg
            000053a8    PRD_D_tablen
            000053aa    PRD_D_thook
            000053ac    PRD_D_tickh
            000053ad    PRD_D_tickl
            000053ad    _PRD_D_tick
            000053ae    SWI_D_runaddr
            000053ae    _SWI_data
            000053b0    SWI_D_execaddr
            000053b2    SWI_D_curmask
            000053b2    _SWI_D_curmask
            000053b3    SWI_D_curset
            000053b4    SWI_D_lock
            000053b4    _SWI_D_lock
            000053b5    SWI_D_curmbox
            000053b6    SWI_D_curfxn
            000053b6    _SWI_D_curfxn
            000053b8    SWI_D_rdybeg
            000053b8    _SWI_D_rdybeg
            000053ba    SWI_D_rdytab
            000053f6    SWI_D_inswi
            000053f6    _SWI_D_inswi
            000053f8    HWI_D_spsave
            000053f8    _HWI_D_spsave
            000053f8    _HWI_data
            000053fa    HWI_D_sspsave
            000053fa    _HWI_D_sspsave
            000053fc    HWI_D_stkbotaddr
            000053fe    HWI_D_systkbotaddr
            00005400    HWI_D_stktopaddr
            00005402    HWI_D_systktopaddr
            00005404    HWI_D_inhwi
            00005404    _HWI_D_inhwi
            00005405    _MEM_D_NUMSEGMENTS
            00005406    _MEM_D_memtab
            00005408    _MEM_D_freelist
            0000540a    _MEM_D_lockaddr
            0000540c    _MEM_D_unlockaddr
            0000540e    _SYS
            00005410    HST_D_tabbegaddr
            00005412    HST_D_tabendaddr
            00005414    TSK_D_idlstkaddr
            00005416    TSK_D_idlsystkaddr
            00005418    RTDX_D_BufRead
            0000541a    RTDX_D_BufWrite
            0000541c    __HOOK_knlId
            0000541e    __HOOK_NUMHOOKS
            00005420    RTA_D_fromHost
            00005422    RTA_D_toHost
            00005424    RTA_D_logval
            0000542e    RTA_D_stsval
            00005436    LNKCTRL
            00005436    LNK_D_fromHostMask
            00005437    LNK_D_dataReadyMask
            00005438    LNK_D_readPend
            00005439    LNK_D_readDone
            0000543a    LNK_D_readFail
            0000543b    LNK_D_writeFail
            0000543c    IDL_D_busyObj
            0000543e    _HWI_dispatchTab
            00005504    TSK_idle
            00005504    _TSK_idle
            0000551c    TSK_idle$tskobj
            00005530    TSKUI
            00005530    _TSKUI
            00005548    TSKUI$tskobj
            0000555c    TSKAudio
            0000555c    _TSKAudio
            00005574    TSKAudio$tskobj
            00005588    TSKFFT
            00005588    _TSKFFT
            000055a0    TSKFFT$tskobj
            000055b4    MBXAudio
            000055b4    _MBXAudio
            000055bc    MBXAudio$data
            000055cc    MBXAudio$free
            000055e8    MBXFFT
            000055e8    _MBXFFT
            000055f0    MBXFFT$data
            00005600    MBXFFT$free
0000ac2c                PIP_A_TABBEGb
            00005616    RTA_fromHost$pipe
            00005618    RTA_fromHost$pipe$rd
            0000561a    RTA_fromHost$pipe$rdaddr
            0000561c    RTA_fromHost$pipe$rdsize
            0000561e    RTA_fromHost$pipe$rdcurdesc
            0000562e    RTA_fromHost$pipe$rdstshdl
            00005630    RTA_fromHost$pipe$wr
            00005632    RTA_fromHost$pipe$wraddr
            00005634    RTA_fromHost$pipe$wrsize
            00005636    RTA_fromHost$pipe$wrcurdesc
            00005646    RTA_fromHost$pipe$wrstshdl
            00005648    RTA_toHost$pipe
            0000564a    RTA_toHost$pipe$rd
            0000564c    RTA_toHost$pipe$rdaddr
            0000564e    RTA_toHost$pipe$rdsize
            00005650    RTA_toHost$pipe$rdcurdesc
            00005660    RTA_toHost$pipe$rdstshdl
            00005662    RTA_toHost$pipe$wr
            00005664    RTA_toHost$pipe$wraddr
            00005666    RTA_toHost$pipe$wrsize
            00005668    RTA_toHost$pipe$wrcurdesc
            00005678    RTA_toHost$pipe$wrstshdl
0000acf4                PIP_A_TABENDb
            0000567a    RTA_toHost$buf
            000056ba    PRD0$sts$stsobj
0000ad74                STS_A_TABBEGb
            000056bc    PRD0$sts
            000056c2    PRD_swi$sts$stsobj
            000056c4    PRD_swi$sts
            000056ca    KNL_swi$sts$stsobj
            000056cc    KNL_swi$sts
            000056d2    TSK_idle$sts$stsobj
            000056d4    TSK_idle$sts
            000056da    TSKUI$sts$stsobj
            000056dc    TSKUI$sts
            000056e2    TSKAudio$sts$stsobj
            000056e4    TSKAudio$sts
            000056ea    TSKFFT$sts$stsobj
            000056ec    TSKFFT$sts
            000056f2    IDL_busyObj$stsobj
            000056f4    IDL_busyObj
            000056f4    _IDL_busyObj
            000056fa    PRD_SWIHANDLE
            000056fa    PRD_swi
0000adf4                STS_A_TABENDb
0000adf4                SWI_A_TABBEGb
            000056fa    _PRD_swi
            0000570e    KNL_swi
            0000570e    _KNL_swi
0000ae44                HST_A_TABBEGb
0000ae44                SWI_A_TABENDb
            00005724    RTA_fromHost
            00005724    _RTA_fromHost
            00005728    RTA_fromHost$rtdx
            00005730    RTA_toHost
            00005730    _RTA_toHost
            00005734    RTA_toHost$rtdx
0000ae78                HST_A_TABENDb
            00005742    SEMUI
            00005742    _SEMUI
0000aea4                LOG_A_TABBEGb
            00005752    LOG_system
            00005752    _LOG_system
            0000575c    _trace
            0000575c    trace
0000aecc                LOG_A_TABENDb
            00005766    PRD0
0000aecc                PRD_A_TABBEGb
            00005766    _PRD0
            00005770    PRD0$aaa
0000aee4                IDL_A_TABBEGb
            00005772    IDL_cpuLoad
0000aee4                PRD_A_TABENDb
            00005772    _IDL_cpuLoad
            00005774    LNK_dataPump
            00005774    _LNK_dataPump
            00005776    RTA_dispatcher
            00005776    _RTA_dispatcher
            00005778    IDLUserInterface
            00005778    _IDLUserInterface
            0000577a    IDL_END
0000aef8                IDL_A_CALBEGb
            0000577c    IDL_cpuLoad$
            0000577e    LNK_dataPump$
            00005780    RTA_dispatcher$
            00005782    IDLUserInterface$
            00005784    IDL_END$
            00005786    RTA_fromHost$buf
            0000578e    SYS$config
            00005796    MBXFFT$queElems
0000af38                CLK_A_TABBEGb
            0000579c    PRD_clock
            0000579c    _PRD_clock
            0000579e    CLK_NULL
            000057a0    TRC_cinit
            000057a1    TRC_R_mask
            000057a1    _TRC_R_mask
            000057a2    GBL_initdone
0000c34f                CLK_PRD
0000c34f                _CLK_PRD
0000c350                CLK_COUNTSPMS
0000c350                CLK_HTIMEPERLTIME
0000c350                _CLK_COUNTSPMS
0000dbef                GBL_TRCMASKVALUE
0000ff00                HWI_A_VECS
0000ff00                hwi0
0000ff08                hwi1
0000ff10                hwi2
0000ff18                hwi3
0000ff20                hwi4
0000ff28                hwi5
0000ff30                hwi6
0000ff38                hwi7
0000ff40                hwi8
0000ff48                hwi9
0000ff50                hwi10
0000ff58                hwi11
0000ff60                hwi12
0000ff68                hwi13
0000ff70                hwi14
0000ff78                hwi15
0000ff80                hwi16
0000ff88                hwi17
0000ff90                hwi18
0000ff98                hwi19
0000ffa0                hwi20
0000ffa8                hwi21
0000ffb0                hwi22
0000ffb8                hwi23
0000ffc0                hwi24
0000ffc8                hwi25
0000ffd0                hwi26
0000ffd8                hwi27
0000ffe0                hwi28
0000ffe8                hwi29
0000fff0                hwi30
0000fff8                hwi31
            00008000    ___cinit__
            00008000    cinit
            000087a7    _HST_HOST_CHANNEL_DRIVER
            000087a8    ___pinit__
            000087a8    pinit
            000087af    PRD0$sts$maxfmt
            000087b8    PRD0$sts$sumfmt
            000087c1    PRD0$sts$avgfmt
            000087cc    PRD_swi$sts$maxfmt
            000087d4    PRD_swi$sts$sumfmt
            000087dc    PRD_swi$sts$avgfmt
            000087e6    KNL_swi$sts$maxfmt
            000087ee    KNL_swi$sts$sumfmt
            000087f6    KNL_swi$sts$avgfmt
            00008800    TSK_idle$sts$maxfmt
            00008808    TSK_idle$sts$sumfmt
            00008810    TSK_idle$sts$avgfmt
            0000881a    TSKUI$sts$maxfmt
            00008822    TSKUI$sts$sumfmt
            0000882a    TSKUI$sts$avgfmt
            00008834    TSKAudio$sts$maxfmt
            0000883c    TSKAudio$sts$sumfmt
            00008844    TSKAudio$sts$avgfmt
            0000884e    TSKFFT$sts$maxfmt
            00008856    TSKFFT$sts$sumfmt
            0000885e    TSKFFT$sts$avgfmt
            00008868    IDL_busyObj$maxfmt
            0000886b    IDL_busyObj$sumfmt
            0000886e    IDL_busyObj$avgfmt
000186a0                CLK_LTIMEMULT
000186a0                GBL_FREQ
00f80000                GBL_CACHEICRTAG1
00f81000                GBL_CACHEICRTAG2
ffffffff                SARAM
ffffffff                VECT
ffffffff                _SARAM
ffffffff                _VECT
ffffffff                ___binit__
ffffffff                ___c_args__
ffffffff                binit

[1043 symbols]
