<?xml version="1.0"?>
<link_info>
   <banner>TMS320C55x Linker PC v4.4.1</banner>
   <copyright>Copyright (c) 1996-2012 Texas Instruments Incorporated</copyright>
   <link_time>0x66018e2d</link_time>
   <output_file>biosExample.out</output_file>
   <entry_point>
      <name>_c_int00</name>
      <address>0xa66d</address>
   </entry_point>
   <input_file_list>
      <input_file id="fl-2">
         <path>.\</path>
         <kind>object</kind>
         <file>aic3204.obj</file>
         <name>aic3204.obj</name>
      </input_file>
      <input_file id="fl-3">
         <path>.\</path>
         <kind>object</kind>
         <file>audioProcessing.obj</file>
         <name>audioProcessing.obj</name>
      </input_file>
      <input_file id="fl-4">
         <path>.\</path>
         <kind>object</kind>
         <file>ezdsp5535.obj</file>
         <name>ezdsp5535.obj</name>
      </input_file>
      <input_file id="fl-5">
         <path>.\</path>
         <kind>object</kind>
         <file>ezdsp5535_gpio.obj</file>
         <name>ezdsp5535_gpio.obj</name>
      </input_file>
      <input_file id="fl-6">
         <path>.\</path>
         <kind>object</kind>
         <file>ezdsp5535_i2c.obj</file>
         <name>ezdsp5535_i2c.obj</name>
      </input_file>
      <input_file id="fl-7">
         <path>.\</path>
         <kind>object</kind>
         <file>ezdsp5535_i2s.obj</file>
         <name>ezdsp5535_i2s.obj</name>
      </input_file>
      <input_file id="fl-8">
         <path>.\</path>
         <kind>object</kind>
         <file>ezdsp5535_lcd.obj</file>
         <name>ezdsp5535_lcd.obj</name>
      </input_file>
      <input_file id="fl-9">
         <path>.\</path>
         <kind>object</kind>
         <file>ezdsp5535_led.obj</file>
         <name>ezdsp5535_led.obj</name>
      </input_file>
      <input_file id="fl-a">
         <path>.\</path>
         <kind>object</kind>
         <file>hellocfg.obj</file>
         <name>hellocfg.obj</name>
      </input_file>
      <input_file id="fl-b">
         <path>.\</path>
         <kind>object</kind>
         <file>hellocfg_c.obj</file>
         <name>hellocfg_c.obj</name>
      </input_file>
      <input_file id="fl-c">
         <path>.\</path>
         <kind>object</kind>
         <file>main.obj</file>
         <name>main.obj</name>
      </input_file>
      <input_file id="fl-2d">
         <path>C:\ti\bios_5_42_01_09\packages\ti\bios\lib\</path>
         <kind>archive</kind>
         <file>bios.a55L</file>
         <name>fxn.o55L</name>
      </input_file>
      <input_file id="fl-2e">
         <path>C:\ti\bios_5_42_01_09\packages\ti\bios\lib\</path>
         <kind>archive</kind>
         <file>bios.a55L</file>
         <name>biosdata.o55L</name>
      </input_file>
      <input_file id="fl-2f">
         <path>C:\ti\bios_5_42_01_09\packages\ti\bios\lib\</path>
         <kind>archive</kind>
         <file>bios.a55L</file>
         <name>knl_swit.o55L</name>
      </input_file>
      <input_file id="fl-30">
         <path>C:\ti\bios_5_42_01_09\packages\ti\bios\lib\</path>
         <kind>archive</kind>
         <file>bios.a55L</file>
         <name>swi.o55L</name>
      </input_file>
      <input_file id="fl-31">
         <path>C:\ti\bios_5_42_01_09\packages\ti\bios\lib\</path>
         <kind>archive</kind>
         <file>bios.a55L</file>
         <name>clk_run.o55L</name>
      </input_file>
      <input_file id="fl-32">
         <path>C:\ti\bios_5_42_01_09\packages\ti\bios\lib\</path>
         <kind>archive</kind>
         <file>bios5505.a55L</file>
         <name>clk5505_htime.o55L</name>
      </input_file>
      <input_file id="fl-33">
         <path>C:\ti\bios_5_42_01_09\packages\ti\bios\lib\</path>
         <kind>archive</kind>
         <file>bios5505.a55L</file>
         <name>clk5505_isr.o55L</name>
      </input_file>
      <input_file id="fl-34">
         <path>C:\ti\bios_5_42_01_09\packages\ti\bios\lib\</path>
         <kind>archive</kind>
         <file>bios.a55L</file>
         <name>fxn_c.o55L</name>
      </input_file>
      <input_file id="fl-35">
         <path>C:\ti\bios_5_42_01_09\packages\ti\bios\lib\</path>
         <kind>archive</kind>
         <file>bios.a55L</file>
         <name>idl_stub.o55L</name>
      </input_file>
      <input_file id="fl-36">
         <path>C:\ti\bios_5_42_01_09\packages\ti\bios\lib\</path>
         <kind>archive</kind>
         <file>bios.a55L</file>
         <name>utl_doab.o55L</name>
      </input_file>
      <input_file id="fl-37">
         <path>C:\ti\bios_5_42_01_09\packages\ti\bios\lib\</path>
         <kind>archive</kind>
         <file>bios.a55L</file>
         <name>utl_doer.o55L</name>
      </input_file>
      <input_file id="fl-38">
         <path>C:\ti\bios_5_42_01_09\packages\ti\bios\lib\</path>
         <kind>archive</kind>
         <file>bios.a55L</file>
         <name>utl_putc.o55L</name>
      </input_file>
      <input_file id="fl-39">
         <path>C:\ti\bios_5_42_01_09\packages\ti\bios\lib\</path>
         <kind>archive</kind>
         <file>bios.a55L</file>
         <name>utl_halt.o55L</name>
      </input_file>
      <input_file id="fl-3a">
         <path>C:\ti\bios_5_42_01_09\packages\ti\bios\lib\</path>
         <kind>archive</kind>
         <file>bios5505.a55L</file>
         <name>clk_itime.o55L</name>
      </input_file>
      <input_file id="fl-3b">
         <path>C:\ti\bios_5_42_01_09\packages\ti\bios\lib\</path>
         <kind>archive</kind>
         <file>bios.a55L</file>
         <name>boot.o55L</name>
      </input_file>
      <input_file id="fl-3c">
         <path>C:\ti\bios_5_42_01_09\packages\ti\bios\lib\</path>
         <kind>archive</kind>
         <file>bios.a55L</file>
         <name>trc.o55L</name>
      </input_file>
      <input_file id="fl-3d">
         <path>C:\ti\bios_5_42_01_09\packages\ti\bios\lib\</path>
         <kind>archive</kind>
         <file>bios.a55L</file>
         <name>hwi_disp_asm.o55L</name>
      </input_file>
      <input_file id="fl-3e">
         <path>C:\ti\bios_5_42_01_09\packages\ti\bios\lib\</path>
         <kind>archive</kind>
         <file>bios.a55L</file>
         <name>idl_busy.o55L</name>
      </input_file>
      <input_file id="fl-3f">
         <path>C:\ti\bios_5_42_01_09\packages\ti\bios\lib\</path>
         <kind>archive</kind>
         <file>bios.a55L</file>
         <name>idl.o55L</name>
      </input_file>
      <input_file id="fl-40">
         <path>C:\ti\bios_5_42_01_09\packages\ti\bios\lib\</path>
         <kind>archive</kind>
         <file>lnkrtdx.a55L</file>
         <name>rtdx.o55L</name>
      </input_file>
      <input_file id="fl-41">
         <path>C:\ti\bios_5_42_01_09\packages\ti\bios\lib\</path>
         <kind>archive</kind>
         <file>bios.a55L</file>
         <name>log.o55L</name>
      </input_file>
      <input_file id="fl-42">
         <path>C:\ti\bios_5_42_01_09\packages\ti\bios\lib\</path>
         <kind>archive</kind>
         <file>bios.a55L</file>
         <name>pip.o55L</name>
      </input_file>
      <input_file id="fl-43">
         <path>C:\ti\bios_5_42_01_09\packages\ti\bios\lib\</path>
         <kind>archive</kind>
         <file>bios.a55L</file>
         <name>prd.o55L</name>
      </input_file>
      <input_file id="fl-44">
         <path>C:\ti\bios_5_42_01_09\packages\ti\bios\lib\</path>
         <kind>archive</kind>
         <file>bios.a55L</file>
         <name>rta.o55L</name>
      </input_file>
      <input_file id="fl-45">
         <path>C:\ti\bios_5_42_01_09\packages\ti\bios\lib\</path>
         <kind>archive</kind>
         <file>bios.a55L</file>
         <name>sts.o55L</name>
      </input_file>
      <input_file id="fl-46">
         <path>C:\ti\bios_5_42_01_09\packages\ti\bios\lib\</path>
         <kind>archive</kind>
         <file>bios.a55L</file>
         <name>c55_enable.o55L</name>
      </input_file>
      <input_file id="fl-47">
         <path>C:\ti\bios_5_42_01_09\packages\ti\bios\lib\</path>
         <kind>archive</kind>
         <file>bios.a55L</file>
         <name>c55_c.o55L</name>
      </input_file>
      <input_file id="fl-48">
         <path>C:\ti\bios_5_42_01_09\packages\ti\bios\lib\</path>
         <kind>archive</kind>
         <file>bios.a55L</file>
         <name>clk_data.o55L</name>
      </input_file>
      <input_file id="fl-49">
         <path>C:\ti\bios_5_42_01_09\packages\ti\bios\lib\</path>
         <kind>archive</kind>
         <file>bios.a55L</file>
         <name>clk_data2.o55L</name>
      </input_file>
      <input_file id="fl-4a">
         <path>C:\ti\bios_5_42_01_09\packages\ti\bios\lib\</path>
         <kind>archive</kind>
         <file>bios5505.a55L</file>
         <name>clk5505_start.o55L</name>
      </input_file>
      <input_file id="fl-4b">
         <path>C:\ti\bios_5_42_01_09\packages\ti\bios\lib\</path>
         <kind>archive</kind>
         <file>bios5505.a55L</file>
         <name>clk5505_data.o55L</name>
      </input_file>
      <input_file id="fl-4c">
         <path>C:\ti\bios_5_42_01_09\packages\ti\bios\lib\</path>
         <kind>archive</kind>
         <file>bios5505.a55L</file>
         <name>clk5505_wdog.o55L</name>
      </input_file>
      <input_file id="fl-4d">
         <path>C:\ti\bios_5_42_01_09\packages\ti\bios\lib\</path>
         <kind>archive</kind>
         <file>bios.a55L</file>
         <name>gbl_vers.o55L</name>
      </input_file>
      <input_file id="fl-4e">
         <path>Z:\Documents\UNL\ECEN498\ezdsp5535_v1_spring2024\c55xx_csl\ccs_v4.0_examples\cslVC5505\Debug\</path>
         <kind>archive</kind>
         <file>cslVC5505.lib</file>
         <name>csl_gpio.obj</name>
      </input_file>
      <input_file id="fl-4f">
         <path>C:\ti\bios_5_42_01_09\packages\ti\bios\lib\</path>
         <kind>archive</kind>
         <file>bios.a55L</file>
         <name>hwi_xable.o55L</name>
      </input_file>
      <input_file id="fl-50">
         <path>Z:\Documents\UNL\ECEN498\ezdsp5535_v1_spring2024\c55xx_csl\ccs_v4.0_examples\cslVC5505\Debug\</path>
         <kind>archive</kind>
         <file>cslVC5505.lib</file>
         <name>csl_i2c.obj</name>
      </input_file>
      <input_file id="fl-51">
         <path>Z:\Documents\UNL\ECEN498\ezdsp5535_v1_spring2024\c55xx_csl\ccs_v4.0_examples\cslVC5505\Debug\</path>
         <kind>archive</kind>
         <file>cslVC5505.lib</file>
         <name>csl_i2s.obj</name>
      </input_file>
      <input_file id="fl-52">
         <path>C:\ti\bios_5_42_01_09\packages\ti\bios\lib\</path>
         <kind>archive</kind>
         <file>bios.a55L</file>
         <name>idl_cal.o55L</name>
      </input_file>
      <input_file id="fl-53">
         <path>C:\ti\bios_5_42_01_09\packages\ti\bios\lib\</path>
         <kind>archive</kind>
         <file>bios5505.a55L</file>
         <name>clk5505_meas.o55L</name>
      </input_file>
      <input_file id="fl-54">
         <path>C:\ti\bios_5_42_01_09\packages\ti\bios\lib\</path>
         <kind>archive</kind>
         <file>bios.a55L</file>
         <name>knl_exit.o55L</name>
      </input_file>
      <input_file id="fl-55">
         <path>C:\ti\bios_5_42_01_09\packages\ti\bios\lib\</path>
         <kind>archive</kind>
         <file>bios.a55L</file>
         <name>knl_chec.o55L</name>
      </input_file>
      <input_file id="fl-56">
         <path>C:\ti\bios_5_42_01_09\packages\ti\bios\lib\</path>
         <kind>archive</kind>
         <file>bios.a55L</file>
         <name>knl.o55L</name>
      </input_file>
      <input_file id="fl-57">
         <path>C:\ti\bios_5_42_01_09\packages\ti\bios\lib\</path>
         <kind>archive</kind>
         <file>bios.a55L</file>
         <name>knl_run.o55L</name>
      </input_file>
      <input_file id="fl-58">
         <path>C:\ti\bios_5_42_01_09\packages\ti\bios\lib\</path>
         <kind>archive</kind>
         <file>bios.a55L</file>
         <name>knl_tick.o55L</name>
      </input_file>
      <input_file id="fl-59">
         <path>C:\ti\bios_5_42_01_09\packages\ti\bios\lib\</path>
         <kind>archive</kind>
         <file>bios.a55L</file>
         <name>knl_post.o55L</name>
      </input_file>
      <input_file id="fl-5a">
         <path>C:\ti\bios_5_42_01_09\packages\ti\bios\lib\</path>
         <kind>archive</kind>
         <file>bios.a55L</file>
         <name>knl_ipos.o55L</name>
      </input_file>
      <input_file id="fl-5b">
         <path>C:\ti\bios_5_42_01_09\packages\ti\bios\lib\</path>
         <kind>archive</kind>
         <file>bios.a55L</file>
         <name>log_printf.o55L</name>
      </input_file>
      <input_file id="fl-5c">
         <path>C:\ti\bios_5_42_01_09\packages\ti\bios\lib\</path>
         <kind>archive</kind>
         <file>bios.a55L</file>
         <name>mbx.o55L</name>
      </input_file>
      <input_file id="fl-5d">
         <path>C:\ti\bios_5_42_01_09\packages\ti\bios\lib\</path>
         <kind>archive</kind>
         <file>bios.a55L</file>
         <name>mem_asm.o55L</name>
      </input_file>
      <input_file id="fl-5e">
         <path>C:\ti\bios_5_42_01_09\packages\ti\bios\lib\</path>
         <kind>archive</kind>
         <file>bios.a55L</file>
         <name>mem_init.o55L</name>
      </input_file>
      <input_file id="fl-5f">
         <path>C:\ti\bios_5_42_01_09\packages\ti\bios\lib\</path>
         <kind>archive</kind>
         <file>bios.a55L</file>
         <name>obj_init.o55L</name>
      </input_file>
      <input_file id="fl-60">
         <path>C:\ti\bios_5_42_01_09\packages\ti\bios\lib\</path>
         <kind>archive</kind>
         <file>bios.a55L</file>
         <name>rtdx_data.o55L</name>
      </input_file>
      <input_file id="fl-61">
         <path>C:\ti\bios_5_42_01_09\packages\ti\rtdx\lib\c5500\</path>
         <kind>archive</kind>
         <file>rtdxx.lib</file>
         <name>buffer2.o55L</name>
      </input_file>
      <input_file id="fl-62">
         <path>C:\ti\bios_5_42_01_09\packages\ti\rtdx\lib\c5500\</path>
         <kind>archive</kind>
         <file>rtdxx.lib</file>
         <name>buffer1.o55L</name>
      </input_file>
      <input_file id="fl-63">
         <path>C:\ti\bios_5_42_01_09\packages\ti\rtdx\lib\c5500\</path>
         <kind>archive</kind>
         <file>rtdxx.lib</file>
         <name>rtdx_mon.o55L</name>
      </input_file>
      <input_file id="fl-64">
         <path>C:\ti\bios_5_42_01_09\packages\ti\rtdx\lib\c5500\</path>
         <kind>archive</kind>
         <file>rtdxx.lib</file>
         <name>intr_tgt.o55L</name>
      </input_file>
      <input_file id="fl-65">
         <path>C:\ti\bios_5_42_01_09\packages\ti\bios\lib\</path>
         <kind>archive</kind>
         <file>bios.a55L</file>
         <name>sem_pend_counting.o55L</name>
      </input_file>
      <input_file id="fl-66">
         <path>C:\ti\bios_5_42_01_09\packages\ti\bios\lib\</path>
         <kind>archive</kind>
         <file>bios.a55L</file>
         <name>sem_pend.o55L</name>
      </input_file>
      <input_file id="fl-67">
         <path>C:\ti\bios_5_42_01_09\packages\ti\bios\lib\</path>
         <kind>archive</kind>
         <file>bios.a55L</file>
         <name>sem_post_asm.o55L</name>
      </input_file>
      <input_file id="fl-68">
         <path>C:\ti\bios_5_42_01_09\packages\ti\bios\lib\</path>
         <kind>archive</kind>
         <file>bios.a55L</file>
         <name>sem_post.o55L</name>
      </input_file>
      <input_file id="fl-69">
         <path>C:\ti\bios_5_42_01_09\packages\ti\bios\lib\</path>
         <kind>archive</kind>
         <file>bios.a55L</file>
         <name>sts_set.o55L</name>
      </input_file>
      <input_file id="fl-6a">
         <path>C:\ti\bios_5_42_01_09\packages\ti\bios\lib\</path>
         <kind>archive</kind>
         <file>bios.a55L</file>
         <name>tsk.o55L</name>
      </input_file>
      <input_file id="fl-6b">
         <path>C:\ti\bios_5_42_01_09\packages\ti\bios\lib\</path>
         <kind>archive</kind>
         <file>bios.a55L</file>
         <name>tsk_exit.o55L</name>
      </input_file>
      <input_file id="fl-6c">
         <path>C:\ti\bios_5_42_01_09\packages\ti\bios\lib\</path>
         <kind>archive</kind>
         <file>bios.a55L</file>
         <name>sys_exit.o55L</name>
      </input_file>
      <input_file id="fl-6d">
         <path>C:\ti\bios_5_42_01_09\packages\ti\bios\lib\</path>
         <kind>archive</kind>
         <file>bios.a55L</file>
         <name>sys.o55L</name>
      </input_file>
      <input_file id="fl-6e">
         <path>C:\ti\bios_5_42_01_09\packages\ti\bios\lib\</path>
         <kind>archive</kind>
         <file>bios.a55L</file>
         <name>tsk_init.o55L</name>
      </input_file>
      <input_file id="fl-6f">
         <path>C:\ti\bios_5_42_01_09\packages\ti\bios\lib\</path>
         <kind>archive</kind>
         <file>bios.a55L</file>
         <name>tsk_setu.o55L</name>
      </input_file>
      <input_file id="fl-70">
         <path>C:\ti\bios_5_42_01_09\packages\ti\bios\lib\</path>
         <kind>archive</kind>
         <file>bios.a55L</file>
         <name>tsk_stup.o55L</name>
      </input_file>
      <input_file id="fl-71">
         <path>C:\ti\bios_5_42_01_09\packages\ti\bios\lib\</path>
         <kind>archive</kind>
         <file>bios.a55L</file>
         <name>lck.o55L</name>
      </input_file>
      <input_file id="fl-72">
         <path>C:\ti\bios_5_42_01_09\packages\ti\bios\lib\</path>
         <kind>archive</kind>
         <file>bios.a55L</file>
         <name>sys_abor.o55L</name>
      </input_file>
      <input_file id="fl-73">
         <path>C:\ti\bios_5_42_01_09\packages\ti\bios\lib\</path>
         <kind>archive</kind>
         <file>bios.a55L</file>
         <name>sem_dopo.o55L</name>
      </input_file>
      <input_file id="fl-74">
         <path>C:\ti\ccsv6\tools\compiler\c5500_4.4.1\lib\</path>
         <kind>archive</kind>
         <file>rts55x.lib</file>
         <name>divul.obj</name>
      </input_file>
      <input_file id="fl-75">
         <path>C:\ti\ccsv6\tools\compiler\c5500_4.4.1\lib\</path>
         <kind>archive</kind>
         <file>rts55x.lib</file>
         <name>lmpy.obj</name>
      </input_file>
      <input_file id="fl-76">
         <path>C:\ti\ccsv6\tools\compiler\c5500_4.4.1\lib\</path>
         <kind>archive</kind>
         <file>rts55x.lib</file>
         <name>_lock.obj</name>
      </input_file>
      <input_file id="fl-77">
         <path>C:\ti\ccsv6\tools\compiler\c5500_4.4.1\lib\</path>
         <kind>archive</kind>
         <file>rts55x.lib</file>
         <name>remul.obj</name>
      </input_file>
      <input_file id="fl-78">
         <path>C:\ti\ccsv6\tools\compiler\c5500_4.4.1\lib\</path>
         <kind>archive</kind>
         <file>rts55x.lib</file>
         <name>atexit.obj</name>
      </input_file>
      <input_file id="fl-79">
         <path>C:\ti\ccsv6\tools\compiler\c5500_4.4.1\lib\</path>
         <kind>archive</kind>
         <file>rts55x.lib</file>
         <name>sinit.obj</name>
      </input_file>
      <input_file id="fl-7a">
         <path>C:\ti\ccsv6\tools\compiler\c5500_4.4.1\lib\</path>
         <kind>archive</kind>
         <file>rts55x.lib</file>
         <name>exit.obj</name>
      </input_file>
      <input_file id="fl-7b">
         <path>C:\ti\bios_5_42_01_09\packages\ti\bios\lib\</path>
         <kind>archive</kind>
         <file>bios.a55L</file>
         <name>autoinit.o55L</name>
      </input_file>
      <input_file id="fl-7c">
         <path>C:\ti\ccsv6\tools\compiler\c5500_4.4.1\lib\</path>
         <kind>archive</kind>
         <file>rts55x.lib</file>
         <name>memcpy.obj</name>
      </input_file>
      <input_file id="fl-7d">
         <path>C:\ti\bios_5_42_01_09\packages\ti\bios\lib\</path>
         <kind>archive</kind>
         <file>bios.a55L</file>
         <name>rta_andn.o55L</name>
      </input_file>
   </input_file_list>
   <object_component_list>
      <object_component id="oc-a7">
         <name>.vers</name>
         <load_address>0x0</load_address>
         <run_address>0x0</run_address>
         <size>0x78</size>
         <input_file_ref idref="fl-a"/>
      </object_component>
      <object_component id="oc-91">
         <name>.clk</name>
         <uninitialized>true</uninitialized>
         <run_address>0xaf38</run_address>
         <size>0x8</size>
         <input_file_ref idref="fl-a"/>
      </object_component>
      <object_component id="oc-92">
         <name>.prd</name>
         <uninitialized>true</uninitialized>
         <run_address>0xaecc</run_address>
         <size>0x18</size>
         <input_file_ref idref="fl-a"/>
      </object_component>
      <object_component id="oc-99">
         <name>.swi</name>
         <uninitialized>true</uninitialized>
         <run_address>0xadf4</run_address>
         <size>0x50</size>
         <input_file_ref idref="fl-a"/>
      </object_component>
      <object_component id="oc-9b">
         <name>.tsk</name>
         <uninitialized>true</uninitialized>
         <run_address>0xa9fc</run_address>
         <size>0x160</size>
         <input_file_ref idref="fl-a"/>
      </object_component>
      <object_component id="oc-a0">
         <name>.idl</name>
         <uninitialized>true</uninitialized>
         <run_address>0xaee4</run_address>
         <size>0x14</size>
         <input_file_ref idref="fl-a"/>
      </object_component>
      <object_component id="oc-9f">
         <name>.idlcal</name>
         <uninitialized>true</uninitialized>
         <run_address>0xaef8</run_address>
         <size>0x14</size>
         <input_file_ref idref="fl-a"/>
      </object_component>
      <object_component id="oc-53">
         <name>.bss</name>
         <uninitialized>true</uninitialized>
         <run_address>0x9474</run_address>
         <size>0x28</size>
         <input_file_ref idref="fl-a"/>
      </object_component>
      <object_component id="oc-64">
         <name>.bss</name>
         <uninitialized>true</uninitialized>
         <run_address>0x9298</run_address>
         <size>0x66</size>
         <input_file_ref idref="fl-3"/>
      </object_component>
      <object_component id="oc-71">
         <name>.bss</name>
         <uninitialized>true</uninitialized>
         <run_address>0x9508</run_address>
         <size>0x8</size>
         <input_file_ref idref="fl-5"/>
      </object_component>
      <object_component id="oc-7c">
         <name>.bss</name>
         <uninitialized>true</uninitialized>
         <run_address>0x9530</run_address>
         <size>0x4</size>
         <input_file_ref idref="fl-7"/>
      </object_component>
      <object_component id="oc-ae">
         <name>.bss</name>
         <uninitialized>true</uninitialized>
         <run_address>0x9510</run_address>
         <size>0x8</size>
         <input_file_ref idref="fl-c"/>
      </object_component>
      <object_component id="oc-da">
         <name>.bss</name>
         <uninitialized>true</uninitialized>
         <run_address>0x94e8</run_address>
         <size>0xc</size>
         <input_file_ref idref="fl-38"/>
      </object_component>
      <object_component id="oc-122">
         <name>.bss</name>
         <uninitialized>true</uninitialized>
         <run_address>0x9500</run_address>
         <size>0x8</size>
         <input_file_ref idref="fl-48"/>
      </object_component>
      <object_component id="oc-126">
         <name>.bss</name>
         <uninitialized>true</uninitialized>
         <run_address>0x9528</run_address>
         <size>0x4</size>
         <input_file_ref idref="fl-49"/>
      </object_component>
      <object_component id="oc-12e">
         <name>.bss</name>
         <uninitialized>true</uninitialized>
         <run_address>0x94c0</run_address>
         <size>0x18</size>
         <input_file_ref idref="fl-4b"/>
      </object_component>
      <object_component id="oc-144">
         <name>.bss</name>
         <uninitialized>true</uninitialized>
         <run_address>0x949c</run_address>
         <size>0x24</size>
         <input_file_ref idref="fl-50"/>
      </object_component>
      <object_component id="oc-14a">
         <name>.bss</name>
         <uninitialized>true</uninitialized>
         <run_address>0x9360</run_address>
         <size>0x54</size>
         <input_file_ref idref="fl-51"/>
      </object_component>
      <object_component id="oc-160">
         <name>.bss</name>
         <uninitialized>true</uninitialized>
         <run_address>0x9184</run_address>
         <size>0x114</size>
         <input_file_ref idref="fl-56"/>
      </object_component>
      <object_component id="oc-169">
         <name>.bss</name>
         <uninitialized>true</uninitialized>
         <run_address>0x94d8</run_address>
         <size>0x10</size>
         <input_file_ref idref="fl-58"/>
      </object_component>
      <object_component id="oc-17f">
         <name>.bss</name>
         <uninitialized>true</uninitialized>
         <run_address>0x952c</run_address>
         <size>0x4</size>
         <input_file_ref idref="fl-5d"/>
      </object_component>
      <object_component id="oc-187">
         <name>.bss</name>
         <uninitialized>true</uninitialized>
         <run_address>0x9404</run_address>
         <size>0x46</size>
         <input_file_ref idref="fl-5f"/>
      </object_component>
      <object_component id="oc-191">
         <name>.bss</name>
         <uninitialized>true</uninitialized>
         <run_address>0x94f4</run_address>
         <size>0xc</size>
         <input_file_ref idref="fl-62"/>
      </object_component>
      <object_component id="oc-1ad">
         <name>.bss</name>
         <uninitialized>true</uninitialized>
         <run_address>0x9300</run_address>
         <size>0x60</size>
         <input_file_ref idref="fl-6a"/>
      </object_component>
      <object_component id="oc-1bb">
         <name>.bss</name>
         <uninitialized>true</uninitialized>
         <run_address>0x944c</run_address>
         <size>0x28</size>
         <input_file_ref idref="fl-6d"/>
      </object_component>
      <object_component id="oc-1c9">
         <name>.bss</name>
         <uninitialized>true</uninitialized>
         <run_address>0x93b4</run_address>
         <size>0x50</size>
         <input_file_ref idref="fl-70"/>
      </object_component>
      <object_component id="oc-1e5">
         <name>.bss</name>
         <uninitialized>true</uninitialized>
         <run_address>0x9518</run_address>
         <size>0x8</size>
         <input_file_ref idref="fl-76"/>
      </object_component>
      <object_component id="oc-1ef">
         <name>.bss</name>
         <uninitialized>true</uninitialized>
         <run_address>0x9000</run_address>
         <size>0x184</size>
         <input_file_ref idref="fl-78"/>
      </object_component>
      <object_component id="oc-1f5">
         <name>.bss</name>
         <uninitialized>true</uninitialized>
         <run_address>0x9534</run_address>
         <size>0x4</size>
         <input_file_ref idref="fl-79"/>
      </object_component>
      <object_component id="oc-1fb">
         <name>.bss</name>
         <uninitialized>true</uninitialized>
         <run_address>0x9520</run_address>
         <size>0x8</size>
         <input_file_ref idref="fl-7a"/>
      </object_component>
      <object_component id="oc-ef">
         <name>.hwi_disp_sec</name>
         <uninitialized>true</uninitialized>
         <run_address>0xa87c</run_address>
         <size>0x180</size>
         <input_file_ref idref="fl-3d"/>
      </object_component>
      <object_component id="oc-b7">
         <name>.sysdata</name>
         <uninitialized>true</uninitialized>
         <run_address>0xa6e0</run_address>
         <size>0x160</size>
         <input_file_ref idref="fl-2e"/>
      </object_component>
      <object_component id="oc-f4">
         <name>.sysdata</name>
         <uninitialized>true</uninitialized>
         <run_address>0xa878</run_address>
         <size>0x4</size>
         <input_file_ref idref="fl-3e"/>
      </object_component>
      <object_component id="oc-fe">
         <name>.sysdata</name>
         <uninitialized>true</uninitialized>
         <run_address>0xa86c</run_address>
         <size>0xc</size>
         <input_file_ref idref="fl-40"/>
      </object_component>
      <object_component id="oc-110">
         <name>.sysdata</name>
         <uninitialized>true</uninitialized>
         <run_address>0xa840</run_address>
         <size>0x2c</size>
         <input_file_ref idref="fl-44"/>
      </object_component>
      <object_component id="oc-8c">
         <name>.mem</name>
         <uninitialized>true</uninitialized>
         <run_address>0x2a46</run_address>
         <size>0x2</size>
         <input_file_ref idref="fl-a"/>
      </object_component>
      <object_component id="oc-55">
         <name>.bios</name>
         <load_address>0x2a48</load_address>
         <run_address>0x2a48</run_address>
         <size>0x3d4</size>
         <input_file_ref idref="fl-30"/>
      </object_component>
      <object_component id="oc-100">
         <name>.bios</name>
         <load_address>0x2e1c</load_address>
         <run_address>0x2e1c</run_address>
         <size>0x3a3</size>
         <input_file_ref idref="fl-40"/>
      </object_component>
      <object_component id="oc-f0">
         <name>.bios</name>
         <load_address>0x31bf</load_address>
         <run_address>0x31bf</run_address>
         <size>0x35f</size>
         <input_file_ref idref="fl-3d"/>
      </object_component>
      <object_component id="oc-19d">
         <name>.bios</name>
         <load_address>0x3520</load_address>
         <run_address>0x3520</run_address>
         <size>0x18b</size>
         <input_file_ref idref="fl-66"/>
      </object_component>
      <object_component id="oc-10c">
         <name>.bios</name>
         <load_address>0x36ab</load_address>
         <run_address>0x36ab</run_address>
         <size>0x186</size>
         <input_file_ref idref="fl-43"/>
      </object_component>
      <object_component id="oc-165">
         <name>.bios</name>
         <load_address>0x3834</load_address>
         <run_address>0x3834</run_address>
         <size>0x185</size>
         <input_file_ref idref="fl-57"/>
      </object_component>
      <object_component id="oc-16b">
         <name>.bios</name>
         <load_address>0x39bc</load_address>
         <run_address>0x39bc</run_address>
         <size>0x144</size>
         <input_file_ref idref="fl-58"/>
      </object_component>
      <object_component id="oc-112">
         <name>.bios</name>
         <load_address>0x3b00</load_address>
         <run_address>0x3b00</run_address>
         <size>0x130</size>
         <input_file_ref idref="fl-44"/>
      </object_component>
      <object_component id="oc-108">
         <name>.bios</name>
         <load_address>0x3c30</load_address>
         <run_address>0x3c30</run_address>
         <size>0x119</size>
         <input_file_ref idref="fl-42"/>
      </object_component>
      <object_component id="oc-50">
         <name>.bios</name>
         <load_address>0x3d49</load_address>
         <run_address>0x3d49</run_address>
         <size>0x10e</size>
         <input_file_ref idref="fl-2f"/>
      </object_component>
      <object_component id="oc-17b">
         <name>.bios</name>
         <load_address>0x3e58</load_address>
         <run_address>0x3e58</run_address>
         <size>0x10d</size>
         <input_file_ref idref="fl-5c"/>
      </object_component>
      <object_component id="oc-1d8">
         <name>.bios</name>
         <load_address>0x3f68</load_address>
         <run_address>0x3f68</run_address>
         <size>0x104</size>
         <input_file_ref idref="fl-73"/>
      </object_component>
      <object_component id="oc-1b3">
         <name>.bios</name>
         <load_address>0x406c</load_address>
         <run_address>0x406c</run_address>
         <size>0xf8</size>
         <input_file_ref idref="fl-6b"/>
      </object_component>
      <object_component id="oc-1c4">
         <name>.bios</name>
         <load_address>0x4164</load_address>
         <run_address>0x4164</run_address>
         <size>0xf6</size>
         <input_file_ref idref="fl-6f"/>
      </object_component>
      <object_component id="oc-1cb">
         <name>.bios</name>
         <load_address>0x425c</load_address>
         <run_address>0x425c</run_address>
         <size>0xbf</size>
         <input_file_ref idref="fl-70"/>
      </object_component>
      <object_component id="oc-11e">
         <name>.bios</name>
         <load_address>0x431b</load_address>
         <run_address>0x431b</run_address>
         <size>0xa2</size>
         <input_file_ref idref="fl-47"/>
      </object_component>
      <object_component id="oc-12a">
         <name>.bios</name>
         <load_address>0x43c0</load_address>
         <run_address>0x43c0</run_address>
         <size>0x90</size>
         <input_file_ref idref="fl-4a"/>
      </object_component>
      <object_component id="oc-15c">
         <name>.bios</name>
         <load_address>0x4450</load_address>
         <run_address>0x4450</run_address>
         <size>0x8d</size>
         <input_file_ref idref="fl-55"/>
      </object_component>
      <object_component id="oc-56">
         <name>.bios</name>
         <load_address>0x44e0</load_address>
         <run_address>0x44e0</run_address>
         <size>0x8d</size>
         <input_file_ref idref="fl-33"/>
      </object_component>
      <object_component id="oc-58">
         <name>.bios</name>
         <load_address>0x4570</load_address>
         <run_address>0x4570</run_address>
         <size>0x87</size>
         <input_file_ref idref="fl-32"/>
      </object_component>
      <object_component id="oc-1a1">
         <name>.bios</name>
         <load_address>0x45f7</load_address>
         <run_address>0x45f7</run_address>
         <size>0x82</size>
         <input_file_ref idref="fl-67"/>
      </object_component>
      <object_component id="oc-154">
         <name>.bios</name>
         <load_address>0x467c</load_address>
         <run_address>0x467c</run_address>
         <size>0x68</size>
         <input_file_ref idref="fl-53"/>
      </object_component>
      <object_component id="oc-177">
         <name>.bios</name>
         <load_address>0x46e4</load_address>
         <run_address>0x46e4</run_address>
         <size>0x62</size>
         <input_file_ref idref="fl-5b"/>
      </object_component>
      <object_component id="oc-158">
         <name>.bios</name>
         <load_address>0x4748</load_address>
         <run_address>0x4748</run_address>
         <size>0x5f</size>
         <input_file_ref idref="fl-54"/>
      </object_component>
      <object_component id="oc-173">
         <name>.bios</name>
         <load_address>0x47a8</load_address>
         <run_address>0x47a8</run_address>
         <size>0x5b</size>
         <input_file_ref idref="fl-5a"/>
      </object_component>
      <object_component id="oc-1d0">
         <name>.bios</name>
         <load_address>0x4804</load_address>
         <run_address>0x4804</run_address>
         <size>0x58</size>
         <input_file_ref idref="fl-71"/>
      </object_component>
      <object_component id="oc-104">
         <name>.bios</name>
         <load_address>0x485c</load_address>
         <run_address>0x485c</run_address>
         <size>0x51</size>
         <input_file_ref idref="fl-41"/>
      </object_component>
      <object_component id="oc-199">
         <name>.bios</name>
         <load_address>0x48ad</load_address>
         <run_address>0x48ad</run_address>
         <size>0x4e</size>
         <input_file_ref idref="fl-65"/>
      </object_component>
      <object_component id="oc-1a5">
         <name>.bios</name>
         <load_address>0x48fc</load_address>
         <run_address>0x48fc</run_address>
         <size>0x48</size>
         <input_file_ref idref="fl-68"/>
      </object_component>
      <object_component id="oc-116">
         <name>.bios</name>
         <load_address>0x4944</load_address>
         <run_address>0x4944</run_address>
         <size>0x48</size>
         <input_file_ref idref="fl-45"/>
      </object_component>
      <object_component id="oc-1b7">
         <name>.bios</name>
         <load_address>0x498c</load_address>
         <run_address>0x498c</run_address>
         <size>0x48</size>
         <input_file_ref idref="fl-6c"/>
      </object_component>
      <object_component id="oc-f6">
         <name>.bios</name>
         <load_address>0x49d4</load_address>
         <run_address>0x49d4</run_address>
         <size>0x47</size>
         <input_file_ref idref="fl-3e"/>
      </object_component>
      <object_component id="oc-150">
         <name>.bios</name>
         <load_address>0x4a1b</load_address>
         <run_address>0x4a1b</run_address>
         <size>0x46</size>
         <input_file_ref idref="fl-52"/>
      </object_component>
      <object_component id="oc-209">
         <name>.bios</name>
         <load_address>0x4a61</load_address>
         <run_address>0x4a61</run_address>
         <size>0x43</size>
         <input_file_ref idref="fl-7d"/>
      </object_component>
      <object_component id="oc-59">
         <name>.bios</name>
         <load_address>0x4aa4</load_address>
         <run_address>0x4aa4</run_address>
         <size>0x36</size>
         <input_file_ref idref="fl-38"/>
      </object_component>
      <object_component id="oc-16f">
         <name>.bios</name>
         <load_address>0x4adc</load_address>
         <run_address>0x4adc</run_address>
         <size>0x34</size>
         <input_file_ref idref="fl-59"/>
      </object_component>
      <object_component id="oc-e2">
         <name>.bios</name>
         <load_address>0x4b10</load_address>
         <run_address>0x4b10</run_address>
         <size>0x34</size>
         <input_file_ref idref="fl-3a"/>
      </object_component>
      <object_component id="oc-52">
         <name>.bios</name>
         <load_address>0x4b44</load_address>
         <run_address>0x4b44</run_address>
         <size>0x25</size>
         <input_file_ref idref="fl-2d"/>
      </object_component>
      <object_component id="oc-5d">
         <name>.bios</name>
         <load_address>0x4b69</load_address>
         <run_address>0x4b69</run_address>
         <size>0x24</size>
         <input_file_ref idref="fl-35"/>
      </object_component>
      <object_component id="oc-51">
         <name>.bios</name>
         <load_address>0x4b90</load_address>
         <run_address>0x4b90</run_address>
         <size>0x23</size>
         <input_file_ref idref="fl-36"/>
      </object_component>
      <object_component id="oc-5b">
         <name>.bios</name>
         <load_address>0x4bb4</load_address>
         <run_address>0x4bb4</run_address>
         <size>0x20</size>
         <input_file_ref idref="fl-37"/>
      </object_component>
      <object_component id="oc-13f">
         <name>.bios</name>
         <load_address>0x4bd4</load_address>
         <run_address>0x4bd4</run_address>
         <size>0x1a</size>
         <input_file_ref idref="fl-4f"/>
      </object_component>
      <object_component id="oc-57">
         <name>.bios</name>
         <load_address>0x4bee</load_address>
         <run_address>0x4bee</run_address>
         <size>0x17</size>
         <input_file_ref idref="fl-31"/>
      </object_component>
      <object_component id="oc-1d4">
         <name>.bios</name>
         <load_address>0x4c08</load_address>
         <run_address>0x4c08</run_address>
         <size>0x17</size>
         <input_file_ref idref="fl-72"/>
      </object_component>
      <object_component id="oc-fa">
         <name>.bios</name>
         <load_address>0x4c1f</load_address>
         <run_address>0x4c1f</run_address>
         <size>0xc</size>
         <input_file_ref idref="fl-3f"/>
      </object_component>
      <object_component id="oc-5a">
         <name>.bios</name>
         <load_address>0x4c2c</load_address>
         <run_address>0x4c2c</run_address>
         <size>0x8</size>
         <input_file_ref idref="fl-39"/>
      </object_component>
      <object_component id="oc-1a9">
         <name>.bios</name>
         <load_address>0x4c34</load_address>
         <run_address>0x4c34</run_address>
         <size>0x7</size>
         <input_file_ref idref="fl-69"/>
      </object_component>
      <object_component id="oc-136">
         <name>.bios</name>
         <load_address>0x4c3b</load_address>
         <run_address>0x4c3b</run_address>
         <size>0x6</size>
         <input_file_ref idref="fl-4d"/>
      </object_component>
      <object_component id="oc-5c">
         <name>.bios</name>
         <load_address>0x4c44</load_address>
         <run_address>0x4c44</run_address>
         <size>0x2</size>
         <input_file_ref idref="fl-34"/>
      </object_component>
      <object_component id="oc-132">
         <name>.bios</name>
         <load_address>0x4c48</load_address>
         <run_address>0x4c48</run_address>
         <size>0x2</size>
         <input_file_ref idref="fl-4c"/>
      </object_component>
      <object_component id="oc-143">
         <name>.text</name>
         <load_address>0xc0</load_address>
         <run_address>0xc0</run_address>
         <size>0xc3c</size>
         <input_file_ref idref="fl-50"/>
      </object_component>
      <object_component id="oc-149">
         <name>.text</name>
         <load_address>0xcfc</load_address>
         <run_address>0xcfc</run_address>
         <size>0x9f3</size>
         <input_file_ref idref="fl-51"/>
      </object_component>
      <object_component id="oc-13a">
         <name>.text</name>
         <load_address>0x16ef</load_address>
         <run_address>0x16ef</run_address>
         <size>0x68d</size>
         <input_file_ref idref="fl-4e"/>
      </object_component>
      <object_component id="oc-5e">
         <name>.text</name>
         <load_address>0x1d7c</load_address>
         <run_address>0x1d7c</run_address>
         <size>0x22e</size>
         <input_file_ref idref="fl-2"/>
      </object_component>
      <object_component id="oc-86">
         <name>.text</name>
         <load_address>0x1faa</load_address>
         <run_address>0x1faa</run_address>
         <size>0x1e7</size>
         <input_file_ref idref="fl-9"/>
      </object_component>
      <object_component id="oc-81">
         <name>.text</name>
         <load_address>0x2191</load_address>
         <run_address>0x2191</run_address>
         <size>0x192</size>
         <input_file_ref idref="fl-8"/>
      </object_component>
      <object_component id="oc-7b">
         <name>.text</name>
         <load_address>0x2323</load_address>
         <run_address>0x2323</run_address>
         <size>0x107</size>
         <input_file_ref idref="fl-7"/>
      </object_component>
      <object_component id="oc-63">
         <name>.text</name>
         <load_address>0x242a</load_address>
         <run_address>0x242a</run_address>
         <size>0xf0</size>
         <input_file_ref idref="fl-3"/>
      </object_component>
      <object_component id="oc-1dc">
         <name>.text</name>
         <load_address>0x251a</load_address>
         <run_address>0x251a</run_address>
         <size>0xa1</size>
         <input_file_ref idref="fl-74"/>
      </object_component>
      <object_component id="oc-76">
         <name>.text</name>
         <load_address>0x25bb</load_address>
         <run_address>0x25bb</run_address>
         <size>0x8e</size>
         <input_file_ref idref="fl-6"/>
      </object_component>
      <object_component id="oc-70">
         <name>.text</name>
         <load_address>0x2649</load_address>
         <run_address>0x2649</run_address>
         <size>0x87</size>
         <input_file_ref idref="fl-5"/>
      </object_component>
      <object_component id="oc-1f4">
         <name>.text</name>
         <load_address>0x26d0</load_address>
         <run_address>0x26d0</run_address>
         <size>0x75</size>
         <input_file_ref idref="fl-79"/>
      </object_component>
      <object_component id="oc-1ea">
         <name>.text</name>
         <load_address>0x2745</load_address>
         <run_address>0x2745</run_address>
         <size>0x72</size>
         <input_file_ref idref="fl-77"/>
      </object_component>
      <object_component id="oc-1ee">
         <name>.text</name>
         <load_address>0x27b7</load_address>
         <run_address>0x27b7</run_address>
         <size>0x6f</size>
         <input_file_ref idref="fl-78"/>
      </object_component>
      <object_component id="oc-11a">
         <name>.text</name>
         <load_address>0x2828</load_address>
         <run_address>0x2828</run_address>
         <size>0x67</size>
         <input_file_ref idref="fl-46"/>
      </object_component>
      <object_component id="oc-1c8">
         <name>.text</name>
         <load_address>0x2890</load_address>
         <run_address>0x2890</run_address>
         <size>0x5c</size>
         <input_file_ref idref="fl-70"/>
      </object_component>
      <object_component id="oc-ad">
         <name>.text</name>
         <load_address>0x28ec</load_address>
         <run_address>0x28ec</run_address>
         <size>0x5b</size>
         <input_file_ref idref="fl-c"/>
      </object_component>
      <object_component id="oc-6b">
         <name>.text</name>
         <load_address>0x2947</load_address>
         <run_address>0x2947</run_address>
         <size>0x54</size>
         <input_file_ref idref="fl-4"/>
      </object_component>
      <object_component id="oc-205">
         <name>.text</name>
         <load_address>0x299b</load_address>
         <run_address>0x299b</run_address>
         <size>0x3f</size>
         <input_file_ref idref="fl-7c"/>
      </object_component>
      <object_component id="oc-1fa">
         <name>.text</name>
         <load_address>0x29da</load_address>
         <run_address>0x29da</run_address>
         <size>0x3e</size>
         <input_file_ref idref="fl-7a"/>
      </object_component>
      <object_component id="oc-1e0">
         <name>.text</name>
         <load_address>0x2a18</load_address>
         <run_address>0x2a18</run_address>
         <size>0x13</size>
         <input_file_ref idref="fl-75"/>
      </object_component>
      <object_component id="oc-1e4">
         <name>.text</name>
         <load_address>0x2a2b</load_address>
         <run_address>0x2a2b</run_address>
         <size>0x12</size>
         <input_file_ref idref="fl-76"/>
      </object_component>
      <object_component id="oc-1fe">
         <name>.text:CIO_breakpoint</name>
         <load_address>0x2a3d</load_address>
         <run_address>0x2a3d</run_address>
         <size>0x7</size>
         <input_file_ref idref="fl-7a"/>
      </object_component>
      <object_component id="oc-183">
         <name>.sysinit</name>
         <load_address>0xa390</load_address>
         <run_address>0xa390</run_address>
         <size>0x111</size>
         <input_file_ref idref="fl-5e"/>
      </object_component>
      <object_component id="oc-a6">
         <name>.sysinit</name>
         <load_address>0xa4a1</load_address>
         <run_address>0xa4a1</run_address>
         <size>0xd5</size>
         <input_file_ref idref="fl-a"/>
      </object_component>
      <object_component id="oc-1c0">
         <name>.sysinit</name>
         <load_address>0xa578</load_address>
         <run_address>0xa578</run_address>
         <size>0x84</size>
         <input_file_ref idref="fl-6e"/>
      </object_component>
      <object_component id="oc-201">
         <name>.sysinit</name>
         <load_address>0xa5fc</load_address>
         <run_address>0xa5fc</run_address>
         <size>0x71</size>
         <input_file_ref idref="fl-7b"/>
      </object_component>
      <object_component id="oc-54">
         <name>.sysinit</name>
         <load_address>0xa66d</load_address>
         <run_address>0xa66d</run_address>
         <size>0x6f</size>
         <input_file_ref idref="fl-3b"/>
      </object_component>
      <object_component id="oc-189">
         <name>.sysinit</name>
         <load_address>0xa6dc</load_address>
         <run_address>0xa6dc</run_address>
         <size>0x2</size>
         <input_file_ref idref="fl-5f"/>
      </object_component>
      <object_component id="oc-eb">
         <name>.trcdata</name>
         <load_address>0xaf40</load_address>
         <run_address>0xaf40</run_address>
         <size>0x6</size>
         <input_file_ref idref="fl-3c"/>
      </object_component>
      <object_component id="oc-21f">
         <name>.rtdx_text:_RTDX_write_next</name>
         <load_address>0x7e4c</load_address>
         <run_address>0x7e4c</run_address>
         <size>0x1db</size>
         <input_file_ref idref="fl-62"/>
      </object_component>
      <object_component id="oc-21a">
         <name>.rtdx_text:_RTDX_Buffer_WriteCB</name>
         <load_address>0x8027</load_address>
         <run_address>0x8027</run_address>
         <size>0x17c</size>
         <input_file_ref idref="fl-62"/>
      </object_component>
      <object_component id="oc-213">
         <name>.rtdx_text:_RTDX_Init_RT_Monitor</name>
         <load_address>0x81a3</load_address>
         <run_address>0x81a3</run_address>
         <size>0x10f</size>
         <input_file_ref idref="fl-63"/>
      </object_component>
      <object_component id="oc-20e">
         <name>.rtdx_text:_RTDX_Poll</name>
         <load_address>0x82b2</load_address>
         <run_address>0x82b2</run_address>
         <size>0xec</size>
         <input_file_ref idref="fl-63"/>
      </object_component>
      <object_component id="oc-21e">
         <name>.rtdx_text:_claim</name>
         <load_address>0x839e</load_address>
         <run_address>0x839e</run_address>
         <size>0xb5</size>
         <input_file_ref idref="fl-62"/>
      </object_component>
      <object_component id="oc-217">
         <name>.rtdx_text:_StartXFer</name>
         <load_address>0x8453</load_address>
         <run_address>0x8453</run_address>
         <size>0x93</size>
         <input_file_ref idref="fl-63"/>
      </object_component>
      <object_component id="oc-220">
         <name>.rtdx_text:_RTDX_Mon_Queue</name>
         <load_address>0x84e6</load_address>
         <run_address>0x84e6</run_address>
         <size>0x88</size>
         <input_file_ref idref="fl-63"/>
      </object_component>
      <object_component id="oc-20f">
         <name>.rtdx_text:_RTDX_H2TPoll</name>
         <load_address>0x856e</load_address>
         <run_address>0x856e</run_address>
         <size>0x65</size>
         <input_file_ref idref="fl-63"/>
      </object_component>
      <object_component id="oc-212">
         <name>.rtdx_text:_RTDX_Buffer_Initialize</name>
         <load_address>0x85d3</load_address>
         <run_address>0x85d3</run_address>
         <size>0x53</size>
         <input_file_ref idref="fl-62"/>
      </object_component>
      <object_component id="oc-219">
         <name>.rtdx_text:_RTDX_Buffer_ReadCB</name>
         <load_address>0x8626</load_address>
         <run_address>0x8626</run_address>
         <size>0x4b</size>
         <input_file_ref idref="fl-61"/>
      </object_component>
      <object_component id="oc-21c">
         <name>.rtdx_text:_RTDX_Final_RT_Monitor</name>
         <load_address>0x8671</load_address>
         <run_address>0x8671</run_address>
         <size>0x3c</size>
         <input_file_ref idref="fl-63"/>
      </object_component>
      <object_component id="oc-21d">
         <name>.rtdx_text:_RTDX_Buffer_Size</name>
         <load_address>0x86ad</load_address>
         <run_address>0x86ad</run_address>
         <size>0x3b</size>
         <input_file_ref idref="fl-62"/>
      </object_component>
      <object_component id="oc-214">
         <name>.rtdx_text:_RTDX_Mask_IER</name>
         <load_address>0x86e8</load_address>
         <run_address>0x86e8</run_address>
         <size>0x2a</size>
         <input_file_ref idref="fl-64"/>
      </object_component>
      <object_component id="oc-210">
         <name>.rtdx_text:_RTDX_Buffer_Read</name>
         <load_address>0x8712</load_address>
         <run_address>0x8712</run_address>
         <size>0x22</size>
         <input_file_ref idref="fl-61"/>
      </object_component>
      <object_component id="oc-218">
         <name>.rtdx_text:_RTDX_Set_IER</name>
         <load_address>0x8734</load_address>
         <run_address>0x8734</run_address>
         <size>0x1e</size>
         <input_file_ref idref="fl-64"/>
      </object_component>
      <object_component id="oc-211">
         <name>.rtdx_text:_RTDX_Buffer_Write</name>
         <load_address>0x8752</load_address>
         <run_address>0x8752</run_address>
         <size>0x1c</size>
         <input_file_ref idref="fl-62"/>
      </object_component>
      <object_component id="oc-215">
         <name>.rtdx_text:_Allow_EmuAccess</name>
         <load_address>0x876e</load_address>
         <run_address>0x876e</run_address>
         <size>0x17</size>
         <input_file_ref idref="fl-63"/>
      </object_component>
      <object_component id="oc-216">
         <name>.rtdx_text:_Disallow_EmuAccess</name>
         <load_address>0x8785</load_address>
         <run_address>0x8785</run_address>
         <size>0x4</size>
         <input_file_ref idref="fl-63"/>
      </object_component>
      <object_component id="oc-21b">
         <name>.rtdx_text:_Wait</name>
         <load_address>0x8789</load_address>
         <run_address>0x8789</run_address>
         <size>0x4</size>
         <input_file_ref idref="fl-63"/>
      </object_component>
      <object_component id="oc-a5">
         <name>.mbx</name>
         <uninitialized>true</uninitialized>
         <run_address>0xab5c</run_address>
         <size>0xd0</size>
         <input_file_ref idref="fl-a"/>
      </object_component>
      <object_component id="oc-a4">
         <name>.sem</name>
         <uninitialized>true</uninitialized>
         <run_address>0xae78</run_address>
         <size>0x2c</size>
         <input_file_ref idref="fl-a"/>
      </object_component>
      <object_component id="oc-90">
         <name>.sys</name>
         <uninitialized>true</uninitialized>
         <run_address>0xaf1c</run_address>
         <size>0x10</size>
         <input_file_ref idref="fl-a"/>
      </object_component>
      <object_component id="oc-8b">
         <name>.gblinit</name>
         <load_address>0x878e</load_address>
         <run_address>0x878e</run_address>
         <size>0x72</size>
         <input_file_ref idref="fl-a"/>
      </object_component>
      <object_component id="oc-8e">
         <name>.rtdx_data</name>
         <uninitialized>true</uninitialized>
         <run_address>0x9538</run_address>
         <size>0x204</size>
         <input_file_ref idref="fl-a"/>
      </object_component>
      <object_component id="oc-18d">
         <name>.rtdx_data</name>
         <uninitialized>true</uninitialized>
         <run_address>0x9780</run_address>
         <size>0x8</size>
         <input_file_ref idref="fl-60"/>
      </object_component>
      <object_component id="oc-193">
         <name>.rtdx_data</name>
         <uninitialized>true</uninitialized>
         <run_address>0x9760</run_address>
         <size>0x20</size>
         <input_file_ref idref="fl-62"/>
      </object_component>
      <object_component id="oc-196">
         <name>.rtdx_data</name>
         <uninitialized>true</uninitialized>
         <run_address>0x973c</run_address>
         <size>0x24</size>
         <input_file_ref idref="fl-63"/>
      </object_component>
      <object_component id="oc-9a">
         <name>.TSK_idle$stk</name>
         <uninitialized>true</uninitialized>
         <run_address>0x744c</run_address>
         <size>0xa00</size>
         <input_file_ref idref="fl-a"/>
      </object_component>
      <object_component id="oc-9c">
         <name>.TSKUI$stk</name>
         <uninitialized>true</uninitialized>
         <run_address>0xa000</run_address>
         <size>0x390</size>
         <input_file_ref idref="fl-a"/>
      </object_component>
      <object_component id="oc-9d">
         <name>.TSKAudio$stk</name>
         <uninitialized>true</uninitialized>
         <run_address>0x604c</run_address>
         <size>0xa00</size>
         <input_file_ref idref="fl-a"/>
      </object_component>
      <object_component id="oc-9e">
         <name>.TSKFFT$stk</name>
         <uninitialized>true</uninitialized>
         <run_address>0x6a4c</run_address>
         <size>0xa00</size>
         <input_file_ref idref="fl-a"/>
      </object_component>
      <object_component id="oc-a1">
         <name>.LOG_system$buf</name>
         <uninitialized>true</uninitialized>
         <run_address>0x9800</run_address>
         <size>0x400</size>
         <input_file_ref idref="fl-a"/>
      </object_component>
      <object_component id="oc-a3">
         <name>.trace$buf</name>
         <uninitialized>true</uninitialized>
         <run_address>0x8800</run_address>
         <size>0x800</size>
         <input_file_ref idref="fl-a"/>
      </object_component>
      <object_component id="oc-94">
         <name>.hst1</name>
         <uninitialized>true</uninitialized>
         <run_address>0xaf0c</run_address>
         <size>0x10</size>
         <input_file_ref idref="fl-a"/>
      </object_component>
      <object_component id="oc-97">
         <name>.hst0</name>
         <uninitialized>true</uninitialized>
         <run_address>0xacf4</run_address>
         <size>0x80</size>
         <input_file_ref idref="fl-a"/>
      </object_component>
      <object_component id="oc-e7">
         <name>.args</name>
         <load_address>0x97f0</load_address>
         <run_address>0x97f0</run_address>
         <size>0x0</size>
         <input_file_ref idref="fl-3b"/>
      </object_component>
      <object_component id="oc-33">
         <name>MBXAudio$queElems</name>
         <uninitialized>true</uninitialized>
         <run_address>0x9788</run_address>
         <size>0x0</size>
      </object_component>
      <object_component id="oc-36">
         <name>MBXFFT$queElems</name>
         <uninitialized>true</uninitialized>
         <run_address>0xaf2c</run_address>
         <size>0x0</size>
      </object_component>
      <object_component id="oc-39">
         <name>_SYS_PUTCBEG</name>
         <load_address>0x9c00</load_address>
         <run_address>0x9c00</run_address>
         <size>0x0</size>
      </object_component>
      <object_component id="oc-3b">
         <name>_SYS_PUTCEND</name>
         <load_address>0xa000</load_address>
         <run_address>0xa000</run_address>
         <size>0x0</size>
      </object_component>
      <object_component id="oc-95">
         <name>.hst</name>
         <uninitialized>true</uninitialized>
         <run_address>0xae44</run_address>
         <size>0x34</size>
         <input_file_ref idref="fl-a"/>
      </object_component>
      <object_component id="oc-a2">
         <name>.log</name>
         <uninitialized>true</uninitialized>
         <run_address>0xaea4</run_address>
         <size>0x28</size>
         <input_file_ref idref="fl-a"/>
      </object_component>
      <object_component id="oc-96">
         <name>.pip</name>
         <uninitialized>true</uninitialized>
         <run_address>0xac2c</run_address>
         <size>0xc8</size>
         <input_file_ref idref="fl-a"/>
      </object_component>
      <object_component id="oc-93">
         <name>.sts</name>
         <uninitialized>true</uninitialized>
         <run_address>0xad74</run_address>
         <size>0x80</size>
         <input_file_ref idref="fl-a"/>
      </object_component>
      <object_component id="oc-42">
         <name>GBL_sysstackbeg</name>
         <uninitialized>true</uninitialized>
         <run_address>0x4c4c</run_address>
         <size>0x0</size>
      </object_component>
      <object_component id="oc-20d">
         <name>.sysstack</name>
         <uninitialized>true</uninitialized>
         <run_address>0x4c4c</run_address>
         <size>0x0</size>
         <input_file_ref idref="fl-3b"/>
      </object_component>
      <object_component id="oc-263">
         <name>.sysstack</name>
         <uninitialized>true</uninitialized>
         <run_address>0x4c4c</run_address>
         <size>0x0</size>
      </object_component>
      <object_component id="oc-45">
         <name>GBL_stackbeg</name>
         <uninitialized>true</uninitialized>
         <run_address>0x4e4c</run_address>
         <size>0x0</size>
      </object_component>
      <object_component id="oc-e6">
         <name>.stack</name>
         <uninitialized>true</uninitialized>
         <run_address>0x4e4c</run_address>
         <size>0x0</size>
         <input_file_ref idref="fl-3b"/>
      </object_component>
      <object_component id="oc-262">
         <name>.stack</name>
         <uninitialized>true</uninitialized>
         <run_address>0x4e4c</run_address>
         <size>0x0</size>
      </object_component>
      <object_component id="oc-8d">
         <name>.cinit</name>
         <load_address>0x10000</load_address>
         <run_address>0x10000</run_address>
         <size>0x94a</size>
         <input_file_ref idref="fl-a"/>
      </object_component>
      <object_component id="oc-b8">
         <name>.cinit</name>
         <load_address>0x1094a</load_address>
         <run_address>0x1094a</run_address>
         <size>0x15e</size>
         <input_file_ref idref="fl-2e"/>
      </object_component>
      <object_component id="oc-161">
         <name>.cinit</name>
         <load_address>0x10aa8</load_address>
         <run_address>0x10aa8</run_address>
         <size>0x140</size>
         <input_file_ref idref="fl-56"/>
      </object_component>
      <object_component id="oc-1ae">
         <name>.cinit</name>
         <load_address>0x10be8</load_address>
         <run_address>0x10be8</run_address>
         <size>0x62</size>
         <input_file_ref idref="fl-6a"/>
      </object_component>
      <object_component id="oc-1ca">
         <name>.cinit</name>
         <load_address>0x10c4a</load_address>
         <run_address>0x10c4a</run_address>
         <size>0x5c</size>
         <input_file_ref idref="fl-70"/>
      </object_component>
      <object_component id="oc-111">
         <name>.cinit</name>
         <load_address>0x10ca6</load_address>
         <run_address>0x10ca6</run_address>
         <size>0x32</size>
         <input_file_ref idref="fl-44"/>
      </object_component>
      <object_component id="oc-192">
         <name>.cinit</name>
         <load_address>0x10cd8</load_address>
         <run_address>0x10cd8</run_address>
         <size>0x2e</size>
         <input_file_ref idref="fl-62"/>
      </object_component>
      <object_component id="oc-db">
         <name>.cinit</name>
         <load_address>0x10d06</load_address>
         <run_address>0x10d06</run_address>
         <size>0x1e</size>
         <input_file_ref idref="fl-38"/>
      </object_component>
      <object_component id="oc-16a">
         <name>.cinit</name>
         <load_address>0x10d24</load_address>
         <run_address>0x10d24</run_address>
         <size>0x16</size>
         <input_file_ref idref="fl-58"/>
      </object_component>
      <object_component id="oc-188">
         <name>.cinit</name>
         <load_address>0x10d3a</load_address>
         <run_address>0x10d3a</run_address>
         <size>0x14</size>
         <input_file_ref idref="fl-5f"/>
      </object_component>
      <object_component id="oc-1bc">
         <name>.cinit</name>
         <load_address>0x10d4e</load_address>
         <run_address>0x10d4e</run_address>
         <size>0x14</size>
         <input_file_ref idref="fl-6d"/>
      </object_component>
      <object_component id="oc-b0">
         <name>.cinit</name>
         <load_address>0x10d62</load_address>
         <run_address>0x10d62</run_address>
         <size>0x14</size>
         <input_file_ref idref="fl-c"/>
      </object_component>
      <object_component id="oc-1e7">
         <name>.cinit</name>
         <load_address>0x10d76</load_address>
         <run_address>0x10d76</run_address>
         <size>0x14</size>
         <input_file_ref idref="fl-76"/>
      </object_component>
      <object_component id="oc-1fd">
         <name>.cinit</name>
         <load_address>0x10d8a</load_address>
         <run_address>0x10d8a</run_address>
         <size>0x14</size>
         <input_file_ref idref="fl-7a"/>
      </object_component>
      <object_component id="oc-ff">
         <name>.cinit</name>
         <load_address>0x10d9e</load_address>
         <run_address>0x10d9e</run_address>
         <size>0x12</size>
         <input_file_ref idref="fl-40"/>
      </object_component>
      <object_component id="oc-14c">
         <name>.cinit</name>
         <load_address>0x10db0</load_address>
         <run_address>0x10db0</run_address>
         <size>0x10</size>
         <input_file_ref idref="fl-51"/>
      </object_component>
      <object_component id="oc-1f1">
         <name>.cinit</name>
         <load_address>0x10dc0</load_address>
         <run_address>0x10dc0</run_address>
         <size>0x10</size>
         <input_file_ref idref="fl-78"/>
      </object_component>
      <object_component id="oc-f5">
         <name>.cinit</name>
         <load_address>0x10dd0</load_address>
         <run_address>0x10dd0</run_address>
         <size>0xa</size>
         <input_file_ref idref="fl-3e"/>
      </object_component>
      <object_component id="oc-bc">
         <name>.cinit</name>
         <load_address>0x10dda</load_address>
         <run_address>0x10dda</run_address>
         <size>0xa</size>
         <input_file_ref idref="fl-2f"/>
      </object_component>
      <object_component id="oc-1f7">
         <name>.cinit</name>
         <load_address>0x10de4</load_address>
         <run_address>0x10de4</run_address>
         <size>0xa</size>
         <input_file_ref idref="fl-79"/>
      </object_component>
      <object_component id="oc-66">
         <name>.cinit</name>
         <load_address>0x10dee</load_address>
         <run_address>0x10dee</run_address>
         <size>0x8</size>
         <input_file_ref idref="fl-3"/>
      </object_component>
      <object_component id="oc-195">
         <name>.pinit</name>
         <load_address>0x10f50</load_address>
         <run_address>0x10f50</run_address>
         <size>0x4</size>
         <input_file_ref idref="fl-62"/>
      </object_component>
      <object_component id="oc-198">
         <name>.pinit</name>
         <load_address>0x10f54</load_address>
         <run_address>0x10f54</run_address>
         <size>0x4</size>
         <input_file_ref idref="fl-63"/>
      </object_component>
      <object_component id="oc-1cc">
         <name>.const</name>
         <load_address>0x10df8</load_address>
         <run_address>0x10df8</run_address>
         <size>0x9e</size>
         <input_file_ref idref="fl-70"/>
      </object_component>
      <object_component id="oc-d2">
         <name>.const</name>
         <load_address>0x10e98</load_address>
         <run_address>0x10e98</run_address>
         <size>0x46</size>
         <input_file_ref idref="fl-36"/>
      </object_component>
      <object_component id="oc-d6">
         <name>.const</name>
         <load_address>0x10ee0</load_address>
         <run_address>0x10ee0</run_address>
         <size>0x44</size>
         <input_file_ref idref="fl-37"/>
      </object_component>
      <object_component id="oc-67">
         <name>.const:.string</name>
         <load_address>0x10f24</load_address>
         <run_address>0x10f24</run_address>
         <size>0x14</size>
         <input_file_ref idref="fl-3"/>
      </object_component>
      <object_component id="oc-197">
         <name>.const</name>
         <load_address>0x10f38</load_address>
         <run_address>0x10f38</run_address>
         <size>0xc</size>
         <input_file_ref idref="fl-63"/>
      </object_component>
      <object_component id="oc-194">
         <name>.const</name>
         <load_address>0x10f44</load_address>
         <run_address>0x10f44</run_address>
         <size>0x8</size>
         <input_file_ref idref="fl-62"/>
      </object_component>
      <object_component id="oc-1af">
         <name>.const</name>
         <load_address>0x10f4c</load_address>
         <run_address>0x10f4c</run_address>
         <size>0x2</size>
         <input_file_ref idref="fl-6a"/>
      </object_component>
      <object_component id="oc-8f">
         <name>.printf</name>
         <load_address>0x10f4e</load_address>
         <run_address>0x10f4e</run_address>
         <size>0x198</size>
         <input_file_ref idref="fl-a"/>
      </object_component>
      <object_component id="oc-98">
         <name>.hwi_vec</name>
         <load_address>0xff00</load_address>
         <run_address>0xff00</run_address>
         <size>0x100</size>
         <input_file_ref idref="fl-a"/>
      </object_component>
      <object_component id="oc-5f">
         <name>.debug_info</name>
         <load_address>0x0</load_address>
         <run_address>0x0</run_address>
         <size>0xc8a</size>
         <input_file_ref idref="fl-2"/>
      </object_component>
      <object_component id="oc-65">
         <name>.debug_info</name>
         <load_address>0xc8a</load_address>
         <run_address>0xc8a</run_address>
         <size>0x140f</size>
         <input_file_ref idref="fl-3"/>
      </object_component>
      <object_component id="oc-6c">
         <name>.debug_info</name>
         <load_address>0x2099</load_address>
         <run_address>0x2099</run_address>
         <size>0xc91</size>
         <input_file_ref idref="fl-4"/>
      </object_component>
      <object_component id="oc-72">
         <name>.debug_info</name>
         <load_address>0x2d2a</load_address>
         <run_address>0x2d2a</run_address>
         <size>0x14b4</size>
         <input_file_ref idref="fl-5"/>
      </object_component>
      <object_component id="oc-77">
         <name>.debug_info</name>
         <load_address>0x41de</load_address>
         <run_address>0x41de</run_address>
         <size>0xa2e</size>
         <input_file_ref idref="fl-6"/>
      </object_component>
      <object_component id="oc-7d">
         <name>.debug_info</name>
         <load_address>0x4c0c</load_address>
         <run_address>0x4c0c</run_address>
         <size>0x1523</size>
         <input_file_ref idref="fl-7"/>
      </object_component>
      <object_component id="oc-82">
         <name>.debug_info</name>
         <load_address>0x612f</load_address>
         <run_address>0x612f</run_address>
         <size>0xd77</size>
         <input_file_ref idref="fl-8"/>
      </object_component>
      <object_component id="oc-87">
         <name>.debug_info</name>
         <load_address>0x6ea6</load_address>
         <run_address>0x6ea6</run_address>
         <size>0x103d</size>
         <input_file_ref idref="fl-9"/>
      </object_component>
      <object_component id="oc-a8">
         <name>.debug_info</name>
         <load_address>0x7ee3</load_address>
         <run_address>0x7ee3</run_address>
         <size>0x1dc</size>
         <input_file_ref idref="fl-a"/>
      </object_component>
      <object_component id="oc-ab">
         <name>.debug_info</name>
         <load_address>0x80bf</load_address>
         <run_address>0x80bf</run_address>
         <size>0x499</size>
         <input_file_ref idref="fl-b"/>
      </object_component>
      <object_component id="oc-af">
         <name>.debug_info</name>
         <load_address>0x8558</load_address>
         <run_address>0x8558</run_address>
         <size>0xa31</size>
         <input_file_ref idref="fl-c"/>
      </object_component>
      <object_component id="oc-b5">
         <name>.debug_info</name>
         <load_address>0x8f89</load_address>
         <run_address>0x8f89</run_address>
         <size>0x15e</size>
         <input_file_ref idref="fl-2d"/>
      </object_component>
      <object_component id="oc-ba">
         <name>.debug_info</name>
         <load_address>0x90e7</load_address>
         <run_address>0x90e7</run_address>
         <size>0x80</size>
         <input_file_ref idref="fl-2e"/>
      </object_component>
      <object_component id="oc-be">
         <name>.debug_info</name>
         <load_address>0x9167</load_address>
         <run_address>0x9167</run_address>
         <size>0x194</size>
         <input_file_ref idref="fl-2f"/>
      </object_component>
      <object_component id="oc-c1">
         <name>.debug_info</name>
         <load_address>0x92fb</load_address>
         <run_address>0x92fb</run_address>
         <size>0x34b</size>
         <input_file_ref idref="fl-30"/>
      </object_component>
      <object_component id="oc-c4">
         <name>.debug_info</name>
         <load_address>0x9646</load_address>
         <run_address>0x9646</run_address>
         <size>0xf8</size>
         <input_file_ref idref="fl-31"/>
      </object_component>
      <object_component id="oc-c7">
         <name>.debug_info</name>
         <load_address>0x973e</load_address>
         <run_address>0x973e</run_address>
         <size>0x6e4</size>
         <input_file_ref idref="fl-32"/>
      </object_component>
      <object_component id="oc-ca">
         <name>.debug_info</name>
         <load_address>0x9e22</load_address>
         <run_address>0x9e22</run_address>
         <size>0x7e8</size>
         <input_file_ref idref="fl-33"/>
      </object_component>
      <object_component id="oc-cd">
         <name>.debug_info</name>
         <load_address>0xa60a</load_address>
         <run_address>0xa60a</run_address>
         <size>0x3ec</size>
         <input_file_ref idref="fl-34"/>
      </object_component>
      <object_component id="oc-d0">
         <name>.debug_info</name>
         <load_address>0xa9f6</load_address>
         <run_address>0xa9f6</run_address>
         <size>0xd4</size>
         <input_file_ref idref="fl-35"/>
      </object_component>
      <object_component id="oc-d4">
         <name>.debug_info</name>
         <load_address>0xaaca</load_address>
         <run_address>0xaaca</run_address>
         <size>0x5ff</size>
         <input_file_ref idref="fl-36"/>
      </object_component>
      <object_component id="oc-d8">
         <name>.debug_info</name>
         <load_address>0xb0c9</load_address>
         <run_address>0xb0c9</run_address>
         <size>0x5f6</size>
         <input_file_ref idref="fl-37"/>
      </object_component>
      <object_component id="oc-dd">
         <name>.debug_info</name>
         <load_address>0xb6bf</load_address>
         <run_address>0xb6bf</run_address>
         <size>0x4c5</size>
         <input_file_ref idref="fl-38"/>
      </object_component>
      <object_component id="oc-e0">
         <name>.debug_info</name>
         <load_address>0xbb84</load_address>
         <run_address>0xbb84</run_address>
         <size>0x485</size>
         <input_file_ref idref="fl-39"/>
      </object_component>
      <object_component id="oc-e4">
         <name>.debug_info</name>
         <load_address>0xc009</load_address>
         <run_address>0xc009</run_address>
         <size>0xc3</size>
         <input_file_ref idref="fl-3a"/>
      </object_component>
      <object_component id="oc-e9">
         <name>.debug_info</name>
         <load_address>0xc0cc</load_address>
         <run_address>0xc0cc</run_address>
         <size>0x108</size>
         <input_file_ref idref="fl-3b"/>
      </object_component>
      <object_component id="oc-ed">
         <name>.debug_info</name>
         <load_address>0xc1d4</load_address>
         <run_address>0xc1d4</run_address>
         <size>0x7a</size>
         <input_file_ref idref="fl-3c"/>
      </object_component>
      <object_component id="oc-f2">
         <name>.debug_info</name>
         <load_address>0xc24e</load_address>
         <run_address>0xc24e</run_address>
         <size>0x83d</size>
         <input_file_ref idref="fl-3d"/>
      </object_component>
      <object_component id="oc-f8">
         <name>.debug_info</name>
         <load_address>0xca8b</load_address>
         <run_address>0xca8b</run_address>
         <size>0x12d</size>
         <input_file_ref idref="fl-3e"/>
      </object_component>
      <object_component id="oc-fc">
         <name>.debug_info</name>
         <load_address>0xcbb8</load_address>
         <run_address>0xcbb8</run_address>
         <size>0xbb</size>
         <input_file_ref idref="fl-3f"/>
      </object_component>
      <object_component id="oc-102">
         <name>.debug_info</name>
         <load_address>0xcc73</load_address>
         <run_address>0xcc73</run_address>
         <size>0x406</size>
         <input_file_ref idref="fl-40"/>
      </object_component>
      <object_component id="oc-106">
         <name>.debug_info</name>
         <load_address>0xd079</load_address>
         <run_address>0xd079</run_address>
         <size>0xb3</size>
         <input_file_ref idref="fl-41"/>
      </object_component>
      <object_component id="oc-10a">
         <name>.debug_info</name>
         <load_address>0xd12c</load_address>
         <run_address>0xd12c</run_address>
         <size>0x187</size>
         <input_file_ref idref="fl-42"/>
      </object_component>
      <object_component id="oc-10e">
         <name>.debug_info</name>
         <load_address>0xd2b3</load_address>
         <run_address>0xd2b3</run_address>
         <size>0x123</size>
         <input_file_ref idref="fl-43"/>
      </object_component>
      <object_component id="oc-114">
         <name>.debug_info</name>
         <load_address>0xd3d6</load_address>
         <run_address>0xd3d6</run_address>
         <size>0x23d</size>
         <input_file_ref idref="fl-44"/>
      </object_component>
      <object_component id="oc-118">
         <name>.debug_info</name>
         <load_address>0xd613</load_address>
         <run_address>0xd613</run_address>
         <size>0x11f</size>
         <input_file_ref idref="fl-45"/>
      </object_component>
      <object_component id="oc-11c">
         <name>.debug_info</name>
         <load_address>0xd732</load_address>
         <run_address>0xd732</run_address>
         <size>0x5d5</size>
         <input_file_ref idref="fl-46"/>
      </object_component>
      <object_component id="oc-120">
         <name>.debug_info</name>
         <load_address>0xdd07</load_address>
         <run_address>0xdd07</run_address>
         <size>0x20b</size>
         <input_file_ref idref="fl-47"/>
      </object_component>
      <object_component id="oc-124">
         <name>.debug_info</name>
         <load_address>0xdf12</load_address>
         <run_address>0xdf12</run_address>
         <size>0x3ff</size>
         <input_file_ref idref="fl-48"/>
      </object_component>
      <object_component id="oc-128">
         <name>.debug_info</name>
         <load_address>0xe311</load_address>
         <run_address>0xe311</run_address>
         <size>0x3e1</size>
         <input_file_ref idref="fl-49"/>
      </object_component>
      <object_component id="oc-12c">
         <name>.debug_info</name>
         <load_address>0xe6f2</load_address>
         <run_address>0xe6f2</run_address>
         <size>0x6c7</size>
         <input_file_ref idref="fl-4a"/>
      </object_component>
      <object_component id="oc-130">
         <name>.debug_info</name>
         <load_address>0xedb9</load_address>
         <run_address>0xedb9</run_address>
         <size>0x4b0</size>
         <input_file_ref idref="fl-4b"/>
      </object_component>
      <object_component id="oc-134">
         <name>.debug_info</name>
         <load_address>0xf269</load_address>
         <run_address>0xf269</run_address>
         <size>0x419</size>
         <input_file_ref idref="fl-4c"/>
      </object_component>
      <object_component id="oc-138">
         <name>.debug_info</name>
         <load_address>0xf682</load_address>
         <run_address>0xf682</run_address>
[...]
      </symbol>
      <symbol id="sm-6fb">
         <name>_gI2cObj</name>
         <value>0x949c</value>
         <object_component_ref idref="oc-144"/>
      </symbol>
      <symbol id="sm-6fc">
         <name>_I2C_getConfig</name>
         <value>0x2ce</value>
         <object_component_ref idref="oc-143"/>
      </symbol>
      <symbol id="sm-6fd">
         <name>_I2C_setup</name>
         <value>0x3a4</value>
         <object_component_ref idref="oc-143"/>
      </symbol>
      <symbol id="sm-6fe">
         <name>_I2C_write</name>
         <value>0x59e</value>
         <object_component_ref idref="oc-143"/>
      </symbol>
      <symbol id="sm-6ff">
         <name>_I2C_read</name>
         <value>0x7e2</value>
         <object_component_ref idref="oc-143"/>
      </symbol>
      <symbol id="sm-700">
         <name>_I2C_eventDisable</name>
         <value>0xb34</value>
         <object_component_ref idref="oc-143"/>
      </symbol>
      <symbol id="sm-701">
         <name>_I2C_getEventId</name>
         <value>0xce0</value>
         <object_component_ref idref="oc-143"/>
      </symbol>
      <symbol id="sm-702">
         <name>_i2cHandle</name>
         <value>0x94bc</value>
         <object_component_ref idref="oc-144"/>
      </symbol>
      <symbol id="sm-7a7">
         <name>_I2S_write</name>
         <value>0x149d</value>
         <object_component_ref idref="oc-149"/>
      </symbol>
      <symbol id="sm-7a8">
         <name>_I2S_read</name>
         <value>0x11e3</value>
         <object_component_ref idref="oc-149"/>
      </symbol>
      <symbol id="sm-7a9">
         <name>_I2S_close</name>
         <value>0x1131</value>
         <object_component_ref idref="oc-149"/>
      </symbol>
      <symbol id="sm-7aa">
         <name>_ouError</name>
         <value>0x93b2</value>
         <object_component_ref idref="oc-14a"/>
      </symbol>
      <symbol id="sm-7ab">
         <name>_I2S_reset</name>
         <value>0x15f3</value>
         <object_component_ref idref="oc-149"/>
      </symbol>
      <symbol id="sm-7ac">
         <name>_I2S_setup</name>
         <value>0xe43</value>
         <object_component_ref idref="oc-149"/>
      </symbol>
      <symbol id="sm-7ad">
         <name>_fsError</name>
         <value>0x93b0</value>
         <object_component_ref idref="oc-14a"/>
      </symbol>
      <symbol id="sm-7ae">
         <name>_I2S_open</name>
         <value>0xcfc</value>
         <object_component_ref idref="oc-149"/>
      </symbol>
      <symbol id="sm-7af">
         <name>_I2S_transEnable</name>
         <value>0x16a4</value>
         <object_component_ref idref="oc-149"/>
      </symbol>
      <symbol id="sm-7b9">
         <name>_IDL_calibrate</name>
         <value>0x4a1b</value>
         <object_component_ref idref="oc-150"/>
      </symbol>
      <symbol id="sm-7c3">
         <name>_CLK_measure</name>
         <value>0x467c</value>
         <object_component_ref idref="oc-154"/>
      </symbol>
      <symbol id="sm-7cd">
         <name>_KNL_exit</name>
         <value>0x4788</value>
         <object_component_ref idref="oc-158"/>
      </symbol>
      <symbol id="sm-7ce">
         <name>_KNL_enter</name>
         <value>0x4748</value>
         <object_component_ref idref="oc-158"/>
      </symbol>
      <symbol id="sm-7d8">
         <name>_KNL_max</name>
         <value>0x44c8</value>
         <object_component_ref idref="oc-15c"/>
      </symbol>
      <symbol id="sm-7d9">
         <name>_KNL_check</name>
         <value>0x4450</value>
         <object_component_ref idref="oc-15c"/>
      </symbol>
      <symbol id="sm-7da">
         <name>_KNL_idle</name>
         <value>0x44ab</value>
         <object_component_ref idref="oc-15c"/>
      </symbol>
      <symbol id="sm-7e6">
         <name>_KNL_maxqueue</name>
         <value>0x9280</value>
         <object_component_ref idref="oc-160"/>
      </symbol>
      <symbol id="sm-7e7">
         <name>_KNL_inactive</name>
         <value>0x9234</value>
         <object_component_ref idref="oc-160"/>
      </symbol>
      <symbol id="sm-7e8">
         <name>_KNL_tswitchfxn</name>
         <value>0x9284</value>
         <object_component_ref idref="oc-160"/>
      </symbol>
      <symbol id="sm-7e9">
         <name>_KNL_setpri</name>
         <value>0x9230</value>
         <object_component_ref idref="oc-160"/>
      </symbol>
      <symbol id="sm-7ea">
         <name>_KNL_swiptr</name>
         <value>0x9278</value>
         <object_component_ref idref="oc-160"/>
      </symbol>
      <symbol id="sm-7eb">
         <name>_KNL_dummy</name>
         <value>0x923c</value>
         <object_component_ref idref="oc-160"/>
      </symbol>
      <symbol id="sm-7ec">
         <name>_KNL_curtask</name>
         <value>0x926c</value>
         <object_component_ref idref="oc-160"/>
      </symbol>
      <symbol id="sm-7ed">
         <name>_KNL_curqueue</name>
         <value>0x927c</value>
         <object_component_ref idref="oc-160"/>
      </symbol>
      <symbol id="sm-7ee">
         <name>_KNL_wList</name>
         <value>0x9228</value>
         <object_component_ref idref="oc-160"/>
      </symbol>
      <symbol id="sm-7ef">
         <name>_KNL_curtime</name>
         <value>0x9274</value>
         <object_component_ref idref="oc-160"/>
      </symbol>
      <symbol id="sm-7f0">
         <name>_KNL_set</name>
         <value>0x9186</value>
         <object_component_ref idref="oc-160"/>
      </symbol>
      <symbol id="sm-7f1">
         <name>_KNL_alarm</name>
         <value>0x922c</value>
         <object_component_ref idref="oc-160"/>
      </symbol>
      <symbol id="sm-7f2">
         <name>_KNL_prevtask</name>
         <value>0x9270</value>
         <object_component_ref idref="oc-160"/>
      </symbol>
      <symbol id="sm-7f3">
         <name>_KNL_queues</name>
         <value>0x9188</value>
         <object_component_ref idref="oc-160"/>
      </symbol>
      <symbol id="sm-7f4">
         <name>_KNL_idlefxn</name>
         <value>0x9294</value>
         <object_component_ref idref="oc-160"/>
      </symbol>
      <symbol id="sm-7f5">
         <name>_KNL_priority</name>
         <value>0x9238</value>
         <object_component_ref idref="oc-160"/>
      </symbol>
      <symbol id="sm-7f6">
         <name>_KNL_treadyfxn</name>
         <value>0x9290</value>
         <object_component_ref idref="oc-160"/>
      </symbol>
      <symbol id="sm-7f7">
         <name>_KNL_tcreatefxn</name>
         <value>0x9288</value>
         <object_component_ref idref="oc-160"/>
      </symbol>
      <symbol id="sm-7f8">
         <name>_KNL_wFlag</name>
         <value>0x9184</value>
         <object_component_ref idref="oc-160"/>
      </symbol>
      <symbol id="sm-7f9">
         <name>_KNL_tdeletefxn</name>
         <value>0x928c</value>
         <object_component_ref idref="oc-160"/>
      </symbol>
      <symbol id="sm-803">
         <name>_KNL_run</name>
         <value>0x3834</value>
         <object_component_ref idref="oc-165"/>
      </symbol>
      <symbol id="sm-811">
         <name>_KNL_tick</name>
         <value>0x3af0</value>
         <object_component_ref idref="oc-16b"/>
      </symbol>
      <symbol id="sm-81b">
         <name>_KNL_post</name>
         <value>0x4adc</value>
         <object_component_ref idref="oc-16f"/>
      </symbol>
      <symbol id="sm-825">
         <name>_KNL_ipost</name>
         <value>0x47a8</value>
         <object_component_ref idref="oc-173"/>
      </symbol>
      <symbol id="sm-82f">
         <name>_LOG_printf</name>
         <value>0x46e4</value>
         <object_component_ref idref="oc-177"/>
      </symbol>
      <symbol id="sm-839">
         <name>_MBX_pend</name>
         <value>0x3e58</value>
         <object_component_ref idref="oc-17b"/>
      </symbol>
      <symbol id="sm-83a">
         <name>_MBX_post</name>
         <value>0x3ee0</value>
         <object_component_ref idref="oc-17b"/>
      </symbol>
      <symbol id="sm-844">
         <name>_MEM</name>
         <value>0x952c</value>
         <object_component_ref idref="oc-17f"/>
      </symbol>
      <symbol id="sm-84e">
         <name>_MEM_init</name>
         <value>0xa390</value>
         <object_component_ref idref="oc-183"/>
      </symbol>
      <symbol id="sm-85c">
         <name>_OBJ_table</name>
         <value>0x9404</value>
         <object_component_ref idref="oc-187"/>
      </symbol>
      <symbol id="sm-85d">
         <name>_OBJ_init</name>
         <value>0xa6dc</value>
         <object_component_ref idref="oc-189"/>
      </symbol>
      <symbol id="sm-85e">
         <name>_OBJ_segtab</name>
         <value>0x943c</value>
         <object_component_ref idref="oc-187"/>
      </symbol>
      <symbol id="sm-868">
         <name>_RTDX_Buffer_Start</name>
         <value>0x9780</value>
         <object_component_ref idref="oc-18d"/>
      </symbol>
      <symbol id="sm-869">
         <name>_RTDX_Buffer_End</name>
         <value>0x9784</value>
         <object_component_ref idref="oc-18d"/>
      </symbol>
      <symbol id="sm-86f">
         <name>_RTDX_Buffer_ReadCB</name>
         <value>0x8626</value>
         <object_component_ref idref="oc-219"/>
      </symbol>
      <symbol id="sm-870">
         <name>_RTDX_Buffer_Read</name>
         <value>0x8712</value>
         <object_component_ref idref="oc-210"/>
      </symbol>
      <symbol id="sm-888">
         <name>_rtdx_buffer_state</name>
         <value>0x9760</value>
         <object_component_ref idref="oc-193"/>
      </symbol>
      <symbol id="sm-889">
         <name>_RTDX_Buffer_WriteCB</name>
         <value>0x8027</value>
         <object_component_ref idref="oc-21a"/>
      </symbol>
      <symbol id="sm-88a">
         <name>_rtdxNullChanCnt</name>
         <value>0x94fc</value>
         <object_component_ref idref="oc-191"/>
      </symbol>
      <symbol id="sm-88b">
         <name>_RTDX_writing</name>
         <value>0x976c</value>
         <object_component_ref idref="oc-193"/>
      </symbol>
      <symbol id="sm-88c">
         <name>_RTDX_Buffer_Initialize</name>
         <value>0x85d3</value>
         <object_component_ref idref="oc-212"/>
      </symbol>
      <symbol id="sm-88d">
         <name>_RTDX_Buffer_Write</name>
         <value>0x8752</value>
         <object_component_ref idref="oc-211"/>
      </symbol>
      <symbol id="sm-88e">
         <name>_rtdxNullFuncCnt</name>
         <value>0x94fe</value>
         <object_component_ref idref="oc-191"/>
      </symbol>
      <symbol id="sm-88f">
         <name>_RTDX_Buffer_Size</name>
         <value>0x86ad</value>
         <object_component_ref idref="oc-21d"/>
      </symbol>
      <symbol id="sm-8a9">
         <name>_RTDX_LMM</name>
         <value>0x1</value>
      </symbol>
      <symbol id="sm-8aa">
         <name>_RTDX_Mon_Queue</name>
         <value>0x84e6</value>
         <object_component_ref idref="oc-220"/>
      </symbol>
      <symbol id="sm-8ab">
         <name>_rtdx_mon_state</name>
         <value>0x973c</value>
         <object_component_ref idref="oc-196"/>
      </symbol>
      <symbol id="sm-8ac">
         <name>_RTDX_JTAGONLY</name>
         <value>0x3</value>
      </symbol>
      <symbol id="sm-8ad">
         <name>_RTDX_Final_RT_Monitor</name>
         <value>0x8671</value>
         <object_component_ref idref="oc-21c"/>
      </symbol>
      <symbol id="sm-8ae">
         <name>_RTDX_Poll</name>
         <value>0x82b2</value>
         <object_component_ref idref="oc-20e"/>
      </symbol>
      <symbol id="sm-8af">
         <name>_RTDX_H2TPoll</name>
         <value>0x856e</value>
         <object_component_ref idref="oc-20f"/>
      </symbol>
      <symbol id="sm-8b0">
         <name>_RTDX_Init_RT_Monitor</name>
         <value>0x81a3</value>
         <object_component_ref idref="oc-213"/>
      </symbol>
      <symbol id="sm-8b6">
         <name>_RTDX_Set_IER</name>
         <value>0x8734</value>
         <object_component_ref idref="oc-218"/>
      </symbol>
      <symbol id="sm-8b7">
         <name>_RTDX_Mask_IER</name>
         <value>0x86e8</value>
         <object_component_ref idref="oc-214"/>
      </symbol>
      <symbol id="sm-8c1">
         <name>_SEM_pend</name>
         <value>0x48ad</value>
         <object_component_ref idref="oc-199"/>
      </symbol>
      <symbol id="sm-8cb">
         <name>_SEM_pendEnterKnl</name>
         <value>0x3520</value>
         <object_component_ref idref="oc-19d"/>
      </symbol>
      <symbol id="sm-8d5">
         <name>_SEM_postBinary</name>
         <value>0x45f7</value>
         <object_component_ref idref="oc-1a1"/>
      </symbol>
      <symbol id="sm-8d6">
         <name>_SEM_post</name>
         <value>0x45f7</value>
         <object_component_ref idref="oc-1a1"/>
      </symbol>
      <symbol id="sm-8e0">
         <name>_SEM_postEnterKnl</name>
         <value>0x48fc</value>
         <object_component_ref idref="oc-1a5"/>
      </symbol>
      <symbol id="sm-8ea">
         <name>_STS_set</name>
         <value>0x4c34</value>
         <object_component_ref idref="oc-1a9"/>
      </symbol>
      <symbol id="sm-8f8">
         <name>_TSK_nTasks</name>
         <value>0x9300</value>
         <object_component_ref idref="oc-1ad"/>
      </symbol>
      <symbol id="sm-8f9">
         <name>_TSK_config</name>
         <value>0x9320</value>
         <object_component_ref idref="oc-1ad"/>
      </symbol>
      <symbol id="sm-8fa">
         <name>_TSK</name>
         <value>0x933c</value>
         <object_component_ref idref="oc-1ad"/>
      </symbol>
      <symbol id="sm-8fb">
         <name>_TSK_timerSem</name>
         <value>0x9340</value>
         <object_component_ref idref="oc-1ad"/>
      </symbol>
      <symbol id="sm-8fc">
         <name>_TSK_pid</name>
         <value>0x9302</value>
         <object_component_ref idref="oc-1ad"/>
      </symbol>
      <symbol id="sm-8fd">
         <name>_TSK_ATTRS</name>
         <value>0x9304</value>
         <object_component_ref idref="oc-1ad"/>
      </symbol>
      <symbol id="sm-907">
         <name>_TSK_exit</name>
         <value>0x406c</value>
         <object_component_ref idref="oc-1b3"/>
      </symbol>
      <symbol id="sm-911">
         <name>_SYS_exit</name>
         <value>0x498c</value>
         <object_component_ref idref="oc-1b7"/>
      </symbol>
      <symbol id="sm-91d">
         <name>_SYS_exitStack</name>
         <value>0x944c</value>
         <object_component_ref idref="oc-1bb"/>
      </symbol>
      <symbol id="sm-91e">
         <name>_SYS_exitStackPtr</name>
         <value>0x946c</value>
         <object_component_ref idref="oc-1bb"/>
      </symbol>
      <symbol id="sm-91f">
         <name>_SYS_exitStackTop</name>
         <value>0x9470</value>
         <object_component_ref idref="oc-1bb"/>
      </symbol>
      <symbol id="sm-929">
         <name>_TSK_init</name>
         <value>0xa578</value>
         <object_component_ref idref="oc-1c0"/>
      </symbol>
      <symbol id="sm-933">
         <name>_TSK_setup</name>
         <value>0x4164</value>
         <object_component_ref idref="oc-1c4"/>
      </symbol>
      <symbol id="sm-945">
         <name>__MEM_mutex</name>
         <value>0x93dc</value>
         <object_component_ref idref="oc-1c9"/>
      </symbol>
      <symbol id="sm-946">
         <name>_TSK_startup</name>
         <value>0x42b8</value>
         <object_component_ref idref="oc-1cb"/>
      </symbol>
      <symbol id="sm-947">
         <name>__TSK_mutex</name>
         <value>0x93b4</value>
         <object_component_ref idref="oc-1c9"/>
      </symbol>
      <symbol id="sm-951">
         <name>_LCK_pend</name>
         <value>0x4824</value>
         <object_component_ref idref="oc-1d0"/>
      </symbol>
      <symbol id="sm-952">
         <name>_LCK_post</name>
         <value>0x4804</value>
         <object_component_ref idref="oc-1d0"/>
      </symbol>
      <symbol id="sm-95c">
         <name>_SYS_abort</name>
         <value>0x4c08</value>
         <object_component_ref idref="oc-1d4"/>
      </symbol>
      <symbol id="sm-966">
         <name>__SEM_dopost</name>
         <value>0x3f68</value>
         <object_component_ref idref="oc-1d8"/>
      </symbol>
      <symbol id="sm-971">
         <name>__divul</name>
         <value>0x251a</value>
         <object_component_ref idref="oc-1dc"/>
      </symbol>
      <symbol id="sm-979">
         <name>__mpyli</name>
         <value>0x2a18</value>
         <object_component_ref idref="oc-1e0"/>
      </symbol>
      <symbol id="sm-97a">
         <name>I$$LMPY</name>
         <value>0x2a18</value>
         <object_component_ref idref="oc-1e0"/>
      </symbol>
      <symbol id="sm-988">
         <name>__unlock</name>
         <value>0x951c</value>
         <object_component_ref idref="oc-1e5"/>
      </symbol>
      <symbol id="sm-989">
         <name>__lock</name>
         <value>0x9518</value>
         <object_component_ref idref="oc-1e5"/>
      </symbol>
      <symbol id="sm-98a">
         <name>__register_lock</name>
         <value>0x2a33</value>
         <object_component_ref idref="oc-1e4"/>
      </symbol>
      <symbol id="sm-98b">
         <name>__nop</name>
         <value>0x2a3b</value>
         <object_component_ref idref="oc-1e4"/>
      </symbol>
      <symbol id="sm-98c">
         <name>__register_unlock</name>
         <value>0x2a2b</value>
         <object_component_ref idref="oc-1e4"/>
      </symbol>
      <symbol id="sm-997">
         <name>__remul</name>
         <value>0x2745</value>
         <object_component_ref idref="oc-1ea"/>
      </symbol>
      <symbol id="sm-9a5">
         <name>_atexit</name>
         <value>0x27b7</value>
         <object_component_ref idref="oc-1ee"/>
      </symbol>
      <symbol id="sm-9a6">
         <name>___atexit_func_id__</name>
         <value>0x9000</value>
         <object_component_ref idref="oc-1ef"/>
      </symbol>
      <symbol id="sm-9b4">
         <name>_dtors</name>
         <value>0x9534</value>
         <object_component_ref idref="oc-1f5"/>
      </symbol>
      <symbol id="sm-9b5">
         <name>_call_dtors</name>
         <value>0x26d0</value>
         <object_component_ref idref="oc-1f4"/>
      </symbol>
      <symbol id="sm-9b6">
         <name>___add_dtor</name>
         <value>0x2726</value>
         <object_component_ref idref="oc-1f4"/>
      </symbol>
      <symbol id="sm-9c6">
         <name>C$$EXIT</name>
         <value>0x2a3e</value>
         <object_component_ref idref="oc-1fe"/>
      </symbol>
      <symbol id="sm-9c7">
         <name>_exit</name>
         <value>0x29da</value>
         <object_component_ref idref="oc-1fa"/>
      </symbol>
      <symbol id="sm-9c8">
         <name>_abort</name>
         <value>0x2a3d</value>
         <object_component_ref idref="oc-1fe"/>
      </symbol>
      <symbol id="sm-9c9">
         <name>__cleanup_ptr</name>
         <value>0x9520</value>
         <object_component_ref idref="oc-1fb"/>
      </symbol>
      <symbol id="sm-9ca">
         <name>__dtors_ptr</name>
         <value>0x9524</value>
         <object_component_ref idref="oc-1fb"/>
      </symbol>
      <symbol id="sm-9d4">
         <name>_auto_init</name>
         <value>0xa5fc</value>
         <object_component_ref idref="oc-201"/>
      </symbol>
      <symbol id="sm-9dc">
         <name>_memcpy</name>
         <value>0x299b</value>
         <object_component_ref idref="oc-205"/>
      </symbol>
      <symbol id="sm-9e6">
         <name>iRTA_F_or</name>
         <value>0x4a8e</value>
         <object_component_ref idref="oc-209"/>
      </symbol>
      <symbol id="sm-9e7">
         <name>RTA_F_or</name>
         <value>0x4a77</value>
         <object_component_ref idref="oc-209"/>
      </symbol>
      <symbol id="sm-9e8">
         <name>RTA_F_andn</name>
         <value>0x4a61</value>
         <object_component_ref idref="oc-209"/>
      </symbol>
   </symbol_table>
</link_info>
