<?xml version="1.0"?>
<link_info>
   <banner>TMS320C55x Linker PC v4.4.1</banner>
   <copyright>Copyright (c) 1996-2012 Texas Instruments Incorporated</copyright>
   <link_time>0x67a54271</link_time>
   <output_file>aic3204.out</output_file>
   <entry_point>
      <name>_c_int00</name>
      <address>0x2365c</address>
   </entry_point>
   <input_file_list>
      <input_file id="fl-2">
         <path>.\</path>
         <kind>object</kind>
         <file>aic3204.obj</file>
         <name>aic3204.obj</name>
      </input_file>
      <input_file id="fl-3">
         <path>.\</path>
         <kind>object</kind>
         <file>ezdsp5535.obj</file>
         <name>ezdsp5535.obj</name>
      </input_file>
      <input_file id="fl-4">
         <path>.\</path>
         <kind>object</kind>
         <file>ezdsp5535_gpio.obj</file>
         <name>ezdsp5535_gpio.obj</name>
      </input_file>
      <input_file id="fl-5">
         <path>.\</path>
         <kind>object</kind>
         <file>ezdsp5535_i2c.obj</file>
         <name>ezdsp5535_i2c.obj</name>
      </input_file>
      <input_file id="fl-6">
         <path>.\</path>
         <kind>object</kind>
         <file>ezdsp5535_i2s.obj</file>
         <name>ezdsp5535_i2s.obj</name>
      </input_file>
      <input_file id="fl-7">
         <path>.\</path>
         <kind>object</kind>
         <file>ezdsp5535_lcd.obj</file>
         <name>ezdsp5535_lcd.obj</name>
      </input_file>
      <input_file id="fl-8">
         <path>.\</path>
         <kind>object</kind>
         <file>ezdsp5535_led.obj</file>
         <name>ezdsp5535_led.obj</name>
      </input_file>
      <input_file id="fl-9">
         <path>.\</path>
         <kind>object</kind>
         <file>main.obj</file>
         <name>main.obj</name>
      </input_file>
      <input_file id="fl-a">
         <path>.\</path>
         <kind>object</kind>
         <file>nco.obj</file>
         <name>nco.obj</name>
      </input_file>
      <input_file id="fl-11">
         <path>C:\git\ECEN456\ezdsp5535_v1_spring2025\ezdsp5535_v1_spring2025\c55xx_csl\ccs_v4.0_examples\cslVC5505\Debug\</path>
         <kind>archive</kind>
         <file>cslVC5505.lib</file>
         <name>csl_i2s.obj</name>
      </input_file>
      <input_file id="fl-12">
         <path>C:\git\ECEN456\ezdsp5535_v1_spring2025\ezdsp5535_v1_spring2025\c55xx_csl\ccs_v4.0_examples\cslVC5505\Debug\</path>
         <kind>archive</kind>
         <file>cslVC5505.lib</file>
         <name>csl_i2c.obj</name>
      </input_file>
      <input_file id="fl-13">
         <path>C:\git\ECEN456\ezdsp5535_v1_spring2025\ezdsp5535_v1_spring2025\c55xx_csl\ccs_v4.0_examples\cslVC5505\Debug\</path>
         <kind>archive</kind>
         <file>cslVC5505.lib</file>
         <name>csl_gpio.obj</name>
      </input_file>
      <input_file id="fl-14">
         <path>C:\ti\ccsv6\tools\compiler\c5500_4.4.1\lib\</path>
         <kind>archive</kind>
         <file>rts55x_eh.lib</file>
         <name>boot.obj</name>
      </input_file>
      <input_file id="fl-15">
         <path>C:\ti\ccsv6\tools\compiler\c5500_4.4.1\lib\</path>
         <kind>archive</kind>
         <file>rts55x_eh.lib</file>
         <name>divd.obj</name>
      </input_file>
      <input_file id="fl-16">
         <path>C:\ti\ccsv6\tools\compiler\c5500_4.4.1\lib\</path>
         <kind>archive</kind>
         <file>rts55x_eh.lib</file>
         <name>divul.obj</name>
      </input_file>
      <input_file id="fl-17">
         <path>C:\ti\ccsv6\tools\compiler\c5500_4.4.1\lib\</path>
         <kind>archive</kind>
         <file>rts55x_eh.lib</file>
         <name>exit.obj</name>
      </input_file>
      <input_file id="fl-18">
         <path>C:\ti\ccsv6\tools\compiler\c5500_4.4.1\lib\</path>
         <kind>archive</kind>
         <file>rts55x_eh.lib</file>
         <name>fixdi.obj</name>
      </input_file>
      <input_file id="fl-19">
         <path>C:\ti\ccsv6\tools\compiler\c5500_4.4.1\lib\</path>
         <kind>archive</kind>
         <file>rts55x_eh.lib</file>
         <name>fixdli.obj</name>
      </input_file>
      <input_file id="fl-1a">
         <path>C:\ti\ccsv6\tools\compiler\c5500_4.4.1\lib\</path>
         <kind>archive</kind>
         <file>rts55x_eh.lib</file>
         <name>fixdul.obj</name>
      </input_file>
      <input_file id="fl-1b">
         <path>C:\ti\ccsv6\tools\compiler\c5500_4.4.1\lib\</path>
         <kind>archive</kind>
         <file>rts55x_eh.lib</file>
         <name>fltid.obj</name>
      </input_file>
      <input_file id="fl-1c">
         <path>C:\ti\ccsv6\tools\compiler\c5500_4.4.1\lib\</path>
         <kind>archive</kind>
         <file>rts55x_eh.lib</file>
         <name>fltlid.obj</name>
      </input_file>
      <input_file id="fl-1d">
         <path>C:\ti\ccsv6\tools\compiler\c5500_4.4.1\lib\</path>
         <kind>archive</kind>
         <file>rts55x_eh.lib</file>
         <name>frcmpyd_div.obj</name>
      </input_file>
      <input_file id="fl-1e">
         <path>C:\ti\ccsv6\tools\compiler\c5500_4.4.1\lib\</path>
         <kind>archive</kind>
         <file>rts55x_eh.lib</file>
         <name>lmpy.obj</name>
      </input_file>
      <input_file id="fl-1f">
         <path>C:\ti\ccsv6\tools\compiler\c5500_4.4.1\lib\</path>
         <kind>archive</kind>
         <file>rts55x_eh.lib</file>
         <name>mpyd.obj</name>
      </input_file>
      <input_file id="fl-20">
         <path>C:\ti\ccsv6\tools\compiler\c5500_4.4.1\lib\</path>
         <kind>archive</kind>
         <file>rts55x_eh.lib</file>
         <name>remul.obj</name>
      </input_file>
      <input_file id="fl-21">
         <path>C:\ti\ccsv6\tools\compiler\c5500_4.4.1\lib\</path>
         <kind>archive</kind>
         <file>rts55x_eh.lib</file>
         <name>sin.obj</name>
      </input_file>
      <input_file id="fl-22">
         <path>C:\ti\ccsv6\tools\compiler\c5500_4.4.1\lib\</path>
         <kind>archive</kind>
         <file>rts55x_eh.lib</file>
         <name>subd.obj</name>
      </input_file>
      <input_file id="fl-23">
         <path>C:\ti\ccsv6\tools\compiler\c5500_4.4.1\lib\</path>
         <kind>archive</kind>
         <file>rts55x_eh.lib</file>
         <name>trunc.obj</name>
      </input_file>
      <input_file id="fl-24">
         <path>C:\ti\ccsv6\tools\compiler\c5500_4.4.1\lib\</path>
         <kind>archive</kind>
         <file>rts55x_eh.lib</file>
         <name>vectors.obj</name>
      </input_file>
      <input_file id="fl-25">
         <path>C:\ti\ccsv6\tools\compiler\c5500_4.4.1\lib\</path>
         <kind>archive</kind>
         <file>rts55x_eh.lib</file>
         <name>_lock.obj</name>
      </input_file>
      <input_file id="fl-26">
         <path>C:\ti\ccsv6\tools\compiler\c5500_4.4.1\lib\</path>
         <kind>archive</kind>
         <file>rts55x_eh.lib</file>
         <name>addd.obj</name>
      </input_file>
      <input_file id="fl-27">
         <path>C:\ti\ccsv6\tools\compiler\c5500_4.4.1\lib\</path>
         <kind>archive</kind>
         <file>rts55x_eh.lib</file>
         <name>args_main.obj</name>
      </input_file>
      <input_file id="fl-28">
         <path>C:\ti\ccsv6\tools\compiler\c5500_4.4.1\lib\</path>
         <kind>archive</kind>
         <file>rts55x_eh.lib</file>
         <name>autoinit.obj</name>
      </input_file>
      <input_file id="fl-29">
         <path>C:\ti\ccsv6\tools\compiler\c5500_4.4.1\lib\</path>
         <kind>archive</kind>
         <file>rts55x_eh.lib</file>
         <name>cmpd.obj</name>
      </input_file>
      <input_file id="fl-2a">
         <path>C:\ti\ccsv6\tools\compiler\c5500_4.4.1\lib\</path>
         <kind>archive</kind>
         <file>rts55x_eh.lib</file>
         <name>frcmpyd.obj</name>
      </input_file>
      <input_file id="fl-2b">
         <path>C:\ti\ccsv6\tools\compiler\c5500_4.4.1\lib\</path>
         <kind>archive</kind>
         <file>rts55x_eh.lib</file>
         <name>modf.obj</name>
      </input_file>
      <input_file id="fl-2c">
         <path>C:\ti\ccsv6\tools\compiler\c5500_4.4.1\lib\</path>
         <kind>archive</kind>
         <file>rts55x_eh.lib</file>
         <name>negd.obj</name>
      </input_file>
      <input_file id="fl-2d">
         <path>C:\ti\ccsv6\tools\compiler\c5500_4.4.1\lib\</path>
         <kind>archive</kind>
         <file>rts55x_eh.lib</file>
         <name>round.obj</name>
      </input_file>
   </input_file_list>
   <object_component_list>
      <object_component id="oc-4a">
         <name>.text</name>
         <load_address>0x20000</load_address>
         <run_address>0x20000</run_address>
         <size>0xc3c</size>
         <input_file_ref idref="fl-12"/>
      </object_component>
      <object_component id="oc-43">
         <name>.text</name>
         <load_address>0x20c3c</load_address>
         <run_address>0x20c3c</run_address>
         <size>0x9f3</size>
         <input_file_ref idref="fl-11"/>
      </object_component>
      <object_component id="oc-50">
         <name>.text</name>
         <load_address>0x2162f</load_address>
         <run_address>0x2162f</run_address>
         <size>0x68d</size>
         <input_file_ref idref="fl-13"/>
      </object_component>
      <object_component id="oc-59">
         <name>.text</name>
         <load_address>0x21cbc</load_address>
         <run_address>0x21cbc</run_address>
         <size>0x3cc</size>
         <input_file_ref idref="fl-15"/>
      </object_component>
      <object_component id="oc-a7">
         <name>.text</name>
         <load_address>0x22088</load_address>
         <run_address>0x22088</run_address>
         <size>0x25a</size>
         <input_file_ref idref="fl-26"/>
      </object_component>
      <object_component id="oc-8d">
         <name>.text</name>
         <load_address>0x222e2</load_address>
         <run_address>0x222e2</run_address>
         <size>0x1f2</size>
         <input_file_ref idref="fl-21"/>
      </object_component>
      <object_component id="oc-12">
         <name>.text</name>
         <load_address>0x224d4</load_address>
         <run_address>0x224d4</run_address>
         <size>0x1ed</size>
         <input_file_ref idref="fl-2"/>
      </object_component>
      <object_component id="oc-b3">
         <name>.text</name>
         <load_address>0x226c1</load_address>
         <run_address>0x226c1</run_address>
         <size>0x1ea</size>
         <input_file_ref idref="fl-29"/>
      </object_component>
      <object_component id="oc-32">
         <name>.text</name>
         <load_address>0x228ab</load_address>
         <run_address>0x228ab</run_address>
         <size>0x1e7</size>
         <input_file_ref idref="fl-8"/>
      </object_component>
      <object_component id="oc-2d">
         <name>.text</name>
         <load_address>0x22a92</load_address>
         <run_address>0x22a92</run_address>
         <size>0x192</size>
         <input_file_ref idref="fl-7"/>
      </object_component>
      <object_component id="oc-85">
         <name>.text</name>
         <load_address>0x22c24</load_address>
         <run_address>0x22c24</run_address>
         <size>0x14c</size>
         <input_file_ref idref="fl-1f"/>
      </object_component>
      <object_component id="oc-27">
         <name>.text</name>
         <load_address>0x22d70</load_address>
         <run_address>0x22d70</run_address>
         <size>0x107</size>
         <input_file_ref idref="fl-6"/>
      </object_component>
      <object_component id="oc-3d">
         <name>.text</name>
         <load_address>0x22e77</load_address>
         <run_address>0x22e77</run_address>
         <size>0xc1</size>
         <input_file_ref idref="fl-a"/>
      </object_component>
      <object_component id="oc-bb">
         <name>.text</name>
         <load_address>0x22f38</load_address>
         <run_address>0x22f38</run_address>
         <size>0xbf</size>
         <input_file_ref idref="fl-2b"/>
      </object_component>
      <object_component id="oc-5d">
         <name>.text</name>
         <load_address>0x22ff7</load_address>
         <run_address>0x22ff7</run_address>
         <size>0xa1</size>
         <input_file_ref idref="fl-16"/>
      </object_component>
      <object_component id="oc-22">
         <name>.text</name>
         <load_address>0x23098</load_address>
         <run_address>0x23098</run_address>
         <size>0x8e</size>
         <input_file_ref idref="fl-5"/>
      </object_component>
      <object_component id="oc-1c">
         <name>.text</name>
         <load_address>0x23126</load_address>
         <run_address>0x23126</run_address>
         <size>0x87</size>
         <input_file_ref idref="fl-4"/>
      </object_component>
      <object_component id="oc-70">
         <name>.text</name>
         <load_address>0x231ad</load_address>
         <run_address>0x231ad</run_address>
         <size>0x77</size>
         <input_file_ref idref="fl-1a"/>
      </object_component>
      <object_component id="oc-b7">
         <name>.text</name>
         <load_address>0x23224</load_address>
         <run_address>0x23224</run_address>
         <size>0x76</size>
         <input_file_ref idref="fl-2a"/>
      </object_component>
      <object_component id="oc-7d">
         <name>.text</name>
         <load_address>0x2329a</load_address>
         <run_address>0x2329a</run_address>
         <size>0x73</size>
         <input_file_ref idref="fl-1d"/>
      </object_component>
      <object_component id="oc-89">
         <name>.text</name>
         <load_address>0x2330d</load_address>
         <run_address>0x2330d</run_address>
         <size>0x72</size>
         <input_file_ref idref="fl-20"/>
      </object_component>
      <object_component id="oc-6c">
         <name>.text</name>
         <load_address>0x2337f</load_address>
         <run_address>0x2337f</run_address>
         <size>0x6f</size>
         <input_file_ref idref="fl-19"/>
      </object_component>
      <object_component id="oc-78">
         <name>.text</name>
         <load_address>0x233ee</load_address>
         <run_address>0x233ee</run_address>
         <size>0x67</size>
         <input_file_ref idref="fl-1c"/>
      </object_component>
      <object_component id="oc-c4">
         <name>.text</name>
         <load_address>0x23455</load_address>
         <run_address>0x23455</run_address>
         <size>0x5f</size>
         <input_file_ref idref="fl-2d"/>
      </object_component>
      <object_component id="oc-17">
         <name>.text</name>
         <load_address>0x234b4</load_address>
         <run_address>0x234b4</run_address>
         <size>0x54</size>
         <input_file_ref idref="fl-3"/>
      </object_component>
      <object_component id="oc-af">
         <name>.text</name>
         <load_address>0x23508</load_address>
         <run_address>0x23508</run_address>
         <size>0x4d</size>
         <input_file_ref idref="fl-28"/>
      </object_component>
      <object_component id="oc-ab">
         <name>.text</name>
         <load_address>0x23555</load_address>
         <run_address>0x23555</run_address>
         <size>0x4b</size>
         <input_file_ref idref="fl-27"/>
      </object_component>
      <object_component id="oc-98">
         <name>.text</name>
         <load_address>0x235a0</load_address>
         <run_address>0x235a0</run_address>
         <size>0x41</size>
         <input_file_ref idref="fl-23"/>
      </object_component>
      <object_component id="oc-61">
         <name>.text</name>
         <load_address>0x235e1</load_address>
         <run_address>0x235e1</run_address>
         <size>0x3e</size>
         <input_file_ref idref="fl-17"/>
      </object_component>
      <object_component id="oc-37">
         <name>.text</name>
         <load_address>0x2361f</load_address>
         <run_address>0x2361f</run_address>
         <size>0x3d</size>
         <input_file_ref idref="fl-9"/>
      </object_component>
      <object_component id="oc-10">
         <name>.text</name>
         <load_address>0x2365c</load_address>
         <run_address>0x2365c</run_address>
         <size>0x34</size>
         <input_file_ref idref="fl-14"/>
      </object_component>
      <object_component id="oc-68">
         <name>.text</name>
         <load_address>0x23690</load_address>
         <run_address>0x23690</run_address>
         <size>0x2a</size>
         <input_file_ref idref="fl-18"/>
      </object_component>
      <object_component id="oc-94">
         <name>.text</name>
         <load_address>0x236ba</load_address>
         <run_address>0x236ba</run_address>
         <size>0x14</size>
         <input_file_ref idref="fl-22"/>
      </object_component>
      <object_component id="oc-81">
         <name>.text</name>
         <load_address>0x236ce</load_address>
         <run_address>0x236ce</run_address>
         <size>0x13</size>
         <input_file_ref idref="fl-1e"/>
      </object_component>
      <object_component id="oc-a1">
         <name>.text</name>
         <load_address>0x236e1</load_address>
         <run_address>0x236e1</run_address>
         <size>0x12</size>
         <input_file_ref idref="fl-25"/>
      </object_component>
      <object_component id="oc-c0">
         <name>.text</name>
         <load_address>0x236f3</load_address>
         <run_address>0x236f3</run_address>
         <size>0x10</size>
         <input_file_ref idref="fl-2c"/>
      </object_component>
      <object_component id="oc-74">
         <name>.text</name>
         <load_address>0x23703</load_address>
         <run_address>0x23703</run_address>
         <size>0xc</size>
         <input_file_ref idref="fl-1b"/>
      </object_component>
      <object_component id="oc-65">
         <name>.text:CIO_breakpoint</name>
         <load_address>0x2370f</load_address>
         <run_address>0x2370f</run_address>
         <size>0x7</size>
         <input_file_ref idref="fl-17"/>
      </object_component>
      <object_component id="oc-9d">
         <name>.text</name>
         <load_address>0x23716</load_address>
         <run_address>0x23716</run_address>
         <size>0x2</size>
         <input_file_ref idref="fl-24"/>
      </object_component>
      <object_component id="oc-55">
         <name>.stack</name>
         <uninitialized>true</uninitialized>
         <run_address>0xc0</run_address>
         <size>0x0</size>
         <input_file_ref idref="fl-14"/>
      </object_component>
      <object_component id="oc-e2">
         <name>.stack</name>
         <uninitialized>true</uninitialized>
         <run_address>0xc0</run_address>
         <size>0x0</size>
      </object_component>
      <object_component id="oc-c9">
         <name>.sysstack</name>
         <uninitialized>true</uninitialized>
         <run_address>0x20c0</run_address>
         <size>0x0</size>
         <input_file_ref idref="fl-14"/>
      </object_component>
      <object_component id="oc-e3">
         <name>.sysstack</name>
         <uninitialized>true</uninitialized>
         <run_address>0x20c0</run_address>
         <size>0x0</size>
      </object_component>
      <object_component id="oc-44">
         <name>.bss</name>
         <uninitialized>true</uninitialized>
         <run_address>0x30c0</run_address>
         <size>0x54</size>
         <input_file_ref idref="fl-11"/>
      </object_component>
      <object_component id="oc-4b">
         <name>.bss</name>
         <uninitialized>true</uninitialized>
         <run_address>0x3114</run_address>
         <size>0x24</size>
         <input_file_ref idref="fl-12"/>
      </object_component>
      <object_component id="oc-8e">
         <name>.bss</name>
         <uninitialized>true</uninitialized>
         <run_address>0x3138</run_address>
         <size>0x10</size>
         <input_file_ref idref="fl-21"/>
      </object_component>
      <object_component id="oc-1d">
         <name>.bss</name>
         <uninitialized>true</uninitialized>
         <run_address>0x3148</run_address>
         <size>0x8</size>
         <input_file_ref idref="fl-4"/>
      </object_component>
      <object_component id="oc-a2">
         <name>.bss</name>
         <uninitialized>true</uninitialized>
         <run_address>0x3150</run_address>
         <size>0x8</size>
         <input_file_ref idref="fl-25"/>
      </object_component>
      <object_component id="oc-62">
         <name>.bss</name>
         <uninitialized>true</uninitialized>
         <run_address>0x3158</run_address>
         <size>0x8</size>
         <input_file_ref idref="fl-17"/>
      </object_component>
      <object_component id="oc-28">
         <name>.bss</name>
         <uninitialized>true</uninitialized>
         <run_address>0x3160</run_address>
         <size>0x4</size>
         <input_file_ref idref="fl-6"/>
      </object_component>
      <object_component id="oc-91">
         <name>.const</name>
         <load_address>0x3164</load_address>
         <run_address>0x3164</run_address>
         <size>0x28</size>
         <input_file_ref idref="fl-21"/>
      </object_component>
      <object_component id="oc-3f">
         <name>.const</name>
         <load_address>0x318c</load_address>
         <run_address>0x318c</run_address>
         <size>0x14</size>
         <input_file_ref idref="fl-a"/>
      </object_component>
      <object_component id="oc-ca">
         <name>.const:_initial_approx$1</name>
         <load_address>0x31a0</load_address>
         <run_address>0x31a0</run_address>
         <size>0x10</size>
         <input_file_ref idref="fl-15"/>
      </object_component>
      <object_component id="oc-c6">
         <name>.const</name>
         <load_address>0x31b0</load_address>
         <run_address>0x31b0</run_address>
         <size>0x10</size>
         <input_file_ref idref="fl-2d"/>
      </object_component>
      <object_component id="oc-bd">
         <name>.const</name>
         <load_address>0x31c0</load_address>
         <run_address>0x31c0</run_address>
         <size>0xc</size>
         <input_file_ref idref="fl-2b"/>
      </object_component>
      <object_component id="oc-39">
         <name>.const</name>
         <load_address>0x31cc</load_address>
         <run_address>0x31cc</run_address>
         <size>0x8</size>
         <input_file_ref idref="fl-9"/>
      </object_component>
      <object_component id="oc-9a">
         <name>.const</name>
         <load_address>0x31d4</load_address>
         <run_address>0x31d4</run_address>
         <size>0x8</size>
         <input_file_ref idref="fl-23"/>
      </object_component>
      <object_component id="oc-7a">
         <name>.const</name>
         <load_address>0x31dc</load_address>
         <run_address>0x31dc</run_address>
         <size>0x4</size>
         <input_file_ref idref="fl-1c"/>
      </object_component>
      <object_component id="oc-90">
         <name>.cinit</name>
         <load_address>0x40000</load_address>
         <run_address>0x40000</run_address>
         <size>0x16</size>
         <input_file_ref idref="fl-21"/>
      </object_component>
      <object_component id="oc-a4">
         <name>.cinit</name>
         <load_address>0x40016</load_address>
         <run_address>0x40016</run_address>
         <size>0x14</size>
         <input_file_ref idref="fl-25"/>
      </object_component>
      <object_component id="oc-64">
         <name>.cinit</name>
         <load_address>0x4002a</load_address>
         <run_address>0x4002a</run_address>
         <size>0x14</size>
         <input_file_ref idref="fl-17"/>
      </object_component>
      <object_component id="oc-46">
         <name>.cinit</name>
         <load_address>0x4003e</load_address>
         <run_address>0x4003e</run_address>
         <size>0x10</size>
         <input_file_ref idref="fl-11"/>
      </object_component>
      <object_component id="oc-11">
         <name>vectors</name>
         <load_address>0x4fe00</load_address>
         <run_address>0x4fe00</run_address>
         <size>0x100</size>
         <input_file_ref idref="fl-24"/>
      </object_component>
      <object_component id="oc-13">
         <name>.debug_info</name>
         <load_address>0x0</load_address>
         <run_address>0x0</run_address>
         <size>0xc97</size>
         <input_file_ref idref="fl-2"/>
      </object_component>
      <object_component id="oc-18">
         <name>.debug_info</name>
         <load_address>0xc97</load_address>
         <run_address>0xc97</run_address>
         <size>0xcb8</size>
         <input_file_ref idref="fl-3"/>
      </object_component>
      <object_component id="oc-1e">
         <name>.debug_info</name>
         <load_address>0x194f</load_address>
         <run_address>0x194f</run_address>
         <size>0x14be</size>
         <input_file_ref idref="fl-4"/>
      </object_component>
      <object_component id="oc-23">
         <name>.debug_info</name>
         <load_address>0x2e0d</load_address>
         <run_address>0x2e0d</run_address>
         <size>0xa38</size>
         <input_file_ref idref="fl-5"/>
      </object_component>
      <object_component id="oc-29">
         <name>.debug_info</name>
         <load_address>0x3845</load_address>
         <run_address>0x3845</run_address>
         <size>0x156f</size>
         <input_file_ref idref="fl-6"/>
      </object_component>
      <object_component id="oc-2e">
         <name>.debug_info</name>
         <load_address>0x4db4</load_address>
         <run_address>0x4db4</run_address>
         <size>0xda2</size>
         <input_file_ref idref="fl-7"/>
      </object_component>
      <object_component id="oc-33">
         <name>.debug_info</name>
         <load_address>0x5b56</load_address>
         <run_address>0x5b56</run_address>
         <size>0x1047</size>
         <input_file_ref idref="fl-8"/>
      </object_component>
      <object_component id="oc-38">
         <name>.debug_info</name>
         <load_address>0x6b9d</load_address>
         <run_address>0x6b9d</run_address>
         <size>0x7c1</size>
         <input_file_ref idref="fl-9"/>
      </object_component>
      <object_component id="oc-3e">
         <name>.debug_info</name>
         <load_address>0x735e</load_address>
         <run_address>0x735e</run_address>
         <size>0x7b2</size>
         <input_file_ref idref="fl-a"/>
      </object_component>
      <object_component id="oc-45">
         <name>.debug_info</name>
         <load_address>0x7b10</load_address>
         <run_address>0x7b10</run_address>
         <size>0x710f</size>
         <input_file_ref idref="fl-11"/>
      </object_component>
      <object_component id="oc-4c">
         <name>.debug_info</name>
         <load_address>0xec1f</load_address>
         <run_address>0xec1f</run_address>
         <size>0x7424</size>
         <input_file_ref idref="fl-12"/>
      </object_component>
      <object_component id="oc-51">
         <name>.debug_info</name>
         <load_address>0x16043</load_address>
         <run_address>0x16043</run_address>
         <size>0x6ced</size>
         <input_file_ref idref="fl-13"/>
      </object_component>
      <object_component id="oc-56">
         <name>.debug_info</name>
         <load_address>0x1cd30</load_address>
         <run_address>0x1cd30</run_address>
         <size>0x100</size>
         <input_file_ref idref="fl-14"/>
      </object_component>
      <object_component id="oc-5a">
         <name>.debug_info</name>
         <load_address>0x1ce30</load_address>
         <run_address>0x1ce30</run_address>
         <size>0x81a</size>
         <input_file_ref idref="fl-15"/>
      </object_component>
      <object_component id="oc-5e">
         <name>.debug_info</name>
         <load_address>0x1d64a</load_address>
         <run_address>0x1d64a</run_address>
         <size>0x566</size>
         <input_file_ref idref="fl-16"/>
      </object_component>
      <object_component id="oc-63">
         <name>.debug_info</name>
         <load_address>0x1dbb0</load_address>
         <run_address>0x1dbb0</run_address>
         <size>0x62d</size>
         <input_file_ref idref="fl-17"/>
      </object_component>
      <object_component id="oc-69">
         <name>.debug_info</name>
         <load_address>0x1e1dd</load_address>
         <run_address>0x1e1dd</run_address>
         <size>0x4e7</size>
         <input_file_ref idref="fl-18"/>
      </object_component>
      <object_component id="oc-6d">
         <name>.debug_info</name>
         <load_address>0x1e6c4</load_address>
         <run_address>0x1e6c4</run_address>
         <size>0x54c</size>
         <input_file_ref idref="fl-19"/>
      </object_component>
      <object_component id="oc-71">
         <name>.debug_info</name>
         <load_address>0x1ec10</load_address>
         <run_address>0x1ec10</run_address>
         <size>0x54c</size>
         <input_file_ref idref="fl-1a"/>
      </object_component>
      <object_component id="oc-75">
         <name>.debug_info</name>
         <load_address>0x1f15c</load_address>
         <run_address>0x1f15c</run_address>
         <size>0x4e7</size>
         <input_file_ref idref="fl-1b"/>
      </object_component>
      <object_component id="oc-79">
         <name>.debug_info</name>
         <load_address>0x1f643</load_address>
         <run_address>0x1f643</run_address>
         <size>0x57b</size>
         <input_file_ref idref="fl-1c"/>
      </object_component>
      <object_component id="oc-7e">
         <name>.debug_info</name>
         <load_address>0x1fbbe</load_address>
         <run_address>0x1fbbe</run_address>
         <size>0x556</size>
         <input_file_ref idref="fl-1d"/>
      </object_component>
      <object_component id="oc-82">
         <name>.debug_info</name>
         <load_address>0x20114</load_address>
         <run_address>0x20114</run_address>
         <size>0xd5</size>
         <input_file_ref idref="fl-1e"/>
      </object_component>
      <object_component id="oc-86">
         <name>.debug_info</name>
         <load_address>0x201e9</load_address>
         <run_address>0x201e9</run_address>
         <size>0x573</size>
         <input_file_ref idref="fl-1f"/>
      </object_component>
      <object_component id="oc-8a">
         <name>.debug_info</name>
         <load_address>0x2075c</load_address>
         <run_address>0x2075c</run_address>
         <size>0x566</size>
         <input_file_ref idref="fl-20"/>
      </object_component>
      <object_component id="oc-8f">
         <name>.debug_info</name>
         <load_address>0x20cc2</load_address>
         <run_address>0x20cc2</run_address>
         <size>0x721</size>
         <input_file_ref idref="fl-21"/>
      </object_component>
      <object_component id="oc-95">
         <name>.debug_info</name>
         <load_address>0x213e3</load_address>
         <run_address>0x213e3</run_address>
         <size>0x4f6</size>
         <input_file_ref idref="fl-22"/>
      </object_component>
      <object_component id="oc-99">
         <name>.debug_info</name>
         <load_address>0x218d9</load_address>
         <run_address>0x218d9</run_address>
         <size>0x539</size>
         <input_file_ref idref="fl-23"/>
      </object_component>
      <object_component id="oc-9e">
         <name>.debug_info</name>
         <load_address>0x21e12</load_address>
         <run_address>0x21e12</run_address>
         <size>0xd4</size>
         <input_file_ref idref="fl-24"/>
      </object_component>
      <object_component id="oc-a3">
         <name>.debug_info</name>
         <load_address>0x21ee6</load_address>
         <run_address>0x21ee6</run_address>
         <size>0x5d4</size>
         <input_file_ref idref="fl-25"/>
      </object_component>
      <object_component id="oc-a8">
         <name>.debug_info</name>
         <load_address>0x224ba</load_address>
         <run_address>0x224ba</run_address>
         <size>0x5dd</size>
         <input_file_ref idref="fl-26"/>
      </object_component>
      <object_component id="oc-ac">
         <name>.debug_info</name>
         <load_address>0x22a97</load_address>
         <run_address>0x22a97</run_address>
         <size>0x59e</size>
         <input_file_ref idref="fl-27"/>
      </object_component>
      <object_component id="oc-b0">
         <name>.debug_info</name>
         <load_address>0x23035</load_address>
         <run_address>0x23035</run_address>
         <size>0xe5</size>
         <input_file_ref idref="fl-28"/>
      </object_component>
      <object_component id="oc-b4">
         <name>.debug_info</name>
         <load_address>0x2311a</load_address>
         <run_address>0x2311a</run_address>
         <size>0x837</size>
         <input_file_ref idref="fl-29"/>
      </object_component>
      <object_component id="oc-b8">
         <name>.debug_info</name>
         <load_address>0x23951</load_address>
         <run_address>0x23951</run_address>
         <size>0x4ea</size>
         <input_file_ref idref="fl-2a"/>
      </object_component>
      <object_component id="oc-bc">
         <name>.debug_info</name>
         <load_address>0x23e3b</load_address>
         <run_address>0x23e3b</run_address>
         <size>0x524</size>
         <input_file_ref idref="fl-2b"/>
      </object_component>
      <object_component id="oc-c1">
         <name>.debug_info</name>
         <load_address>0x2435f</load_address>
         <run_address>0x2435f</run_address>
         <size>0x4cf</size>
         <input_file_ref idref="fl-2c"/>
      </object_component>
      <object_component id="oc-c5">
         <name>.debug_info</name>
         <load_address>0x2482e</load_address>
         <run_address>0x2482e</run_address>
         <size>0x546</size>
         <input_file_ref idref="fl-2d"/>
      </object_component>
      <object_component id="oc-e8">
         <name>.debug_info</name>
         <load_address>0x24d74</load_address>
         <run_address>0x24d74</run_address>
         <size>0x6e</size>
      </object_component>
      <object_component id="oc-14">
         <name>.debug_frame</name>
         <load_address>0x0</load_address>
         <run_address>0x0</run_address>
         <size>0x11e</size>
         <input_file_ref idref="fl-2"/>
      </object_component>
      <object_component id="oc-19">
         <name>.debug_frame</name>
         <load_address>0x11e</load_address>
         <run_address>0x11e</run_address>
         <size>0x116</size>
         <input_file_ref idref="fl-3"/>
      </object_component>
      <object_component id="oc-1f">
         <name>.debug_frame</name>
         <load_address>0x234</load_address>
         <run_address>0x234</run_address>
         <size>0x138</size>
         <input_file_ref idref="fl-4"/>
      </object_component>
      <object_component id="oc-24">
         <name>.debug_frame</name>
         <load_address>0x36c</load_address>
         <run_address>0x36c</run_address>
         <size>0x138</size>
         <input_file_ref idref="fl-5"/>
      </object_component>
      <object_component id="oc-2a">
         <name>.debug_frame</name>
         <load_address>0x4a4</load_address>
         <run_address>0x4a4</run_address>
         <size>0x171</size>
         <input_file_ref idref="fl-6"/>
      </object_component>
      <object_component id="oc-2f">
         <name>.debug_frame</name>
         <load_address>0x615</load_address>
         <run_address>0x615</run_address>
         <size>0x13a</size>
         <input_file_ref idref="fl-7"/>
      </object_component>
      <object_component id="oc-34">
         <name>.debug_frame</name>
         <load_address>0x74f</load_address>
         <run_address>0x74f</run_address>
         <size>0x1e3</size>
         <input_file_ref idref="fl-8"/>
      </object_component>
      <object_component id="oc-3a">
         <name>.debug_frame</name>
         <load_address>0x932</load_address>
         <run_address>0x932</run_address>
         <size>0xfd</size>
         <input_file_ref idref="fl-9"/>
      </object_component>
      <object_component id="oc-40">
         <name>.debug_frame</name>
         <load_address>0xa2f</load_address>
         <run_address>0xa2f</run_address>
         <size>0x101</size>
         <input_file_ref idref="fl-a"/>
      </object_component>
      <object_component id="oc-47">
         <name>.debug_frame</name>
         <load_address>0xb30</load_address>
         <run_address>0xb30</run_address>
         <size>0x197</size>
         <input_file_ref idref="fl-11"/>
      </object_component>
      <object_component id="oc-4d">
         <name>.debug_frame</name>
         <load_address>0xcc7</load_address>
         <run_address>0xcc7</run_address>
         <size>0x1ef</size>
         <input_file_ref idref="fl-12"/>
      </object_component>
      <object_component id="oc-52">
         <name>.debug_frame</name>
         <load_address>0xeb6</load_address>
         <run_address>0xeb6</run_address>
         <size>0x224</size>
         <input_file_ref idref="fl-13"/>
      </object_component>
      <object_component id="oc-15">
         <name>.debug_line</name>
         <load_address>0x0</load_address>
         <run_address>0x0</run_address>
         <size>0xaa</size>
         <input_file_ref idref="fl-2"/>
      </object_component>
      <object_component id="oc-1a">
         <name>.debug_line</name>
         <load_address>0xaa</load_address>
         <run_address>0xaa</run_address>
         <size>0x81</size>
         <input_file_ref idref="fl-3"/>
      </object_component>
      <object_component id="oc-20">
         <name>.debug_line</name>
         <load_address>0x12b</load_address>
         <run_address>0x12b</run_address>
         <size>0x9f</size>
         <input_file_ref idref="fl-4"/>
      </object_component>
      <object_component id="oc-25">
         <name>.debug_line</name>
         <load_address>0x1ca</load_address>
         <run_address>0x1ca</run_address>
         <size>0xa6</size>
         <input_file_ref idref="fl-5"/>
      </object_component>
      <object_component id="oc-2b">
         <name>.debug_line</name>
         <load_address>0x270</load_address>
         <run_address>0x270</run_address>
         <size>0xe5</size>
         <input_file_ref idref="fl-6"/>
      </object_component>
      <object_component id="oc-30">
         <name>.debug_line</name>
         <load_address>0x355</load_address>
         <run_address>0x355</run_address>
         <size>0xd5</size>
         <input_file_ref idref="fl-7"/>
      </object_component>
      <object_component id="oc-35">
         <name>.debug_line</name>
         <load_address>0x42a</load_address>
         <run_address>0x42a</run_address>
         <size>0x18e</size>
         <input_file_ref idref="fl-8"/>
      </object_component>
      <object_component id="oc-3b">
         <name>.debug_line</name>
         <load_address>0x5b8</load_address>
         <run_address>0x5b8</run_address>
         <size>0x65</size>
         <input_file_ref idref="fl-9"/>
      </object_component>
      <object_component id="oc-41">
         <name>.debug_line</name>
         <load_address>0x61d</load_address>
         <run_address>0x61d</run_address>
         <size>0x71</size>
         <input_file_ref idref="fl-a"/>
      </object_component>
      <object_component id="oc-48">
         <name>.debug_line</name>
         <load_address>0x68e</load_address>
         <run_address>0x68e</run_address>
         <size>0x94c</size>
         <input_file_ref idref="fl-11"/>
      </object_component>
      <object_component id="oc-4e">
         <name>.debug_line</name>
         <load_address>0xfda</load_address>
         <run_address>0xfda</run_address>
         <size>0x96d</size>
         <input_file_ref idref="fl-12"/>
      </object_component>
      <object_component id="oc-53">
         <name>.debug_line</name>
         <load_address>0x1947</load_address>
         <run_address>0x1947</run_address>
         <size>0x7c8</size>
         <input_file_ref idref="fl-13"/>
      </object_component>
      <object_component id="oc-57">
         <name>.debug_line</name>
         <load_address>0x210f</load_address>
         <run_address>0x210f</run_address>
         <size>0x54</size>
         <input_file_ref idref="fl-14"/>
      </object_component>
      <object_component id="oc-5b">
         <name>.debug_line</name>
         <load_address>0x2163</load_address>
         <run_address>0x2163</run_address>
         <size>0x5b</size>
         <input_file_ref idref="fl-15"/>
      </object_component>
      <object_component id="oc-5f">
         <name>.debug_line</name>
         <load_address>0x21be</load_address>
         <run_address>0x21be</run_address>
         <size>0x44</size>
         <input_file_ref idref="fl-16"/>
      </object_component>
      <object_component id="oc-66">
         <name>.debug_line</name>
         <load_address>0x2202</load_address>
         <run_address>0x2202</run_address>
         <size>0x51</size>
         <input_file_ref idref="fl-17"/>
      </object_component>
      <object_component id="oc-6a">
         <name>.debug_line</name>
         <load_address>0x2253</load_address>
         <run_address>0x2253</run_address>
         <size>0x3d</size>
         <input_file_ref idref="fl-18"/>
      </object_component>
      <object_component id="oc-6e">
         <name>.debug_line</name>
         <load_address>0x2290</load_address>
         <run_address>0x2290</run_address>
         <size>0x3d</size>
         <input_file_ref idref="fl-19"/>
      </object_component>
      <object_component id="oc-72">
         <name>.debug_line</name>
         <load_address>0x22cd</load_address>
         <run_address>0x22cd</run_address>
         <size>0x3d</size>
         <input_file_ref idref="fl-1a"/>
      </object_component>
      <object_component id="oc-76">
         <name>.debug_line</name>
         <load_address>0x230a</load_address>
         <run_address>0x230a</run_address>
         <size>0x3d</size>
         <input_file_ref idref="fl-1b"/>
      </object_component>
      <object_component id="oc-7b">
         <name>.debug_line</name>
         <load_address>0x2347</load_address>
         <run_address>0x2347</run_address>
         <size>0x44</size>
         <input_file_ref idref="fl-1c"/>
      </object_component>
      <object_component id="oc-7f">
         <name>.debug_line</name>
         <load_address>0x238b</load_address>
         <run_address>0x238b</run_address>
         <size>0x40</size>
         <input_file_ref idref="fl-1d"/>
      </object_component>
      <object_component id="oc-83">
         <name>.debug_line</name>
         <load_address>0x23cb</load_address>
         <run_address>0x23cb</run_address>
         <size>0x3c</size>
         <input_file_ref idref="fl-1e"/>
      </object_component>
      <object_component id="oc-87">
         <name>.debug_line</name>
         <load_address>0x2407</load_address>
         <run_address>0x2407</run_address>
         <size>0x3c</size>
         <input_file_ref idref="fl-1f"/>
      </object_component>
      <object_component id="oc-8b">
         <name>.debug_line</name>
         <load_address>0x2443</load_address>
         <run_address>0x2443</run_address>
         <size>0x44</size>
         <input_file_ref idref="fl-20"/>
      </object_component>
      <object_component id="oc-92">
         <name>.debug_line</name>
         <load_address>0x2487</load_address>
         <run_address>0x2487</run_address>
         <size>0x54</size>
         <input_file_ref idref="fl-21"/>
      </object_component>
      <object_component id="oc-96">
         <name>.debug_line</name>
         <load_address>0x24db</load_address>
         <run_address>0x24db</run_address>
         <size>0x37</size>
         <input_file_ref idref="fl-22"/>
      </object_component>
      <object_component id="oc-9b">
         <name>.debug_line</name>
         <load_address>0x2512</load_address>
         <run_address>0x2512</run_address>
         <size>0x38</size>
         <input_file_ref idref="fl-23"/>
      </object_component>
      <object_component id="oc-9f">
         <name>.debug_line</name>
         <load_address>0x254a</load_address>
         <run_address>0x254a</run_address>
         <size>0x37</size>
         <input_file_ref idref="fl-24"/>
      </object_component>
      <object_component id="oc-a5">
         <name>.debug_line</name>
         <load_address>0x2581</load_address>
         <run_address>0x2581</run_address>
         <size>0x57</size>
         <input_file_ref idref="fl-25"/>
      </object_component>
      <object_component id="oc-a9">
         <name>.debug_line</name>
         <load_address>0x25d8</load_address>
         <run_address>0x25d8</run_address>
         <size>0x5c</size>
         <input_file_ref idref="fl-26"/>
      </object_component>
      <object_component id="oc-ad">
         <name>.debug_line</name>
         <load_address>0x2634</load_address>
         <run_address>0x2634</run_address>
         <size>0x41</size>
         <input_file_ref idref="fl-27"/>
      </object_component>
      <object_component id="oc-b1">
         <name>.debug_line</name>
         <load_address>0x2675</load_address>
         <run_address>0x2675</run_address>
         <size>0x55</size>
         <input_file_ref idref="fl-28"/>
      </object_component>
      <object_component id="oc-b5">
         <name>.debug_line</name>
         <load_address>0x26ca</load_address>
         <run_address>0x26ca</run_address>
         <size>0xad</size>
         <input_file_ref idref="fl-29"/>
      </object_component>
      <object_component id="oc-b9">
         <name>.debug_line</name>
         <load_address>0x2777</load_address>
         <run_address>0x2777</run_address>
         <size>0x3a</size>
         <input_file_ref idref="fl-2a"/>
      </object_component>
      <object_component id="oc-be">
         <name>.debug_line</name>
         <load_address>0x27b1</load_address>
         <run_address>0x27b1</run_address>
         <size>0x3c</size>
         <input_file_ref idref="fl-2b"/>
      </object_component>
      <object_component id="oc-c2">
         <name>.debug_line</name>
         <load_address>0x27ed</load_address>
         <run_address>0x27ed</run_address>
         <size>0x37</size>
         <input_file_ref idref="fl-2c"/>
      </object_component>
      <object_component id="oc-c7">
         <name>.debug_line</name>
         <load_address>0x2824</load_address>
         <run_address>0x2824</run_address>
         <size>0x3a</size>
         <input_file_ref idref="fl-2d"/>
      </object_component>
      <object_component id="oc-16">
         <name>.debug_abbrev</name>
         <load_address>0x0</load_address>
         <run_address>0x0</run_address>
         <size>0x135</size>
         <input_file_ref idref="fl-2"/>
      </object_component>
      <object_component id="oc-1b">
         <name>.debug_abbrev</name>
         <load_address>0x135</load_address>
         <run_address>0x135</run_address>
         <size>0x12d</size>
         <input_file_ref idref="fl-3"/>
      </object_component>
      <object_component id="oc-21">
         <name>.debug_abbrev</name>
         <load_address>0x262</load_address>
         <run_address>0x262</run_address>
         <size>0x122</size>
         <input_file_ref idref="fl-4"/>
      </object_component>
      <object_component id="oc-26">
         <name>.debug_abbrev</name>
         <load_address>0x384</load_address>
         <run_address>0x384</run_address>
         <size>0xd9</size>
         <input_file_ref idref="fl-5"/>
      </object_component>
      <object_component id="oc-2c">
         <name>.debug_abbrev</name>
         <load_address>0x45d</load_address>
         <run_address>0x45d</run_address>
         <size>0x164</size>
         <input_file_ref idref="fl-6"/>
      </object_component>
      <object_component id="oc-31">
         <name>.debug_abbrev</name>
         <load_address>0x5c1</load_address>
         <run_address>0x5c1</run_address>
         <size>0x10d</size>
         <input_file_ref idref="fl-7"/>
      </object_component>
      <object_component id="oc-36">
         <name>.debug_abbrev</name>
         <load_address>0x6ce</load_address>
         <run_address>0x6ce</run_address>
         <size>0x130</size>
         <input_file_ref idref="fl-8"/>
      </object_component>
      <object_component id="oc-3c">
         <name>.debug_abbrev</name>
         <load_address>0x7fe</load_address>
         <run_address>0x7fe</run_address>
         <size>0x137</size>
         <input_file_ref idref="fl-9"/>
      </object_component>
      <object_component id="oc-42">
         <name>.debug_abbrev</name>
         <load_address>0x935</load_address>
         <run_address>0x935</run_address>
         <size>0x12b</size>
         <input_file_ref idref="fl-a"/>
      </object_component>
      <object_component id="oc-49">
         <name>.debug_abbrev</name>
         <load_address>0xa60</load_address>
         <run_address>0xa60</run_address>
         <size>0x237</size>
         <input_file_ref idref="fl-11"/>
      </object_component>
      <object_component id="oc-4f">
         <name>.debug_abbrev</name>
         <load_address>0xc97</load_address>
         <run_address>0xc97</run_address>
         <size>0x25d</size>
         <input_file_ref idref="fl-12"/>
      </object_component>
      <object_component id="oc-54">
         <name>.debug_abbrev</name>
         <load_address>0xef4</load_address>
         <run_address>0xef4</run_address>
         <size>0x1a7</size>
         <input_file_ref idref="fl-13"/>
      </object_component>
      <object_component id="oc-58">
         <name>.debug_abbrev</name>
         <load_address>0x109b</load_address>
         <run_address>0x109b</run_address>
         <size>0x3a</size>
         <input_file_ref idref="fl-14"/>
      </object_component>
      <object_component id="oc-5c">
         <name>.debug_abbrev</name>
         <load_address>0x10d5</load_address>
         <run_address>0x10d5</run_address>
         <size>0x112</size>
         <input_file_ref idref="fl-15"/>
      </object_component>
      <object_component id="oc-60">
         <name>.debug_abbrev</name>
         <load_address>0x11e7</load_address>
         <run_address>0x11e7</run_address>
         <size>0xb5</size>
         <input_file_ref idref="fl-16"/>
      </object_component>
      <object_component id="oc-67">
         <name>.debug_abbrev</name>
         <load_address>0x129c</load_address>
         <run_address>0x129c</run_address>
         <size>0xf7</size>
         <input_file_ref idref="fl-17"/>
      </object_component>
      <object_component id="oc-6b">
         <name>.debug_abbrev</name>
         <load_address>0x1393</load_address>
         <run_address>0x1393</run_address>
         <size>0x8f</size>
         <input_file_ref idref="fl-18"/>
      </object_component>
      <object_component id="oc-6f">
         <name>.debug_abbrev</name>
         <load_address>0x1422</load_address>
         <run_address>0x1422</run_address>
         <size>0xb7</size>
         <input_file_ref idref="fl-19"/>
      </object_component>
      <object_component id="oc-73">
         <name>.debug_abbrev</name>
         <load_address>0x14d9</load_address>
         <run_address>0x14d9</run_address>
         <size>0xb7</size>
         <input_file_ref idref="fl-1a"/>
      </object_component>
      <object_component id="oc-77">
         <name>.debug_abbrev</name>
         <load_address>0x1590</load_address>
         <run_address>0x1590</run_address>
         <size>0x8f</size>
         <input_file_ref idref="fl-1b"/>
      </object_component>
      <object_component id="oc-7c">
         <name>.debug_abbrev</name>
         <load_address>0x161f</load_address>
         <run_address>0x161f</run_address>
         <size>0xc2</size>
         <input_file_ref idref="fl-1c"/>
      </object_component>
      <object_component id="oc-80">
         <name>.debug_abbrev</name>
         <load_address>0x16e1</load_address>
         <run_address>0x16e1</run_address>
         <size>0x9a</size>
         <input_file_ref idref="fl-1d"/>
      </object_component>
      <object_component id="oc-84">
         <name>.debug_abbrev</name>
         <load_address>0x177b</load_address>
         <run_address>0x177b</run_address>
         <size>0x38</size>
         <input_file_ref idref="fl-1e"/>
      </object_component>
      <object_component id="oc-88">
         <name>.debug_abbrev</name>
         <load_address>0x17b3</load_address>
         <run_address>0x17b3</run_address>
         <size>0xdc</size>
         <input_file_ref idref="fl-1f"/>
      </object_component>
      <object_component id="oc-8c">
         <name>.debug_abbrev</name>
         <load_address>0x188f</load_address>
         <run_address>0x188f</run_address>
         <size>0xb5</size>
         <input_file_ref idref="fl-20"/>
      </object_component>
      <object_component id="oc-93">
         <name>.debug_abbrev</name>
         <load_address>0x1944</load_address>
         <run_address>0x1944</run_address>
         <size>0xcc</size>
         <input_file_ref idref="fl-21"/>
      </object_component>
      <object_component id="oc-97">
         <name>.debug_abbrev</name>
         <load_address>0x1a10</load_address>
         <run_address>0x1a10</run_address>
         <size>0x8f</size>
         <input_file_ref idref="fl-22"/>
      </object_component>
      <object_component id="oc-9c">
         <name>.debug_abbrev</name>
         <load_address>0x1a9f</load_address>
         <run_address>0x1a9f</run_address>
         <size>0xaf</size>
         <input_file_ref idref="fl-23"/>
      </object_component>
      <object_component id="oc-a0">
         <name>.debug_abbrev</name>
         <load_address>0x1b4e</load_address>
         <run_address>0x1b4e</run_address>
         <size>0x26</size>
         <input_file_ref idref="fl-24"/>
      </object_component>
      <object_component id="oc-a6">
         <name>.debug_abbrev</name>
         <load_address>0x1b74</load_address>
         <run_address>0x1b74</run_address>
         <size>0x9f</size>
         <input_file_ref idref="fl-25"/>
      </object_component>
      <object_component id="oc-aa">
         <name>.debug_abbrev</name>
         <load_address>0x1c13</load_address>
         <run_address>0x1c13</run_address>
         <size>0xd4</size>
         <input_file_ref idref="fl-26"/>
      </object_component>
      <object_component id="oc-ae">
         <name>.debug_abbrev</name>
         <load_address>0x1ce7</load_address>
         <run_address>0x1ce7</run_address>
         <size>0xec</size>
         <input_file_ref idref="fl-27"/>
      </object_component>
      <object_component id="oc-b2">
         <name>.debug_abbrev</name>
         <load_address>0x1dd3</load_address>
         <run_address>0x1dd3</run_address>
         <size>0x44</size>
         <input_file_ref idref="fl-28"/>
      </object_component>
      <object_component id="oc-b6">
         <name>.debug_abbrev</name>
         <load_address>0x1e17</load_address>
         <run_address>0x1e17</run_address>
         <size>0xb7</size>
         <input_file_ref idref="fl-29"/>
      </object_component>
      <object_component id="oc-ba">
         <name>.debug_abbrev</name>
         <load_address>0x1ece</load_address>
         <run_address>0x1ece</run_address>
         <size>0x81</size>
         <input_file_ref idref="fl-2a"/>
      </object_component>
      <object_component id="oc-bf">
         <name>.debug_abbrev</name>
         <load_address>0x1f4f</load_address>
         <run_address>0x1f4f</run_address>
         <size>0x98</size>
         <input_file_ref idref="fl-2b"/>
      </object_component>
      <object_component id="oc-c3">
         <name>.debug_abbrev</name>
         <load_address>0x1fe7</load_address>
         <run_address>0x1fe7</run_address>
         <size>0x81</size>
         <input_file_ref idref="fl-2c"/>
      </object_component>
      <object_component id="oc-c8">
         <name>.debug_abbrev</name>
         <load_address>0x2068</load_address>
         <run_address>0x2068</run_address>
         <size>0xaf</size>
         <input_file_ref idref="fl-2d"/>
      </object_component>
      <object_component id="oc-e9">
         <name>.debug_abbrev</name>
         <load_address>0x2117</load_address>
         <run_address>0x2117</run_address>
         <size>0xd</size>
      </object_component>
   </object_component_list>
   <logical_group_list>
      <logical_group id="lg-e5">
         <name>.text</name>
         <load_address>0x20000</load_address>
         <run_address>0x20000</run_address>
         <size>0x3719</size>
         <contents>
            <object_component_ref idref="oc-4a"/>
            <object_component_ref idref="oc-43"/>
            <object_component_ref idref="oc-50"/>
            <object_component_ref idref="oc-59"/>
            <object_component_ref idref="oc-a7"/>
            <object_component_ref idref="oc-8d"/>
            <object_component_ref idref="oc-12"/>
            <object_component_ref idref="oc-b3"/>
            <object_component_ref idref="oc-32"/>
            <object_component_ref idref="oc-2d"/>
            <object_component_ref idref="oc-85"/>
            <object_component_ref idref="oc-27"/>
            <object_component_ref idref="oc-3d"/>
            <object_component_ref idref="oc-bb"/>
            <object_component_ref idref="oc-5d"/>
            <object_component_ref idref="oc-22"/>
            <object_component_ref idref="oc-1c"/>
            <object_component_ref idref="oc-70"/>
            <object_component_ref idref="oc-b7"/>
            <object_component_ref idref="oc-7d"/>
            <object_component_ref idref="oc-89"/>
            <object_component_ref idref="oc-6c"/>
            <object_component_ref idref="oc-78"/>
            <object_component_ref idref="oc-c4"/>
            <object_component_ref idref="oc-17"/>
            <object_component_ref idref="oc-af"/>
            <object_component_ref idref="oc-ab"/>
            <object_component_ref idref="oc-98"/>
            <object_component_ref idref="oc-61"/>
            <object_component_ref idref="oc-37"/>
            <object_component_ref idref="oc-10"/>
            <object_component_ref idref="oc-68"/>
            <object_component_ref idref="oc-94"/>
            <object_component_ref idref="oc-81"/>
            <object_component_ref idref="oc-a1"/>
            <object_component_ref idref="oc-c0"/>
            <object_component_ref idref="oc-74"/>
            <object_component_ref idref="oc-65"/>
            <object_component_ref idref="oc-9d"/>
         </contents>
      </logical_group>
      <split_section id="lg-2">
         <name>.text</name>
         <contents>
            <logical_group_ref idref="lg-e5"/>
         </contents>
      </split_section>
      <logical_group id="lg-3">
         <name>.stack</name>
         <run_address>0xc0</run_address>
         <size>0x2000</size>
         <contents>
            <object_component_ref idref="oc-55"/>
            <object_component_ref idref="oc-e2"/>
         </contents>
      </logical_group>
      <logical_group id="lg-4">
         <name>.sysstack</name>
         <run_address>0x20c0</run_address>
         <size>0x1000</size>
         <contents>
            <object_component_ref idref="oc-c9"/>
            <object_component_ref idref="oc-e3"/>
         </contents>
      </logical_group>
      <logical_group id="lg-5">
         <name>.data</name>
         <run_address>0xc0</run_address>
         <size>0x0</size>
         <contents>
         </contents>
      </logical_group>
      <logical_group id="lg-e6">
         <name>.bss</name>
         <run_address>0x30c0</run_address>
         <size>0xa4</size>
         <contents>
            <object_component_ref idref="oc-44"/>
            <object_component_ref idref="oc-4b"/>
            <object_component_ref idref="oc-8e"/>
            <object_component_ref idref="oc-1d"/>
            <object_component_ref idref="oc-a2"/>
            <object_component_ref idref="oc-62"/>
            <object_component_ref idref="oc-28"/>
         </contents>
      </logical_group>
      <split_section id="lg-6">
         <name>.bss</name>
         <contents>
            <logical_group_ref idref="lg-e6"/>
         </contents>
      </split_section>
      <logical_group id="lg-e7">
         <name>.const</name>
         <load_address>0x3164</load_address>
         <run_address>0x3164</run_address>
         <size>0x7c</size>
         <contents>
            <object_component_ref idref="oc-91"/>
            <object_component_ref idref="oc-3f"/>
            <object_component_ref idref="oc-ca"/>
            <object_component_ref idref="oc-c6"/>
            <object_component_ref idref="oc-bd"/>
            <object_component_ref idref="oc-39"/>
            <object_component_ref idref="oc-9a"/>
            <object_component_ref idref="oc-7a"/>
         </contents>
      </logical_group>
      <split_section id="lg-7">
         <name>.const</name>
         <contents>
            <logical_group_ref idref="lg-e7"/>
         </contents>
      </split_section>
      <logical_group id="lg-8">
         <name>.sysmem</name>
         <run_address>0x0</run_address>
         <size>0x0</size>
         <contents>
         </contents>
      </logical_group>
      <logical_group id="lg-9">
         <name>.switch</name>
         <run_address>0x0</run_address>
         <size>0x0</size>
         <contents>
         </contents>
      </logical_group>
      <logical_group id="lg-a">
         <name>.cinit</name>
         <load_address>0x40000</load_address>
         <run_address>0x40000</run_address>
         <size>0x50</size>
         <contents>
            <object_component_ref idref="oc-90"/>
            <object_component_ref idref="oc-a4"/>
            <object_component_ref idref="oc-64"/>
            <object_component_ref idref="oc-46"/>
         </contents>
      </logical_group>
      <logical_group id="lg-b">
         <name>.pinit</name>
         <run_address>0x0</run_address>
         <size>0x0</size>
         <contents>
         </contents>
      </logical_group>
      <logical_group id="lg-c">
         <name>.cio</name>
         <run_address>0x0</run_address>
         <size>0x0</size>
         <contents>
         </contents>
      </logical_group>
      <logical_group id="lg-d">
         <name>.args</name>
         <run_address>0x0</run_address>
         <size>0x0</size>
         <contents>
         </contents>
      </logical_group>
      <logical_group id="lg-e">
         <name>vectors</name>
         <load_address>0x4fe00</load_address>
         <run_address>0x4fe00</run_address>
         <size>0x100</size>
         <contents>
            <object_component_ref idref="oc-11"/>
         </contents>
      </logical_group>
      <logical_group id="lg-f">
         <name>.ioport</name>
         <run_address>0x0</run_address>
         <size>0x0</size>
         <contents>
         </contents>
      </logical_group>
      <logical_group id="lg-d9">
         <name>.debug_info</name>
         <load_address>0x0</load_address>
         <run_address>0x0</run_address>
         <size>0x24de2</size>
         <contents>
            <object_component_ref idref="oc-13"/>
            <object_component_ref idref="oc-18"/>
            <object_component_ref idref="oc-1e"/>
            <object_component_ref idref="oc-23"/>
            <object_component_ref idref="oc-29"/>
            <object_component_ref idref="oc-2e"/>
            <object_component_ref idref="oc-33"/>
            <object_component_ref idref="oc-38"/>
            <object_component_ref idref="oc-3e"/>
            <object_component_ref idref="oc-45"/>
            <object_component_ref idref="oc-4c"/>
            <object_component_ref idref="oc-51"/>
            <object_component_ref idref="oc-56"/>
            <object_component_ref idref="oc-5a"/>
            <object_component_ref idref="oc-5e"/>
            <object_component_ref idref="oc-63"/>
            <object_component_ref idref="oc-69"/>
            <object_component_ref idref="oc-6d"/>
            <object_component_ref idref="oc-71"/>
            <object_component_ref idref="oc-75"/>
            <object_component_ref idref="oc-79"/>
            <object_component_ref idref="oc-7e"/>
            <object_component_ref idref="oc-82"/>
            <object_component_ref idref="oc-86"/>
            <object_component_ref idref="oc-8a"/>
            <object_component_ref idref="oc-8f"/>
            <object_component_ref idref="oc-95"/>
            <object_component_ref idref="oc-99"/>
            <object_component_ref idref="oc-9e"/>
            <object_component_ref idref="oc-a3"/>
            <object_component_ref idref="oc-a8"/>
            <object_component_ref idref="oc-ac"/>
            <object_component_ref idref="oc-b0"/>
            <object_component_ref idref="oc-b4"/>
            <object_component_ref idref="oc-b8"/>
            <object_component_ref idref="oc-bc"/>
            <object_component_ref idref="oc-c1"/>
            <object_component_ref idref="oc-c5"/>
            <object_component_ref idref="oc-e8"/>
         </contents>
      </logical_group>
      <logical_group id="lg-db">
         <name>.debug_frame</name>
         <load_address>0x0</load_address>
         <run_address>0x0</run_address>
         <size>0x10da</size>
         <contents>
            <object_component_ref idref="oc-14"/>
            <object_component_ref idref="oc-19"/>
            <object_component_ref idref="oc-1f"/>
            <object_component_ref idref="oc-24"/>
            <object_component_ref idref="oc-2a"/>
            <object_component_ref idref="oc-2f"/>
            <object_component_ref idref="oc-34"/>
            <object_component_ref idref="oc-3a"/>
            <object_component_ref idref="oc-40"/>
            <object_component_ref idref="oc-47"/>
            <object_component_ref idref="oc-4d"/>
            <object_component_ref idref="oc-52"/>
         </contents>
      </logical_group>
      <logical_group id="lg-dd">
         <name>.debug_line</name>
         <load_address>0x0</load_address>
         <run_address>0x0</run_address>
         <size>0x285e</size>
         <contents>
            <object_component_ref idref="oc-15"/>
            <object_component_ref idref="oc-1a"/>
            <object_component_ref idref="oc-20"/>
            <object_component_ref idref="oc-25"/>
            <object_component_ref idref="oc-2b"/>
            <object_component_ref idref="oc-30"/>
            <object_component_ref idref="oc-35"/>
            <object_component_ref idref="oc-3b"/>
            <object_component_ref idref="oc-41"/>
            <object_component_ref idref="oc-48"/>
            <object_component_ref idref="oc-4e"/>
            <object_component_ref idref="oc-53"/>
            <object_component_ref idref="oc-57"/>
            <object_component_ref idref="oc-5b"/>
            <object_component_ref idref="oc-5f"/>
            <object_component_ref idref="oc-66"/>
            <object_component_ref idref="oc-6a"/>
            <object_component_ref idref="oc-6e"/>
            <object_component_ref idref="oc-72"/>
            <object_component_ref idref="oc-76"/>
            <object_component_ref idref="oc-7b"/>
            <object_component_ref idref="oc-7f"/>
            <object_component_ref idref="oc-83"/>
            <object_component_ref idref="oc-87"/>
            <object_component_ref idref="oc-8b"/>
            <object_component_ref idref="oc-92"/>
            <object_component_ref idref="oc-96"/>
            <object_component_ref idref="oc-9b"/>
            <object_component_ref idref="oc-9f"/>
            <object_component_ref idref="oc-a5"/>
            <object_component_ref idref="oc-a9"/>
            <object_component_ref idref="oc-ad"/>
            <object_component_ref idref="oc-b1"/>
            <object_component_ref idref="oc-b5"/>
            <object_component_ref idref="oc-b9"/>
            <object_component_ref idref="oc-be"/>
            <object_component_ref idref="oc-c2"/>
            <object_component_ref idref="oc-c7"/>
         </contents>
      </logical_group>
      <logical_group id="lg-df">
         <name>.debug_abbrev</name>
         <load_address>0x0</load_address>
         <run_address>0x0</run_address>
         <size>0x2124</size>
         <contents>
            <object_component_ref idref="oc-16"/>
            <object_component_ref idref="oc-1b"/>
            <object_component_ref idref="oc-21"/>
            <object_component_ref idref="oc-26"/>
            <object_component_ref idref="oc-2c"/>
            <object_component_ref idref="oc-31"/>
            <object_component_ref idref="oc-36"/>
            <object_component_ref idref="oc-3c"/>
            <object_component_ref idref="oc-42"/>
            <object_component_ref idref="oc-49"/>
            <object_component_ref idref="oc-4f"/>
            <object_component_ref idref="oc-54"/>
            <object_component_ref idref="oc-58"/>
            <object_component_ref idref="oc-5c"/>
            <object_component_ref idref="oc-60"/>
            <object_component_ref idref="oc-67"/>
            <object_component_ref idref="oc-6b"/>
            <object_component_ref idref="oc-6f"/>
            <object_component_ref idref="oc-73"/>
            <object_component_ref idref="oc-77"/>
            <object_component_ref idref="oc-7c"/>
            <object_component_ref idref="oc-80"/>
            <object_component_ref idref="oc-84"/>
            <object_component_ref idref="oc-88"/>
            <object_component_ref idref="oc-8c"/>
            <object_component_ref idref="oc-93"/>
            <object_component_ref idref="oc-97"/>
            <object_component_ref idref="oc-9c"/>
            <object_component_ref idref="oc-a0"/>
            <object_component_ref idref="oc-a6"/>
            <object_component_ref idref="oc-aa"/>
            <object_component_ref idref="oc-ae"/>
            <object_component_ref idref="oc-b2"/>
            <object_component_ref idref="oc-b6"/>
            <object_component_ref idref="oc-ba"/>
            <object_component_ref idref="oc-bf"/>
            <object_component_ref idref="oc-c3"/>
            <object_component_ref idref="oc-c8"/>
            <object_component_ref idref="oc-e9"/>
         </contents>
      </logical_group>
   </logical_group_list>
   <placement_map>
      <memory_area>
         <name>MMR</name>
         <page_id>0x0</page_id>
         <origin>0x0</origin>
         <length>0xc0</length>
         <used_space>0x0</used_space>
         <unused_space>0xc0</unused_space>
         <attributes>RWIX</attributes>
         <usage_details>
         </usage_details>
      </memory_area>
      <memory_area>
         <name>DARAM0</name>
         <page_id>0x0</page_id>
         <origin>0xc0</origin>
         <length>0xff40</length>
         <used_space>0x3120</used_space>
         <unused_space>0xce20</unused_space>
         <attributes>RWIX</attributes>
         <usage_details>
            <allocated_space>
               <start_address>0xc0</start_address>
               <size>0x0</size>
               <logical_group_ref idref="lg-5"/>
            </allocated_space>
            <allocated_space>
               <start_address>0xc0</start_address>
               <size>0x2000</size>
               <logical_group_ref idref="lg-3"/>
            </allocated_space>
            <allocated_space>
               <start_address>0x20c0</start_address>
               <size>0x1000</size>
               <logical_group_ref idref="lg-4"/>
            </allocated_space>
            <allocated_space>
               <start_address>0x30c0</start_address>
               <size>0xa4</size>
               <logical_group_ref idref="lg-e6"/>
            </allocated_space>
            <allocated_space>
               <start_address>0x3164</start_address>
               <size>0x7c</size>
               <logical_group_ref idref="lg-e7"/>
            </allocated_space>
            <available_space>
               <start_address>0x31e0</start_address>
               <size>0xce20</size>
            </available_space>
         </usage_details>
      </memory_area>
      <memory_area>
         <name>SARAM0</name>
         <page_id>0x0</page_id>
         <origin>0x10000</origin>
         <length>0x10000</length>
         <used_space>0x0</used_space>
         <unused_space>0x10000</unused_space>
         <attributes>RWIX</attributes>
         <usage_details>
         </usage_details>
      </memory_area>
      <memory_area>
         <name>SARAM1</name>
         <page_id>0x0</page_id>
         <origin>0x20000</origin>
         <length>0x20000</length>
         <used_space>0x3719</used_space>
         <unused_space>0x1c8e7</unused_space>
         <attributes>RWIX</attributes>
         <usage_details>
            <allocated_space>
               <start_address>0x20000</start_address>
               <size>0x3719</size>
               <logical_group_ref idref="lg-e5"/>
            </allocated_space>
            <available_space>
               <start_address>0x23719</start_address>
               <size>0x1c8e7</size>
            </available_space>
         </usage_details>
      </memory_area>
      <memory_area>
         <name>SARAM2</name>
         <page_id>0x0</page_id>
         <origin>0x40000</origin>
         <length>0xfe00</length>
         <used_space>0x50</used_space>
         <unused_space>0xfdb0</unused_space>
         <attributes>RWIX</attributes>
         <usage_details>
            <allocated_space>
               <start_address>0x40000</start_address>
               <size>0x50</size>
               <logical_group_ref idref="lg-a"/>
            </allocated_space>
            <available_space>
               <start_address>0x40050</start_address>
               <size>0xfdb0</size>
            </available_space>
         </usage_details>
      </memory_area>
      <memory_area>
         <name>VECS</name>
         <page_id>0x0</page_id>
         <origin>0x4fe00</origin>
         <length>0x200</length>
         <used_space>0x100</used_space>
         <unused_space>0x100</unused_space>
         <attributes>RWIX</attributes>
         <usage_details>
            <allocated_space>
               <start_address>0x4fe00</start_address>
               <size>0x100</size>
               <logical_group_ref idref="lg-e"/>
            </allocated_space>
            <available_space>
               <start_address>0x4ff00</start_address>
               <size>0x100</size>
            </available_space>
         </usage_details>
      </memory_area>
      <memory_area>
         <name>PDROM</name>
         <page_id>0x0</page_id>
         <origin>0xff8000</origin>
         <length>0x8000</length>
         <used_space>0x0</used_space>
         <unused_space>0x8000</unused_space>
         <attributes>RIX</attributes>
         <usage_details>
         </usage_details>
      </memory_area>
      <memory_area>
         <name>IOPORT</name>
         <page_id>0x2</page_id>
         <origin>0x0</origin>
         <length>0x20000</length>
         <used_space>0x0</used_space>
         <unused_space>0x20000</unused_space>
         <attributes>RWI</attributes>
         <usage_details>
         </usage_details>
      </memory_area>
   </placement_map>
   <symbol_table>
      <symbol id="sm-0">
         <name>$TI_capability$C5500$CallingConvention</name>
         <value>0x2</value>
      </symbol>
      <symbol id="sm-1">
         <name>$TI_capability$C5500$MemoryModel</name>
         <value>0x2</value>
      </symbol>
      <symbol id="sm-2">
         <name>$TI_capability_requires_rev3</name>
         <value>0x1</value>
      </symbol>
      <symbol id="sm-3">
         <name>cinit</name>
         <value>0x40000</value>
      </symbol>
      <symbol id="sm-4">
         <name>___cinit__</name>
         <value>0x40000</value>
      </symbol>
      <symbol id="sm-5">
         <name>pinit</name>
         <value>0xffffffff</value>
      </symbol>
      <symbol id="sm-6">
         <name>___pinit__</name>
         <value>0xffffffff</value>
      </symbol>
      <symbol id="sm-7">
         <name>binit</name>
         <value>0xffffffff</value>
      </symbol>
      <symbol id="sm-8">
         <name>___binit__</name>
         <value>0xffffffff</value>
      </symbol>
      <symbol id="sm-9">
         <name>__STACK_SIZE</name>
         <value>0x2000</value>
      </symbol>
      <symbol id="sm-a">
         <name>__STACK_END</name>
         <value>0x20c0</value>
      </symbol>
      <symbol id="sm-b">
         <name>___c_args__</name>
         <value>0xffffffff</value>
      </symbol>
      <symbol id="sm-c">
         <name>__SYSSTACK_SIZE</name>
         <value>0x1000</value>
      </symbol>
      <symbol id="sm-d">
         <name>.text</name>
         <value>0xffffffff</value>
      </symbol>
      <symbol id="sm-e">
         <name>___text__</name>
         <value>0xffffffff</value>
      </symbol>
      <symbol id="sm-f">
         <name>etext</name>
         <value>0xffffffff</value>
      </symbol>
      <symbol id="sm-10">
         <name>___etext__</name>
         <value>0xffffffff</value>
      </symbol>
      <symbol id="sm-11">
         <name>.data</name>
         <value>0xffffffff</value>
      </symbol>
      <symbol id="sm-12">
         <name>___data__</name>
         <value>0xffffffff</value>
      </symbol>
      <symbol id="sm-13">
         <name>edata</name>
         <value>0xffffffff</value>
      </symbol>
      <symbol id="sm-14">
         <name>___edata__</name>
         <value>0xffffffff</value>
      </symbol>
      <symbol id="sm-15">
         <name>.bss</name>
         <value>0xffffffff</value>
      </symbol>
      <symbol id="sm-16">
         <name>___bss__</name>
         <value>0xffffffff</value>
      </symbol>
      <symbol id="sm-17">
         <name>end</name>
         <value>0xffffffff</value>
      </symbol>
      <symbol id="sm-18">
         <name>___end__</name>
         <value>0xffffffff</value>
      </symbol>
      <symbol id="sm-47">
         <name>_AIC3204_Init</name>
         <value>0x224fe</value>
         <object_component_ref idref="oc-12"/>
      </symbol>
      <symbol id="sm-48">
         <name>_AIC3204_process</name>
         <value>0x226ae</value>
         <object_component_ref idref="oc-12"/>
      </symbol>
      <symbol id="sm-56">
         <name>_EZDSP5535_wait</name>
         <value>0x234b4</value>
         <object_component_ref idref="oc-17"/>
      </symbol>
      <symbol id="sm-57">
         <name>_EZDSP5535_waitusec</name>
         <value>0x234e8</value>
         <object_component_ref idref="oc-17"/>
      </symbol>
      <symbol id="sm-58">
         <name>_EZDSP5535_init</name>
         <value>0x234fa</value>
         <object_component_ref idref="oc-17"/>
      </symbol>
      <symbol id="sm-64">
         <name>_EZDSP5535_GPIO_setDirection</name>
         <value>0x23151</value>
         <object_component_ref idref="oc-1c"/>
      </symbol>
      <symbol id="sm-65">
         <name>_EZDSP5535_GPIO_getInput</name>
         <value>0x2318f</value>
         <object_component_ref idref="oc-1c"/>
      </symbol>
      <symbol id="sm-66">
         <name>_EZDSP5535_GPIO_setOutput</name>
         <value>0x23175</value>
         <object_component_ref idref="oc-1c"/>
      </symbol>
      <symbol id="sm-67">
         <name>_GpioObj</name>
         <value>0x3148</value>
         <object_component_ref idref="oc-1d"/>
      </symbol>
      <symbol id="sm-68">
         <name>_hGpio</name>
         <value>0x314c</value>
         <object_component_ref idref="oc-1d"/>
      </symbol>
      <symbol id="sm-69">
         <name>_EZDSP5535_GPIO_init</name>
         <value>0x23126</value>
         <object_component_ref idref="oc-1c"/>
      </symbol>
      <symbol id="sm-73">
         <name>_EZDSP5535_I2C_init</name>
         <value>0x23098</value>
         <object_component_ref idref="oc-22"/>
      </symbol>
      <symbol id="sm-74">
         <name>_EZDSP5535_I2C_read</name>
         <value>0x230fe</value>
         <object_component_ref idref="oc-22"/>
      </symbol>
      <symbol id="sm-75">
         <name>_EZDSP5535_I2C_write</name>
         <value>0x230d8</value>
         <object_component_ref idref="oc-22"/>
      </symbol>
      <symbol id="sm-76">
         <name>_EZDSP5535_I2C_reset</name>
         <value>0x230cd</value>
         <object_component_ref idref="oc-22"/>
      </symbol>
      <symbol id="sm-8a">
         <name>_EZDSP5535_I2S_readRight</name>
         <value>0x22e28</value>
         <object_component_ref idref="oc-27"/>
      </symbol>
      <symbol id="sm-8b">
         <name>_EZDSP5535_I2S_init</name>
         <value>0x22d70</value>
         <object_component_ref idref="oc-27"/>
      </symbol>
      <symbol id="sm-8c">
         <name>_EZDSP5535_I2S_writeLeft</name>
         <value>0x22dfb</value>
         <object_component_ref idref="oc-27"/>
      </symbol>
      <symbol id="sm-8d">
         <name>_EZDSP5535_I2S_close</name>
         <value>0x22e65</value>
         <object_component_ref idref="oc-27"/>
      </symbol>
      <symbol id="sm-8e">
         <name>_EZDSP5535_I2S_writeRight</name>
         <value>0x22e49</value>
         <object_component_ref idref="oc-27"/>
      </symbol>
      <symbol id="sm-8f">
         <name>_EZDSP5535_I2S_readLeft</name>
         <value>0x22dc9</value>
         <object_component_ref idref="oc-27"/>
      </symbol>
      <symbol id="sm-90">
         <name>_hI2s</name>
         <value>0x3160</value>
         <object_component_ref idref="oc-28"/>
      </symbol>
      <symbol id="sm-9e">
         <name>_EZDSP5535_OSD9616_printLetter</name>
         <value>0x22be7</value>
         <object_component_ref idref="oc-2d"/>
      </symbol>
      <symbol id="sm-9f">
         <name>_EZDSP5535_OSD9616_init</name>
         <value>0x22b05</value>
         <object_component_ref idref="oc-2d"/>
      </symbol>
      <symbol id="sm-a0">
         <name>_EZDSP5535_OSD9616_send</name>
         <value>0x22a92</value>
         <object_component_ref idref="oc-2d"/>
      </symbol>
      <symbol id="sm-a1">
         <name>_EZDSP5535_OSD9616_multiSend</name>
         <value>0x22aba</value>
         <object_component_ref idref="oc-2d"/>
      </symbol>
      <symbol id="sm-c0">
         <name>_EZDSP5535_XF_on</name>
         <value>0x22a4e</value>
         <object_component_ref idref="oc-32"/>
      </symbol>
      <symbol id="sm-c1">
         <name>_EZDSP5535_LED_off</name>
         <value>0x229d6</value>
         <object_component_ref idref="oc-32"/>
      </symbol>
      <symbol id="sm-c2">
         <name>_EZDSP5535_XF_toggle</name>
         <value>0x22a73</value>
         <object_component_ref idref="oc-32"/>
      </symbol>
      <symbol id="sm-c3">
         <name>_EZDSP5535_XF_get</name>
         <value>0x22a64</value>
         <object_component_ref idref="oc-32"/>
      </symbol>
      <symbol id="sm-c4">
         <name>_EZDSP5535_XF_off</name>
         <value>0x22a59</value>
         <object_component_ref idref="oc-32"/>
      </symbol>
      <symbol id="sm-c5">
         <name>_EZDSP5535_LED_on</name>
         <value>0x229a1</value>
         <object_component_ref idref="oc-32"/>
      </symbol>
      <symbol id="sm-c6">
         <name>_EZDSP5535_LED_getall</name>
         <value>0x228e1</value>
         <object_component_ref idref="oc-32"/>
      </symbol>
      <symbol id="sm-c7">
         <name>_EZDSP5535_LED_setall</name>
         <value>0x22933</value>
         <object_component_ref idref="oc-32"/>
      </symbol>
      <symbol id="sm-c8">
         <name>_EZDSP5535_LED_toggle</name>
         <value>0x22a09</value>
         <object_component_ref idref="oc-32"/>
      </symbol>
      <symbol id="sm-c9">
         <name>_EZDSP5535_LED_init</name>
         <value>0x228ab</value>
         <object_component_ref idref="oc-32"/>
      </symbol>
      <symbol id="sm-da">
         <name>_main</name>
         <value>0x23621</value>
         <object_component_ref idref="oc-37"/>
      </symbol>
      <symbol id="sm-db">
         <name>_StopTest</name>
         <value>0x2361f</value>
         <object_component_ref idref="oc-37"/>
      </symbol>
      <symbol id="sm-f0">
         <name>_NCO_init</name>
         <value>0x22e77</value>
         <object_component_ref idref="oc-3d"/>
      </symbol>
      <symbol id="sm-f1">
         <name>_NCO_generate_sample</name>
         <value>0x22f07</value>
         <object_component_ref idref="oc-3d"/>
      </symbol>
      <symbol id="sm-196">
         <name>_I2S_write</name>
         <value>0x213dd</value>
         <object_component_ref idref="oc-43"/>
      </symbol>
      <symbol id="sm-197">
         <name>_I2S_read</name>
         <value>0x21123</value>
         <object_component_ref idref="oc-43"/>
      </symbol>
      <symbol id="sm-198">
         <name>_I2S_close</name>
         <value>0x21071</value>
         <object_component_ref idref="oc-43"/>
      </symbol>
      <symbol id="sm-199">
         <name>_ouError</name>
         <value>0x3112</value>
         <object_component_ref idref="oc-44"/>
      </symbol>
      <symbol id="sm-19a">
         <name>_I2S_reset</name>
         <value>0x21533</value>
         <object_component_ref idref="oc-43"/>
      </symbol>
      <symbol id="sm-19b">
         <name>_I2S_setup</name>
         <value>0x20d83</value>
         <object_component_ref idref="oc-43"/>
      </symbol>
      <symbol id="sm-19c">
         <name>_fsError</name>
         <value>0x3110</value>
         <object_component_ref idref="oc-44"/>
      </symbol>
      <symbol id="sm-19d">
         <name>_I2S_open</name>
         <value>0x20c3c</value>
         <object_component_ref idref="oc-43"/>
      </symbol>
      <symbol id="sm-19e">
         <name>_I2S_transEnable</name>
         <value>0x215e4</value>
         <object_component_ref idref="oc-43"/>
      </symbol>
      <symbol id="sm-21b">
         <name>_I2C_eventEnable</name>
         <value>0x20940</value>
         <object_component_ref idref="oc-4a"/>
      </symbol>
      <symbol id="sm-21c">
         <name>_I2C_setCallback</name>
         <value>0x20b93</value>
         <object_component_ref idref="oc-4a"/>
      </symbol>
      <symbol id="sm-21d">
         <name>_I2C_init</name>
         <value>0x20000</value>
         <object_component_ref idref="oc-4a"/>
      </symbol>
      <symbol id="sm-21e">
         <name>_I2C_config</name>
         <value>0x200a9</value>
         <object_component_ref idref="oc-4a"/>
      </symbol>
      <symbol id="sm-21f">
         <name>_gI2cObj</name>
         <value>0x3114</value>
         <object_component_ref idref="oc-4b"/>
      </symbol>
      <symbol id="sm-220">
         <name>_I2C_getConfig</name>
         <value>0x2020e</value>
         <object_component_ref idref="oc-4a"/>
      </symbol>
      <symbol id="sm-221">
         <name>_I2C_setup</name>
         <value>0x202e4</value>
         <object_component_ref idref="oc-4a"/>
      </symbol>
      <symbol id="sm-222">
         <name>_I2C_write</name>
         <value>0x204de</value>
         <object_component_ref idref="oc-4a"/>
      </symbol>
      <symbol id="sm-223">
         <name>_I2C_read</name>
         <value>0x20722</value>
         <object_component_ref idref="oc-4a"/>
      </symbol>
      <symbol id="sm-224">
         <name>_I2C_eventDisable</name>
         <value>0x20a74</value>
         <object_component_ref idref="oc-4a"/>
      </symbol>
      <symbol id="sm-225">
         <name>_I2C_getEventId</name>
         <value>0x20c20</value>
         <object_component_ref idref="oc-4a"/>
      </symbol>
      <symbol id="sm-226">
         <name>_i2cHandle</name>
         <value>0x3134</value>
         <object_component_ref idref="oc-4b"/>
      </symbol>
      <symbol id="sm-26b">
         <name>_GPIO_write</name>
         <value>0x21827</value>
         <object_component_ref idref="oc-50"/>
      </symbol>
      <symbol id="sm-26c">
         <name>_GPIO_read</name>
         <value>0x217a4</value>
         <object_component_ref idref="oc-50"/>
      </symbol>
      <symbol id="sm-26d">
         <name>_GPIO_close</name>
         <value>0x21673</value>
         <object_component_ref idref="oc-50"/>
      </symbol>
      <symbol id="sm-26e">
         <name>_GPIO_enableInt</name>
         <value>0x21a90</value>
         <object_component_ref idref="oc-50"/>
      </symbol>
      <symbol id="sm-26f">
         <name>_GPIO_clearInt</name>
         <value>0x21b1a</value>
         <object_component_ref idref="oc-50"/>
      </symbol>
      <symbol id="sm-270">
         <name>_GPIO_statusBit</name>
         <value>0x21ba6</value>
         <object_component_ref idref="oc-50"/>
      </symbol>
      <symbol id="sm-271">
         <name>_GPIO_configBit</name>
         <value>0x218ca</value>
         <object_component_ref idref="oc-50"/>
      </symbol>
      <symbol id="sm-272">
         <name>_GPIO_reset</name>
         <value>0x21c2d</value>
         <object_component_ref idref="oc-50"/>
      </symbol>
      <symbol id="sm-273">
         <name>_GPIO_getConfig</name>
         <value>0x2171c</value>
         <object_component_ref idref="oc-50"/>
      </symbol>
      <symbol id="sm-274">
         <name>_GPIO_disableInt</name>
         <value>0x21a12</value>
         <object_component_ref idref="oc-50"/>
      </symbol>
      <symbol id="sm-275">
         <name>_GPIO_config</name>
         <value>0x21697</value>
         <object_component_ref idref="oc-50"/>
      </symbol>
      <symbol id="sm-276">
         <name>_GPIO_open</name>
         <value>0x2162f</value>
         <object_component_ref idref="oc-50"/>
      </symbol>
      <symbol id="sm-282">
         <name>__sysstack</name>
         <value>0x20c0</value>
         <object_component_ref idref="oc-c9"/>
      </symbol>
      <symbol id="sm-283">
         <name>_c_int00</name>
         <value>0x2365c</value>
         <object_component_ref idref="oc-10"/>
      </symbol>
      <symbol id="sm-284">
         <name>__stack</name>
         <value>0xc0</value>
         <object_component_ref idref="oc-55"/>
      </symbol>
      <symbol id="sm-290">
         <name>__divd</name>
         <value>0x21cbc</value>
         <object_component_ref idref="oc-59"/>
      </symbol>
      <symbol id="sm-29b">
         <name>__divul</name>
         <value>0x22ff7</value>
         <object_component_ref idref="oc-5d"/>
      </symbol>
      <symbol id="sm-2ab">
         <name>C$$EXIT</name>
         <value>0x23710</value>
         <object_component_ref idref="oc-65"/>
      </symbol>
      <symbol id="sm-2ac">
         <name>_exit</name>
         <value>0x235e1</value>
         <object_component_ref idref="oc-61"/>
      </symbol>
      <symbol id="sm-2ad">
         <name>_abort</name>
         <value>0x2370f</value>
         <object_component_ref idref="oc-65"/>
      </symbol>
      <symbol id="sm-2ae">
         <name>__cleanup_ptr</name>
         <value>0x3158</value>
         <object_component_ref idref="oc-62"/>
      </symbol>
      <symbol id="sm-2af">
         <name>__dtors_ptr</name>
         <value>0x315c</value>
         <object_component_ref idref="oc-62"/>
      </symbol>
      <symbol id="sm-2b9">
         <name>__fixdi</name>
         <value>0x23690</value>
         <object_component_ref idref="oc-68"/>
      </symbol>
      <symbol id="sm-2c3">
         <name>__fixdli</name>
         <value>0x2337f</value>
         <object_component_ref idref="oc-6c"/>
      </symbol>
      <symbol id="sm-2cd">
         <name>__fixdul</name>
         <value>0x231ad</value>
         <object_component_ref idref="oc-70"/>
      </symbol>
      <symbol id="sm-2d7">
         <name>__fltid</name>
         <value>0x23703</value>
         <object_component_ref idref="oc-74"/>
      </symbol>
      <symbol id="sm-2e3">
         <name>__fltlid</name>
         <value>0x233ee</value>
         <object_component_ref idref="oc-78"/>
      </symbol>
      <symbol id="sm-2ed">
         <name>__frcmpyd_div</name>
         <value>0x2329a</value>
         <object_component_ref idref="oc-7d"/>
      </symbol>
      <symbol id="sm-2f5">
         <name>__mpyli</name>
         <value>0x236ce</value>
         <object_component_ref idref="oc-81"/>
      </symbol>
      <symbol id="sm-2f6">
         <name>I$$LMPY</name>
         <value>0x236ce</value>
         <object_component_ref idref="oc-81"/>
      </symbol>
      <symbol id="sm-300">
         <name>__mpyd</name>
         <value>0x22c24</value>
         <object_component_ref idref="oc-85"/>
      </symbol>
      <symbol id="sm-30b">
         <name>__remul</name>
         <value>0x2330d</value>
         <object_component_ref idref="oc-89"/>
      </symbol>
      <symbol id="sm-31c">
         <name>_sin</name>
         <value>0x222e2</value>
         <object_component_ref idref="oc-8d"/>
      </symbol>
      <symbol id="sm-326">
         <name>__subd</name>
         <value>0x236ba</value>
         <object_component_ref idref="oc-94"/>
      </symbol>
      <symbol id="sm-332">
         <name>__trunc</name>
         <value>0x235a0</value>
         <object_component_ref idref="oc-98"/>
      </symbol>
      <symbol id="sm-33c">
         <name>_Reset</name>
         <value>0x4fe00</value>
         <object_component_ref idref="oc-11"/>
      </symbol>
      <symbol id="sm-34a">
         <name>__unlock</name>
         <value>0x3154</value>
         <object_component_ref idref="oc-a2"/>
      </symbol>
      <symbol id="sm-34b">
         <name>__lock</name>
         <value>0x3150</value>
         <object_component_ref idref="oc-a2"/>
      </symbol>
      <symbol id="sm-34c">
         <name>__register_lock</name>
         <value>0x236e9</value>
         <object_component_ref idref="oc-a1"/>
      </symbol>
      <symbol id="sm-34d">
         <name>__nop</name>
         <value>0x236f1</value>
         <object_component_ref idref="oc-a1"/>
      </symbol>
      <symbol id="sm-34e">
         <name>__register_unlock</name>
         <value>0x236e1</value>
         <object_component_ref idref="oc-a1"/>
      </symbol>
      <symbol id="sm-358">
         <name>__addd</name>
         <value>0x22088</value>
         <object_component_ref idref="oc-a7"/>
      </symbol>
      <symbol id="sm-362">
         <name>__args_main</name>
         <value>0x23555</value>
         <object_component_ref idref="oc-ab"/>
      </symbol>
      <symbol id="sm-363">
         <name>__TI_args_main</name>
         <value>0x1</value>
      </symbol>
      <symbol id="sm-36b">
         <name>_auto_init</name>
         <value>0x23508</value>
         <object_component_ref idref="oc-af"/>
      </symbol>
      <symbol id="sm-375">
         <name>__eqld</name>
         <value>0x2281f</value>
         <object_component_ref idref="oc-b3"/>
      </symbol>
      <symbol id="sm-376">
         <name>__cmpd</name>
         <value>0x22853</value>
         <object_component_ref idref="oc-b3"/>
      </symbol>
      <symbol id="sm-377">
         <name>__neqd</name>
         <value>0x226c1</value>
         <object_component_ref idref="oc-b3"/>
      </symbol>
      <symbol id="sm-378">
         <name>__gtrd</name>
         <value>0x2278a</value>
         <object_component_ref idref="oc-b3"/>
      </symbol>
      <symbol id="sm-379">
         <name>__geqd</name>
         <value>0x227d5</value>
         <object_component_ref idref="oc-b3"/>
      </symbol>
      <symbol id="sm-37a">
         <name>__leqd</name>
         <value>0x2273d</value>
         <object_component_ref idref="oc-b3"/>
      </symbol>
      <symbol id="sm-37b">
         <name>__lssd</name>
         <value>0x226f5</value>
         <object_component_ref idref="oc-b3"/>
      </symbol>
      <symbol id="sm-385">
         <name>__frcmpyd</name>
         <value>0x23224</value>
         <object_component_ref idref="oc-b7"/>
      </symbol>
      <symbol id="sm-391">
         <name>_modf</name>
         <value>0x22f38</value>
         <object_component_ref idref="oc-bb"/>
      </symbol>
      <symbol id="sm-39b">
         <name>__negd</name>
         <value>0x236f3</value>
         <object_component_ref idref="oc-c0"/>
      </symbol>
      <symbol id="sm-3a7">
         <name>__nround</name>
         <value>0x23455</value>
         <object_component_ref idref="oc-c4"/>
      </symbol>
   </symbol_table>
</link_info>
