******************************************************************************
              TMS320C55x Linker PC v4.4.1                      
******************************************************************************
>> Linked Thu Feb 06 17:14:57 2025

OUTPUT FILE NAME:   <aic3204.out>
ENTRY POINT SYMBOL: "_c_int00"  address: 0002365c


MEMORY CONFIGURATION

         name            origin    length      used     unused   attr    fill
                        (bytes)   (bytes)    (bytes)   (bytes)
----------------------  --------  ---------  --------  --------  ----  --------
PAGE 0:
  MMR                   00000000   000000c0  00000000  000000c0  RWIX
  DARAM0                000000c0   0000ff40  00003120  0000ce20  RWIX
  SARAM0                00010000   00010000  00000000  00010000  RWIX
  SARAM1                00020000   00020000  00003719  0001c8e7  RWIX
  SARAM2                00040000   0000fe00  00000050  0000fdb0  RWIX
  VECS                  0004fe00   00000200  00000100  00000100  RWIX
  PDROM                 00ff8000   00008000  00000000  00008000  R IX

PAGE 2:
  IOPORT                00000000   00020000  00000000  00020000  RWI 


SECTION ALLOCATION MAP
(Addresses surrounded by []'s are displayed for convenience only!)

output                                                          attributes/
section   page  orgn(bytes) orgn(words) len(bytes) len(words)   input sections
--------  ----  ----------- ----------- ---------- ----------   --------------
.pinit       0   [ 00040000 ]  00020000          *   00000000   UNINITIALIZED

.stack       0   [ 000000c0 ]  00000060          *   00001000   UNINITIALIZED
                 [ 000000c0 ]  00000060          *   00001000   --HOLE--

.data        0   [ 000000c0 ]  00000060          *   00000000   UNINITIALIZED

.sysstack 
*            0   [ 000020c0 ]  00001060          *   00000800   UNINITIALIZED
                 [ 000020c0 ]  00001060          *   00000800   --HOLE--

.bss         0   [ 000030c0 ]  00001860          *   00000052   UNINITIALIZED
                 [ 000030c0 ]  00001860          *   0000002a   cslVC5505.lib : csl_i2s.obj (.bss)
                 [ 00003114 ]  0000188a          *   00000012                 : csl_i2c.obj (.bss)
                 [ 00003138 ]  0000189c          *   00000008   rts55x_eh.lib : sin.obj (.bss)
                 [ 00003148 ]  000018a4          *   00000004   ezdsp5535_gpio.obj (.bss)
                 [ 00003150 ]  000018a8          *   00000004   rts55x_eh.lib : _lock.obj (.bss)
                 [ 00003158 ]  000018ac          *   00000004                 : exit.obj (.bss)
                 [ 00003160 ]  000018b0          *   00000002   ezdsp5535_i2s.obj (.bss)

.const       0   [ 00003164 ]  000018b2          *   0000003e   
                 [ 00003164 ]  000018b2          *   00000014   rts55x_eh.lib : sin.obj (.const)
                 [ 0000318c ]  000018c6          *   0000000a   nco.obj (.const)
                 [ 000031a0 ]  000018d0          *   00000008   rts55x_eh.lib : divd.obj (.const:_initial_approx$1)
                 [ 000031b0 ]  000018d8          *   00000008                 : round.obj (.const)
                 [ 000031c0 ]  000018e0          *   00000006                 : modf.obj (.const)
                 [ 000031cc ]  000018e6          *   00000004   main.obj (.const)
                 [ 000031d4 ]  000018ea          *   00000004   rts55x_eh.lib : trunc.obj (.const)
                 [ 000031dc ]  000018ee          *   00000002                 : fltlid.obj (.const)

.text        0     00020000  [ 00010000 ] 00003719          *   
                   00020000  [ 00010000 ] 00000c3c          *   cslVC5505.lib : csl_i2c.obj (.text)
                   00020c3c  [ 0001061e ] 000009f3          *                 : csl_i2s.obj (.text)
                   0002162f  [ 00010b17+] 0000068d          *                 : csl_gpio.obj (.text)
                   00021cbc  [ 00010e5e ] 000003cc          *   rts55x_eh.lib : divd.obj (.text)
                   00022088  [ 00011044 ] 0000025a          *                 : addd.obj (.text)
                   000222e2  [ 00011171 ] 000001f2          *                 : sin.obj (.text)
                   000224d4  [ 0001126a ] 000001ed          *   aic3204.obj (.text)
                   000226c1  [ 00011360+] 000001ea          *   rts55x_eh.lib : cmpd.obj (.text)
                   000228ab  [ 00011455+] 000001e7          *   ezdsp5535_led.obj (.text)
                   00022a92  [ 00011549 ] 00000192          *   ezdsp5535_lcd.obj (.text)
                   00022c24  [ 00011612 ] 0000014c          *   rts55x_eh.lib : mpyd.obj (.text)
                   00022d70  [ 000116b8 ] 00000107          *   ezdsp5535_i2s.obj (.text)
                   00022e77  [ 0001173b+] 000000c1          *   nco.obj (.text)
                   00022f38  [ 0001179c ] 000000bf          *   rts55x_eh.lib : modf.obj (.text)
                   00022ff7  [ 000117fb+] 000000a1          *                 : divul.obj (.text)
                   00023098  [ 0001184c ] 0000008e          *   ezdsp5535_i2c.obj (.text)
                   00023126  [ 00011893 ] 00000087          *   ezdsp5535_gpio.obj (.text)
                   000231ad  [ 000118d6+] 00000077          *   rts55x_eh.lib : fixdul.obj (.text)
                   00023224  [ 00011912 ] 00000076          *                 : frcmpyd.obj (.text)
                   0002329a  [ 0001194d ] 00000073          *                 : frcmpyd_div.obj (.text)
                   0002330d  [ 00011986+] 00000072          *                 : remul.obj (.text)
                   0002337f  [ 000119bf+] 0000006f          *                 : fixdli.obj (.text)
                   000233ee  [ 000119f7 ] 00000067          *                 : fltlid.obj (.text)
                   00023455  [ 00011a2a+] 0000005f          *                 : round.obj (.text)
                   000234b4  [ 00011a5a ] 00000054          *   ezdsp5535.obj (.text)
                   00023508  [ 00011a84 ] 0000004d          *   rts55x_eh.lib : autoinit.obj (.text)
                   00023555  [ 00011aaa+] 0000004b          *                 : args_main.obj (.text)
                   000235a0  [ 00011ad0 ] 00000041          *                 : trunc.obj (.text)
                   000235e1  [ 00011af0+] 0000003e          *                 : exit.obj (.text)
                   0002361f  [ 00011b0f+] 0000003d          *   main.obj (.text)
                   0002365c  [ 00011b2e ] 00000034          *   rts55x_eh.lib : boot.obj (.text)
                   00023690  [ 00011b48 ] 0000002a          *                 : fixdi.obj (.text)
                   000236ba  [ 00011b5d ] 00000014          *                 : subd.obj (.text)
                   000236ce  [ 00011b67 ] 00000013          *                 : lmpy.obj (.text)
                   000236e1  [ 00011b70+] 00000012          *                 : _lock.obj (.text)
                   000236f3  [ 00011b79+] 00000010          *                 : negd.obj (.text)
                   00023703  [ 00011b81+] 0000000c          *                 : fltid.obj (.text)
                   0002370f  [ 00011b87+] 00000007          *                 : exit.obj (.text:CIO_breakpoint)
                   00023716  [ 00011b8b ] 00000002          *                 : vectors.obj (.text)
                   00023718  [ 00011b8c ] 00000001          *   --HOLE-- [fill = 20]

.cinit       0   [ 00040000 ]  00020000          *   00000028   
                 [ 00040000 ]  00020000          *   0000000b   rts55x_eh.lib : sin.obj (.cinit)
                 [ 00040016 ]  0002000b          *   0000000a                 : _lock.obj (.cinit)
                 [ 0004002a ]  00020015          *   0000000a                 : exit.obj (.cinit)
                 [ 0004003e ]  0002001f          *   00000008   cslVC5505.lib : csl_i2s.obj (.cinit)
                 [ 0004004e ]  00020027          *   00000001   --HOLE-- [fill = 0]

vectors      0     0004fe00  [ 00027f00 ] 00000100          *   
                   0004fe00  [ 00027f00 ] 00000100          *   rts55x_eh.lib : vectors.obj (vectors)


GLOBAL SYMBOLS: SORTED ALPHABETICALLY BY Name 

abs. value/
byte addr   word addr   name
---------   ---------   ----
00000002                $TI_capability$C5500$CallingConvention
00000002                $TI_capability$C5500$MemoryModel
00000001                $TI_capability_requires_rev3
ffffffff                .bss
ffffffff                .data
ffffffff                .text
00023710                C$$EXIT
000236ce                I$$LMPY
000224fe                _AIC3204_Init
000226ae                _AIC3204_process
0002318f                _EZDSP5535_GPIO_getInput
00023126                _EZDSP5535_GPIO_init
00023151                _EZDSP5535_GPIO_setDirection
00023175                _EZDSP5535_GPIO_setOutput
00023098                _EZDSP5535_I2C_init
000230fe                _EZDSP5535_I2C_read
000230cd                _EZDSP5535_I2C_reset
000230d8                _EZDSP5535_I2C_write
00022e65                _EZDSP5535_I2S_close
00022d70                _EZDSP5535_I2S_init
00022dc9                _EZDSP5535_I2S_readLeft
00022e28                _EZDSP5535_I2S_readRight
00022dfb                _EZDSP5535_I2S_writeLeft
00022e49                _EZDSP5535_I2S_writeRight
000228e1                _EZDSP5535_LED_getall
000228ab                _EZDSP5535_LED_init
000229d6                _EZDSP5535_LED_off
000229a1                _EZDSP5535_LED_on
00022933                _EZDSP5535_LED_setall
00022a09                _EZDSP5535_LED_toggle
00022b05                _EZDSP5535_OSD9616_init
00022aba                _EZDSP5535_OSD9616_multiSend
00022be7                _EZDSP5535_OSD9616_printLetter
00022a92                _EZDSP5535_OSD9616_send
00022a64                _EZDSP5535_XF_get
00022a59                _EZDSP5535_XF_off
00022a4e                _EZDSP5535_XF_on
00022a73                _EZDSP5535_XF_toggle
000234fa                _EZDSP5535_init
000234b4                _EZDSP5535_wait
000234e8                _EZDSP5535_waitusec
00021b1a                _GPIO_clearInt
00021673                _GPIO_close
00021697                _GPIO_config
000218ca                _GPIO_configBit
00021a12                _GPIO_disableInt
00021a90                _GPIO_enableInt
0002171c                _GPIO_getConfig
0002162f                _GPIO_open
000217a4                _GPIO_read
00021c2d                _GPIO_reset
00021ba6                _GPIO_statusBit
00021827                _GPIO_write
            000018a4    _GpioObj
000200a9                _I2C_config
00020a74                _I2C_eventDisable
00020940                _I2C_eventEnable
0002020e                _I2C_getConfig
00020c20                _I2C_getEventId
00020000                _I2C_init
00020722                _I2C_read
00020b93                _I2C_setCallback
000202e4                _I2C_setup
000204de                _I2C_write
00021071                _I2S_close
00020c3c                _I2S_open
00021123                _I2S_read
00021533                _I2S_reset
00020d83                _I2S_setup
000215e4                _I2S_transEnable
000213dd                _I2S_write
00022f07                _NCO_generate_sample
00022e77                _NCO_init
0004fe00                _Reset
0002361f                _StopTest
            00001060    __STACK_END
00002000                __STACK_SIZE
00001000                __SYSSTACK_SIZE
00000001                __TI_args_main
ffffffff                ___binit__
ffffffff                ___bss__
ffffffff                ___c_args__
            00020000    ___cinit__
ffffffff                ___data__
ffffffff                ___edata__
ffffffff                ___end__
ffffffff                ___etext__
ffffffff                ___pinit__
ffffffff                ___text__
00022088                __addd
00023555                __args_main
            000018ac    __cleanup_ptr
00022853                __cmpd
00021cbc                __divd
00022ff7                __divul
            000018ae    __dtors_ptr
0002281f                __eqld
00023690                __fixdi
0002337f                __fixdli
000231ad                __fixdul
00023703                __fltid
000233ee                __fltlid
00023224                __frcmpyd
0002329a                __frcmpyd_div
000227d5                __geqd
0002278a                __gtrd
0002273d                __leqd
            000018a8    __lock
000226f5                __lssd
00022c24                __mpyd
000236ce                __mpyli
000236f3                __negd
000226c1                __neqd
000236f1                __nop
00023455                __nround
000236e9                __register_lock
000236e1                __register_unlock
0002330d                __remul
            00000060    __stack
000236ba                __subd
            00001060    __sysstack
000235a0                __trunc
            000018aa    __unlock
0002370f                _abort
00023508                _auto_init
0002365c                _c_int00
000235e1                _exit
            00001888    _fsError
            0000188a    _gI2cObj
            000018a6    _hGpio
            000018b0    _hI2s
            0000189a    _i2cHandle
00023621                _main
00022f38                _modf
            00001889    _ouError
000222e2                _sin
ffffffff                binit
            00020000    cinit
ffffffff                edata
ffffffff                end
ffffffff                etext
ffffffff                pinit


GLOBAL SYMBOLS: SORTED BY Symbol Address 

abs. value/
byte addr   word addr   name
---------   ---------   ----
00000001                $TI_capability_requires_rev3
00000001                __TI_args_main
00000002                $TI_capability$C5500$CallingConvention
00000002                $TI_capability$C5500$MemoryModel
            00000060    __stack
00001000                __SYSSTACK_SIZE
00002000                __STACK_SIZE
            00001060    __STACK_END
            00001060    __sysstack
            00001888    _fsError
            00001889    _ouError
            0000188a    _gI2cObj
            0000189a    _i2cHandle
            000018a4    _GpioObj
            000018a6    _hGpio
            000018a8    __lock
            000018aa    __unlock
            000018ac    __cleanup_ptr
            000018ae    __dtors_ptr
            000018b0    _hI2s
00020000                _I2C_init
000200a9                _I2C_config
0002020e                _I2C_getConfig
000202e4                _I2C_setup
000204de                _I2C_write
00020722                _I2C_read
00020940                _I2C_eventEnable
00020a74                _I2C_eventDisable
00020b93                _I2C_setCallback
00020c20                _I2C_getEventId
00020c3c                _I2S_open
00020d83                _I2S_setup
00021071                _I2S_close
00021123                _I2S_read
000213dd                _I2S_write
00021533                _I2S_reset
000215e4                _I2S_transEnable
0002162f                _GPIO_open
00021673                _GPIO_close
00021697                _GPIO_config
0002171c                _GPIO_getConfig
000217a4                _GPIO_read
00021827                _GPIO_write
000218ca                _GPIO_configBit
00021a12                _GPIO_disableInt
00021a90                _GPIO_enableInt
00021b1a                _GPIO_clearInt
00021ba6                _GPIO_statusBit
00021c2d                _GPIO_reset
00021cbc                __divd
00022088                __addd
000222e2                _sin
000224fe                _AIC3204_Init
000226ae                _AIC3204_process
000226c1                __neqd
000226f5                __lssd
0002273d                __leqd
0002278a                __gtrd
000227d5                __geqd
0002281f                __eqld
00022853                __cmpd
000228ab                _EZDSP5535_LED_init
000228e1                _EZDSP5535_LED_getall
00022933                _EZDSP5535_LED_setall
000229a1                _EZDSP5535_LED_on
000229d6                _EZDSP5535_LED_off
00022a09                _EZDSP5535_LED_toggle
00022a4e                _EZDSP5535_XF_on
00022a59                _EZDSP5535_XF_off
00022a64                _EZDSP5535_XF_get
00022a73                _EZDSP5535_XF_toggle
00022a92                _EZDSP5535_OSD9616_send
00022aba                _EZDSP5535_OSD9616_multiSend
00022b05                _EZDSP5535_OSD9616_init
00022be7                _EZDSP5535_OSD9616_printLetter
00022c24                __mpyd
00022d70                _EZDSP5535_I2S_init
00022dc9                _EZDSP5535_I2S_readLeft
00022dfb                _EZDSP5535_I2S_writeLeft
00022e28                _EZDSP5535_I2S_readRight
00022e49                _EZDSP5535_I2S_writeRight
00022e65                _EZDSP5535_I2S_close
00022e77                _NCO_init
00022f07                _NCO_generate_sample
00022f38                _modf
00022ff7                __divul
00023098                _EZDSP5535_I2C_init
000230cd                _EZDSP5535_I2C_reset
000230d8                _EZDSP5535_I2C_write
000230fe                _EZDSP5535_I2C_read
00023126                _EZDSP5535_GPIO_init
00023151                _EZDSP5535_GPIO_setDirection
00023175                _EZDSP5535_GPIO_setOutput
0002318f                _EZDSP5535_GPIO_getInput
000231ad                __fixdul
00023224                __frcmpyd
0002329a                __frcmpyd_div
0002330d                __remul
0002337f                __fixdli
000233ee                __fltlid
00023455                __nround
000234b4                _EZDSP5535_wait
000234e8                _EZDSP5535_waitusec
000234fa                _EZDSP5535_init
00023508                _auto_init
00023555                __args_main
000235a0                __trunc
000235e1                _exit
0002361f                _StopTest
00023621                _main
0002365c                _c_int00
00023690                __fixdi
000236ba                __subd
000236ce                I$$LMPY
000236ce                __mpyli
000236e1                __register_unlock
000236e9                __register_lock
000236f1                __nop
000236f3                __negd
00023703                __fltid
0002370f                _abort
00023710                C$$EXIT
            00020000    ___cinit__
            00020000    cinit
0004fe00                _Reset
ffffffff                .bss
ffffffff                .data
ffffffff                .text
ffffffff                ___binit__
ffffffff                ___bss__
ffffffff                ___c_args__
ffffffff                ___data__
ffffffff                ___edata__
ffffffff                ___end__
ffffffff                ___etext__
ffffffff                ___pinit__
ffffffff                ___text__
ffffffff                binit
ffffffff                edata
ffffffff                end
ffffffff                etext
ffffffff                pinit

[142 symbols]
