<?xml version="1.0"?>
<link_info>
   <banner>TMS320C55x Linker PC v4.4.1</banner>
   <copyright>Copyright (c) 1996-2012 Texas Instruments Incorporated</copyright>
   <link_time>0x67be7567</link_time>
   <output_file>aic3204.out</output_file>
   <entry_point>
      <name>_c_int00</name>
      <address>0x235d3</address>
   </entry_point>
   <input_file_list>
      <input_file id="fl-2">
         <path>.\</path>
         <kind>object</kind>
         <file>aic3204.obj</file>
         <name>aic3204.obj</name>
      </input_file>
      <input_file id="fl-3">
         <path>.\</path>
         <kind>object</kind>
         <file>ezdsp5535.obj</file>
         <name>ezdsp5535.obj</name>
      </input_file>
      <input_file id="fl-4">
         <path>.\</path>
         <kind>object</kind>
         <file>ezdsp5535_gpio.obj</file>
         <name>ezdsp5535_gpio.obj</name>
      </input_file>
      <input_file id="fl-5">
         <path>.\</path>
         <kind>object</kind>
         <file>ezdsp5535_i2c.obj</file>
         <name>ezdsp5535_i2c.obj</name>
      </input_file>
      <input_file id="fl-6">
         <path>.\</path>
         <kind>object</kind>
         <file>ezdsp5535_i2s.obj</file>
         <name>ezdsp5535_i2s.obj</name>
      </input_file>
      <input_file id="fl-7">
         <path>.\</path>
         <kind>object</kind>
         <file>ezdsp5535_lcd.obj</file>
         <name>ezdsp5535_lcd.obj</name>
      </input_file>
      <input_file id="fl-8">
         <path>.\</path>
         <kind>object</kind>
         <file>ezdsp5535_led.obj</file>
         <name>ezdsp5535_led.obj</name>
      </input_file>
      <input_file id="fl-9">
         <path>.\</path>
         <kind>object</kind>
         <file>main.obj</file>
         <name>main.obj</name>
      </input_file>
      <input_file id="fl-a">
         <path>.\</path>
         <kind>object</kind>
         <file>myfir.obj</file>
         <name>myfir.obj</name>
      </input_file>
      <input_file id="fl-b">
         <path>.\</path>
         <kind>object</kind>
         <file>nco.obj</file>
         <name>nco.obj</name>
      </input_file>
      <input_file id="fl-12">
         <path>C:\git\ECEN456\ezdsp5535_v1_spring2025\ezdsp5535_v1_spring2025\c55xx_csl\ccs_v4.0_examples\cslVC5505\Debug\</path>
         <kind>archive</kind>
         <file>cslVC5505.lib</file>
         <name>csl_i2s.obj</name>
      </input_file>
      <input_file id="fl-13">
         <path>C:\git\ECEN456\ezdsp5535_v1_spring2025\ezdsp5535_v1_spring2025\c55xx_csl\ccs_v4.0_examples\cslVC5505\Debug\</path>
         <kind>archive</kind>
         <file>cslVC5505.lib</file>
         <name>csl_i2c.obj</name>
      </input_file>
      <input_file id="fl-14">
         <path>C:\git\ECEN456\ezdsp5535_v1_spring2025\ezdsp5535_v1_spring2025\c55xx_csl\ccs_v4.0_examples\cslVC5505\Debug\</path>
         <kind>archive</kind>
         <file>cslVC5505.lib</file>
         <name>csl_gpio.obj</name>
      </input_file>
      <input_file id="fl-15">
         <path>C:\ti\ccsv6\tools\compiler\c5500_4.4.1\lib\</path>
         <kind>archive</kind>
         <file>rts55x_eh.lib</file>
         <name>boot.obj</name>
      </input_file>
      <input_file id="fl-16">
         <path>C:\ti\ccsv6\tools\compiler\c5500_4.4.1\lib\</path>
         <kind>archive</kind>
         <file>rts55x_eh.lib</file>
         <name>divd.obj</name>
      </input_file>
      <input_file id="fl-17">
         <path>C:\ti\ccsv6\tools\compiler\c5500_4.4.1\lib\</path>
         <kind>archive</kind>
         <file>rts55x_eh.lib</file>
         <name>divul.obj</name>
      </input_file>
      <input_file id="fl-18">
         <path>C:\ti\ccsv6\tools\compiler\c5500_4.4.1\lib\</path>
         <kind>archive</kind>
         <file>rts55x_eh.lib</file>
         <name>exit.obj</name>
      </input_file>
      <input_file id="fl-19">
         <path>C:\ti\ccsv6\tools\compiler\c5500_4.4.1\lib\</path>
         <kind>archive</kind>
         <file>rts55x_eh.lib</file>
         <name>fixdi.obj</name>
      </input_file>
      <input_file id="fl-1a">
         <path>C:\ti\ccsv6\tools\compiler\c5500_4.4.1\lib\</path>
         <kind>archive</kind>
         <file>rts55x_eh.lib</file>
         <name>fixdli.obj</name>
      </input_file>
      <input_file id="fl-1b">
         <path>C:\ti\ccsv6\tools\compiler\c5500_4.4.1\lib\</path>
         <kind>archive</kind>
         <file>rts55x_eh.lib</file>
         <name>fixdul.obj</name>
      </input_file>
      <input_file id="fl-1c">
         <path>C:\ti\ccsv6\tools\compiler\c5500_4.4.1\lib\</path>
         <kind>archive</kind>
         <file>rts55x_eh.lib</file>
         <name>fltid.obj</name>
      </input_file>
      <input_file id="fl-1d">
         <path>C:\ti\ccsv6\tools\compiler\c5500_4.4.1\lib\</path>
         <kind>archive</kind>
         <file>rts55x_eh.lib</file>
         <name>fltlid.obj</name>
      </input_file>
      <input_file id="fl-1e">
         <path>C:\ti\ccsv6\tools\compiler\c5500_4.4.1\lib\</path>
         <kind>archive</kind>
         <file>rts55x_eh.lib</file>
         <name>frcmpyd_div.obj</name>
      </input_file>
      <input_file id="fl-1f">
         <path>C:\ti\ccsv6\tools\compiler\c5500_4.4.1\lib\</path>
         <kind>archive</kind>
         <file>rts55x_eh.lib</file>
         <name>lmpy.obj</name>
      </input_file>
      <input_file id="fl-20">
         <path>C:\ti\ccsv6\tools\compiler\c5500_4.4.1\lib\</path>
         <kind>archive</kind>
         <file>rts55x_eh.lib</file>
         <name>memset.obj</name>
      </input_file>
      <input_file id="fl-21">
         <path>C:\ti\ccsv6\tools\compiler\c5500_4.4.1\lib\</path>
         <kind>archive</kind>
         <file>rts55x_eh.lib</file>
         <name>mpyd.obj</name>
      </input_file>
      <input_file id="fl-22">
         <path>C:\ti\ccsv6\tools\compiler\c5500_4.4.1\lib\</path>
         <kind>archive</kind>
         <file>rts55x_eh.lib</file>
         <name>remul.obj</name>
      </input_file>
      <input_file id="fl-23">
         <path>C:\ti\ccsv6\tools\compiler\c5500_4.4.1\lib\</path>
         <kind>archive</kind>
         <file>rts55x_eh.lib</file>
         <name>sin.obj</name>
      </input_file>
      <input_file id="fl-24">
         <path>C:\ti\ccsv6\tools\compiler\c5500_4.4.1\lib\</path>
         <kind>archive</kind>
         <file>rts55x_eh.lib</file>
         <name>subd.obj</name>
      </input_file>
      <input_file id="fl-25">
         <path>C:\ti\ccsv6\tools\compiler\c5500_4.4.1\lib\</path>
         <kind>archive</kind>
         <file>rts55x_eh.lib</file>
         <name>trunc.obj</name>
      </input_file>
      <input_file id="fl-26">
         <path>C:\ti\ccsv6\tools\compiler\c5500_4.4.1\lib\</path>
         <kind>archive</kind>
         <file>rts55x_eh.lib</file>
         <name>vectors.obj</name>
      </input_file>
      <input_file id="fl-27">
         <path>C:\ti\ccsv6\tools\compiler\c5500_4.4.1\lib\</path>
         <kind>archive</kind>
         <file>rts55x_eh.lib</file>
         <name>_lock.obj</name>
      </input_file>
      <input_file id="fl-28">
         <path>C:\ti\ccsv6\tools\compiler\c5500_4.4.1\lib\</path>
         <kind>archive</kind>
         <file>rts55x_eh.lib</file>
         <name>addd.obj</name>
      </input_file>
      <input_file id="fl-29">
         <path>C:\ti\ccsv6\tools\compiler\c5500_4.4.1\lib\</path>
         <kind>archive</kind>
         <file>rts55x_eh.lib</file>
         <name>args_main.obj</name>
      </input_file>
      <input_file id="fl-2a">
         <path>C:\ti\ccsv6\tools\compiler\c5500_4.4.1\lib\</path>
         <kind>archive</kind>
         <file>rts55x_eh.lib</file>
         <name>autoinit.obj</name>
      </input_file>
      <input_file id="fl-2b">
         <path>C:\ti\ccsv6\tools\compiler\c5500_4.4.1\lib\</path>
         <kind>archive</kind>
         <file>rts55x_eh.lib</file>
         <name>cmpd.obj</name>
      </input_file>
      <input_file id="fl-2c">
         <path>C:\ti\ccsv6\tools\compiler\c5500_4.4.1\lib\</path>
         <kind>archive</kind>
         <file>rts55x_eh.lib</file>
         <name>frcmpyd.obj</name>
      </input_file>
      <input_file id="fl-2d">
         <path>C:\ti\ccsv6\tools\compiler\c5500_4.4.1\lib\</path>
         <kind>archive</kind>
         <file>rts55x_eh.lib</file>
         <name>modf.obj</name>
      </input_file>
      <input_file id="fl-2e">
         <path>C:\ti\ccsv6\tools\compiler\c5500_4.4.1\lib\</path>
         <kind>archive</kind>
         <file>rts55x_eh.lib</file>
         <name>negd.obj</name>
      </input_file>
      <input_file id="fl-2f">
         <path>C:\ti\ccsv6\tools\compiler\c5500_4.4.1\lib\</path>
         <kind>archive</kind>
         <file>rts55x_eh.lib</file>
         <name>round.obj</name>
      </input_file>
   </input_file_list>
   <object_component_list>
      <object_component id="oc-4e">
         <name>.text</name>
         <load_address>0x20000</load_address>
         <run_address>0x20000</run_address>
         <size>0xc3c</size>
         <input_file_ref idref="fl-13"/>
      </object_component>
      <object_component id="oc-47">
         <name>.text</name>
         <load_address>0x20c3c</load_address>
         <run_address>0x20c3c</run_address>
         <size>0x9f3</size>
         <input_file_ref idref="fl-12"/>
      </object_component>
      <object_component id="oc-54">
         <name>.text</name>
         <load_address>0x2162f</load_address>
         <run_address>0x2162f</run_address>
         <size>0x68d</size>
         <input_file_ref idref="fl-14"/>
      </object_component>
      <object_component id="oc-5d">
         <name>.text</name>
         <load_address>0x21cbc</load_address>
         <run_address>0x21cbc</run_address>
         <size>0x3cc</size>
         <input_file_ref idref="fl-16"/>
      </object_component>
      <object_component id="oc-af">
         <name>.text</name>
         <load_address>0x22088</load_address>
         <run_address>0x22088</run_address>
         <size>0x25a</size>
         <input_file_ref idref="fl-28"/>
      </object_component>
      <object_component id="oc-12">
         <name>.text</name>
         <load_address>0x222e2</load_address>
         <run_address>0x222e2</run_address>
         <size>0x253</size>
         <input_file_ref idref="fl-2"/>
      </object_component>
      <object_component id="oc-95">
         <name>.text</name>
         <load_address>0x22535</load_address>
         <run_address>0x22535</run_address>
         <size>0x1f2</size>
         <input_file_ref idref="fl-23"/>
      </object_component>
      <object_component id="oc-bb">
         <name>.text</name>
         <load_address>0x22727</load_address>
         <run_address>0x22727</run_address>
         <size>0x1ea</size>
         <input_file_ref idref="fl-2b"/>
      </object_component>
      <object_component id="oc-32">
         <name>.text</name>
         <load_address>0x22911</load_address>
         <run_address>0x22911</run_address>
         <size>0x1c8</size>
         <input_file_ref idref="fl-8"/>
      </object_component>
      <object_component id="oc-2d">
         <name>.text</name>
         <load_address>0x22ad9</load_address>
         <run_address>0x22ad9</run_address>
         <size>0x178</size>
         <input_file_ref idref="fl-7"/>
      </object_component>
      <object_component id="oc-8d">
         <name>.text</name>
         <load_address>0x22c51</load_address>
         <run_address>0x22c51</run_address>
         <size>0x14c</size>
         <input_file_ref idref="fl-21"/>
      </object_component>
      <object_component id="oc-27">
         <name>.text</name>
         <load_address>0x22d9d</load_address>
         <run_address>0x22d9d</run_address>
         <size>0xd0</size>
         <input_file_ref idref="fl-6"/>
      </object_component>
      <object_component id="oc-c3">
         <name>.text</name>
         <load_address>0x22e6d</load_address>
         <run_address>0x22e6d</run_address>
         <size>0xbf</size>
         <input_file_ref idref="fl-2d"/>
      </object_component>
      <object_component id="oc-61">
         <name>.text</name>
         <load_address>0x22f2c</load_address>
         <run_address>0x22f2c</run_address>
         <size>0xa1</size>
         <input_file_ref idref="fl-17"/>
      </object_component>
      <object_component id="oc-41">
         <name>.text</name>
         <load_address>0x22fcd</load_address>
         <run_address>0x22fcd</run_address>
         <size>0x84</size>
         <input_file_ref idref="fl-b"/>
      </object_component>
      <object_component id="oc-74">
         <name>.text</name>
         <load_address>0x23051</load_address>
         <run_address>0x23051</run_address>
         <size>0x77</size>
         <input_file_ref idref="fl-1b"/>
      </object_component>
      <object_component id="oc-bf">
         <name>.text</name>
         <load_address>0x230c8</load_address>
         <run_address>0x230c8</run_address>
         <size>0x76</size>
         <input_file_ref idref="fl-2c"/>
      </object_component>
      <object_component id="oc-81">
         <name>.text</name>
         <load_address>0x2313e</load_address>
         <run_address>0x2313e</run_address>
         <size>0x73</size>
         <input_file_ref idref="fl-1e"/>
      </object_component>
      <object_component id="oc-91">
         <name>.text</name>
         <load_address>0x231b1</load_address>
         <run_address>0x231b1</run_address>
         <size>0x72</size>
         <input_file_ref idref="fl-22"/>
      </object_component>
      <object_component id="oc-22">
         <name>.text</name>
         <load_address>0x23223</load_address>
         <run_address>0x23223</run_address>
         <size>0x6f</size>
         <input_file_ref idref="fl-5"/>
      </object_component>
      <object_component id="oc-70">
         <name>.text</name>
         <load_address>0x23292</load_address>
         <run_address>0x23292</run_address>
         <size>0x6f</size>
         <input_file_ref idref="fl-1a"/>
      </object_component>
      <object_component id="oc-1c">
         <name>.text</name>
         <load_address>0x23301</load_address>
         <run_address>0x23301</run_address>
         <size>0x6c</size>
         <input_file_ref idref="fl-4"/>
      </object_component>
      <object_component id="oc-7c">
         <name>.text</name>
         <load_address>0x2336d</load_address>
         <run_address>0x2336d</run_address>
         <size>0x67</size>
         <input_file_ref idref="fl-1d"/>
      </object_component>
      <object_component id="oc-cc">
         <name>.text</name>
         <load_address>0x233d4</load_address>
         <run_address>0x233d4</run_address>
         <size>0x5f</size>
         <input_file_ref idref="fl-2f"/>
      </object_component>
      <object_component id="oc-b7">
         <name>.text</name>
         <load_address>0x23433</load_address>
         <run_address>0x23433</run_address>
         <size>0x4d</size>
         <input_file_ref idref="fl-2a"/>
      </object_component>
      <object_component id="oc-b3">
         <name>.text</name>
         <load_address>0x23480</load_address>
         <run_address>0x23480</run_address>
         <size>0x4b</size>
         <input_file_ref idref="fl-29"/>
      </object_component>
      <object_component id="oc-17">
         <name>.text</name>
         <load_address>0x234cb</load_address>
         <run_address>0x234cb</run_address>
         <size>0x45</size>
         <input_file_ref idref="fl-3"/>
      </object_component>
      <object_component id="oc-3c">
         <name>.text</name>
         <load_address>0x23510</load_address>
         <run_address>0x23510</run_address>
         <size>0x44</size>
         <input_file_ref idref="fl-a"/>
      </object_component>
      <object_component id="oc-a0">
         <name>.text</name>
         <load_address>0x23554</load_address>
         <run_address>0x23554</run_address>
         <size>0x41</size>
         <input_file_ref idref="fl-25"/>
      </object_component>
      <object_component id="oc-65">
         <name>.text</name>
         <load_address>0x23595</load_address>
         <run_address>0x23595</run_address>
         <size>0x3e</size>
         <input_file_ref idref="fl-18"/>
      </object_component>
      <object_component id="oc-10">
         <name>.text</name>
         <load_address>0x235d3</load_address>
         <run_address>0x235d3</run_address>
         <size>0x34</size>
         <input_file_ref idref="fl-15"/>
      </object_component>
      <object_component id="oc-6c">
         <name>.text</name>
         <load_address>0x23607</load_address>
         <run_address>0x23607</run_address>
         <size>0x2a</size>
         <input_file_ref idref="fl-19"/>
      </object_component>
      <object_component id="oc-37">
         <name>.text</name>
         <load_address>0x23631</load_address>
         <run_address>0x23631</run_address>
         <size>0x14</size>
         <input_file_ref idref="fl-9"/>
      </object_component>
      <object_component id="oc-9c">
         <name>.text</name>
         <load_address>0x23645</load_address>
         <run_address>0x23645</run_address>
         <size>0x14</size>
         <input_file_ref idref="fl-24"/>
      </object_component>
      <object_component id="oc-85">
         <name>.text</name>
         <load_address>0x23659</load_address>
         <run_address>0x23659</run_address>
         <size>0x13</size>
         <input_file_ref idref="fl-1f"/>
      </object_component>
      <object_component id="oc-a9">
         <name>.text</name>
         <load_address>0x2366c</load_address>
         <run_address>0x2366c</run_address>
         <size>0x12</size>
         <input_file_ref idref="fl-27"/>
      </object_component>
      <object_component id="oc-89">
         <name>.text</name>
         <load_address>0x2367e</load_address>
         <run_address>0x2367e</run_address>
         <size>0x11</size>
         <input_file_ref idref="fl-20"/>
      </object_component>
      <object_component id="oc-c8">
         <name>.text</name>
         <load_address>0x2368f</load_address>
         <run_address>0x2368f</run_address>
         <size>0x10</size>
         <input_file_ref idref="fl-2e"/>
      </object_component>
      <object_component id="oc-78">
         <name>.text</name>
         <load_address>0x2369f</load_address>
         <run_address>0x2369f</run_address>
         <size>0xc</size>
         <input_file_ref idref="fl-1c"/>
      </object_component>
      <object_component id="oc-69">
         <name>.text:CIO_breakpoint</name>
         <load_address>0x236ab</load_address>
         <run_address>0x236ab</run_address>
         <size>0x7</size>
         <input_file_ref idref="fl-18"/>
      </object_component>
      <object_component id="oc-a5">
         <name>.text</name>
         <load_address>0x236b2</load_address>
         <run_address>0x236b2</run_address>
         <size>0x2</size>
         <input_file_ref idref="fl-26"/>
      </object_component>
      <object_component id="oc-59">
         <name>.stack</name>
         <uninitialized>true</uninitialized>
         <run_address>0xc0</run_address>
         <size>0x0</size>
         <input_file_ref idref="fl-15"/>
      </object_component>
      <object_component id="oc-ec">
         <name>.stack</name>
         <uninitialized>true</uninitialized>
         <run_address>0xc0</run_address>
         <size>0x0</size>
      </object_component>
      <object_component id="oc-d1">
         <name>.sysstack</name>
         <uninitialized>true</uninitialized>
         <run_address>0x20c0</run_address>
         <size>0x0</size>
         <input_file_ref idref="fl-15"/>
      </object_component>
      <object_component id="oc-ed">
         <name>.sysstack</name>
         <uninitialized>true</uninitialized>
         <run_address>0x20c0</run_address>
         <size>0x0</size>
      </object_component>
      <object_component id="oc-48">
         <name>.bss</name>
         <uninitialized>true</uninitialized>
         <run_address>0x3530</run_address>
         <size>0x54</size>
         <input_file_ref idref="fl-12"/>
      </object_component>
      <object_component id="oc-4f">
         <name>.bss</name>
         <uninitialized>true</uninitialized>
         <run_address>0x3584</run_address>
         <size>0x24</size>
         <input_file_ref idref="fl-13"/>
      </object_component>
      <object_component id="oc-96">
         <name>.bss</name>
         <uninitialized>true</uninitialized>
         <run_address>0x35a8</run_address>
         <size>0x10</size>
         <input_file_ref idref="fl-23"/>
      </object_component>
      <object_component id="oc-1d">
         <name>.bss</name>
         <uninitialized>true</uninitialized>
         <run_address>0x35b8</run_address>
         <size>0x8</size>
         <input_file_ref idref="fl-4"/>
      </object_component>
      <object_component id="oc-aa">
         <name>.bss</name>
         <uninitialized>true</uninitialized>
         <run_address>0x35c0</run_address>
         <size>0x8</size>
         <input_file_ref idref="fl-27"/>
      </object_component>
      <object_component id="oc-66">
         <name>.bss</name>
         <uninitialized>true</uninitialized>
         <run_address>0x35c8</run_address>
         <size>0x8</size>
         <input_file_ref idref="fl-18"/>
      </object_component>
      <object_component id="oc-28">
         <name>.bss</name>
         <uninitialized>true</uninitialized>
         <run_address>0x35d0</run_address>
         <size>0x4</size>
         <input_file_ref idref="fl-6"/>
      </object_component>
      <object_component id="oc-d2">
         <name>.const:_$P$T0$1</name>
         <load_address>0x30c0</load_address>
         <run_address>0x30c0</run_address>
         <size>0x21c</size>
         <input_file_ref idref="fl-2"/>
      </object_component>
      <object_component id="oc-d3">
         <name>.const:_$P$T1$2</name>
         <load_address>0x32dc</load_address>
         <run_address>0x32dc</run_address>
         <size>0x1e0</size>
         <input_file_ref idref="fl-2"/>
      </object_component>
      <object_component id="oc-99">
         <name>.const</name>
         <load_address>0x34bc</load_address>
         <run_address>0x34bc</run_address>
         <size>0x28</size>
         <input_file_ref idref="fl-23"/>
      </object_component>
      <object_component id="oc-43">
         <name>.const</name>
         <load_address>0x34e4</load_address>
         <run_address>0x34e4</run_address>
         <size>0x14</size>
         <input_file_ref idref="fl-b"/>
      </object_component>
      <object_component id="oc-d4">
         <name>.const:_initial_approx$1</name>
         <load_address>0x34f8</load_address>
         <run_address>0x34f8</run_address>
         <size>0x10</size>
         <input_file_ref idref="fl-16"/>
      </object_component>
      <object_component id="oc-ce">
         <name>.const</name>
         <load_address>0x3508</load_address>
         <run_address>0x3508</run_address>
         <size>0x10</size>
         <input_file_ref idref="fl-2f"/>
      </object_component>
      <object_component id="oc-c5">
         <name>.const</name>
         <load_address>0x3518</load_address>
         <run_address>0x3518</run_address>
         <size>0xc</size>
         <input_file_ref idref="fl-2d"/>
      </object_component>
      <object_component id="oc-a2">
         <name>.const</name>
         <load_address>0x3524</load_address>
         <run_address>0x3524</run_address>
         <size>0x8</size>
         <input_file_ref idref="fl-25"/>
      </object_component>
      <object_component id="oc-7e">
         <name>.const</name>
         <load_address>0x352c</load_address>
         <run_address>0x352c</run_address>
         <size>0x4</size>
         <input_file_ref idref="fl-1d"/>
      </object_component>
      <object_component id="oc-98">
         <name>.cinit</name>
         <load_address>0x40000</load_address>
         <run_address>0x40000</run_address>
         <size>0x16</size>
         <input_file_ref idref="fl-23"/>
      </object_component>
      <object_component id="oc-ac">
         <name>.cinit</name>
         <load_address>0x40016</load_address>
         <run_address>0x40016</run_address>
         <size>0x14</size>
         <input_file_ref idref="fl-27"/>
      </object_component>
      <object_component id="oc-68">
         <name>.cinit</name>
         <load_address>0x4002a</load_address>
         <run_address>0x4002a</run_address>
         <size>0x14</size>
         <input_file_ref idref="fl-18"/>
      </object_component>
      <object_component id="oc-4a">
         <name>.cinit</name>
         <load_address>0x4003e</load_address>
         <run_address>0x4003e</run_address>
         <size>0x10</size>
         <input_file_ref idref="fl-12"/>
      </object_component>
      <object_component id="oc-11">
         <name>vectors</name>
         <load_address>0x4fe00</load_address>
         <run_address>0x4fe00</run_address>
         <size>0x100</size>
         <input_file_ref idref="fl-26"/>
      </object_component>
      <object_component id="oc-13">
         <name>.debug_info</name>
         <load_address>0x0</load_address>
         <run_address>0x0</run_address>
         <size>0xe1e</size>
         <input_file_ref idref="fl-2"/>
      </object_component>
      <object_component id="oc-18">
         <name>.debug_info</name>
         <load_address>0xe1e</load_address>
         <run_address>0xe1e</run_address>
         <size>0xcbe</size>
         <input_file_ref idref="fl-3"/>
      </object_component>
      <object_component id="oc-1e">
         <name>.debug_info</name>
         <load_address>0x1adc</load_address>
         <run_address>0x1adc</run_address>
         <size>0x1434</size>
         <input_file_ref idref="fl-4"/>
      </object_component>
      <object_component id="oc-23">
         <name>.debug_info</name>
         <load_address>0x2f10</load_address>
         <run_address>0x2f10</run_address>
         <size>0x95a</size>
         <input_file_ref idref="fl-5"/>
      </object_component>
      <object_component id="oc-29">
         <name>.debug_info</name>
         <load_address>0x386a</load_address>
         <run_address>0x386a</run_address>
         <size>0x1535</size>
         <input_file_ref idref="fl-6"/>
      </object_component>
      <object_component id="oc-2e">
         <name>.debug_info</name>
         <load_address>0x4d9f</load_address>
         <run_address>0x4d9f</run_address>
         <size>0xd7c</size>
         <input_file_ref idref="fl-7"/>
      </object_component>
      <object_component id="oc-33">
         <name>.debug_info</name>
         <load_address>0x5b1b</load_address>
         <run_address>0x5b1b</run_address>
         <size>0x1009</size>
         <input_file_ref idref="fl-8"/>
      </object_component>
      <object_component id="oc-38">
         <name>.debug_info</name>
         <load_address>0x6b24</load_address>
         <run_address>0x6b24</run_address>
         <size>0x65a</size>
         <input_file_ref idref="fl-9"/>
      </object_component>
      <object_component id="oc-3d">
         <name>.debug_info</name>
         <load_address>0x717e</load_address>
         <run_address>0x717e</run_address>
         <size>0x734</size>
         <input_file_ref idref="fl-a"/>
      </object_component>
      <object_component id="oc-42">
         <name>.debug_info</name>
         <load_address>0x78b2</load_address>
         <run_address>0x78b2</run_address>
         <size>0x788</size>
         <input_file_ref idref="fl-b"/>
      </object_component>
      <object_component id="oc-49">
         <name>.debug_info</name>
         <load_address>0x803a</load_address>
         <run_address>0x803a</run_address>
         <size>0x710f</size>
         <input_file_ref idref="fl-12"/>
      </object_component>
      <object_component id="oc-50">
         <name>.debug_info</name>
         <load_address>0xf149</load_address>
         <run_address>0xf149</run_address>
         <size>0x7424</size>
         <input_file_ref idref="fl-13"/>
      </object_component>
      <object_component id="oc-55">
         <name>.debug_info</name>
         <load_address>0x1656d</load_address>
         <run_address>0x1656d</run_address>
         <size>0x6ced</size>
         <input_file_ref idref="fl-14"/>
      </object_component>
      <object_component id="oc-5a">
         <name>.debug_info</name>
         <load_address>0x1d25a</load_address>
         <run_address>0x1d25a</run_address>
         <size>0x100</size>
         <input_file_ref idref="fl-15"/>
      </object_component>
      <object_component id="oc-5e">
         <name>.debug_info</name>
         <load_address>0x1d35a</load_address>
         <run_address>0x1d35a</run_address>
         <size>0x81a</size>
         <input_file_ref idref="fl-16"/>
      </object_component>
      <object_component id="oc-62">
         <name>.debug_info</name>
         <load_address>0x1db74</load_address>
         <run_address>0x1db74</run_address>
         <size>0x566</size>
         <input_file_ref idref="fl-17"/>
      </object_component>
      <object_component id="oc-67">
         <name>.debug_info</name>
         <load_address>0x1e0da</load_address>
         <run_address>0x1e0da</run_address>
         <size>0x62d</size>
         <input_file_ref idref="fl-18"/>
      </object_component>
      <object_component id="oc-6d">
         <name>.debug_info</name>
         <load_address>0x1e707</load_address>
         <run_address>0x1e707</run_address>
         <size>0x4e7</size>
         <input_file_ref idref="fl-19"/>
      </object_component>
      <object_component id="oc-71">
         <name>.debug_info</name>
         <load_address>0x1ebee</load_address>
         <run_address>0x1ebee</run_address>
         <size>0x54c</size>
         <input_file_ref idref="fl-1a"/>
      </object_component>
      <object_component id="oc-75">
         <name>.debug_info</name>
         <load_address>0x1f13a</load_address>
         <run_address>0x1f13a</run_address>
         <size>0x54c</size>
         <input_file_ref idref="fl-1b"/>
      </object_component>
      <object_component id="oc-79">
         <name>.debug_info</name>
         <load_address>0x1f686</load_address>
         <run_address>0x1f686</run_address>
         <size>0x4e7</size>
         <input_file_ref idref="fl-1c"/>
      </object_component>
      <object_component id="oc-7d">
         <name>.debug_info</name>
         <load_address>0x1fb6d</load_address>
         <run_address>0x1fb6d</run_address>
         <size>0x57b</size>
         <input_file_ref idref="fl-1d"/>
      </object_component>
      <object_component id="oc-82">
         <name>.debug_info</name>
         <load_address>0x200e8</load_address>
         <run_address>0x200e8</run_address>
         <size>0x556</size>
         <input_file_ref idref="fl-1e"/>
      </object_component>
      <object_component id="oc-86">
         <name>.debug_info</name>
         <load_address>0x2063e</load_address>
         <run_address>0x2063e</run_address>
         <size>0xd5</size>
         <input_file_ref idref="fl-1f"/>
      </object_component>
      <object_component id="oc-8a">
         <name>.debug_info</name>
         <load_address>0x20713</load_address>
         <run_address>0x20713</run_address>
         <size>0x61d</size>
         <input_file_ref idref="fl-20"/>
      </object_component>
      <object_component id="oc-8e">
         <name>.debug_info</name>
         <load_address>0x20d30</load_address>
         <run_address>0x20d30</run_address>
         <size>0x573</size>
         <input_file_ref idref="fl-21"/>
      </object_component>
      <object_component id="oc-92">
         <name>.debug_info</name>
         <load_address>0x212a3</load_address>
         <run_address>0x212a3</run_address>
         <size>0x566</size>
         <input_file_ref idref="fl-22"/>
      </object_component>
      <object_component id="oc-97">
         <name>.debug_info</name>
         <load_address>0x21809</load_address>
         <run_address>0x21809</run_address>
         <size>0x721</size>
         <input_file_ref idref="fl-23"/>
      </object_component>
      <object_component id="oc-9d">
         <name>.debug_info</name>
         <load_address>0x21f2a</load_address>
         <run_address>0x21f2a</run_address>
         <size>0x4f6</size>
         <input_file_ref idref="fl-24"/>
      </object_component>
      <object_component id="oc-a1">
         <name>.debug_info</name>
         <load_address>0x22420</load_address>
         <run_address>0x22420</run_address>
         <size>0x539</size>
         <input_file_ref idref="fl-25"/>
      </object_component>
      <object_component id="oc-a6">
         <name>.debug_info</name>
         <load_address>0x22959</load_address>
         <run_address>0x22959</run_address>
         <size>0xd4</size>
         <input_file_ref idref="fl-26"/>
      </object_component>
      <object_component id="oc-ab">
         <name>.debug_info</name>
         <load_address>0x22a2d</load_address>
         <run_address>0x22a2d</run_address>
         <size>0x5d4</size>
         <input_file_ref idref="fl-27"/>
      </object_component>
      <object_component id="oc-b0">
         <name>.debug_info</name>
         <load_address>0x23001</load_address>
         <run_address>0x23001</run_address>
         <size>0x5dd</size>
         <input_file_ref idref="fl-28"/>
      </object_component>
      <object_component id="oc-b4">
         <name>.debug_info</name>
         <load_address>0x235de</load_address>
         <run_address>0x235de</run_address>
         <size>0x59e</size>
         <input_file_ref idref="fl-29"/>
      </object_component>
      <object_component id="oc-b8">
         <name>.debug_info</name>
         <load_address>0x23b7c</load_address>
         <run_address>0x23b7c</run_address>
         <size>0xe5</size>
         <input_file_ref idref="fl-2a"/>
      </object_component>
      <object_component id="oc-bc">
         <name>.debug_info</name>
         <load_address>0x23c61</load_address>
         <run_address>0x23c61</run_address>
         <size>0x837</size>
         <input_file_ref idref="fl-2b"/>
      </object_component>
      <object_component id="oc-c0">
         <name>.debug_info</name>
         <load_address>0x24498</load_address>
         <run_address>0x24498</run_address>
         <size>0x4ea</size>
         <input_file_ref idref="fl-2c"/>
      </object_component>
      <object_component id="oc-c4">
         <name>.debug_info</name>
         <load_address>0x24982</load_address>
         <run_address>0x24982</run_address>
         <size>0x524</size>
         <input_file_ref idref="fl-2d"/>
      </object_component>
      <object_component id="oc-c9">
         <name>.debug_info</name>
         <load_address>0x24ea6</load_address>
         <run_address>0x24ea6</run_address>
         <size>0x4cf</size>
         <input_file_ref idref="fl-2e"/>
      </object_component>
      <object_component id="oc-cd">
         <name>.debug_info</name>
         <load_address>0x25375</load_address>
         <run_address>0x25375</run_address>
         <size>0x546</size>
         <input_file_ref idref="fl-2f"/>
      </object_component>
      <object_component id="oc-f2">
         <name>.debug_info</name>
         <load_address>0x258bb</load_address>
         <run_address>0x258bb</run_address>
         <size>0x6e</size>
      </object_component>
      <object_component id="oc-14">
         <name>.debug_frame</name>
         <load_address>0x0</load_address>
         <run_address>0x0</run_address>
         <size>0x144</size>
         <input_file_ref idref="fl-2"/>
      </object_component>
      <object_component id="oc-19">
         <name>.debug_frame</name>
         <load_address>0x144</load_address>
         <run_address>0x144</run_address>
         <size>0x116</size>
         <input_file_ref idref="fl-3"/>
      </object_component>
      <object_component id="oc-1f">
         <name>.debug_frame</name>
         <load_address>0x25a</load_address>
         <run_address>0x25a</run_address>
         <size>0x138</size>
         <input_file_ref idref="fl-4"/>
      </object_component>
      <object_component id="oc-24">
         <name>.debug_frame</name>
         <load_address>0x392</load_address>
         <run_address>0x392</run_address>
         <size>0x138</size>
         <input_file_ref idref="fl-5"/>
      </object_component>
      <object_component id="oc-2a">
         <name>.debug_frame</name>
         <load_address>0x4ca</load_address>
         <run_address>0x4ca</run_address>
         <size>0x161</size>
         <input_file_ref idref="fl-6"/>
      </object_component>
      <object_component id="oc-2f">
         <name>.debug_frame</name>
         <load_address>0x62b</load_address>
         <run_address>0x62b</run_address>
         <size>0x158</size>
         <input_file_ref idref="fl-7"/>
      </object_component>
      <object_component id="oc-34">
         <name>.debug_frame</name>
         <load_address>0x783</load_address>
         <run_address>0x783</run_address>
         <size>0x204</size>
         <input_file_ref idref="fl-8"/>
      </object_component>
      <object_component id="oc-39">
         <name>.debug_frame</name>
         <load_address>0x987</load_address>
         <run_address>0x987</run_address>
         <size>0xe1</size>
         <input_file_ref idref="fl-9"/>
      </object_component>
      <object_component id="oc-3e">
         <name>.debug_frame</name>
         <load_address>0xa68</load_address>
         <run_address>0xa68</run_address>
         <size>0xde</size>
         <input_file_ref idref="fl-a"/>
      </object_component>
      <object_component id="oc-44">
         <name>.debug_frame</name>
         <load_address>0xb46</load_address>
         <run_address>0xb46</run_address>
         <size>0x110</size>
         <input_file_ref idref="fl-b"/>
      </object_component>
      <object_component id="oc-4b">
         <name>.debug_frame</name>
         <load_address>0xc56</load_address>
         <run_address>0xc56</run_address>
         <size>0x197</size>
         <input_file_ref idref="fl-12"/>
      </object_component>
      <object_component id="oc-51">
         <name>.debug_frame</name>
         <load_address>0xded</load_address>
         <run_address>0xded</run_address>
         <size>0x1ef</size>
         <input_file_ref idref="fl-13"/>
      </object_component>
      <object_component id="oc-56">
         <name>.debug_frame</name>
         <load_address>0xfdc</load_address>
         <run_address>0xfdc</run_address>
         <size>0x224</size>
         <input_file_ref idref="fl-14"/>
      </object_component>
      <object_component id="oc-15">
         <name>.debug_line</name>
         <load_address>0x0</load_address>
         <run_address>0x0</run_address>
         <size>0xb5</size>
         <input_file_ref idref="fl-2"/>
      </object_component>
      <object_component id="oc-1a">
         <name>.debug_line</name>
         <load_address>0xb5</load_address>
         <run_address>0xb5</run_address>
         <size>0x81</size>
         <input_file_ref idref="fl-3"/>
      </object_component>
      <object_component id="oc-20">
         <name>.debug_line</name>
         <load_address>0x136</load_address>
         <run_address>0x136</run_address>
         <size>0x9f</size>
         <input_file_ref idref="fl-4"/>
      </object_component>
      <object_component id="oc-25">
         <name>.debug_line</name>
         <load_address>0x1d5</load_address>
         <run_address>0x1d5</run_address>
         <size>0xa0</size>
         <input_file_ref idref="fl-5"/>
      </object_component>
      <object_component id="oc-2b">
         <name>.debug_line</name>
         <load_address>0x275</load_address>
         <run_address>0x275</run_address>
         <size>0xe0</size>
         <input_file_ref idref="fl-6"/>
      </object_component>
      <object_component id="oc-30">
         <name>.debug_line</name>
         <load_address>0x355</load_address>
         <run_address>0x355</run_address>
         <size>0xcf</size>
         <input_file_ref idref="fl-7"/>
      </object_component>
      <object_component id="oc-35">
         <name>.debug_line</name>
         <load_address>0x424</load_address>
         <run_address>0x424</run_address>
         <size>0x198</size>
         <input_file_ref idref="fl-8"/>
      </object_component>
      <object_component id="oc-3a">
         <name>.debug_line</name>
         <load_address>0x5bc</load_address>
         <run_address>0x5bc</run_address>
         <size>0x42</size>
         <input_file_ref idref="fl-9"/>
      </object_component>
      <object_component id="oc-3f">
         <name>.debug_line</name>
         <load_address>0x5fe</load_address>
         <run_address>0x5fe</run_address>
         <size>0x57</size>
         <input_file_ref idref="fl-a"/>
      </object_component>
      <object_component id="oc-45">
         <name>.debug_line</name>
         <load_address>0x655</load_address>
         <run_address>0x655</run_address>
         <size>0x66</size>
         <input_file_ref idref="fl-b"/>
      </object_component>
      <object_component id="oc-4c">
         <name>.debug_line</name>
         <load_address>0x6bb</load_address>
         <run_address>0x6bb</run_address>
         <size>0x94c</size>
         <input_file_ref idref="fl-12"/>
      </object_component>
      <object_component id="oc-52">
         <name>.debug_line</name>
         <load_address>0x1007</load_address>
         <run_address>0x1007</run_address>
         <size>0x96d</size>
         <input_file_ref idref="fl-13"/>
      </object_component>
      <object_component id="oc-57">
         <name>.debug_line</name>
         <load_address>0x1974</load_address>
         <run_address>0x1974</run_address>
         <size>0x7c8</size>
         <input_file_ref idref="fl-14"/>
      </object_component>
      <object_component id="oc-5b">
         <name>.debug_line</name>
         <load_address>0x213c</load_address>
         <run_address>0x213c</run_address>
         <size>0x54</size>
         <input_file_ref idref="fl-15"/>
      </object_component>
      <object_component id="oc-5f">
         <name>.debug_line</name>
         <load_address>0x2190</load_address>
         <run_address>0x2190</run_address>
         <size>0x5b</size>
         <input_file_ref idref="fl-16"/>
      </object_component>
      <object_component id="oc-63">
         <name>.debug_line</name>
         <load_address>0x21eb</load_address>
         <run_address>0x21eb</run_address>
         <size>0x44</size>
         <input_file_ref idref="fl-17"/>
      </object_component>
      <object_component id="oc-6a">
         <name>.debug_line</name>
         <load_address>0x222f</load_address>
         <run_address>0x222f</run_address>
         <size>0x51</size>
         <input_file_ref idref="fl-18"/>
      </object_component>
      <object_component id="oc-6e">
         <name>.debug_line</name>
         <load_address>0x2280</load_address>
         <run_address>0x2280</run_address>
         <size>0x3d</size>
         <input_file_ref idref="fl-19"/>
      </object_component>
      <object_component id="oc-72">
         <name>.debug_line</name>
         <load_address>0x22bd</load_address>
         <run_address>0x22bd</run_address>
         <size>0x3d</size>
         <input_file_ref idref="fl-1a"/>
      </object_component>
      <object_component id="oc-76">
         <name>.debug_line</name>
         <load_address>0x22fa</load_address>
         <run_address>0x22fa</run_address>
         <size>0x3d</size>
         <input_file_ref idref="fl-1b"/>
      </object_component>
      <object_component id="oc-7a">
         <name>.debug_line</name>
         <load_address>0x2337</load_address>
         <run_address>0x2337</run_address>
         <size>0x3d</size>
         <input_file_ref idref="fl-1c"/>
      </object_component>
      <object_component id="oc-7f">
         <name>.debug_line</name>
         <load_address>0x2374</load_address>
         <run_address>0x2374</run_address>
         <size>0x44</size>
         <input_file_ref idref="fl-1d"/>
      </object_component>
      <object_component id="oc-83">
         <name>.debug_line</name>
         <load_address>0x23b8</load_address>
         <run_address>0x23b8</run_address>
         <size>0x40</size>
         <input_file_ref idref="fl-1e"/>
      </object_component>
      <object_component id="oc-87">
         <name>.debug_line</name>
         <load_address>0x23f8</load_address>
         <run_address>0x23f8</run_address>
         <size>0x3c</size>
         <input_file_ref idref="fl-1f"/>
      </object_component>
      <object_component id="oc-8b">
         <name>.debug_line</name>
         <load_address>0x2434</load_address>
         <run_address>0x2434</run_address>
         <size>0x6c</size>
         <input_file_ref idref="fl-20"/>
      </object_component>
      <object_component id="oc-8f">
         <name>.debug_line</name>
         <load_address>0x24a0</load_address>
         <run_address>0x24a0</run_address>
         <size>0x3c</size>
         <input_file_ref idref="fl-21"/>
      </object_component>
      <object_component id="oc-93">
         <name>.debug_line</name>
         <load_address>0x24dc</load_address>
         <run_address>0x24dc</run_address>
         <size>0x44</size>
         <input_file_ref idref="fl-22"/>
      </object_component>
      <object_component id="oc-9a">
         <name>.debug_line</name>
         <load_address>0x2520</load_address>
         <run_address>0x2520</run_address>
         <size>0x54</size>
         <input_file_ref idref="fl-23"/>
      </object_component>
      <object_component id="oc-9e">
         <name>.debug_line</name>
         <load_address>0x2574</load_address>
         <run_address>0x2574</run_address>
         <size>0x37</size>
         <input_file_ref idref="fl-24"/>
      </object_component>
      <object_component id="oc-a3">
         <name>.debug_line</name>
         <load_address>0x25ab</load_address>
         <run_address>0x25ab</run_address>
         <size>0x38</size>
         <input_file_ref idref="fl-25"/>
      </object_component>
      <object_component id="oc-a7">
         <name>.debug_line</name>
         <load_address>0x25e3</load_address>
         <run_address>0x25e3</run_address>
         <size>0x37</size>
         <input_file_ref idref="fl-26"/>
      </object_component>
      <object_component id="oc-ad">
         <name>.debug_line</name>
         <load_address>0x261a</load_address>
         <run_address>0x261a</run_address>
         <size>0x57</size>
         <input_file_ref idref="fl-27"/>
      </object_component>
      <object_component id="oc-b1">
         <name>.debug_line</name>
         <load_address>0x2671</load_address>
         <run_address>0x2671</run_address>
         <size>0x5c</size>
         <input_file_ref idref="fl-28"/>
      </object_component>
      <object_component id="oc-b5">
         <name>.debug_line</name>
         <load_address>0x26cd</load_address>
         <run_address>0x26cd</run_address>
         <size>0x41</size>
         <input_file_ref idref="fl-29"/>
      </object_component>
      <object_component id="oc-b9">
         <name>.debug_line</name>
         <load_address>0x270e</load_address>
         <run_address>0x270e</run_address>
         <size>0x55</size>
         <input_file_ref idref="fl-2a"/>
      </object_component>
      <object_component id="oc-bd">
         <name>.debug_line</name>
         <load_address>0x2763</load_address>
         <run_address>0x2763</run_address>
         <size>0xad</size>
         <input_file_ref idref="fl-2b"/>
      </object_component>
      <object_component id="oc-c1">
         <name>.debug_line</name>
         <load_address>0x2810</load_address>
         <run_address>0x2810</run_address>
         <size>0x3a</size>
         <input_file_ref idref="fl-2c"/>
      </object_component>
      <object_component id="oc-c6">
         <name>.debug_line</name>
         <load_address>0x284a</load_address>
         <run_address>0x284a</run_address>
         <size>0x3c</size>
         <input_file_ref idref="fl-2d"/>
      </object_component>
      <object_component id="oc-ca">
         <name>.debug_line</name>
         <load_address>0x2886</load_address>
         <run_address>0x2886</run_address>
         <size>0x37</size>
         <input_file_ref idref="fl-2e"/>
      </object_component>
      <object_component id="oc-cf">
         <name>.debug_line</name>
         <load_address>0x28bd</load_address>
         <run_address>0x28bd</run_address>
         <size>0x3a</size>
         <input_file_ref idref="fl-2f"/>
      </object_component>
      <object_component id="oc-16">
         <name>.debug_abbrev</name>
         <load_address>0x0</load_address>
         <run_address>0x0</run_address>
         <size>0x177</size>
         <input_file_ref idref="fl-2"/>
      </object_component>
      <object_component id="oc-1b">
         <name>.debug_abbrev</name>
         <load_address>0x177</load_address>
         <run_address>0x177</run_address>
         <size>0x134</size>
         <input_file_ref idref="fl-3"/>
      </object_component>
      <object_component id="oc-21">
         <name>.debug_abbrev</name>
         <load_address>0x2ab</load_address>
         <run_address>0x2ab</run_address>
         <size>0x129</size>
         <input_file_ref idref="fl-4"/>
      </object_component>
      <object_component id="oc-26">
         <name>.debug_abbrev</name>
         <load_address>0x3d4</load_address>
         <run_address>0x3d4</run_address>
         <size>0xe9</size>
         <input_file_ref idref="fl-5"/>
      </object_component>
      <object_component id="oc-2c">
         <name>.debug_abbrev</name>
         <load_address>0x4bd</load_address>
         <run_address>0x4bd</run_address>
         <size>0x16b</size>
         <input_file_ref idref="fl-6"/>
      </object_component>
      <object_component id="oc-31">
         <name>.debug_abbrev</name>
         <load_address>0x628</load_address>
         <run_address>0x628</run_address>
         <size>0x11d</size>
         <input_file_ref idref="fl-7"/>
      </object_component>
      <object_component id="oc-36">
         <name>.debug_abbrev</name>
         <load_address>0x745</load_address>
         <run_address>0x745</run_address>
         <size>0x137</size>
         <input_file_ref idref="fl-8"/>
      </object_component>
      <object_component id="oc-3b">
         <name>.debug_abbrev</name>
         <load_address>0x87c</load_address>
         <run_address>0x87c</run_address>
         <size>0xb1</size>
         <input_file_ref idref="fl-9"/>
      </object_component>
      <object_component id="oc-40">
         <name>.debug_abbrev</name>
         <load_address>0x92d</load_address>
         <run_address>0x92d</run_address>
         <size>0xc6</size>
         <input_file_ref idref="fl-a"/>
      </object_component>
      <object_component id="oc-46">
         <name>.debug_abbrev</name>
         <load_address>0x9f3</load_address>
         <run_address>0x9f3</run_address>
         <size>0x13b</size>
         <input_file_ref idref="fl-b"/>
      </object_component>
      <object_component id="oc-4d">
         <name>.debug_abbrev</name>
         <load_address>0xb2e</load_address>
         <run_address>0xb2e</run_address>
         <size>0x237</size>
         <input_file_ref idref="fl-12"/>
      </object_component>
      <object_component id="oc-53">
         <name>.debug_abbrev</name>
         <load_address>0xd65</load_address>
         <run_address>0xd65</run_address>
         <size>0x25d</size>
         <input_file_ref idref="fl-13"/>
      </object_component>
      <object_component id="oc-58">
         <name>.debug_abbrev</name>
         <load_address>0xfc2</load_address>
         <run_address>0xfc2</run_address>
         <size>0x1a7</size>
         <input_file_ref idref="fl-14"/>
      </object_component>
      <object_component id="oc-5c">
         <name>.debug_abbrev</name>
         <load_address>0x1169</load_address>
         <run_address>0x1169</run_address>
         <size>0x3a</size>
         <input_file_ref idref="fl-15"/>
      </object_component>
      <object_component id="oc-60">
         <name>.debug_abbrev</name>
         <load_address>0x11a3</load_address>
         <run_address>0x11a3</run_address>
         <size>0x112</size>
         <input_file_ref idref="fl-16"/>
      </object_component>
      <object_component id="oc-64">
         <name>.debug_abbrev</name>
         <load_address>0x12b5</load_address>
         <run_address>0x12b5</run_address>
         <size>0xb5</size>
         <input_file_ref idref="fl-17"/>
      </object_component>
      <object_component id="oc-6b">
         <name>.debug_abbrev</name>
         <load_address>0x136a</load_address>
         <run_address>0x136a</run_address>
         <size>0xf7</size>
         <input_file_ref idref="fl-18"/>
      </object_component>
      <object_component id="oc-6f">
         <name>.debug_abbrev</name>
         <load_address>0x1461</load_address>
         <run_address>0x1461</run_address>
         <size>0x8f</size>
         <input_file_ref idref="fl-19"/>
      </object_component>
      <object_component id="oc-73">
         <name>.debug_abbrev</name>
         <load_address>0x14f0</load_address>
         <run_address>0x14f0</run_address>
         <size>0xb7</size>
         <input_file_ref idref="fl-1a"/>
      </object_component>
      <object_component id="oc-77">
         <name>.debug_abbrev</name>
         <load_address>0x15a7</load_address>
         <run_address>0x15a7</run_address>
         <size>0xb7</size>
         <input_file_ref idref="fl-1b"/>
      </object_component>
      <object_component id="oc-7b">
         <name>.debug_abbrev</name>
         <load_address>0x165e</load_address>
         <run_address>0x165e</run_address>
         <size>0x8f</size>
         <input_file_ref idref="fl-1c"/>
      </object_component>
      <object_component id="oc-80">
         <name>.debug_abbrev</name>
         <load_address>0x16ed</load_address>
         <run_address>0x16ed</run_address>
         <size>0xc2</size>
         <input_file_ref idref="fl-1d"/>
      </object_component>
      <object_component id="oc-84">
         <name>.debug_abbrev</name>
         <load_address>0x17af</load_address>
         <run_address>0x17af</run_address>
         <size>0x9a</size>
         <input_file_ref idref="fl-1e"/>
      </object_component>
      <object_component id="oc-88">
         <name>.debug_abbrev</name>
         <load_address>0x1849</load_address>
         <run_address>0x1849</run_address>
         <size>0x38</size>
         <input_file_ref idref="fl-1f"/>
      </object_component>
      <object_component id="oc-8c">
         <name>.debug_abbrev</name>
         <load_address>0x1881</load_address>
         <run_address>0x1881</run_address>
         <size>0xb0</size>
         <input_file_ref idref="fl-20"/>
      </object_component>
      <object_component id="oc-90">
         <name>.debug_abbrev</name>
         <load_address>0x1931</load_address>
         <run_address>0x1931</run_address>
         <size>0xdc</size>
         <input_file_ref idref="fl-21"/>
      </object_component>
      <object_component id="oc-94">
         <name>.debug_abbrev</name>
         <load_address>0x1a0d</load_address>
         <run_address>0x1a0d</run_address>
         <size>0xb5</size>
         <input_file_ref idref="fl-22"/>
      </object_component>
      <object_component id="oc-9b">
         <name>.debug_abbrev</name>
         <load_address>0x1ac2</load_address>
         <run_address>0x1ac2</run_address>
         <size>0xcc</size>
         <input_file_ref idref="fl-23"/>
      </object_component>
      <object_component id="oc-9f">
         <name>.debug_abbrev</name>
         <load_address>0x1b8e</load_address>
         <run_address>0x1b8e</run_address>
         <size>0x8f</size>
         <input_file_ref idref="fl-24"/>
      </object_component>
      <object_component id="oc-a4">
         <name>.debug_abbrev</name>
         <load_address>0x1c1d</load_address>
         <run_address>0x1c1d</run_address>
         <size>0xaf</size>
         <input_file_ref idref="fl-25"/>
      </object_component>
      <object_component id="oc-a8">
         <name>.debug_abbrev</name>
         <load_address>0x1ccc</load_address>
         <run_address>0x1ccc</run_address>
         <size>0x26</size>
         <input_file_ref idref="fl-26"/>
      </object_component>
      <object_component id="oc-ae">
         <name>.debug_abbrev</name>
         <load_address>0x1cf2</load_address>
         <run_address>0x1cf2</run_address>
         <size>0x9f</size>
         <input_file_ref idref="fl-27"/>
      </object_component>
      <object_component id="oc-b2">
         <name>.debug_abbrev</name>
         <load_address>0x1d91</load_address>
         <run_address>0x1d91</run_address>
         <size>0xd4</size>
         <input_file_ref idref="fl-28"/>
      </object_component>
      <object_component id="oc-b6">
         <name>.debug_abbrev</name>
         <load_address>0x1e65</load_address>
         <run_address>0x1e65</run_address>
         <size>0xec</size>
         <input_file_ref idref="fl-29"/>
      </object_component>
      <object_component id="oc-ba">
         <name>.debug_abbrev</name>
         <load_address>0x1f51</load_address>
         <run_address>0x1f51</run_address>
         <size>0x44</size>
         <input_file_ref idref="fl-2a"/>
      </object_component>
      <object_component id="oc-be">
         <name>.debug_abbrev</name>
         <load_address>0x1f95</load_address>
         <run_address>0x1f95</run_address>
         <size>0xb7</size>
         <input_file_ref idref="fl-2b"/>
      </object_component>
      <object_component id="oc-c2">
         <name>.debug_abbrev</name>
         <load_address>0x204c</load_address>
         <run_address>0x204c</run_address>
         <size>0x81</size>
         <input_file_ref idref="fl-2c"/>
      </object_component>
      <object_component id="oc-c7">
         <name>.debug_abbrev</name>
         <load_address>0x20cd</load_address>
         <run_address>0x20cd</run_address>
         <size>0x98</size>
         <input_file_ref idref="fl-2d"/>
      </object_component>
      <object_component id="oc-cb">
         <name>.debug_abbrev</name>
         <load_address>0x2165</load_address>
         <run_address>0x2165</run_address>
         <size>0x81</size>
         <input_file_ref idref="fl-2e"/>
      </object_component>
      <object_component id="oc-d0">
         <name>.debug_abbrev</name>
         <load_address>0x21e6</load_address>
         <run_address>0x21e6</run_address>
         <size>0xaf</size>
         <input_file_ref idref="fl-2f"/>
      </object_component>
      <object_component id="oc-f3">
         <name>.debug_abbrev</name>
         <load_address>0x2295</load_address>
         <run_address>0x2295</run_address>
         <size>0xd</size>
      </object_component>
   </object_component_list>
   <logical_group_list>
      <logical_group id="lg-ef">
         <name>.text</name>
         <load_address>0x20000</load_address>
         <run_address>0x20000</run_address>
         <size>0x36b5</size>
         <contents>
            <object_component_ref idref="oc-4e"/>
            <object_component_ref idref="oc-47"/>
            <object_component_ref idref="oc-54"/>
            <object_component_ref idref="oc-5d"/>
            <object_component_ref idref="oc-af"/>
            <object_component_ref idref="oc-12"/>
            <object_component_ref idref="oc-95"/>
            <object_component_ref idref="oc-bb"/>
            <object_component_ref idref="oc-32"/>
            <object_component_ref idref="oc-2d"/>
            <object_component_ref idref="oc-8d"/>
            <object_component_ref idref="oc-27"/>
            <object_component_ref idref="oc-c3"/>
            <object_component_ref idref="oc-61"/>
            <object_component_ref idref="oc-41"/>
            <object_component_ref idref="oc-74"/>
            <object_component_ref idref="oc-bf"/>
            <object_component_ref idref="oc-81"/>
            <object_component_ref idref="oc-91"/>
            <object_component_ref idref="oc-22"/>
            <object_component_ref idref="oc-70"/>
            <object_component_ref idref="oc-1c"/>
            <object_component_ref idref="oc-7c"/>
            <object_component_ref idref="oc-cc"/>
            <object_component_ref idref="oc-b7"/>
            <object_component_ref idref="oc-b3"/>
            <object_component_ref idref="oc-17"/>
            <object_component_ref idref="oc-3c"/>
            <object_component_ref idref="oc-a0"/>
            <object_component_ref idref="oc-65"/>
            <object_component_ref idref="oc-10"/>
            <object_component_ref idref="oc-6c"/>
            <object_component_ref idref="oc-37"/>
            <object_component_ref idref="oc-9c"/>
            <object_component_ref idref="oc-85"/>
            <object_component_ref idref="oc-a9"/>
            <object_component_ref idref="oc-89"/>
            <object_component_ref idref="oc-c8"/>
            <object_component_ref idref="oc-78"/>
            <object_component_ref idref="oc-69"/>
            <object_component_ref idref="oc-a5"/>
         </contents>
      </logical_group>
      <split_section id="lg-2">
         <name>.text</name>
         <contents>
            <logical_group_ref idref="lg-ef"/>
         </contents>
      </split_section>
      <logical_group id="lg-3">
         <name>.stack</name>
         <run_address>0xc0</run_address>
         <size>0x2000</size>
         <contents>
            <object_component_ref idref="oc-59"/>
            <object_component_ref idref="oc-ec"/>
         </contents>
      </logical_group>
      <logical_group id="lg-4">
         <name>.sysstack</name>
         <run_address>0x20c0</run_address>
         <size>0x1000</size>
         <contents>
            <object_component_ref idref="oc-d1"/>
            <object_component_ref idref="oc-ed"/>
         </contents>
      </logical_group>
      <logical_group id="lg-5">
         <name>.data</name>
         <run_address>0xc0</run_address>
         <size>0x0</size>
         <contents>
         </contents>
      </logical_group>
      <logical_group id="lg-f0">
         <name>.bss</name>
         <run_address>0x3530</run_address>
         <size>0xa4</size>
         <contents>
            <object_component_ref idref="oc-48"/>
            <object_component_ref idref="oc-4f"/>
            <object_component_ref idref="oc-96"/>
            <object_component_ref idref="oc-1d"/>
            <object_component_ref idref="oc-aa"/>
            <object_component_ref idref="oc-66"/>
            <object_component_ref idref="oc-28"/>
         </contents>
      </logical_group>
      <split_section id="lg-6">
         <name>.bss</name>
         <contents>
            <logical_group_ref idref="lg-f0"/>
         </contents>
      </split_section>
      <logical_group id="lg-f1">
         <name>.const</name>
         <load_address>0x30c0</load_address>
         <run_address>0x30c0</run_address>
         <size>0x470</size>
         <contents>
            <object_component_ref idref="oc-d2"/>
            <object_component_ref idref="oc-d3"/>
            <object_component_ref idref="oc-99"/>
            <object_component_ref idref="oc-43"/>
            <object_component_ref idref="oc-d4"/>
            <object_component_ref idref="oc-ce"/>
            <object_component_ref idref="oc-c5"/>
            <object_component_ref idref="oc-a2"/>
            <object_component_ref idref="oc-7e"/>
         </contents>
      </logical_group>
      <split_section id="lg-7">
         <name>.const</name>
         <contents>
            <logical_group_ref idref="lg-f1"/>
         </contents>
      </split_section>
      <logical_group id="lg-8">
         <name>.sysmem</name>
         <run_address>0x0</run_address>
         <size>0x0</size>
         <contents>
         </contents>
      </logical_group>
      <logical_group id="lg-9">
         <name>.switch</name>
         <run_address>0x0</run_address>
         <size>0x0</size>
         <contents>
         </contents>
      </logical_group>
      <logical_group id="lg-a">
         <name>.cinit</name>
         <load_address>0x40000</load_address>
         <run_address>0x40000</run_address>
         <size>0x50</size>
         <contents>
            <object_component_ref idref="oc-98"/>
            <object_component_ref idref="oc-ac"/>
            <object_component_ref idref="oc-68"/>
            <object_component_ref idref="oc-4a"/>
         </contents>
      </logical_group>
      <logical_group id="lg-b">
         <name>.pinit</name>
         <run_address>0x0</run_address>
         <size>0x0</size>
         <contents>
         </contents>
      </logical_group>
      <logical_group id="lg-c">
         <name>.cio</name>
         <run_address>0x0</run_address>
         <size>0x0</size>
         <contents>
         </contents>
      </logical_group>
      <logical_group id="lg-d">
         <name>.args</name>
         <run_address>0x0</run_address>
         <size>0x0</size>
         <contents>
         </contents>
      </logical_group>
      <logical_group id="lg-e">
         <name>vectors</name>
         <load_address>0x4fe00</load_address>
         <run_address>0x4fe00</run_address>
         <size>0x100</size>
         <contents>
            <object_component_ref idref="oc-11"/>
         </contents>
      </logical_group>
      <logical_group id="lg-f">
         <name>.ioport</name>
         <run_address>0x0</run_address>
         <size>0x0</size>
         <contents>
         </contents>
      </logical_group>
      <logical_group id="lg-e3">
         <name>.debug_info</name>
         <load_address>0x0</load_address>
         <run_address>0x0</run_address>
         <size>0x25929</size>
         <contents>
            <object_component_ref idref="oc-13"/>
            <object_component_ref idref="oc-18"/>
            <object_component_ref idref="oc-1e"/>
            <object_component_ref idref="oc-23"/>
            <object_component_ref idref="oc-29"/>
            <object_component_ref idref="oc-2e"/>
            <object_component_ref idref="oc-33"/>
            <object_component_ref idref="oc-38"/>
            <object_component_ref idref="oc-3d"/>
            <object_component_ref idref="oc-42"/>
            <object_component_ref idref="oc-49"/>
            <object_component_ref idref="oc-50"/>
            <object_component_ref idref="oc-55"/>
            <object_component_ref idref="oc-5a"/>
            <object_component_ref idref="oc-5e"/>
            <object_component_ref idref="oc-62"/>
            <object_component_ref idref="oc-67"/>
            <object_component_ref idref="oc-6d"/>
            <object_component_ref idref="oc-71"/>
            <object_component_ref idref="oc-75"/>
            <object_component_ref idref="oc-79"/>
            <object_component_ref idref="oc-7d"/>
            <object_component_ref idref="oc-82"/>
            <object_component_ref idref="oc-86"/>
            <object_component_ref idref="oc-8a"/>
            <object_component_ref idref="oc-8e"/>
            <object_component_ref idref="oc-92"/>
            <object_component_ref idref="oc-97"/>
            <object_component_ref idref="oc-9d"/>
            <object_component_ref idref="oc-a1"/>
            <object_component_ref idref="oc-a6"/>
            <object_component_ref idref="oc-ab"/>
            <object_component_ref idref="oc-b0"/>
            <object_component_ref idref="oc-b4"/>
            <object_component_ref idref="oc-b8"/>
            <object_component_ref idref="oc-bc"/>
            <object_component_ref idref="oc-c0"/>
            <object_component_ref idref="oc-c4"/>
            <object_component_ref idref="oc-c9"/>
            <object_component_ref idref="oc-cd"/>
            <object_component_ref idref="oc-f2"/>
         </contents>
      </logical_group>
      <logical_group id="lg-e5">
         <name>.debug_frame</name>
         <load_address>0x0</load_address>
         <run_address>0x0</run_address>
         <size>0x1200</size>
         <contents>
            <object_component_ref idref="oc-14"/>
            <object_component_ref idref="oc-19"/>
            <object_component_ref idref="oc-1f"/>
            <object_component_ref idref="oc-24"/>
            <object_component_ref idref="oc-2a"/>
            <object_component_ref idref="oc-2f"/>
            <object_component_ref idref="oc-34"/>
            <object_component_ref idref="oc-39"/>
            <object_component_ref idref="oc-3e"/>
            <object_component_ref idref="oc-44"/>
            <object_component_ref idref="oc-4b"/>
            <object_component_ref idref="oc-51"/>
            <object_component_ref idref="oc-56"/>
         </contents>
      </logical_group>
      <logical_group id="lg-e7">
         <name>.debug_line</name>
         <load_address>0x0</load_address>
         <run_address>0x0</run_address>
         <size>0x28f7</size>
         <contents>
            <object_component_ref idref="oc-15"/>
            <object_component_ref idref="oc-1a"/>
            <object_component_ref idref="oc-20"/>
            <object_component_ref idref="oc-25"/>
            <object_component_ref idref="oc-2b"/>
            <object_component_ref idref="oc-30"/>
            <object_component_ref idref="oc-35"/>
            <object_component_ref idref="oc-3a"/>
            <object_component_ref idref="oc-3f"/>
            <object_component_ref idref="oc-45"/>
            <object_component_ref idref="oc-4c"/>
            <object_component_ref idref="oc-52"/>
            <object_component_ref idref="oc-57"/>
            <object_component_ref idref="oc-5b"/>
            <object_component_ref idref="oc-5f"/>
            <object_component_ref idref="oc-63"/>
            <object_component_ref idref="oc-6a"/>
            <object_component_ref idref="oc-6e"/>
            <object_component_ref idref="oc-72"/>
            <object_component_ref idref="oc-76"/>
            <object_component_ref idref="oc-7a"/>
            <object_component_ref idref="oc-7f"/>
            <object_component_ref idref="oc-83"/>
            <object_component_ref idref="oc-87"/>
            <object_component_ref idref="oc-8b"/>
            <object_component_ref idref="oc-8f"/>
            <object_component_ref idref="oc-93"/>
            <object_component_ref idref="oc-9a"/>
            <object_component_ref idref="oc-9e"/>
            <object_component_ref idref="oc-a3"/>
            <object_component_ref idref="oc-a7"/>
            <object_component_ref idref="oc-ad"/>
            <object_component_ref idref="oc-b1"/>
            <object_component_ref idref="oc-b5"/>
            <object_component_ref idref="oc-b9"/>
            <object_component_ref idref="oc-bd"/>
            <object_component_ref idref="oc-c1"/>
            <object_component_ref idref="oc-c6"/>
            <object_component_ref idref="oc-ca"/>
            <object_component_ref idref="oc-cf"/>
         </contents>
      </logical_group>
      <logical_group id="lg-e9">
         <name>.debug_abbrev</name>
         <load_address>0x0</load_address>
         <run_address>0x0</run_address>
         <size>0x22a2</size>
         <contents>
            <object_component_ref idref="oc-16"/>
            <object_component_ref idref="oc-1b"/>
            <object_component_ref idref="oc-21"/>
            <object_component_ref idref="oc-26"/>
            <object_component_ref idref="oc-2c"/>
            <object_component_ref idref="oc-31"/>
            <object_component_ref idref="oc-36"/>
            <object_component_ref idref="oc-3b"/>
            <object_component_ref idref="oc-40"/>
            <object_component_ref idref="oc-46"/>
            <object_component_ref idref="oc-4d"/>
            <object_component_ref idref="oc-53"/>
            <object_component_ref idref="oc-58"/>
            <object_component_ref idref="oc-5c"/>
            <object_component_ref idref="oc-60"/>
            <object_component_ref idref="oc-64"/>
            <object_component_ref idref="oc-6b"/>
            <object_component_ref idref="oc-6f"/>
            <object_component_ref idref="oc-73"/>
            <object_component_ref idref="oc-77"/>
            <object_component_ref idref="oc-7b"/>
            <object_component_ref idref="oc-80"/>
            <object_component_ref idref="oc-84"/>
            <object_component_ref idref="oc-88"/>
            <object_component_ref idref="oc-8c"/>
            <object_component_ref idref="oc-90"/>
            <object_component_ref idref="oc-94"/>
            <object_component_ref idref="oc-9b"/>
            <object_component_ref idref="oc-9f"/>
            <object_component_ref idref="oc-a4"/>
            <object_component_ref idref="oc-a8"/>
            <object_component_ref idref="oc-ae"/>
            <object_component_ref idref="oc-b2"/>
            <object_component_ref idref="oc-b6"/>
            <object_component_ref idref="oc-ba"/>
            <object_component_ref idref="oc-be"/>
            <object_component_ref idref="oc-c2"/>
            <object_component_ref idref="oc-c7"/>
            <object_component_ref idref="oc-cb"/>
            <object_component_ref idref="oc-d0"/>
            <object_component_ref idref="oc-f3"/>
         </contents>
      </logical_group>
   </logical_group_list>
   <placement_map>
      <memory_area>
         <name>MMR</name>
         <page_id>0x0</page_id>
         <origin>0x0</origin>
         <length>0xc0</length>
         <used_space>0x0</used_space>
         <unused_space>0xc0</unused_space>
         <attributes>RWIX</attributes>
         <usage_details>
         </usage_details>
      </memory_area>
      <memory_area>
         <name>DARAM0</name>
         <page_id>0x0</page_id>
         <origin>0xc0</origin>
         <length>0xff40</length>
         <used_space>0x3514</used_space>
         <unused_space>0xca2c</unused_space>
         <attributes>RWIX</attributes>
         <usage_details>
            <allocated_space>
               <start_address>0xc0</start_address>
               <size>0x0</size>
               <logical_group_ref idref="lg-5"/>
            </allocated_space>
            <allocated_space>
               <start_address>0xc0</start_address>
               <size>0x2000</size>
               <logical_group_ref idref="lg-3"/>
            </allocated_space>
            <allocated_space>
               <start_address>0x20c0</start_address>
               <size>0x1000</size>
               <logical_group_ref idref="lg-4"/>
            </allocated_space>
            <allocated_space>
               <start_address>0x30c0</start_address>
               <size>0x470</size>
               <logical_group_ref idref="lg-f1"/>
            </allocated_space>
            <allocated_space>
               <start_address>0x3530</start_address>
               <size>0xa4</size>
               <logical_group_ref idref="lg-f0"/>
            </allocated_space>
            <available_space>
               <start_address>0x35d4</start_address>
               <size>0xca2c</size>
            </available_space>
         </usage_details>
      </memory_area>
      <memory_area>
         <name>SARAM0</name>
         <page_id>0x0</page_id>
         <origin>0x10000</origin>
         <length>0x10000</length>
         <used_space>0x0</used_space>
         <unused_space>0x10000</unused_space>
         <attributes>RWIX</attributes>
         <usage_details>
         </usage_details>
      </memory_area>
      <memory_area>
         <name>SARAM1</name>
         <page_id>0x0</page_id>
         <origin>0x20000</origin>
         <length>0x20000</length>
         <used_space>0x36b5</used_space>
         <unused_space>0x1c94b</unused_space>
         <attributes>RWIX</attributes>
         <usage_details>
            <allocated_space>
               <start_address>0x20000</start_address>
               <size>0x36b5</size>
               <logical_group_ref idref="lg-ef"/>
            </allocated_space>
            <available_space>
               <start_address>0x236b5</start_address>
               <size>0x1c94b</size>
            </available_space>
         </usage_details>
      </memory_area>
      <memory_area>
         <name>SARAM2</name>
         <page_id>0x0</page_id>
         <origin>0x40000</origin>
         <length>0xfe00</length>
         <used_space>0x50</used_space>
         <unused_space>0xfdb0</unused_space>
         <attributes>RWIX</attributes>
         <usage_details>
            <allocated_space>
               <start_address>0x40000</start_address>
               <size>0x50</size>
               <logical_group_ref idref="lg-a"/>
            </allocated_space>
            <available_space>
               <start_address>0x40050</start_address>
               <size>0xfdb0</size>
            </available_space>
         </usage_details>
      </memory_area>
      <memory_area>
         <name>VECS</name>
         <page_id>0x0</page_id>
         <origin>0x4fe00</origin>
         <length>0x200</length>
         <used_space>0x100</used_space>
         <unused_space>0x100</unused_space>
         <attributes>RWIX</attributes>
         <usage_details>
            <allocated_space>
               <start_address>0x4fe00</start_address>
               <size>0x100</size>
               <logical_group_ref idref="lg-e"/>
            </allocated_space>
            <available_space>
               <start_address>0x4ff00</start_address>
               <size>0x100</size>
            </available_space>
         </usage_details>
      </memory_area>
      <memory_area>
         <name>PDROM</name>
         <page_id>0x0</page_id>
         <origin>0xff8000</origin>
         <length>0x8000</length>
         <used_space>0x0</used_space>
         <unused_space>0x8000</unused_space>
         <attributes>RIX</attributes>
         <usage_details>
         </usage_details>
      </memory_area>
      <memory_area>
         <name>IOPORT</name>
         <page_id>0x2</page_id>
         <origin>0x0</origin>
         <length>0x20000</length>
         <used_space>0x0</used_space>
         <unused_space>0x20000</unused_space>
         <attributes>RWI</attributes>
         <usage_details>
         </usage_details>
      </memory_area>
   </placement_map>
   <symbol_table>
      <symbol id="sm-0">
         <name>$TI_capability$C5500$CallingConvention</name>
         <value>0x2</value>
      </symbol>
      <symbol id="sm-1">
         <name>$TI_capability$C5500$MemoryModel</name>
         <value>0x2</value>
      </symbol>
      <symbol id="sm-2">
         <name>$TI_capability_requires_rev3</name>
         <value>0x1</value>
      </symbol>
      <symbol id="sm-3">
         <name>cinit</name>
         <value>0x40000</value>
      </symbol>
      <symbol id="sm-4">
         <name>___cinit__</name>
         <value>0x40000</value>
      </symbol>
      <symbol id="sm-5">
         <name>pinit</name>
         <value>0xffffffff</value>
      </symbol>
      <symbol id="sm-6">
         <name>___pinit__</name>
         <value>0xffffffff</value>
      </symbol>
      <symbol id="sm-7">
         <name>binit</name>
         <value>0xffffffff</value>
      </symbol>
      <symbol id="sm-8">
         <name>___binit__</name>
         <value>0xffffffff</value>
      </symbol>
      <symbol id="sm-9">
         <name>__STACK_SIZE</name>
         <value>0x2000</value>
      </symbol>
      <symbol id="sm-a">
         <name>__STACK_END</name>
         <value>0x20c0</value>
      </symbol>
      <symbol id="sm-b">
         <name>___c_args__</name>
         <value>0xffffffff</value>
      </symbol>
      <symbol id="sm-c">
         <name>__SYSSTACK_SIZE</name>
         <value>0x1000</value>
      </symbol>
      <symbol id="sm-d">
         <name>.text</name>
         <value>0xffffffff</value>
      </symbol>
      <symbol id="sm-e">
         <name>___text__</name>
         <value>0xffffffff</value>
      </symbol>
      <symbol id="sm-f">
         <name>etext</name>
         <value>0xffffffff</value>
      </symbol>
      <symbol id="sm-10">
         <name>___etext__</name>
         <value>0xffffffff</value>
      </symbol>
      <symbol id="sm-11">
         <name>.data</name>
         <value>0xffffffff</value>
      </symbol>
      <symbol id="sm-12">
         <name>___data__</name>
         <value>0xffffffff</value>
      </symbol>
      <symbol id="sm-13">
         <name>edata</name>
         <value>0xffffffff</value>
      </symbol>
      <symbol id="sm-14">
         <name>___edata__</name>
         <value>0xffffffff</value>
      </symbol>
      <symbol id="sm-15">
         <name>.bss</name>
         <value>0xffffffff</value>
      </symbol>
      <symbol id="sm-16">
         <name>___bss__</name>
         <value>0xffffffff</value>
      </symbol>
      <symbol id="sm-17">
         <name>end</name>
         <value>0xffffffff</value>
      </symbol>
      <symbol id="sm-18">
         <name>___end__</name>
         <value>0xffffffff</value>
      </symbol>
      <symbol id="sm-58">
         <name>_AIC3204_Init</name>
         <value>0x22385</value>
         <object_component_ref idref="oc-12"/>
      </symbol>
      <symbol id="sm-59">
         <name>_AIC3204_process</name>
         <value>0x222e2</value>
         <object_component_ref idref="oc-12"/>
      </symbol>
      <symbol id="sm-67">
         <name>_EZDSP5535_wait</name>
         <value>0x234cb</value>
         <object_component_ref idref="oc-17"/>
      </symbol>
      <symbol id="sm-68">
         <name>_EZDSP5535_waitusec</name>
         <value>0x234f6</value>
         <object_component_ref idref="oc-17"/>
      </symbol>
      <symbol id="sm-69">
         <name>_EZDSP5535_init</name>
         <value>0x23502</value>
         <object_component_ref idref="oc-17"/>
      </symbol>
      <symbol id="sm-75">
         <name>_EZDSP5535_GPIO_setDirection</name>
         <value>0x23311</value>
         <object_component_ref idref="oc-1c"/>
      </symbol>
      <symbol id="sm-76">
         <name>_EZDSP5535_GPIO_getInput</name>
         <value>0x23355</value>
         <object_component_ref idref="oc-1c"/>
      </symbol>
      <symbol id="sm-77">
         <name>_EZDSP5535_GPIO_setOutput</name>
         <value>0x23301</value>
         <object_component_ref idref="oc-1c"/>
      </symbol>
      <symbol id="sm-78">
         <name>_GpioObj</name>
         <value>0x35b8</value>
         <object_component_ref idref="oc-1d"/>
      </symbol>
      <symbol id="sm-79">
         <name>_hGpio</name>
         <value>0x35bc</value>
         <object_component_ref idref="oc-1d"/>
      </symbol>
      <symbol id="sm-7a">
         <name>_EZDSP5535_GPIO_init</name>
         <value>0x2332b</value>
         <object_component_ref idref="oc-1c"/>
      </symbol>
      <symbol id="sm-84">
         <name>_EZDSP5535_I2C_init</name>
         <value>0x2323d</value>
         <object_component_ref idref="oc-22"/>
      </symbol>
      <symbol id="sm-85">
         <name>_EZDSP5535_I2C_read</name>
         <value>0x23276</value>
         <object_component_ref idref="oc-22"/>
      </symbol>
      <symbol id="sm-86">
         <name>_EZDSP5535_I2C_write</name>
         <value>0x23223</value>
         <object_component_ref idref="oc-22"/>
      </symbol>
      <symbol id="sm-87">
         <name>_EZDSP5535_I2C_reset</name>
         <value>0x2326b</value>
         <object_component_ref idref="oc-22"/>
      </symbol>
      <symbol id="sm-9b">
         <name>_EZDSP5535_I2S_readRight</name>
         <value>0x22dd2</value>
         <object_component_ref idref="oc-27"/>
      </symbol>
      <symbol id="sm-9c">
         <name>_EZDSP5535_I2S_init</name>
         <value>0x22e09</value>
         <object_component_ref idref="oc-27"/>
      </symbol>
      <symbol id="sm-9d">
         <name>_EZDSP5535_I2S_writeLeft</name>
         <value>0x22daf</value>
         <object_component_ref idref="oc-27"/>
      </symbol>
      <symbol id="sm-9e">
         <name>_EZDSP5535_I2S_close</name>
         <value>0x22e5d</value>
         <object_component_ref idref="oc-27"/>
      </symbol>
      <symbol id="sm-9f">
         <name>_EZDSP5535_I2S_writeRight</name>
         <value>0x22d9d</value>
         <object_component_ref idref="oc-27"/>
      </symbol>
      <symbol id="sm-a0">
         <name>_EZDSP5535_I2S_readLeft</name>
         <value>0x22de5</value>
         <object_component_ref idref="oc-27"/>
      </symbol>
      <symbol id="sm-a1">
         <name>_hI2s</name>
         <value>0x35d0</value>
         <object_component_ref idref="oc-28"/>
      </symbol>
      <symbol id="sm-af">
         <name>_EZDSP5535_OSD9616_printLetter</name>
         <value>0x22afb</value>
         <object_component_ref idref="oc-2d"/>
      </symbol>
      <symbol id="sm-b0">
         <name>_EZDSP5535_OSD9616_init</name>
         <value>0x22b6f</value>
         <object_component_ref idref="oc-2d"/>
      </symbol>
      <symbol id="sm-b1">
         <name>_EZDSP5535_OSD9616_send</name>
         <value>0x22ad9</value>
         <object_component_ref idref="oc-2d"/>
      </symbol>
      <symbol id="sm-b2">
         <name>_EZDSP5535_OSD9616_multiSend</name>
         <value>0x22b3e</value>
         <object_component_ref idref="oc-2d"/>
      </symbol>
      <symbol id="sm-d0">
         <name>_EZDSP5535_XF_on</name>
         <value>0x22911</value>
         <object_component_ref idref="oc-32"/>
      </symbol>
      <symbol id="sm-d1">
         <name>_EZDSP5535_LED_off</name>
         <value>0x22a71</value>
         <object_component_ref idref="oc-32"/>
      </symbol>
      <symbol id="sm-d2">
         <name>_EZDSP5535_XF_toggle</name>
         <value>0x22927</value>
         <object_component_ref idref="oc-32"/>
      </symbol>
      <symbol id="sm-d3">
         <name>_EZDSP5535_XF_get</name>
         <value>0x2293f</value>
         <object_component_ref idref="oc-32"/>
      </symbol>
      <symbol id="sm-d4">
         <name>_EZDSP5535_XF_off</name>
         <value>0x2291c</value>
         <object_component_ref idref="oc-32"/>
      </symbol>
      <symbol id="sm-d5">
         <name>_EZDSP5535_LED_on</name>
         <value>0x22a3d</value>
         <object_component_ref idref="oc-32"/>
      </symbol>
      <symbol id="sm-d6">
         <name>_EZDSP5535_LED_getall</name>
         <value>0x2294a</value>
         <object_component_ref idref="oc-32"/>
      </symbol>
      <symbol id="sm-d7">
         <name>_EZDSP5535_LED_setall</name>
         <value>0x22995</value>
         <object_component_ref idref="oc-32"/>
      </symbol>
      <symbol id="sm-d8">
         <name>_EZDSP5535_LED_toggle</name>
         <value>0x22a03</value>
         <object_component_ref idref="oc-32"/>
      </symbol>
      <symbol id="sm-d9">
         <name>_EZDSP5535_LED_init</name>
         <value>0x22aa3</value>
         <object_component_ref idref="oc-32"/>
      </symbol>
      <symbol id="sm-e6">
         <name>_main</name>
         <value>0x23631</value>
         <object_component_ref idref="oc-37"/>
      </symbol>
      <symbol id="sm-f9">
         <name>_myfir</name>
         <value>0x23510</value>
         <object_component_ref idref="oc-3c"/>
      </symbol>
      <symbol id="sm-10d">
         <name>_NCO_init</name>
         <value>0x22fcd</value>
         <object_component_ref idref="oc-41"/>
      </symbol>
      <symbol id="sm-10e">
         <name>_NCO_generate_sample</name>
         <value>0x2303d</value>
         <object_component_ref idref="oc-41"/>
      </symbol>
      <symbol id="sm-1b3">
         <name>_I2S_write</name>
         <value>0x213dd</value>
         <object_component_ref idref="oc-47"/>
      </symbol>
      <symbol id="sm-1b4">
         <name>_I2S_read</name>
         <value>0x21123</value>
         <object_component_ref idref="oc-47"/>
      </symbol>
      <symbol id="sm-1b5">
         <name>_I2S_close</name>
         <value>0x21071</value>
         <object_component_ref idref="oc-47"/>
      </symbol>
      <symbol id="sm-1b6">
         <name>_ouError</name>
         <value>0x3582</value>
         <object_component_ref idref="oc-48"/>
      </symbol>
      <symbol id="sm-1b7">
         <name>_I2S_reset</name>
         <value>0x21533</value>
         <object_component_ref idref="oc-47"/>
      </symbol>
      <symbol id="sm-1b8">
         <name>_I2S_setup</name>
         <value>0x20d83</value>
         <object_component_ref idref="oc-47"/>
      </symbol>
      <symbol id="sm-1b9">
         <name>_fsError</name>
         <value>0x3580</value>
         <object_component_ref idref="oc-48"/>
      </symbol>
      <symbol id="sm-1ba">
         <name>_I2S_open</name>
         <value>0x20c3c</value>
         <object_component_ref idref="oc-47"/>
      </symbol>
      <symbol id="sm-1bb">
         <name>_I2S_transEnable</name>
         <value>0x215e4</value>
         <object_component_ref idref="oc-47"/>
      </symbol>
      <symbol id="sm-238">
         <name>_I2C_eventEnable</name>
         <value>0x20940</value>
         <object_component_ref idref="oc-4e"/>
      </symbol>
      <symbol id="sm-239">
         <name>_I2C_setCallback</name>
         <value>0x20b93</value>
         <object_component_ref idref="oc-4e"/>
      </symbol>
      <symbol id="sm-23a">
         <name>_I2C_init</name>
         <value>0x20000</value>
         <object_component_ref idref="oc-4e"/>
      </symbol>
      <symbol id="sm-23b">
         <name>_I2C_config</name>
         <value>0x200a9</value>
         <object_component_ref idref="oc-4e"/>
      </symbol>
      <symbol id="sm-23c">
         <name>_gI2cObj</name>
         <value>0x3584</value>
         <object_component_ref idref="oc-4f"/>
      </symbol>
      <symbol id="sm-23d">
         <name>_I2C_getConfig</name>
         <value>0x2020e</value>
         <object_component_ref idref="oc-4e"/>
      </symbol>
      <symbol id="sm-23e">
         <name>_I2C_setup</name>
         <value>0x202e4</value>
         <object_component_ref idref="oc-4e"/>
      </symbol>
      <symbol id="sm-23f">
         <name>_I2C_write</name>
         <value>0x204de</value>
         <object_component_ref idref="oc-4e"/>
      </symbol>
      <symbol id="sm-240">
         <name>_I2C_read</name>
         <value>0x20722</value>
         <object_component_ref idref="oc-4e"/>
      </symbol>
      <symbol id="sm-241">
         <name>_I2C_eventDisable</name>
         <value>0x20a74</value>
         <object_component_ref idref="oc-4e"/>
      </symbol>
      <symbol id="sm-242">
         <name>_I2C_getEventId</name>
         <value>0x20c20</value>
         <object_component_ref idref="oc-4e"/>
      </symbol>
      <symbol id="sm-243">
         <name>_i2cHandle</name>
         <value>0x35a4</value>
         <object_component_ref idref="oc-4f"/>
      </symbol>
      <symbol id="sm-288">
         <name>_GPIO_write</name>
         <value>0x21827</value>
         <object_component_ref idref="oc-54"/>
      </symbol>
      <symbol id="sm-289">
         <name>_GPIO_read</name>
         <value>0x217a4</value>
         <object_component_ref idref="oc-54"/>
      </symbol>
      <symbol id="sm-28a">
         <name>_GPIO_close</name>
         <value>0x21673</value>
         <object_component_ref idref="oc-54"/>
      </symbol>
      <symbol id="sm-28b">
         <name>_GPIO_enableInt</name>
         <value>0x21a90</value>
         <object_component_ref idref="oc-54"/>
      </symbol>
      <symbol id="sm-28c">
         <name>_GPIO_clearInt</name>
         <value>0x21b1a</value>
         <object_component_ref idref="oc-54"/>
      </symbol>
      <symbol id="sm-28d">
         <name>_GPIO_statusBit</name>
         <value>0x21ba6</value>
         <object_component_ref idref="oc-54"/>
      </symbol>
      <symbol id="sm-28e">
         <name>_GPIO_configBit</name>
         <value>0x218ca</value>
         <object_component_ref idref="oc-54"/>
      </symbol>
      <symbol id="sm-28f">
         <name>_GPIO_reset</name>
         <value>0x21c2d</value>
         <object_component_ref idref="oc-54"/>
      </symbol>
      <symbol id="sm-290">
         <name>_GPIO_getConfig</name>
         <value>0x2171c</value>
         <object_component_ref idref="oc-54"/>
      </symbol>
      <symbol id="sm-291">
         <name>_GPIO_disableInt</name>
         <value>0x21a12</value>
         <object_component_ref idref="oc-54"/>
      </symbol>
      <symbol id="sm-292">
         <name>_GPIO_config</name>
         <value>0x21697</value>
         <object_component_ref idref="oc-54"/>
      </symbol>
      <symbol id="sm-293">
         <name>_GPIO_open</name>
         <value>0x2162f</value>
         <object_component_ref idref="oc-54"/>
      </symbol>
      <symbol id="sm-29f">
         <name>__sysstack</name>
         <value>0x20c0</value>
         <object_component_ref idref="oc-d1"/>
      </symbol>
      <symbol id="sm-2a0">
         <name>_c_int00</name>
         <value>0x235d3</value>
         <object_component_ref idref="oc-10"/>
      </symbol>
      <symbol id="sm-2a1">
         <name>__stack</name>
         <value>0xc0</value>
         <object_component_ref idref="oc-59"/>
      </symbol>
      <symbol id="sm-2ad">
         <name>__divd</name>
         <value>0x21cbc</value>
         <object_component_ref idref="oc-5d"/>
      </symbol>
      <symbol id="sm-2b8">
         <name>__divul</name>
         <value>0x22f2c</value>
         <object_component_ref idref="oc-61"/>
      </symbol>
      <symbol id="sm-2c8">
         <name>C$$EXIT</name>
         <value>0x236ac</value>
         <object_component_ref idref="oc-69"/>
      </symbol>
      <symbol id="sm-2c9">
         <name>_exit</name>
         <value>0x23595</value>
         <object_component_ref idref="oc-65"/>
      </symbol>
      <symbol id="sm-2ca">
         <name>_abort</name>
         <value>0x236ab</value>
         <object_component_ref idref="oc-69"/>
      </symbol>
      <symbol id="sm-2cb">
         <name>__cleanup_ptr</name>
         <value>0x35c8</value>
         <object_component_ref idref="oc-66"/>
      </symbol>
      <symbol id="sm-2cc">
         <name>__dtors_ptr</name>
         <value>0x35cc</value>
         <object_component_ref idref="oc-66"/>
      </symbol>
      <symbol id="sm-2d6">
         <name>__fixdi</name>
         <value>0x23607</value>
         <object_component_ref idref="oc-6c"/>
      </symbol>
      <symbol id="sm-2e0">
         <name>__fixdli</name>
         <value>0x23292</value>
         <object_component_ref idref="oc-70"/>
      </symbol>
      <symbol id="sm-2ea">
         <name>__fixdul</name>
         <value>0x23051</value>
         <object_component_ref idref="oc-74"/>
      </symbol>
      <symbol id="sm-2f4">
         <name>__fltid</name>
         <value>0x2369f</value>
         <object_component_ref idref="oc-78"/>
      </symbol>
      <symbol id="sm-300">
         <name>__fltlid</name>
         <value>0x2336d</value>
         <object_component_ref idref="oc-7c"/>
      </symbol>
      <symbol id="sm-30a">
         <name>__frcmpyd_div</name>
         <value>0x2313e</value>
         <object_component_ref idref="oc-81"/>
      </symbol>
      <symbol id="sm-312">
         <name>__mpyli</name>
         <value>0x23659</value>
         <object_component_ref idref="oc-85"/>
      </symbol>
      <symbol id="sm-313">
         <name>I$$LMPY</name>
         <value>0x23659</value>
         <object_component_ref idref="oc-85"/>
      </symbol>
      <symbol id="sm-31d">
         <name>_memset</name>
         <value>0x2367e</value>
         <object_component_ref idref="oc-89"/>
      </symbol>
      <symbol id="sm-327">
         <name>__mpyd</name>
         <value>0x22c51</value>
         <object_component_ref idref="oc-8d"/>
      </symbol>
      <symbol id="sm-332">
         <name>__remul</name>
         <value>0x231b1</value>
         <object_component_ref idref="oc-91"/>
      </symbol>
      <symbol id="sm-343">
         <name>_sin</name>
         <value>0x22535</value>
         <object_component_ref idref="oc-95"/>
      </symbol>
      <symbol id="sm-34d">
         <name>__subd</name>
         <value>0x23645</value>
         <object_component_ref idref="oc-9c"/>
      </symbol>
      <symbol id="sm-359">
         <name>__trunc</name>
         <value>0x23554</value>
         <object_component_ref idref="oc-a0"/>
      </symbol>
      <symbol id="sm-363">
         <name>_Reset</name>
         <value>0x4fe00</value>
         <object_component_ref idref="oc-11"/>
      </symbol>
      <symbol id="sm-371">
         <name>__unlock</name>
         <value>0x35c4</value>
         <object_component_ref idref="oc-aa"/>
      </symbol>
      <symbol id="sm-372">
         <name>__lock</name>
         <value>0x35c0</value>
         <object_component_ref idref="oc-aa"/>
      </symbol>
      <symbol id="sm-373">
         <name>__register_lock</name>
         <value>0x23674</value>
         <object_component_ref idref="oc-a9"/>
      </symbol>
      <symbol id="sm-374">
         <name>__nop</name>
         <value>0x2367c</value>
         <object_component_ref idref="oc-a9"/>
      </symbol>
      <symbol id="sm-375">
         <name>__register_unlock</name>
         <value>0x2366c</value>
         <object_component_ref idref="oc-a9"/>
      </symbol>
      <symbol id="sm-37f">
         <name>__addd</name>
         <value>0x22088</value>
         <object_component_ref idref="oc-af"/>
      </symbol>
      <symbol id="sm-389">
         <name>__args_main</name>
         <value>0x23480</value>
         <object_component_ref idref="oc-b3"/>
      </symbol>
      <symbol id="sm-38a">
         <name>__TI_args_main</name>
         <value>0x1</value>
      </symbol>
      <symbol id="sm-392">
         <name>_auto_init</name>
         <value>0x23433</value>
         <object_component_ref idref="oc-b7"/>
      </symbol>
      <symbol id="sm-39c">
         <name>__eqld</name>
         <value>0x22885</value>
         <object_component_ref idref="oc-bb"/>
      </symbol>
      <symbol id="sm-39d">
         <name>__cmpd</name>
         <value>0x228b9</value>
         <object_component_ref idref="oc-bb"/>
      </symbol>
      <symbol id="sm-39e">
         <name>__neqd</name>
         <value>0x22727</value>
         <object_component_ref idref="oc-bb"/>
      </symbol>
      <symbol id="sm-39f">
         <name>__gtrd</name>
         <value>0x227f0</value>
         <object_component_ref idref="oc-bb"/>
      </symbol>
      <symbol id="sm-3a0">
         <name>__geqd</name>
         <value>0x2283b</value>
         <object_component_ref idref="oc-bb"/>
      </symbol>
      <symbol id="sm-3a1">
         <name>__leqd</name>
         <value>0x227a3</value>
         <object_component_ref idref="oc-bb"/>
      </symbol>
      <symbol id="sm-3a2">
         <name>__lssd</name>
         <value>0x2275b</value>
         <object_component_ref idref="oc-bb"/>
      </symbol>
      <symbol id="sm-3ac">
         <name>__frcmpyd</name>
         <value>0x230c8</value>
         <object_component_ref idref="oc-bf"/>
      </symbol>
      <symbol id="sm-3b8">
         <name>_modf</name>
         <value>0x22e6d</value>
         <object_component_ref idref="oc-c3"/>
      </symbol>
      <symbol id="sm-3c2">
         <name>__negd</name>
         <value>0x2368f</value>
         <object_component_ref idref="oc-c8"/>
      </symbol>
      <symbol id="sm-3ce">
         <name>__nround</name>
         <value>0x233d4</value>
         <object_component_ref idref="oc-cc"/>
      </symbol>
   </symbol_table>
</link_info>
