******************************************************************************
              TMS320C55x Linker PC v4.4.1                      
******************************************************************************
>> Linked Tue Feb 25 19:59:03 2025

OUTPUT FILE NAME:   <aic3204.out>
ENTRY POINT SYMBOL: "_c_int00"  address: 000235d3


MEMORY CONFIGURATION

         name            origin    length      used     unused   attr    fill
                        (bytes)   (bytes)    (bytes)   (bytes)
----------------------  --------  ---------  --------  --------  ----  --------
PAGE 0:
  MMR                   00000000   000000c0  00000000  000000c0  RWIX
  DARAM0                000000c0   0000ff40  00003514  0000ca2c  RWIX
  SARAM0                00010000   00010000  00000000  00010000  RWIX
  SARAM1                00020000   00020000  000036b5  0001c94b  RWIX
  SARAM2                00040000   0000fe00  00000050  0000fdb0  RWIX
  VECS                  0004fe00   00000200  00000100  00000100  RWIX
  PDROM                 00ff8000   00008000  00000000  00008000  R IX

PAGE 2:
  IOPORT                00000000   00020000  00000000  00020000  RWI 


SECTION ALLOCATION MAP
(Addresses surrounded by []'s are displayed for convenience only!)

output                                                          attributes/
section   page  orgn(bytes) orgn(words) len(bytes) len(words)   input sections
--------  ----  ----------- ----------- ---------- ----------   --------------
.pinit       0   [ 00040000 ]  00020000          *   00000000   UNINITIALIZED

.stack       0   [ 000000c0 ]  00000060          *   00001000   UNINITIALIZED
                 [ 000000c0 ]  00000060          *   00001000   --HOLE--

.data        0   [ 000000c0 ]  00000060          *   00000000   UNINITIALIZED

.sysstack 
*            0   [ 000020c0 ]  00001060          *   00000800   UNINITIALIZED
                 [ 000020c0 ]  00001060          *   00000800   --HOLE--

.const       0   [ 000030c0 ]  00001860          *   00000238   
                 [ 000030c0 ]  00001860          *   0000010e   aic3204.obj (.const:_$P$T0$1)
                 [ 000032dc ]  0000196e          *   000000f0   aic3204.obj (.const:_$P$T1$2)
                 [ 000034bc ]  00001a5e          *   00000014   rts55x_eh.lib : sin.obj (.const)
                 [ 000034e4 ]  00001a72          *   0000000a   nco.obj (.const)
                 [ 000034f8 ]  00001a7c          *   00000008   rts55x_eh.lib : divd.obj (.const:_initial_approx$1)
                 [ 00003508 ]  00001a84          *   00000008                 : round.obj (.const)
                 [ 00003518 ]  00001a8c          *   00000006                 : modf.obj (.const)
                 [ 00003524 ]  00001a92          *   00000004                 : trunc.obj (.const)
                 [ 0000352c ]  00001a96          *   00000002                 : fltlid.obj (.const)

.bss         0   [ 00003530 ]  00001a98          *   00000052   UNINITIALIZED
                 [ 00003530 ]  00001a98          *   0000002a   cslVC5505.lib : csl_i2s.obj (.bss)
                 [ 00003584 ]  00001ac2          *   00000012                 : csl_i2c.obj (.bss)
                 [ 000035a8 ]  00001ad4          *   00000008   rts55x_eh.lib : sin.obj (.bss)
                 [ 000035b8 ]  00001adc          *   00000004   ezdsp5535_gpio.obj (.bss)
                 [ 000035c0 ]  00001ae0          *   00000004   rts55x_eh.lib : _lock.obj (.bss)
                 [ 000035c8 ]  00001ae4          *   00000004                 : exit.obj (.bss)
                 [ 000035d0 ]  00001ae8          *   00000002   ezdsp5535_i2s.obj (.bss)

.text        0     00020000  [ 00010000 ] 000036b5          *   
                   00020000  [ 00010000 ] 00000c3c          *   cslVC5505.lib : csl_i2c.obj (.text)
                   00020c3c  [ 0001061e ] 000009f3          *                 : csl_i2s.obj (.text)
                   0002162f  [ 00010b17+] 0000068d          *                 : csl_gpio.obj (.text)
                   00021cbc  [ 00010e5e ] 000003cc          *   rts55x_eh.lib : divd.obj (.text)
                   00022088  [ 00011044 ] 0000025a          *                 : addd.obj (.text)
                   000222e2  [ 00011171 ] 00000253          *   aic3204.obj (.text)
                   00022535  [ 0001129a+] 000001f2          *   rts55x_eh.lib : sin.obj (.text)
                   00022727  [ 00011393+] 000001ea          *                 : cmpd.obj (.text)
                   00022911  [ 00011488+] 000001c8          *   ezdsp5535_led.obj (.text)
                   00022ad9  [ 0001156c+] 00000178          *   ezdsp5535_lcd.obj (.text)
                   00022c51  [ 00011628+] 0000014c          *   rts55x_eh.lib : mpyd.obj (.text)
                   00022d9d  [ 000116ce+] 000000d0          *   ezdsp5535_i2s.obj (.text)
                   00022e6d  [ 00011736+] 000000bf          *   rts55x_eh.lib : modf.obj (.text)
                   00022f2c  [ 00011796 ] 000000a1          *                 : divul.obj (.text)
                   00022fcd  [ 000117e6+] 00000084          *   nco.obj (.text)
                   00023051  [ 00011828+] 00000077          *   rts55x_eh.lib : fixdul.obj (.text)
                   000230c8  [ 00011864 ] 00000076          *                 : frcmpyd.obj (.text)
                   0002313e  [ 0001189f ] 00000073          *                 : frcmpyd_div.obj (.text)
                   000231b1  [ 000118d8+] 00000072          *                 : remul.obj (.text)
                   00023223  [ 00011911+] 0000006f          *   ezdsp5535_i2c.obj (.text)
                   00023292  [ 00011949 ] 0000006f          *   rts55x_eh.lib : fixdli.obj (.text)
                   00023301  [ 00011980+] 0000006c          *   ezdsp5535_gpio.obj (.text)
                   0002336d  [ 000119b6+] 00000067          *   rts55x_eh.lib : fltlid.obj (.text)
                   000233d4  [ 000119ea ] 0000005f          *                 : round.obj (.text)
                   00023433  [ 00011a19+] 0000004d          *                 : autoinit.obj (.text)
                   00023480  [ 00011a40 ] 0000004b          *                 : args_main.obj (.text)
                   000234cb  [ 00011a65+] 00000045          *   ezdsp5535.obj (.text)
                   00023510  [ 00011a88 ] 00000044          *   myfir.obj (.text)
                   00023554  [ 00011aaa ] 00000041          *   rts55x_eh.lib : trunc.obj (.text)
                   00023595  [ 00011aca+] 0000003e          *                 : exit.obj (.text)
                   000235d3  [ 00011ae9+] 00000034          *                 : boot.obj (.text)
                   00023607  [ 00011b03+] 0000002a          *                 : fixdi.obj (.text)
                   00023631  [ 00011b18+] 00000014          *   main.obj (.text)
                   00023645  [ 00011b22+] 00000014          *   rts55x_eh.lib : subd.obj (.text)
                   00023659  [ 00011b2c+] 00000013          *                 : lmpy.obj (.text)
                   0002366c  [ 00011b36 ] 00000012          *                 : _lock.obj (.text)
                   0002367e  [ 00011b3f ] 00000011          *                 : memset.obj (.text)
                   0002368f  [ 00011b47+] 00000010          *                 : negd.obj (.text)
                   0002369f  [ 00011b4f+] 0000000c          *                 : fltid.obj (.text)
                   000236ab  [ 00011b55+] 00000007          *                 : exit.obj (.text:CIO_breakpoint)
                   000236b2  [ 00011b59 ] 00000002          *                 : vectors.obj (.text)
                   000236b4  [ 00011b5a ] 00000001          *   --HOLE-- [fill = 20]

.cinit       0   [ 00040000 ]  00020000          *   00000028   
                 [ 00040000 ]  00020000          *   0000000b   rts55x_eh.lib : sin.obj (.cinit)
                 [ 00040016 ]  0002000b          *   0000000a                 : _lock.obj (.cinit)
                 [ 0004002a ]  00020015          *   0000000a                 : exit.obj (.cinit)
                 [ 0004003e ]  0002001f          *   00000008   cslVC5505.lib : csl_i2s.obj (.cinit)
                 [ 0004004e ]  00020027          *   00000001   --HOLE-- [fill = 0]

vectors      0     0004fe00  [ 00027f00 ] 00000100          *   
                   0004fe00  [ 00027f00 ] 00000100          *   rts55x_eh.lib : vectors.obj (vectors)


GLOBAL SYMBOLS: SORTED ALPHABETICALLY BY Name 

abs. value/
byte addr   word addr   name
---------   ---------   ----
00000002                $TI_capability$C5500$CallingConvention
00000002                $TI_capability$C5500$MemoryModel
00000001                $TI_capability_requires_rev3
ffffffff                .bss
ffffffff                .data
ffffffff                .text
000236ac                C$$EXIT
00023659                I$$LMPY
00022385                _AIC3204_Init
000222e2                _AIC3204_process
00023355                _EZDSP5535_GPIO_getInput
0002332b                _EZDSP5535_GPIO_init
00023311                _EZDSP5535_GPIO_setDirection
00023301                _EZDSP5535_GPIO_setOutput
0002323d                _EZDSP5535_I2C_init
00023276                _EZDSP5535_I2C_read
0002326b                _EZDSP5535_I2C_reset
00023223                _EZDSP5535_I2C_write
00022e5d                _EZDSP5535_I2S_close
00022e09                _EZDSP5535_I2S_init
00022de5                _EZDSP5535_I2S_readLeft
00022dd2                _EZDSP5535_I2S_readRight
00022daf                _EZDSP5535_I2S_writeLeft
00022d9d                _EZDSP5535_I2S_writeRight
0002294a                _EZDSP5535_LED_getall
00022aa3                _EZDSP5535_LED_init
00022a71                _EZDSP5535_LED_off
00022a3d                _EZDSP5535_LED_on
00022995                _EZDSP5535_LED_setall
00022a03                _EZDSP5535_LED_toggle
00022b6f                _EZDSP5535_OSD9616_init
00022b3e                _EZDSP5535_OSD9616_multiSend
00022afb                _EZDSP5535_OSD9616_printLetter
00022ad9                _EZDSP5535_OSD9616_send
0002293f                _EZDSP5535_XF_get
0002291c                _EZDSP5535_XF_off
00022911                _EZDSP5535_XF_on
00022927                _EZDSP5535_XF_toggle
00023502                _EZDSP5535_init
000234cb                _EZDSP5535_wait
000234f6                _EZDSP5535_waitusec
00021b1a                _GPIO_clearInt
00021673                _GPIO_close
00021697                _GPIO_config
000218ca                _GPIO_configBit
00021a12                _GPIO_disableInt
00021a90                _GPIO_enableInt
0002171c                _GPIO_getConfig
0002162f                _GPIO_open
000217a4                _GPIO_read
00021c2d                _GPIO_reset
00021ba6                _GPIO_statusBit
00021827                _GPIO_write
            00001adc    _GpioObj
000200a9                _I2C_config
00020a74                _I2C_eventDisable
00020940                _I2C_eventEnable
0002020e                _I2C_getConfig
00020c20                _I2C_getEventId
00020000                _I2C_init
00020722                _I2C_read
00020b93                _I2C_setCallback
000202e4                _I2C_setup
000204de                _I2C_write
00021071                _I2S_close
00020c3c                _I2S_open
00021123                _I2S_read
00021533                _I2S_reset
00020d83                _I2S_setup
000215e4                _I2S_transEnable
000213dd                _I2S_write
0002303d                _NCO_generate_sample
00022fcd                _NCO_init
0004fe00                _Reset
            00001060    __STACK_END
00002000                __STACK_SIZE
00001000                __SYSSTACK_SIZE
00000001                __TI_args_main
ffffffff                ___binit__
ffffffff                ___bss__
ffffffff                ___c_args__
            00020000    ___cinit__
ffffffff                ___data__
ffffffff                ___edata__
ffffffff                ___end__
ffffffff                ___etext__
ffffffff                ___pinit__
ffffffff                ___text__
00022088                __addd
00023480                __args_main
            00001ae4    __cleanup_ptr
000228b9                __cmpd
00021cbc                __divd
00022f2c                __divul
            00001ae6    __dtors_ptr
00022885                __eqld
00023607                __fixdi
00023292                __fixdli
00023051                __fixdul
0002369f                __fltid
0002336d                __fltlid
000230c8                __frcmpyd
0002313e                __frcmpyd_div
0002283b                __geqd
000227f0                __gtrd
000227a3                __leqd
            00001ae0    __lock
0002275b                __lssd
00022c51                __mpyd
00023659                __mpyli
0002368f                __negd
00022727                __neqd
0002367c                __nop
000233d4                __nround
00023674                __register_lock
0002366c                __register_unlock
000231b1                __remul
            00000060    __stack
00023645                __subd
            00001060    __sysstack
00023554                __trunc
            00001ae2    __unlock
000236ab                _abort
00023433                _auto_init
000235d3                _c_int00
00023595                _exit
            00001ac0    _fsError
            00001ac2    _gI2cObj
            00001ade    _hGpio
            00001ae8    _hI2s
            00001ad2    _i2cHandle
00023631                _main
0002367e                _memset
00022e6d                _modf
00023510                _myfir
            00001ac1    _ouError
00022535                _sin
ffffffff                binit
            00020000    cinit
ffffffff                edata
ffffffff                end
ffffffff                etext
ffffffff                pinit


GLOBAL SYMBOLS: SORTED BY Symbol Address 

abs. value/
byte addr   word addr   name
---------   ---------   ----
00000001                $TI_capability_requires_rev3
00000001                __TI_args_main
00000002                $TI_capability$C5500$CallingConvention
00000002                $TI_capability$C5500$MemoryModel
            00000060    __stack
00001000                __SYSSTACK_SIZE
00002000                __STACK_SIZE
            00001060    __STACK_END
            00001060    __sysstack
            00001ac0    _fsError
            00001ac1    _ouError
            00001ac2    _gI2cObj
            00001ad2    _i2cHandle
            00001adc    _GpioObj
            00001ade    _hGpio
            00001ae0    __lock
            00001ae2    __unlock
            00001ae4    __cleanup_ptr
            00001ae6    __dtors_ptr
            00001ae8    _hI2s
00020000                _I2C_init
000200a9                _I2C_config
0002020e                _I2C_getConfig
000202e4                _I2C_setup
000204de                _I2C_write
00020722                _I2C_read
00020940                _I2C_eventEnable
00020a74                _I2C_eventDisable
00020b93                _I2C_setCallback
00020c20                _I2C_getEventId
00020c3c                _I2S_open
00020d83                _I2S_setup
00021071                _I2S_close
00021123                _I2S_read
000213dd                _I2S_write
00021533                _I2S_reset
000215e4                _I2S_transEnable
0002162f                _GPIO_open
00021673                _GPIO_close
00021697                _GPIO_config
0002171c                _GPIO_getConfig
000217a4                _GPIO_read
00021827                _GPIO_write
000218ca                _GPIO_configBit
00021a12                _GPIO_disableInt
00021a90                _GPIO_enableInt
00021b1a                _GPIO_clearInt
00021ba6                _GPIO_statusBit
00021c2d                _GPIO_reset
00021cbc                __divd
00022088                __addd
000222e2                _AIC3204_process
00022385                _AIC3204_Init
00022535                _sin
00022727                __neqd
0002275b                __lssd
000227a3                __leqd
000227f0                __gtrd
0002283b                __geqd
00022885                __eqld
000228b9                __cmpd
00022911                _EZDSP5535_XF_on
0002291c                _EZDSP5535_XF_off
00022927                _EZDSP5535_XF_toggle
0002293f                _EZDSP5535_XF_get
0002294a                _EZDSP5535_LED_getall
00022995                _EZDSP5535_LED_setall
00022a03                _EZDSP5535_LED_toggle
00022a3d                _EZDSP5535_LED_on
00022a71                _EZDSP5535_LED_off
00022aa3                _EZDSP5535_LED_init
00022ad9                _EZDSP5535_OSD9616_send
00022afb                _EZDSP5535_OSD9616_printLetter
00022b3e                _EZDSP5535_OSD9616_multiSend
00022b6f                _EZDSP5535_OSD9616_init
00022c51                __mpyd
00022d9d                _EZDSP5535_I2S_writeRight
00022daf                _EZDSP5535_I2S_writeLeft
00022dd2                _EZDSP5535_I2S_readRight
00022de5                _EZDSP5535_I2S_readLeft
00022e09                _EZDSP5535_I2S_init
00022e5d                _EZDSP5535_I2S_close
00022e6d                _modf
00022f2c                __divul
00022fcd                _NCO_init
0002303d                _NCO_generate_sample
00023051                __fixdul
000230c8                __frcmpyd
0002313e                __frcmpyd_div
000231b1                __remul
00023223                _EZDSP5535_I2C_write
0002323d                _EZDSP5535_I2C_init
0002326b                _EZDSP5535_I2C_reset
00023276                _EZDSP5535_I2C_read
00023292                __fixdli
00023301                _EZDSP5535_GPIO_setOutput
00023311                _EZDSP5535_GPIO_setDirection
0002332b                _EZDSP5535_GPIO_init
00023355                _EZDSP5535_GPIO_getInput
0002336d                __fltlid
000233d4                __nround
00023433                _auto_init
00023480                __args_main
000234cb                _EZDSP5535_wait
000234f6                _EZDSP5535_waitusec
00023502                _EZDSP5535_init
00023510                _myfir
00023554                __trunc
00023595                _exit
000235d3                _c_int00
00023607                __fixdi
00023631                _main
00023645                __subd
00023659                I$$LMPY
00023659                __mpyli
0002366c                __register_unlock
00023674                __register_lock
0002367c                __nop
0002367e                _memset
0002368f                __negd
0002369f                __fltid
000236ab                _abort
000236ac                C$$EXIT
            00020000    ___cinit__
            00020000    cinit
0004fe00                _Reset
ffffffff                .bss
ffffffff                .data
ffffffff                .text
ffffffff                ___binit__
ffffffff                ___bss__
ffffffff                ___c_args__
ffffffff                ___data__
ffffffff                ___edata__
ffffffff                ___end__
ffffffff                ___etext__
ffffffff                ___pinit__
ffffffff                ___text__
ffffffff                binit
ffffffff                edata
ffffffff                end
ffffffff                etext
ffffffff                pinit

[143 symbols]
