******************************************************************************
              TMS320C55x Linker PC v4.4.1                      
******************************************************************************
>> Linked Wed Feb 07 09:11:38 2018

OUTPUT FILE NAME:   <biosInClassExample.out>
ENTRY POINT SYMBOL: "_c_int00"  address: 00006add


MEMORY CONFIGURATION

         name            origin    length      used     unused   attr    fill
                        (bytes)   (bytes)    (bytes)   (bytes)
----------------------  --------  ---------  --------  --------  ----  --------
  DARAM                 000000c0   0000fe40  00007590  000088b0  RWIX
  VECT                  0000ff00   00000100  00000100  00000000  RWIX
  SARAM                 00010000   00040000  00000000  00040000  RWIX


SECTION ALLOCATION MAP
(Addresses surrounded by []'s are displayed for convenience only!)

output                                                          attributes/
section   page  orgn(bytes) orgn(words) len(bytes) len(words)   input sections
--------  ----  ----------- ----------- ---------- ----------   --------------
.vers        0   [ 00000000 ]  00000000          *   0000003c   COPY SECTION
                 [ 00000000 ]  00000000          *   0000003c   hellocfg.obj (.vers)

.prd         0   [ 000000c0 ]  00000060          *   00000000   UNINITIALIZED

.bios        0     000000c0  [ 00000060 ] 000020f4          *   
                   000000c0  [ 00000060 ] 000003d4          *   bios.a55L : swi.o55L (.bios)
                   00000494  [ 0000024a ] 000003a3          *   lnkrtdx.a55L : rtdx.o55L (.bios)
                   00000837  [ 0000041b+] 0000035f          *   bios.a55L : hwi_disp_asm.o55L (.bios)
                   00000b96  [ 000005cb ] 00000002          *   --HOLE-- [fill = 20]
                   00000b98  [ 000005cc ] 0000018b          *             : sem_pend.o55L (.bios)
                   00000d23  [ 00000691+] 00000186          *             : prd.o55L (.bios)
                   00000ea9  [ 00000754 ] 00000003          *   --HOLE-- [fill = 20]
                   00000eac  [ 00000756 ] 00000185          *             : knl_run.o55L (.bios)
                   00001031  [ 00000818 ] 00000003          *   --HOLE-- [fill = 20]
                   00001034  [ 0000081a ] 00000144          *             : knl_tick.o55L (.bios)
                   00001178  [ 000008bc ] 00000130          *             : rta.o55L (.bios)
                   000012a8  [ 00000954 ] 00000119          *             : pip.o55L (.bios)
                   000013c1  [ 000009e0+] 0000010e          *             : knl_swit.o55L (.bios)
                   000014cf  [ 00000a67 ] 00000001          *   --HOLE-- [fill = 20]
                   000014d0  [ 00000a68 ] 00000104          *             : sem_dopo.o55L (.bios)
                   000015d4  [ 00000aea ] 000000f8          *             : tsk_exit.o55L (.bios)
                   000016cc  [ 00000b66 ] 000000f6          *             : tsk_setu.o55L (.bios)
                   000017c2  [ 00000be1 ] 00000002          *   --HOLE-- [fill = 20]
                   000017c4  [ 00000be2 ] 000000bf          *             : tsk_stup.o55L (.bios)
                   00001883  [ 00000c41+] 000000a2          *             : c55_c.o55L (.bios)
                   00001925  [ 00000c92 ] 00000003          *   --HOLE-- [fill = 20]
                   00001928  [ 00000c94 ] 00000090          *   bios5505.a55L : clk5505_start.o55L (.bios)
                   000019b8  [ 00000cdc ] 0000008d          *   bios.a55L : knl_chec.o55L (.bios)
                   00001a45  [ 00000d22 ] 00000003          *   --HOLE-- [fill = 20]
                   00001a48  [ 00000d24 ] 0000008d          *   bios5505.a55L : clk5505_isr.o55L (.bios)
                   00001ad5  [ 00000d6a ] 00000003          *   --HOLE-- [fill = 20]
                   00001ad8  [ 00000d6c ] 00000087          *                 : clk5505_htime.o55L (.bios)
                   00001b5f  [ 00000daf+] 00000082          *   bios.a55L : sem_post_asm.o55L (.bios)
                   00001be1  [ 00000df0 ] 00000003          *   --HOLE-- [fill = 20]
                   00001be4  [ 00000df2 ] 00000068          *   bios5505.a55L : clk5505_meas.o55L (.bios)
                   00001c4c  [ 00000e26 ] 00000062          *   bios.a55L : log_printf.o55L (.bios)
                   00001cae  [ 00000e57 ] 00000002          *   --HOLE-- [fill = 20]
                   00001cb0  [ 00000e58 ] 0000005f          *             : knl_exit.o55L (.bios)
                   00001d0f  [ 00000e87 ] 00000001          *   --HOLE-- [fill = 20]
                   00001d10  [ 00000e88 ] 0000005b          *             : knl_ipos.o55L (.bios)
                   00001d6b  [ 00000eb5 ] 00000001          *   --HOLE-- [fill = 20]
                   00001d6c  [ 00000eb6 ] 00000058          *             : lck.o55L (.bios)
                   00001dc4  [ 00000ee2 ] 00000051          *             : log.o55L (.bios)
                   00001e15  [ 00000f0a+] 0000004e          *             : sem_pend_counting.o55L (.bios)
                   00001e63  [ 00000f31 ] 00000001          *   --HOLE-- [fill = 20]
                   00001e64  [ 00000f32 ] 00000048          *             : sem_post.o55L (.bios)
                   00001eac  [ 00000f56 ] 00000048          *             : sts.o55L (.bios)
                   00001ef4  [ 00000f7a ] 00000048          *             : sys_exit.o55L (.bios)
                   00001f3c  [ 00000f9e ] 00000047          *             : idl_busy.o55L (.bios)
                   00001f83  [ 00000fc1+] 00000046          *             : idl_cal.o55L (.bios)
                   00001fc9  [ 00000fe4+] 00000043          *             : rta_andn.o55L (.bios)
                   0000200c  [ 00001006 ] 00000036          *             : utl_putc.o55L (.bios)
                   00002042  [ 00001021 ] 00000002          *   --HOLE-- [fill = 20]
                   00002044  [ 00001022 ] 00000034          *             : knl_post.o55L (.bios)
                   00002078  [ 0000103c ] 00000034          *   bios5505.a55L : clk_itime.o55L (.bios)
                   000020ac  [ 00001056 ] 00000025          *   bios.a55L : fxn.o55L (.bios)
                   000020d1  [ 00001068+] 00000024          *             : idl_stub.o55L (.bios)
                   000020f5  [ 0000107a ] 00000003          *   --HOLE-- [fill = 20]
                   000020f8  [ 0000107c ] 00000023          *             : utl_doab.o55L (.bios)
                   0000211b  [ 0000108d ] 00000001          *   --HOLE-- [fill = 20]
                   0000211c  [ 0000108e ] 00000020          *             : utl_doer.o55L (.bios)
                   0000213c  [ 0000109e ] 0000001a          *             : hwi_xable.o55L (.bios)
                   00002156  [ 000010ab ] 00000017          *             : clk_run.o55L (.bios)
                   0000216d  [ 000010b6 ] 00000003          *   --HOLE-- [fill = 20]
                   00002170  [ 000010b8 ] 00000017          *             : sys_abor.o55L (.bios)
                   00002187  [ 000010c3+] 0000000c          *             : idl.o55L (.bios)
                   00002193  [ 000010c9 ] 00000001          *   --HOLE-- [fill = 20]
                   00002194  [ 000010ca ] 00000008          *             : utl_halt.o55L (.bios)
                   0000219c  [ 000010ce ] 00000007          *             : sts_set.o55L (.bios)
                   000021a3  [ 000010d1+] 00000006          *             : gbl_vers.o55L (.bios)
                   000021a9  [ 000010d4 ] 00000003          *   --HOLE-- [fill = 20]
                   000021ac  [ 000010d6 ] 00000002          *             : fxn_c.o55L (.bios)
                   000021ae  [ 000010d7 ] 00000002          *   --HOLE-- [fill = 20]
                   000021b0  [ 000010d8 ] 00000002          *   bios5505.a55L : clk5505_wdog.o55L (.bios)
                   000021b2  [ 000010d9 ] 00000002          *   --HOLE-- [fill = 20]

.data        0   [ 000000c0 ]  00000060          *   00000000   UNINITIALIZED

.sysstack 
*            0   [ 000021b4 ]  000010da          *   00000100   UNINITIALIZED
                 [ 000021b4 ]  000010da          *   00000100   --HOLE--

.stack       0   [ 000023b4 ]  000011da          *   00000400   UNINITIALIZED
                 [ 000023b4 ]  000011da          *   00000400   --HOLE--

.DARAM$heap 
*            0   [ 00002bb4 ]  000015da          *   00000500   UNINITIALIZED
                 [ 00002bb4 ]  000015da          *   00000500   --HOLE--

.TSK_idle$stk 
*            0   [ 000035b4 ]  00001ada          *   00000500   UNINITIALIZED
                 [ 000035b4 ]  00001ada          *   00000500   hellocfg.obj (.TSK_idle$stk)

.rtdx_text 
*            0     00003fb4  [ 00001fda ] 00000942          *   
                   00003fb4  [ 00001fda ] 000001db          *   rtdxx.lib : buffer1.o55L (.rtdx_text:_RTDX_write_next)
                   0000418f  [ 000020c7+] 0000017c          *             : buffer1.o55L (.rtdx_text:_RTDX_Buffer_WriteCB)
                   0000430b  [ 00002185+] 0000010f          *             : rtdx_mon.o55L (.rtdx_text:_RTDX_Init_RT_Monitor)
                   0000441a  [ 0000220d ] 000000ec          *             : rtdx_mon.o55L (.rtdx_text:_RTDX_Poll)
                   00004506  [ 00002283 ] 000000b5          *             : buffer1.o55L (.rtdx_text:_claim)
                   000045bb  [ 000022dd+] 00000093          *             : rtdx_mon.o55L (.rtdx_text:_StartXFer)
                   0000464e  [ 00002327 ] 00000088          *             : rtdx_mon.o55L (.rtdx_text:_RTDX_Mon_Queue)
                   000046d6  [ 0000236b ] 00000065          *             : rtdx_mon.o55L (.rtdx_text:_RTDX_H2TPoll)
                   0000473b  [ 0000239d+] 00000053          *             : buffer1.o55L (.rtdx_text:_RTDX_Buffer_Initialize)
                   0000478e  [ 000023c7 ] 0000004b          *             : buffer2.o55L (.rtdx_text:_RTDX_Buffer_ReadCB)
                   000047d9  [ 000023ec+] 0000003c          *             : rtdx_mon.o55L (.rtdx_text:_RTDX_Final_RT_Monitor)
                   00004815  [ 0000240a+] 0000003b          *             : buffer1.o55L (.rtdx_text:_RTDX_Buffer_Size)
                   00004850  [ 00002428 ] 0000002a          *             : intr_tgt.o55L (.rtdx_text:_RTDX_Mask_IER)
                   0000487a  [ 0000243d ] 00000022          *             : buffer2.o55L (.rtdx_text:_RTDX_Buffer_Read)
                   0000489c  [ 0000244e ] 0000001e          *             : intr_tgt.o55L (.rtdx_text:_RTDX_Set_IER)
                   000048ba  [ 0000245d ] 0000001c          *             : buffer1.o55L (.rtdx_text:_RTDX_Buffer_Write)
                   000048d6  [ 0000246b ] 00000017          *             : rtdx_mon.o55L (.rtdx_text:_Allow_EmuAccess)
                   000048ed  [ 00002476+] 00000004          *             : rtdx_mon.o55L (.rtdx_text:_Disallow_EmuAccess)
                   000048f1  [ 00002478+] 00000004          *             : rtdx_mon.o55L (.rtdx_text:_Wait)
                   000048f5  [ 0000247a ] 00000001          *   --HOLE-- [fill = 20]

.cinit       0   [ 000048f6 ]  0000247b          *   0000049b   
                 [ 000048f6 ]  0000247b          *   0000025a   hellocfg.obj (.cinit)
                 [ 00004daa ]  000026d5          *   000000af   bios.a55L : biosdata.o55L (.cinit)
                 [ 00004f08 ]  00002784          *   000000a0             : knl.o55L (.cinit)
                 [ 00005048 ]  00002824          *   00000031             : tsk.o55L (.cinit)
                 [ 000050aa ]  00002855          *   0000002e             : tsk_stup.o55L (.cinit)
                 [ 00005106 ]  00002883          *   00000019             : rta.o55L (.cinit)
                 [ 00005138 ]  0000289c          *   00000017   rtdxx.lib : buffer1.o55L (.cinit)
                 [ 00005166 ]  000028b3          *   0000000f   bios.a55L : utl_putc.o55L (.cinit)
                 [ 00005184 ]  000028c2          *   0000000b             : knl_tick.o55L (.cinit)
                 [ 0000519a ]  000028cd          *   0000000a             : obj_init.o55L (.cinit)
                 [ 000051ae ]  000028d7          *   0000000a             : sys.o55L (.cinit)
                 [ 000051c2 ]  000028e1          *   0000000a   rts55x.lib : _lock.obj (.cinit)
                 [ 000051d6 ]  000028eb          *   0000000a              : exit.obj (.cinit)
                 [ 000051ea ]  000028f5          *   00000009   lnkrtdx.a55L : rtdx.o55L (.cinit)
                 [ 000051fc ]  000028fe          *   00000008   rts55x.lib : atexit.obj (.cinit)
                 [ 0000520c ]  00002906          *   00000005   bios.a55L : idl_busy.o55L (.cinit)
                 [ 00005216 ]  0000290b          *   00000005             : knl_swit.o55L (.cinit)
                 [ 00005220 ]  00002910          *   00000005   rts55x.lib : sinit.obj (.cinit)
                 [ 0000522a ]  00002915          *   00000001   --HOLE-- [fill = 0]

.bss         0   [ 0000522c ]  00002916          *   00000222   UNINITIALIZED
                 [ 0000522c ]  00002916          *   000000c2   rts55x.lib : atexit.obj (.bss)
                 [ 000053b0 ]  000029d8          *   0000008a   bios.a55L : knl.o55L (.bss)
                 [ 000054c4 ]  00002a62          *   00000030             : tsk.o55L (.bss)
                 [ 00005524 ]  00002a92          *   00000028             : tsk_stup.o55L (.bss)
                 [ 00005574 ]  00002aba          *   00000023             : obj_init.o55L (.bss)
                 [ 000055ba ]  00002add          *   00000001   --HOLE--
                 [ 000055bc ]  00002ade          *   00000014             : sys.o55L (.bss)
                 [ 000055e4 ]  00002af2          *   0000000c   bios5505.a55L : clk5505_data.o55L (.bss)
                 [ 000055fc ]  00002afe          *   00000002   bios.a55L : clk_data2.o55L (.bss)
                 [ 00005600 ]  00002b00          *   00000014   hellocfg.obj (.bss)
                 [ 00005628 ]  00002b14          *   00000008   bios.a55L : knl_tick.o55L (.bss)
                 [ 00005638 ]  00002b1c          *   00000006             : utl_putc.o55L (.bss)
                 [ 00005644 ]  00002b22          *   00000006   rtdxx.lib : buffer1.o55L (.bss)
                 [ 00005650 ]  00002b28          *   00000004   bios.a55L : clk_data.o55L (.bss)
                 [ 00005658 ]  00002b2c          *   00000004   rts55x.lib : _lock.obj (.bss)
                 [ 00005660 ]  00002b30          *   00000004              : exit.obj (.bss)
                 [ 00005668 ]  00002b34          *   00000002   bios.a55L : mem_asm.o55L (.bss)
                 [ 0000566c ]  00002b36          *   00000002   rts55x.lib : sinit.obj (.bss)

.hwi_disp_sec 
*            0   [ 00005670 ]  00002b38          *   000000c0   UNINITIALIZED
                 [ 00005670 ]  00002b38          *   000000c0   bios.a55L : hwi_disp_asm.o55L (.hwi_disp_sec)

.args        0   [ 000057f0 ]  00002bf8          *   00000008   
                 [ 000057f0 ]  00002bf8          *   00000008   --HOLE-- [fill = 0]

.trace$buf 
*            0   [ 00005800 ]  00002c00          *   00000400   UNINITIALIZED
                 [ 00005800 ]  00002c00          *   00000400   hellocfg.obj (.trace$buf)

.LOG_system$buf 
*            0   [ 00006000 ]  00003000          *   00000200   UNINITIALIZED
                 [ 00006000 ]  00003000          *   00000200   hellocfg.obj (.LOG_system$buf)

.trace       0   [ 00006400 ]  00003200          *   00000200   
                 [ 00006400 ]  00003200          *   00000200   --HOLE-- [fill = 00]

.sysinit     0     00006800  [ 00003400 ] 00000350          *   
                   00006800  [ 00003400 ] 00000111          *   bios.a55L : mem_init.o55L (.sysinit)
                   00006911  [ 00003488+] 000000d5          *   hellocfg.obj (.sysinit)
                   000069e6  [ 000034f3 ] 00000002          *   --HOLE-- [fill = 20]
                   000069e8  [ 000034f4 ] 00000084          *   bios.a55L : tsk_init.o55L (.sysinit)
                   00006a6c  [ 00003536 ] 00000071          *             : autoinit.o55L (.sysinit)
                   00006add  [ 0000356e+] 0000006f          *             : boot.o55L (.sysinit)
                   00006b4c  [ 000035a6 ] 00000002          *             : obj_init.o55L (.sysinit)
                   00006b4e  [ 000035a7 ] 00000002          *   --HOLE-- [fill = 20]

.text        0     00006b50  [ 000035a8 ] 00000294          *   
                   00006b50  [ 000035a8 ] 00000075          *   rts55x.lib : sinit.obj (.text)
                   00006bc5  [ 000035e2+] 0000006f          *              : atexit.obj (.text)
                   00006c34  [ 0000361a ] 00000067          *   bios.a55L : c55_enable.o55L (.text)
                   00006c9b  [ 0000364d ] 00000001          *   --HOLE-- [fill = 20]
                   00006c9c  [ 0000364e ] 0000005c          *             : tsk_stup.o55L (.text)
                   00006cf8  [ 0000367c ] 00000042          *   hello.obj (.text)
                   00006d3a  [ 0000369d ] 0000003f          *   rts55x.lib : memcpy.obj (.text)
                   00006d79  [ 000036bc+] 0000003e          *              : exit.obj (.text)
                   00006db7  [ 000036db+] 00000013          *              : lmpy.obj (.text)
                   00006dca  [ 000036e5 ] 00000012          *              : _lock.obj (.text)
                   00006ddc  [ 000036ee ] 00000007          *              : exit.obj (.text:CIO_breakpoint)
                   00006de3  [ 000036f1 ] 00000001          *   --HOLE-- [fill = 20]

.rtdx_data 
*            0   [ 00006de4 ]  000036f2          *   00000128   UNINITIALIZED
                 [ 00006de4 ]  000036f2          *   00000102   hellocfg.obj (.rtdx_data)
                 [ 00006fe8 ]  000037f4          *   00000012   rtdxx.lib : rtdx_mon.o55L (.rtdx_data)
                 [ 0000700c ]  00003806          *   00000010             : buffer1.o55L (.rtdx_data)
                 [ 0000702c ]  00003816          *   00000004   bios.a55L : rtdx_data.o55L (.rtdx_data)

.sysdata     0   [ 00007034 ]  0000381a          *   000000ce   UNINITIALIZED
                 [ 00007034 ]  0000381a          *   000000b0   bios.a55L : biosdata.o55L (.sysdata)
                 [ 00007194 ]  000038ca          *   00000016             : rta.o55L (.sysdata)
                 [ 000071c0 ]  000038e0          *   00000006   lnkrtdx.a55L : rtdx.o55L (.sysdata)
                 [ 000071cc ]  000038e6          *   00000002   bios.a55L : idl_busy.o55L (.sysdata)

.const       0   [ 000071d0 ]  000038e8          *   000000c3   
                 [ 000071d0 ]  000038e8          *   0000004f   bios.a55L : tsk_stup.o55L (.const)
                 [ 0000726e ]  00003937          *   00000001   --HOLE-- [fill = 0]
                 [ 00007270 ]  00003938          *   00000023             : utl_doab.o55L (.const)
                 [ 000072b6 ]  0000395b          *   00000001   --HOLE-- [fill = 0]
                 [ 000072b8 ]  0000395c          *   00000022             : utl_doer.o55L (.const)
                 [ 000072fc ]  0000397e          *   00000021   hello.obj (.const:.string)
                 [ 0000733e ]  0000399f          *   00000001   --HOLE-- [fill = 0]
                 [ 00007340 ]  000039a0          *   00000006   rtdxx.lib : rtdx_mon.o55L (.const)
                 [ 0000734c ]  000039a6          *   00000004             : buffer1.o55L (.const)
                 [ 00007354 ]  000039aa          *   00000001   bios.a55L : tsk.o55L (.const)

.mem         0   [ 00007356 ]  000039ab          *   00000001   UNINITIALIZED
                 [ 00007356 ]  000039ab          *   00000001   hellocfg.obj (.mem)

.printf      0   [ 00007356 ]  000039ab          *   00000047   COPY SECTION
                 [ 00007356 ]  000039ab          *   00000047   hellocfg.obj (.printf)

.pip         0   [ 00007358 ]  000039ac          *   00000064   UNINITIALIZED
                 [ 00007358 ]  000039ac          *   00000064   hellocfg.obj (.pip)

.hst0        0   [ 00007420 ]  00003a10          *   00000040   UNINITIALIZED
                 [ 00007420 ]  00003a10          *   00000040   hellocfg.obj (.hst0)

.tsk         0   [ 000074a0 ]  00003a50          *   0000002c   UNINITIALIZED
                 [ 000074a0 ]  00003a50          *   0000002c   hellocfg.obj (.tsk)

.gblinit     0   [ 000074f8 ]  00003a7c          *   00000021   
                 [ 000074f8 ]  00003a7c          *   00000021   hellocfg.obj (.gblinit)

.hst         0   [ 0000753c ]  00003a9e          *   0000001a   UNINITIALIZED
                 [ 0000753c ]  00003a9e          *   0000001a   hellocfg.obj (.hst)

.sts         0   [ 00007570 ]  00003ab8          *   00000018   UNINITIALIZED
                 [ 00007570 ]  00003ab8          *   00000018   hellocfg.obj (.sts)

.log         0   [ 000075a0 ]  00003ad0          *   00000014   UNINITIALIZED
                 [ 000075a0 ]  00003ad0          *   00000014   hellocfg.obj (.log)

.swi         0   [ 000075c8 ]  00003ae4          *   00000014   UNINITIALIZED
                 [ 000075c8 ]  00003ae4          *   00000014   hellocfg.obj (.swi)

.idl         0   [ 000075f0 ]  00003af8          *   0000000a   UNINITIALIZED
                 [ 000075f0 ]  00003af8          *   0000000a   hellocfg.obj (.idl)

.idlcal      0   [ 00007604 ]  00003b02          *   0000000a   UNINITIALIZED
                 [ 00007604 ]  00003b02          *   0000000a   hellocfg.obj (.idlcal)

.hst1        0   [ 00007618 ]  00003b0c          *   00000008   UNINITIALIZED
                 [ 00007618 ]  00003b0c          *   00000008   hellocfg.obj (.hst1)

.sys         0   [ 00007628 ]  00003b14          *   00000008   UNINITIALIZED
                 [ 00007628 ]  00003b14          *   00000008   hellocfg.obj (.sys)

.pinit       0   [ 00007638 ]  00003b1c          *   00000006   
                 [ 00007638 ]  00003b1c          *   00000002   rtdxx.lib : buffer1.o55L (.pinit)
                 [ 0000763c ]  00003b1e          *   00000002             : rtdx_mon.o55L (.pinit)
                 [ 00007640 ]  00003b20          *   00000002   --HOLE-- [fill = 0]

.clk         0   [ 00007644 ]  00003b22          *   00000004   UNINITIALIZED
                 [ 00007644 ]  00003b22          *   00000004   hellocfg.obj (.clk)

.trcdata     0   [ 0000764c ]  00003b26          *   00000003   
                 [ 0000764c ]  00003b26          *   00000003   bios.a55L : trc.o55L (.trcdata)

.hwi_vec     0     0000ff00  [ 00007f80 ] 00000100          *   
                   0000ff00  [ 00007f80 ] 00000100          *   hellocfg.obj (.hwi_vec)


GLOBAL SYMBOLS: SORTED ALPHABETICALLY BY Name 

abs. value/
byte addr   word addr   name
---------   ---------   ----
00000002                $TI_capability$C5500$CallingConvention
00000002                $TI_capability$C5500$MemoryModel
00000001                $TI_capability_requires_rev3
            00002916    .bss
            00000060    .data
00006b50                .text
00000014                BIOSDATA_O_CLK_D_COUNTSPMS
0000000e                BIOSDATA_O_CLK_D_DIRTY
00000016                BIOSDATA_O_CLK_D_IDLETIME
00000018                BIOSDATA_O_CLK_D_ISRHOOK
00000010                BIOSDATA_O_CLK_D_PRD
0000001a                BIOSDATA_O_CLK_D_TABBEG
00000012                BIOSDATA_O_CLK_D_TDDR
0000001c                BIOSDATA_O_CLK_D_TIMEFXN
00000006                BIOSDATA_O_CLK_HTIMEDIV
00000008                BIOSDATA_O_CLK_HTIMEMULT
0000000a                BIOSDATA_O_CLK_LTIMEDIV
0000000c                BIOSDATA_O_CLK_LTIMEMULT
0000001e                BIOSDATA_O_CLK_R_TIMH
0000001f                BIOSDATA_O_CLK_R_TIML
00000020                BIOSDATA_O_HST_D_CHANMASK
000000a0                BIOSDATA_O_HST_D_TABBEGADDR
000000a2                BIOSDATA_O_HST_D_TABENDADDR
00000088                BIOSDATA_O_HWI_D_SPSAVE
0000008a                BIOSDATA_O_HWI_D_SSPSAVE
0000008c                BIOSDATA_O_HWI_D_STKBOTADDR
00000090                BIOSDATA_O_HWI_D_STKTOPADDR
0000008e                BIOSDATA_O_HWI_D_SYSTKBOTADDR
00000092                BIOSDATA_O_HWI_D_SYSTKTOPADDR
00000022                BIOSDATA_O_IDL_D_CALBEG
00000024                BIOSDATA_O_IDL_D_CALIBRATE
00000026                BIOSDATA_O_IDL_D_TABBEG
00000028                BIOSDATA_O_LOG_D_SYSTEM
00000098                BIOSDATA_O_MEM_D_FREELIST
0000009a                BIOSDATA_O_MEM_D_LOCKADDR
00000096                BIOSDATA_O_MEM_D_MEMTAB
00000095                BIOSDATA_O_MEM_D_NUMSEGMENTS
0000009c                BIOSDATA_O_MEM_D_UNLOCKADDR
0000002a                BIOSDATA_O_PIP_D_TABBEG
0000002c                BIOSDATA_O_PIP_D_TABLEN
0000002e                BIOSDATA_O_PRD_D_CUR
00000030                BIOSDATA_O_PRD_D_ELAPSED
00000031                BIOSDATA_O_PRD_D_PREVTIM
00000032                BIOSDATA_O_PRD_D_SCALAR
00000034                BIOSDATA_O_PRD_D_SWIHANDLE
00000036                BIOSDATA_O_PRD_D_TABBEG
00000038                BIOSDATA_O_PRD_D_TABLEN
0000003a                BIOSDATA_O_PRD_D_THOOK
0000003c                BIOSDATA_O_PRD_D_TICKH
0000003d                BIOSDATA_O_PRD_D_TICKL
000000a8                BIOSDATA_O_RTDX_D_BUFREAD
000000aa                BIOSDATA_O_RTDX_D_BUFWRITE
00000046                BIOSDATA_O_SWI_D_CURFXN
00000042                BIOSDATA_O_SWI_D_CURMASK
00000045                BIOSDATA_O_SWI_D_CURMBOX
00000043                BIOSDATA_O_SWI_D_CURSET
00000040                BIOSDATA_O_SWI_D_EXECADDR
00000044                BIOSDATA_O_SWI_D_LOCK
00000048                BIOSDATA_O_SWI_D_RDYBEG
0000004a                BIOSDATA_O_SWI_D_RDYTAB
0000003e                BIOSDATA_O_SWI_D_RUNADDR
0000009e                BIOSDATA_O_SYS
000000a4                BIOSDATA_O_TSK_D_IDLSTKADDR
000000a6                BIOSDATA_O_TSK_D_IDLSYSTKADDR
00006911                BIOS_init
000069a2                BIOS_start
00000000                BUF$
00000001                BUF_ENABLED
00006ddd                C$$EXIT
            0000381a    C55_BIOSDATAOBJ
00000001                CLK$
00003b22                CLK_A_TABBEG
00007644                CLK_A_TABBEGb
00000001                CLK_CALDIV
00000004                CLK_CALMULT
0000c350                CLK_COUNTSPMS
00000000                CLK_COUNTSPMSHIGH
            00003830    CLK_D_idletime
            00003832    CLK_D_isrhook
            00003834    CLK_D_tabbeg
            00003836    CLK_D_timefxn
00002161                CLK_F_dispRun
00001b18                CLK_F_gethtime
00002078                CLK_F_itime
00002161                CLK_HOOKFXN
00000001                CLK_HTIMEDIV
00000002                CLK_HTIMEMULT
0000c350                CLK_HTIMEPERLTIME
00000010                CLK_IMR0TINTMASK
00000000                CLK_IMR1TINTMASK
00000000                CLK_INTBIT
00000004                CLK_INTID
00000001                CLK_LTIMEDIV
000186a0                CLK_LTIMEMULT
000003e8                CLK_MICROSECS
            00003b24    CLK_NULL
0000c34f                CLK_PRD
00000000                CLK_PRDHIGH
00001810                CLK_REGS
            00003838    CLK_R_timh
            00003839    CLK_R_timl
00000020                CLK_TCR
00000000                CLK_TDDR
00000000                CLK_TDDRHIGH
00001b18                CLK_TIMEFXN
00000001                CLK_TIMER0ARG
00001a90                CLK_TIMER0FUNC
00000000                CLK_TIMER1ARG
000020ac                CLK_TIMER1FUNC
00000000                CLK_TIMER2ARG
000020ac                CLK_TIMER2FUNC
00000046                CLK_TIMERIFR
00000045                CLK_TIMERIMR
00000010                CLK_TIMERIMRMASK
00000000                CLK_TIMERNUM
00000001                CLK_USETIMER
            00002b06    DARAM
000015da                DARAM$B
00002bb4                DARAM$Bb
00000a00                DARAM$L
00000000                DEV$
00000000                DGN$
00000000                DHL$
00000000                DHL_gChannelsAvailable
00000000                DIO$
00000000                DIO_NUMSWIBASE
00000000                DIO_NUMTSKBASE
00000000                DIO_STATIC
00000000                DPI$
000020ac                FXN_F_nop
000020ae                FXN_F_run
000020cf                FXN_F_selfLoop
000020cb                FXN_F_zero
00000001                GBL$
00005205                GBL_A_VERSION
000021ac                GBL_BIOS_BOOTFXN
00f80000                GBL_CACHEICRTAG1
00f81000                GBL_CACHEICRTAG2
00000002                GBL_CACHETYPE
00000000                GBL_CALLCSLCFGINIT
00004e20                GBL_CLKIN
00000001                GBL_CLKMD
00001581                GBL_CLKTYPE
00000001                GBL_DCRPOSTEDWRITE
00001581                GBL_DSPSUBTYPE
00000037                GBL_DSPTYPE
00000000                GBL_ENABLEICACHE
00000001                GBL_ENABLEINST
00000042                GBL_FOOTPRINT
000186a0                GBL_FREQ
00000001                GBL_LARGEMODEL
00000000                GBL_MODIFYCLKMD
00000000                GBL_NULL
00008000                GBL_PLLDIV0
00008003                GBL_PLLDIV1
0000000f                GBL_PLLM
00000000                GBL_PROCID
00000000                GBL_ROM
00000000                GBL_SUPPORTCSL
0000dbef                GBL_TRCMASKVALUE
00000000                GBL_USERINIT
000021ac                GBL_USERINITFXN
00000001                GBL_boot
            00003b28    GBL_initdone
            000011da    GBL_stackbeg
            000015d9    GBL_stackend
            000010da    GBL_sysstackbeg
            000011d9    GBL_sysstackend
00000000                GIO$
000021ac                GIO_CREATEFXN
000021ac                GIO_DELETEFXN
000021ac                GIO_PENDFXN
000021ac                GIO_POSTFXN
00000000                HOOK$
00000000                HOOK_KNLID
00000001                HST$
00003a9e                HST_A_TABBEG
0000753c                HST_A_TABBEGb
00003ab8                HST_A_TABEND
00007570                HST_A_TABENDb
00000000                HST_BIOSLINK
00000000                HST_DSM
            00002b06    HST_DSMBUFSEG
00000400                HST_DSMMEMSIZE
            0000383a    HST_D_chanmask
            000038ba    HST_D_tabbegaddr
            000038bc    HST_D_tabendaddr
000000ff                HST_MAXFRAMEALLOWED
00000040                HST_MAXFRAMESET
00000000                HST_NONE
00000001                HST_RTDX
00000001                HWI$
0000ff00                HWI_A_VECS
00000018                HWI_BERR
00000019                HWI_DLOG
            000038ae    HWI_D_inhwi
            000038a2    HWI_D_spsave
            000038a4    HWI_D_sspsave
            000038a6    HWI_D_stkbotaddr
            000038aa    HWI_D_stktopaddr
            000038a8    HWI_D_systkbotaddr
            000038ac    HWI_D_systktopaddr
00000837                HWI_F_dispatch
0000000a                HWI_INT10
0000000b                HWI_INT11
0000000c                HWI_INT12
0000000d                HWI_INT13
0000000e                HWI_INT14
0000000f                HWI_INT15
00000010                HWI_INT16
00000011                HWI_INT17
00000012                HWI_INT18
00000013                HWI_INT19
00000002                HWI_INT2
00000014                HWI_INT20
00000015                HWI_INT21
00000016                HWI_INT22
00000017                HWI_INT23
00000003                HWI_INT3
00000004                HWI_INT4
00000005                HWI_INT5
00000006                HWI_INT6
00000007                HWI_INT7
00000008                HWI_INT8
00000009                HWI_INT9
00000001                HWI_NMI
00000000                HWI_RESET
0000001a                HWI_RTOS
0000001b                HWI_SINT27
0000001c                HWI_SINT28
0000001d                HWI_SINT29
0000001e                HWI_SINT30
0000001f                HWI_SINT31
00000004                HWI_TINT
00000000                HWI_ZEROTAB
00006db7                I$$LMPY
00000001                IDL$
            00003afe    IDL0
            00003b08    IDL0$
00003b02                IDL_A_CALBEG
00007604                IDL_A_CALBEGb
00003af8                IDL_A_TABBEG
000075f0                IDL_A_TABBEGb
00000000                IDL_CALIBRERROR
000020d1                IDL_CALIBRFXN
            000038e6    IDL_D_busyObj
            0000383c    IDL_D_calbeg
            0000383e    IDL_D_calibrate
            00003840    IDL_D_tabbeg
            00003b00    IDL_END
            00003b0a    IDL_END$
00001f3c                IDL_F_busy
00002187                IDL_F_loop
00000001                IDL_USECLKIDLTIME
            00003aca    IDL_busyObj
            000039ed    IDL_busyObj$avgfmt
00000001                IDL_busyObj$filter
00000001                IDL_busyObj$iA
00000000                IDL_busyObj$iB
00000001                IDL_busyObj$iC
            000039e7    IDL_busyObj$maxfmt
00000000                IDL_busyObj$operation
            00003ac8    IDL_busyObj$stsobj
            000039ea    IDL_busyObj$sumfmt
00000002                IDL_busyObj$unittype
            00003af8    IDL_cpuLoad
            00003b02    IDL_cpuLoad$
00000001                ISRC$
0000140f                KNL_glue
            00003ae4    KNL_swi
00000001                KNL_swi$dorta
00000000                KNL_swi$ord
00000000                KNL_swi$pri
            00003aba    KNL_swi$sts
            000039c3    KNL_swi$sts$avgfmt
00000002                KNL_swi$sts$filter
00000001                KNL_swi$sts$filtmaxmult
00000001                KNL_swi$sts$filtsummult
            000039b3    KNL_swi$sts$maxfmt
            00003ab8    KNL_swi$sts$stsobj
            000039bb    KNL_swi$sts$sumfmt
00000000                KNL_swi$sts$unittype
00000000                KNL_swi$swi
0000144e                KNL_tick_stub
00000001                LCK$
            000038e0    LNKCTRL
            000038e1    LNK_D_dataReadyMask
            000038e0    LNK_D_fromHostMask
            000038e3    LNK_D_readDone
            000038e4    LNK_D_readFail
            000038e2    LNK_D_readPend
            000038e5    LNK_D_writeFail
00000496                LNK_F_checkChanEnabled
000004ef                LNK_F_dataPump
000004bd                LNK_F_getChanPtr
000004a4                LNK_F_getNextChan
00000494                LNK_F_init
00000812                LNK_F_readCallBack
            00003afa    LNK_dataPump
            00003b04    LNK_dataPump$
0000065a                LNK_newin
0000073e                LNK_newout
000004ef                LNK_rcloop
00000543                LNK_rdrtry
0000054d                LNK_rrloop
000005cd                LNK_wrloop
000005c3                LNK_wrrtry
00000001                LOG$
00003ad0                LOG_A_TABBEG
000075a0                LOG_A_TABBEGb
00003ae4                LOG_A_TABEND
000075c8                LOG_A_TABENDb
00000002                LOG_A_TABLEN
            00003842    LOG_D_system
00000001                LOG_ENABLED
00001dc4                LOG_F_event
            00003ad0    LOG_system
            00003000    LOG_system$buf
00000000                LOG_system$datatype
00000000                LOG_system$log
00000200                LOG_system$size
00000000                MBX$
00000001                MEM$
            00002b06    MEM_MALLOCSEG
00000000                MEM_NULL
            00002b06    MEM_SEGZERO
00000001                MEM_gNumHeap
00000000                MSGQ$
00000000                MSGQ_USEMSGQ
00000000                OBJ$
00000000                PIP$
000039ac                PIP_A_TABBEG
00007358                PIP_A_TABBEGb
00003a10                PIP_A_TABEND
00007420                PIP_A_TABENDb
00000002                PIP_A_TABLEN
            00003844    PIP_D_tabbeg
            00003846    PIP_D_tablen
000012fe                PIP_F_give
000012fc                PIP_F_probe
00001370                PIP_F_start
000012a8                PIP_F_take
00000064                PIP_OBJSIZE
00000000                PIP_gNextId
00000002                PIP_gNumEmbed
00000000                POOL$
00000000                POOL_USEPOOL
00000001                PRD$
00000060                PRD_A_TABBEG
000000c0                PRD_A_TABBEGb
00000060                PRD_A_TABEND
000000c0                PRD_A_TABENDb
00000000                PRD_A_TABLEN
            00003848    PRD_D_cur
            0000384a    PRD_D_elapsed
            0000384b    PRD_D_prevtim
            0000384c    PRD_D_scalar
            0000384e    PRD_D_swihandle
            00003850    PRD_D_tabbeg
            00003852    PRD_D_tablen
            00003854    PRD_D_thook
            00003856    PRD_D_tickh
            00003857    PRD_D_tickl
00000d23                PRD_F_swi
00000e48                PRD_F_tick
00004000                PRD_SCALAR
00000000                PRD_SWIHANDLE
0000144e                PRD_THOOKFXN
            00003b22    PRD_clock
00000001                PWRM$
00000000                PWRM_PWRM_ADAPTCLK
000021ac                PWRM_PWRM_BOOTHOOKFXN
00000023                PWRM_PWRM_CAPSMASK
0000003f                PWRM_PWRM_DS_IDLEMASK
00000000                PWRM_PWRM_ENABLE
00000005                PWRM_PWRM_IDLEMASK
00000000                PWRM_PWRM_IER0
00000000                PWRM_PWRM_IER1
00000640                PWRM_PWRM_INITMILVOLTS
0000000f                PWRM_PWRM_INITSP
00000000                PWRM_PWRM_SCALING
00000001                QUE$
            000038ca    RTA_D_fromHost
            000038ce    RTA_D_logval
            000038d8    RTA_D_stsval
            000038cc    RTA_D_toHost
00001fc9                RTA_F_andn
00001201                RTA_F_dispatch
00001178                RTA_F_getlog
000011a4                RTA_F_getsts
00001fdf                RTA_F_or
000011d3                RTA_F_readblk
000011e6                RTA_F_resetmem
000011e2                RTA_F_writeword
            00003afc    RTA_dispatcher
            00003b06    RTA_dispatcher$
            00003aa0    RTA_fromHost
            00003b0c    RTA_fromHost$buf
00000008                RTA_fromHost$framesize
00000000                RTA_fromHost$hst
00000001                RTA_fromHost$id
00000000                RTA_fromHost$mode
            000039ac    RTA_fromHost$pipe
            00002b08    RTA_fromHost$pipe$dtab
            000039ae    RTA_fromHost$pipe$rd
            000039b0    RTA_fromHost$pipe$rdaddr
            000039b4    RTA_fromHost$pipe$rdcurdesc
            000039b2    RTA_fromHost$pipe$rdsize
            000039c4    RTA_fromHost$pipe$rdstshdl
            000039c6    RTA_fromHost$pipe$wr
            000039c8    RTA_fromHost$pipe$wraddr
            000039cc    RTA_fromHost$pipe$wrcurdesc
            000039ca    RTA_fromHost$pipe$wrsize
            000039dc    RTA_fromHost$pipe$wrstshdl
            00003aa4    RTA_fromHost$rtdx
            00003aac    RTA_toHost
            00003a10    RTA_toHost$buf
00000040                RTA_toHost$framesize
00000000                RTA_toHost$hst
00000000                RTA_toHost$id
00000001                RTA_toHost$mode
            000039de    RTA_toHost$pipe
            00002b0e    RTA_toHost$pipe$dtab
            000039e0    RTA_toHost$pipe$rd
            000039e2    RTA_toHost$pipe$rdaddr
            000039e6    RTA_toHost$pipe$rdcurdesc
            000039e4    RTA_toHost$pipe$rdsize
            000039f6    RTA_toHost$pipe$rdstshdl
            000039f8    RTA_toHost$pipe$wr
            000039fa    RTA_toHost$pipe$wraddr
            000039fe    RTA_toHost$pipe$wrcurdesc
            000039fc    RTA_toHost$pipe$wrsize
            00003a0e    RTA_toHost$pipe$wrstshdl
            00003ab0    RTA_toHost$rtdx
00000001                RTDX$
00000102                RTDX_BUFMEMSIZE
            00002b06    RTDX_DATAMEMSEG
            000038c2    RTDX_D_BufRead
            000038c4    RTDX_D_BufWrite
00000000                RTDX_MODE
00000001                RTDX_USERTDX
00000000                RTDX_USERTEXECUTION
ffffffff                SARAM
00000000                SEM$
00000000                SIO$
00000001                STS$
00003ab8                STS_A_TABBEG
00007570                STS_A_TABBEGb
00003ad0                STS_A_TABEND
000075a0                STS_A_TABENDb
00001ece                STS_F_add
00001eac                STS_F_delta
00001ee6                STS_F_reset
00000001                SWI$
00003ae4                SWI_A_TABBEG
000075c8                SWI_A_TABBEGb
00003af8                SWI_A_TABEND
000075f0                SWI_A_TABENDb
00000001                SWI_A_TABLEN
            00003860    SWI_D_curfxn
            0000385c    SWI_D_curmask
            0000385f    SWI_D_curmbox
            0000385d    SWI_D_curset
            0000385a    SWI_D_execaddr
            000038a0    SWI_D_inswi
            0000385e    SWI_D_lock
            00003862    SWI_D_rdybeg
            00003864    SWI_D_rdytab
            00003858    SWI_D_runaddr
00000000                SWI_EHOOKFXN
00000206                SWI_EXECFXN
000000c0                SWI_F_enable
00000206                SWI_F_exec
0000017e                SWI_F_exec_sync
000000f3                SWI_F_post
000002f2                SWI_F_run
00000000                SWI_IHOOKFXN
000002f2                SWI_RUNFXN
00000001                SYS$
            00003b14    SYS$config
000020f8                SYS_ABORTFXN
0000211c                SYS_ERRORFXN
00002194                SYS_EXITFXN
0000200c                SYS_PUTCFXN
00004000                TRC_GBLTARG
            00003b27    TRC_R_mask
            00003b26    TRC_cinit
00000001                TSK$
            000038be    TSK_D_idlstkaddr
            000038c0    TSK_D_idlsystkaddr
00000000                TSK_NUM_HOOKS
00000001                TSK_PRIORITY
00000000                TSK_READYFXN
00000000                TSK_STACKSEG
00000400                TSK_STACKSIZE
00000000                TSK_SWITCHFXN
00000100                TSK_SYSTACKSIZE
000021ac                TSK_VCREATEFXN
000021ac                TSK_VDELETEFXN
000021ac                TSK_VEXITFXN
            00003a56    TSK_idle
00000000                TSK_idle$ord
00000000                TSK_idle$pri
            00001ada    TSK_idle$stack
            00001ebc    TSK_idle$stkptr
            00003ac2    TSK_idle$sts
            000039dd    TSK_idle$sts$avgfmt
00000002                TSK_idle$sts$filter
00000001                TSK_idle$sts$filtmaxmult
00000001                TSK_idle$sts$filtsummult
            000039cd    TSK_idle$sts$maxfmt
            00003ac0    TSK_idle$sts$stsobj
            000039d5    TSK_idle$sts$sumfmt
00000000                TSK_idle$sts$unittype
            00001eda    TSK_idle$sysstack
            00001fbc    TSK_idle$sysstkptr
00000000                TSK_idle$tsk
            00003a6e    TSK_idle$tskobj
00000000                UDEV$
ffffffff                VECT
00006911                _BIOS_init
000069a2                _BIOS_start
000018fb                _C55_clearIFR0
00001910                _C55_clearIFR1
00001883                _C55_disableIMR0
000018a6                _C55_disableIMR1
00006c68                _C55_disableInt
000018c9                _C55_enableIMR0
000018e2                _C55_enableIMR1
00006c34                _C55_enableInt
0000c350                _CLK_COUNTSPMS
            00002b28    _CLK_DFLTMICROSECS
            0000382e    _CLK_D_countspms
            00003828    _CLK_D_dirty
            00002b2a    _CLK_D_microseconds
            0000382a    _CLK_D_prd
            0000382c    _CLK_D_tddr
0000c34f                _CLK_PRD
00001810                _CLK_REGS
00000020                _CLK_TCR
00000000                _CLK_TDDR
00000000                _CLK_TIMERNUM
00000001                _CLK_USETIMER
00002161                _CLK_dispRun
00001a48                _CLK_dispatch
00001b0c                _CLK_getfhtime
00001b18                _CLK_getshtime
            00003820    _CLK_htimeDiv
            00003822    _CLK_htimeMult
            00002afe    _CLK_htimePerLtime
00001a90                _CLK_isr
            00003832    _CLK_isrhook
00002078                _CLK_itime
            00003824    _CLK_ltimeDiv
            00003826    _CLK_ltimeMult
00001be4                _CLK_measure
00002156                _CLK_run
00001928                _CLK_start
000019b0                _CLK_stop
            00003838    _CLK_time
            00002af8    _CLK_timer0arg
            00002af2    _CLK_timer0func
            00002afa    _CLK_timer1arg
            00002af4    _CLK_timer1func
            00002afc    _CLK_timer2arg
            00002af6    _CLK_timer2func
00001810                _CLK_timer5505
00001c14                _CLK_timerIAFR
00000000                _CLK_timerNum
000021b0                _CLK_wdogdisable
            00002b06    _DARAM
000015da                _DARAM_base
00002bb4                _DARAM_baseb
00000a00                _DARAM_length
000021ac                _FXN_F_nop
            0000381c    _GBL_clkIn
            0000381e    _GBL_freq
000021a3                _GBL_getVersion
            0000381a    _GBL_procId
00003a9e                _HST_A_TABBEG
00003ab8                _HST_A_TABEND
            000039ab    _HST_HOST_CHANNEL_DRIVER
00000018                _HWI_BERR
00000019                _HWI_DLOG
            000038ae    _HWI_D_inhwi
            000038a2    _HWI_D_spsave
            000038a4    _HWI_D_sspsave
00000ab6                _HWI_F_DispIsr0
00000837                _HWI_F_dispatch
00006d38                _HWI_I2S_Rx
00006d36                _HWI_I2S_Tx
0000000a                _HWI_INT10
0000000b                _HWI_INT11
0000000c                _HWI_INT12
0000000d                _HWI_INT13
0000000e                _HWI_INT14
0000000f                _HWI_INT15
00000010                _HWI_INT16
00000011                _HWI_INT17
00000012                _HWI_INT18
00000013                _HWI_INT19
00000002                _HWI_INT2
00000014                _HWI_INT20
00000015                _HWI_INT21
00000016                _HWI_INT22
00000017                _HWI_INT23
00000003                _HWI_INT3
00000004                _HWI_INT4
00000005                _HWI_INT5
00000006                _HWI_INT6
00000007                _HWI_INT7
00000008                _HWI_INT8
00000009                _HWI_INT9
00000001                _HWI_NMI
00000000                _HWI_RESET
0000001a                _HWI_RTOS
0000001b                _HWI_SINT27
0000001c                _HWI_SINT28
0000001d                _HWI_SINT29
0000001e                _HWI_SINT30
0000001f                _HWI_SINT31
            000015da    _HWI_STKBOTTOM
            000011da    _HWI_STKTOP
            000011da    _HWI_SYSSTKBOTTOM
            000010da    _HWI_SYSSTKTOP
00000004                _HWI_TINT
            000038a2    _HWI_data
0000213c                _HWI_disable
            00002b38    _HWI_dispatchTab
0000214c                _HWI_enable
00002150                _HWI_restore
            00003afe    _IDL0
00006d1d                _IDL_One
00001f3c                _IDL_busy
            00003aca    _IDL_busyObj
00001f83                _IDL_calibrate
            00003af8    _IDL_cpuLoad
00001f68                _IDL_init
00002187                _IDL_loop
000020d1                _IDL_stub
            00002a2c    _KNL_alarm
000019b8                _KNL_check
            00002a54    _KNL_curqueue
            00002a4c    _KNL_curtask
            00002a50    _KNL_curtime
            00002a34    _KNL_dummy
00001cb0                _KNL_enter
00001cf0                _KNL_exit
00001a13                _KNL_idle
            00002a60    _KNL_idlefxn
            00002a30    _KNL_inactive
00001d10                _KNL_ipost
00001a30                _KNL_max
            00002a56    _KNL_maxqueue
00002044                _KNL_post
            00002a4e    _KNL_prevtask
            00002a32    _KNL_priority
            000029da    _KNL_queues
00000eac                _KNL_run
0000146e                _KNL_saveIsrFrame
            000029d9    _KNL_set
            00002a2e    _KNL_setpri
            00003ae4    _KNL_swi
            00002a52    _KNL_swiptr
000013c1                _KNL_switch
            00002a5a    _KNL_tcreatefxn
            00002a5c    _KNL_tdeletefxn
00001168                _KNL_tick
            00002a5e    _KNL_treadyfxn
            00002a58    _KNL_tswitchfxn
            000029d8    _KNL_wFlag
            00002a2a    _KNL_wList
00001d8c                _LCK_pend
00001d6c                _LCK_post
00000812                _LNK_F_readCallBack
            00003afa    _LNK_dataPump
00003ad0                _LOG_A_TABBEG
00003ae4                _LOG_A_TABEND
00000002                _LOG_A_TABLEN
            00003842    _LOG_D_system
00001dc4                _LOG_event
00001c4c                _LOG_printf
            00003ad0    _LOG_system
            00002b34    _MEM
            000038af    _MEM_D_NUMSEGMENTS
            000038b2    _MEM_D_freelist
            000038b4    _MEM_D_lockaddr
            000038b0    _MEM_D_memtab
            000038b6    _MEM_D_unlockaddr
00006800                _MEM_init
            00002b00    _MEM_memtab
00006b4c                _OBJ_init
            00002ad6    _OBJ_segtab
            00002aba    _OBJ_table
000039ac                _PIP_A_TABBEG
00003a10                _PIP_A_TABEND
            00003857    _PRD_D_tick
            00003b22    _PRD_clock
00001178                _RTA_F_getlog
            00003afc    _RTA_dispatcher
            00003aa0    _RTA_fromHost
            00003aac    _RTA_toHost
            000036f2    _RTDX_Buffer
            00003818    _RTDX_Buffer_End
0000473b                _RTDX_Buffer_Initialize
0000487a                _RTDX_Buffer_Read
0000478e                _RTDX_Buffer_ReadCB
00004815                _RTDX_Buffer_Size
            00003816    _RTDX_Buffer_Start
000048ba                _RTDX_Buffer_Write
0000418f                _RTDX_Buffer_WriteCB
000047d9                _RTDX_Final_RT_Monitor
000046d6                _RTDX_H2TPoll
0000430b                _RTDX_Init_RT_Monitor
00000003                _RTDX_JTAGONLY
00000001                _RTDX_LMM
00004850                _RTDX_Mask_IER
0000464e                _RTDX_Mon_Queue
0000441a                _RTDX_Poll
0000489c                _RTDX_Set_IER
00000000                _RTDX_interrupt_mask
            0000380c    _RTDX_writing
ffffffff                _SARAM
            00002b06    _SEG0
00001e15                _SEM_pend
00000b98                _SEM_pendEnterKnl
00001b5f                _SEM_post
00001b5f                _SEM_postBinary
00001e64                _SEM_postEnterKnl
00003ab8                _STS_A_TABBEG
00003ad0                _STS_A_TABEND
00001ece                _STS_add
00001eac                _STS_delta
00001ee6                _STS_reset
0000219c                _STS_set
            00003860    _SWI_D_curfxn
            0000385c    _SWI_D_curmask
            000038a0    _SWI_D_inswi
            0000385e    _SWI_D_lock
            00003862    _SWI_D_rdybeg
            00003858    _SWI_data
000000c0                _SWI_enable
000000f3                _SWI_post
            000038b8    _SYS
            00003200    _SYS_PUTCBEG
            000033ff    _SYS_PUTCEND
00002170                _SYS_abort
00001ef4                _SYS_exit
            00002ade    _SYS_exitStack
            00002aee    _SYS_exitStackPtr
            00002af0    _SYS_exitStackTop
            00003b27    _TRC_R_mask
            00002a80    _TSK
            00002a64    _TSK_ATTRS
            00002a72    _TSK_config
000015d4                _TSK_exit
            00003a56    _TSK_idle
000069e8                _TSK_init
            00002a62    _TSK_nTasks
            00002a63    _TSK_pid
000016cc                _TSK_setup
00001820                _TSK_startup
            00002a82    _TSK_timerSem
000020f8                _UTL_doAbort
0000211c                _UTL_doError
0000200c                _UTL_doPutc
00002194                _UTL_halt
ffffffff                _VECT
            000038c8    __HOOK_NUMHOOKS
            000038c6    __HOOK_knlId
            00002aa6    __MEM_mutex
000014d0                __SEM_dopost
            000015da    __STACK_END
00000800                __STACK_SIZE
00000200                __SYSSTACK_SIZE
            00002a92    __TSK_mutex
00006ba6                ___add_dtor
            00002916    ___atexit_func_id__
ffffffff                ___binit__
            00002916    ___bss__
ffffffff                ___c_args__
            0000247b    ___cinit__
            00000060    ___data__
            00000060    ___edata__
            00002b38    ___end__
00006de4                ___etext__
            00003b1c    ___pinit__
00006b50                ___text__
            00002b30    __cleanup_ptr
            00002b32    __dtors_ptr
            00002b2c    __lock
00006db7                __mpyli
00006dda                __nop
00006dd2                __register_lock
00006dca                __register_unlock
            000011da    __stack
            000010da    __sysstack
            00002b2e    __unlock
00006ddc                _abort
00006bc5                _atexit
00006a6c                _auto_init
00006add                _c_int00
00006b50                _call_dtors
            00002b36    _dtors
00006d79                _exit
00006cf8                _main
00006d3a                _memcpy
            00002b26    _rtdxNullChanCnt
            00002b27    _rtdxNullFuncCnt
            00003806    _rtdx_buffer_state
            000037f4    _rtdx_mon_state
            00003ada    _trace
ffffffff                binit
            0000247b    cinit
            00000060    edata
            00002b38    end
00006de4                etext
            00003a7c    gblinit
0000ff00                hwi0
0000ff08                hwi1
0000ff50                hwi10
0000ff58                hwi11
0000ff60                hwi12
0000ff68                hwi13
0000ff70                hwi14
0000ff78                hwi15
0000ff80                hwi16
0000ff88                hwi17
0000ff90                hwi18
0000ff98                hwi19
0000ff10                hwi2
0000ffa0                hwi20
0000ffa8                hwi21
0000ffb0                hwi22
0000ffb8                hwi23
0000ffc0                hwi24
0000ffc8                hwi25
0000ffd0                hwi26
0000ffd8                hwi27
0000ffe0                hwi28
0000ffe8                hwi29
0000ff18                hwi3
0000fff0                hwi30
0000fff8                hwi31
0000ff20                hwi4
0000ff28                hwi5
0000ff30                hwi6
0000ff38                hwi7
0000ff40                hwi8
0000ff48                hwi9
00001ff6                iRTA_F_or
000003f8                logPost
            00003b1c    pinit
0000044a                stsPost
            00003ada    trace
            00002c00    trace$buf
00000001                trace$datatype
00000000                trace$log
00000400                trace$size


GLOBAL SYMBOLS: SORTED BY Symbol Address 

abs. value/
byte addr   word addr   name
---------   ---------   ----
00000000                BUF$
00000000                CLK_COUNTSPMSHIGH
00000000                CLK_IMR1TINTMASK
00000000                CLK_INTBIT
00000000                CLK_PRDHIGH
00000000                CLK_TDDR
00000000                CLK_TDDRHIGH
00000000                CLK_TIMER1ARG
00000000                CLK_TIMER2ARG
00000000                CLK_TIMERNUM
00000000                DEV$
00000000                DGN$
00000000                DHL$
00000000                DHL_gChannelsAvailable
00000000                DIO$
00000000                DIO_NUMSWIBASE
00000000                DIO_NUMTSKBASE
00000000                DIO_STATIC
00000000                DPI$
00000000                GBL_CALLCSLCFGINIT
00000000                GBL_ENABLEICACHE
00000000                GBL_MODIFYCLKMD
00000000                GBL_NULL
00000000                GBL_PROCID
00000000                GBL_ROM
00000000                GBL_SUPPORTCSL
00000000                GBL_USERINIT
00000000                GIO$
00000000                HOOK$
00000000                HOOK_KNLID
00000000                HST_BIOSLINK
00000000                HST_DSM
00000000                HST_NONE
00000000                HWI_RESET
00000000                HWI_ZEROTAB
00000000                IDL_CALIBRERROR
00000000                IDL_busyObj$iB
00000000                IDL_busyObj$operation
00000000                KNL_swi$ord
00000000                KNL_swi$pri
00000000                KNL_swi$sts$unittype
00000000                KNL_swi$swi
00000000                LOG_system$datatype
00000000                LOG_system$log
00000000                MBX$
00000000                MEM_NULL
00000000                MSGQ$
00000000                MSGQ_USEMSGQ
00000000                OBJ$
00000000                PIP$
00000000                PIP_gNextId
00000000                POOL$
00000000                POOL_USEPOOL
00000000                PRD_A_TABLEN
00000000                PRD_SWIHANDLE
00000000                PWRM_PWRM_ADAPTCLK
00000000                PWRM_PWRM_ENABLE
00000000                PWRM_PWRM_IER0
00000000                PWRM_PWRM_IER1
00000000                PWRM_PWRM_SCALING
00000000                RTA_fromHost$hst
00000000                RTA_fromHost$mode
00000000                RTA_toHost$hst
00000000                RTA_toHost$id
00000000                RTDX_MODE
00000000                RTDX_USERTEXECUTION
00000000                SEM$
00000000                SIO$
00000000                SWI_EHOOKFXN
00000000                SWI_IHOOKFXN
00000000                TSK_NUM_HOOKS
00000000                TSK_READYFXN
00000000                TSK_STACKSEG
00000000                TSK_SWITCHFXN
00000000                TSK_idle$ord
00000000                TSK_idle$pri
00000000                TSK_idle$sts$unittype
00000000                TSK_idle$tsk
00000000                UDEV$
00000000                _CLK_TDDR
00000000                _CLK_TIMERNUM
00000000                _CLK_timerNum
00000000                _HWI_RESET
00000000                _RTDX_interrupt_mask
00000000                trace$log
00000001                $TI_capability_requires_rev3
00000001                BUF_ENABLED
00000001                CLK$
00000001                CLK_CALDIV
00000001                CLK_HTIMEDIV
00000001                CLK_LTIMEDIV
00000001                CLK_TIMER0ARG
00000001                CLK_USETIMER
00000001                GBL$
00000001                GBL_CLKMD
00000001                GBL_DCRPOSTEDWRITE
00000001                GBL_ENABLEINST
00000001                GBL_LARGEMODEL
00000001                GBL_boot
00000001                HST$
00000001                HST_RTDX
00000001                HWI$
00000001                HWI_NMI
00000001                IDL$
00000001                IDL_USECLKIDLTIME
00000001                IDL_busyObj$filter
00000001                IDL_busyObj$iA
00000001                IDL_busyObj$iC
00000001                ISRC$
00000001                KNL_swi$dorta
00000001                KNL_swi$sts$filtmaxmult
00000001                KNL_swi$sts$filtsummult
00000001                LCK$
00000001                LOG$
00000001                LOG_ENABLED
00000001                MEM$
00000001                MEM_gNumHeap
00000001                PRD$
00000001                PWRM$
00000001                QUE$
00000001                RTA_fromHost$id
00000001                RTA_toHost$mode
00000001                RTDX$
00000001                RTDX_USERTDX
00000001                STS$
00000001                SWI$
00000001                SWI_A_TABLEN
00000001                SYS$
00000001                TSK$
00000001                TSK_PRIORITY
00000001                TSK_idle$sts$filtmaxmult
00000001                TSK_idle$sts$filtsummult
00000001                _CLK_USETIMER
00000001                _HWI_NMI
00000001                _RTDX_LMM
00000001                trace$datatype
00000002                $TI_capability$C5500$CallingConvention
00000002                $TI_capability$C5500$MemoryModel
00000002                CLK_HTIMEMULT
00000002                GBL_CACHETYPE
00000002                HWI_INT2
00000002                IDL_busyObj$unittype
00000002                KNL_swi$sts$filter
00000002                LOG_A_TABLEN
00000002                PIP_A_TABLEN
00000002                PIP_gNumEmbed
00000002                TSK_idle$sts$filter
00000002                _HWI_INT2
00000002                _LOG_A_TABLEN
00000003                HWI_INT3
00000003                _HWI_INT3
00000003                _RTDX_JTAGONLY
00000004                CLK_CALMULT
00000004                CLK_INTID
00000004                HWI_INT4
00000004                HWI_TINT
00000004                _HWI_INT4
00000004                _HWI_TINT
00000005                HWI_INT5
00000005                PWRM_PWRM_IDLEMASK
00000005                _HWI_INT5
00000006                BIOSDATA_O_CLK_HTIMEDIV
00000006                HWI_INT6
00000006                _HWI_INT6
00000007                HWI_INT7
00000007                _HWI_INT7
00000008                BIOSDATA_O_CLK_HTIMEMULT
00000008                HWI_INT8
00000008                RTA_fromHost$framesize
00000008                _HWI_INT8
00000009                HWI_INT9
00000009                _HWI_INT9
0000000a                BIOSDATA_O_CLK_LTIMEDIV
0000000a                HWI_INT10
0000000a                _HWI_INT10
0000000b                HWI_INT11
0000000b                _HWI_INT11
0000000c                BIOSDATA_O_CLK_LTIMEMULT
0000000c                HWI_INT12
0000000c                _HWI_INT12
0000000d                HWI_INT13
0000000d                _HWI_INT13
0000000e                BIOSDATA_O_CLK_D_DIRTY
0000000e                HWI_INT14
0000000e                _HWI_INT14
0000000f                GBL_PLLM
0000000f                HWI_INT15
0000000f                PWRM_PWRM_INITSP
0000000f                _HWI_INT15
00000010                BIOSDATA_O_CLK_D_PRD
00000010                CLK_IMR0TINTMASK
00000010                CLK_TIMERIMRMASK
00000010                HWI_INT16
00000010                _HWI_INT16
00000011                HWI_INT17
00000011                _HWI_INT17
00000012                BIOSDATA_O_CLK_D_TDDR
00000012                HWI_INT18
00000012                _HWI_INT18
00000013                HWI_INT19
00000013                _HWI_INT19
00000014                BIOSDATA_O_CLK_D_COUNTSPMS
00000014                HWI_INT20
00000014                _HWI_INT20
00000015                HWI_INT21
00000015                _HWI_INT21
00000016                BIOSDATA_O_CLK_D_IDLETIME
00000016                HWI_INT22
00000016                _HWI_INT22
00000017                HWI_INT23
00000017                _HWI_INT23
00000018                BIOSDATA_O_CLK_D_ISRHOOK
00000018                HWI_BERR
00000018                _HWI_BERR
00000019                HWI_DLOG
00000019                _HWI_DLOG
0000001a                BIOSDATA_O_CLK_D_TABBEG
0000001a                HWI_RTOS
0000001a                _HWI_RTOS
0000001b                HWI_SINT27
0000001b                _HWI_SINT27
0000001c                BIOSDATA_O_CLK_D_TIMEFXN
0000001c                HWI_SINT28
0000001c                _HWI_SINT28
0000001d                HWI_SINT29
0000001d                _HWI_SINT29
0000001e                BIOSDATA_O_CLK_R_TIMH
0000001e                HWI_SINT30
0000001e                _HWI_SINT30
0000001f                BIOSDATA_O_CLK_R_TIML
0000001f                HWI_SINT31
0000001f                _HWI_SINT31
00000020                BIOSDATA_O_HST_D_CHANMASK
00000020                CLK_TCR
00000020                _CLK_TCR
00000022                BIOSDATA_O_IDL_D_CALBEG
00000023                PWRM_PWRM_CAPSMASK
00000024                BIOSDATA_O_IDL_D_CALIBRATE
00000026                BIOSDATA_O_IDL_D_TABBEG
00000028                BIOSDATA_O_LOG_D_SYSTEM
0000002a                BIOSDATA_O_PIP_D_TABBEG
0000002c                BIOSDATA_O_PIP_D_TABLEN
0000002e                BIOSDATA_O_PRD_D_CUR
00000030                BIOSDATA_O_PRD_D_ELAPSED
00000031                BIOSDATA_O_PRD_D_PREVTIM
00000032                BIOSDATA_O_PRD_D_SCALAR
00000034                BIOSDATA_O_PRD_D_SWIHANDLE
00000036                BIOSDATA_O_PRD_D_TABBEG
00000037                GBL_DSPTYPE
00000038                BIOSDATA_O_PRD_D_TABLEN
0000003a                BIOSDATA_O_PRD_D_THOOK
0000003c                BIOSDATA_O_PRD_D_TICKH
0000003d                BIOSDATA_O_PRD_D_TICKL
0000003e                BIOSDATA_O_SWI_D_RUNADDR
0000003f                PWRM_PWRM_DS_IDLEMASK
00000040                BIOSDATA_O_SWI_D_EXECADDR
00000040                HST_MAXFRAMESET
00000040                RTA_toHost$framesize
00000042                BIOSDATA_O_SWI_D_CURMASK
00000042                GBL_FOOTPRINT
00000043                BIOSDATA_O_SWI_D_CURSET
00000044                BIOSDATA_O_SWI_D_LOCK
00000045                BIOSDATA_O_SWI_D_CURMBOX
00000045                CLK_TIMERIMR
00000046                BIOSDATA_O_SWI_D_CURFXN
00000046                CLK_TIMERIFR
00000048                BIOSDATA_O_SWI_D_RDYBEG
0000004a                BIOSDATA_O_SWI_D_RDYTAB
00000060                PRD_A_TABBEG
00000060                PRD_A_TABEND
00000064                PIP_OBJSIZE
00000088                BIOSDATA_O_HWI_D_SPSAVE
0000008a                BIOSDATA_O_HWI_D_SSPSAVE
0000008c                BIOSDATA_O_HWI_D_STKBOTADDR
0000008e                BIOSDATA_O_HWI_D_SYSTKBOTADDR
00000090                BIOSDATA_O_HWI_D_STKTOPADDR
00000092                BIOSDATA_O_HWI_D_SYSTKTOPADDR
00000095                BIOSDATA_O_MEM_D_NUMSEGMENTS
00000096                BIOSDATA_O_MEM_D_MEMTAB
00000098                BIOSDATA_O_MEM_D_FREELIST
0000009a                BIOSDATA_O_MEM_D_LOCKADDR
0000009c                BIOSDATA_O_MEM_D_UNLOCKADDR
0000009e                BIOSDATA_O_SYS
000000a0                BIOSDATA_O_HST_D_TABBEGADDR
000000a2                BIOSDATA_O_HST_D_TABENDADDR
000000a4                BIOSDATA_O_TSK_D_IDLSTKADDR
000000a6                BIOSDATA_O_TSK_D_IDLSYSTKADDR
000000a8                BIOSDATA_O_RTDX_D_BUFREAD
000000aa                BIOSDATA_O_RTDX_D_BUFWRITE
            00000060    .data
000000c0                PRD_A_TABBEGb
000000c0                PRD_A_TABENDb
000000c0                SWI_F_enable
000000c0                _SWI_enable
            00000060    ___data__
            00000060    ___edata__
            00000060    edata
000000f3                SWI_F_post
000000f3                _SWI_post
000000ff                HST_MAXFRAMEALLOWED
00000100                TSK_SYSTACKSIZE
00000102                RTDX_BUFMEMSIZE
0000017e                SWI_F_exec_sync
00000200                LOG_system$size
00000200                __SYSSTACK_SIZE
00000206                SWI_EXECFXN
00000206                SWI_F_exec
000002f2                SWI_F_run
000002f2                SWI_RUNFXN
000003e8                CLK_MICROSECS
000003f8                logPost
00000400                HST_DSMMEMSIZE
00000400                TSK_STACKSIZE
00000400                trace$size
0000044a                stsPost
00000494                LNK_F_init
00000496                LNK_F_checkChanEnabled
000004a4                LNK_F_getNextChan
000004bd                LNK_F_getChanPtr
000004ef                LNK_F_dataPump
000004ef                LNK_rcloop
00000543                LNK_rdrtry
0000054d                LNK_rrloop
000005c3                LNK_wrrtry
000005cd                LNK_wrloop
00000640                PWRM_PWRM_INITMILVOLTS
0000065a                LNK_newin
0000073e                LNK_newout
00000800                __STACK_SIZE
00000812                LNK_F_readCallBack
00000812                _LNK_F_readCallBack
00000837                HWI_F_dispatch
00000837                _HWI_F_dispatch
00000a00                DARAM$L
00000a00                _DARAM_length
00000ab6                _HWI_F_DispIsr0
00000b98                _SEM_pendEnterKnl
00000d23                PRD_F_swi
00000e48                PRD_F_tick
00000eac                _KNL_run
00001168                _KNL_tick
00001178                RTA_F_getlog
00001178                _RTA_F_getlog
000011a4                RTA_F_getsts
000011d3                RTA_F_readblk
000011e2                RTA_F_writeword
000011e6                RTA_F_resetmem
00001201                RTA_F_dispatch
000012a8                PIP_F_take
000012fc                PIP_F_probe
000012fe                PIP_F_give
00001370                PIP_F_start
000013c1                _KNL_switch
0000140f                KNL_glue
0000144e                KNL_tick_stub
0000144e                PRD_THOOKFXN
0000146e                _KNL_saveIsrFrame
000014d0                __SEM_dopost
00001581                GBL_CLKTYPE
00001581                GBL_DSPSUBTYPE
000015d4                _TSK_exit
000015da                DARAM$B
000015da                _DARAM_base
000016cc                _TSK_setup
00001810                CLK_REGS
00001810                _CLK_REGS
00001810                _CLK_timer5505
00001820                _TSK_startup
00001883                _C55_disableIMR0
000018a6                _C55_disableIMR1
000018c9                _C55_enableIMR0
000018e2                _C55_enableIMR1
000018fb                _C55_clearIFR0
00001910                _C55_clearIFR1
00001928                _CLK_start
000019b0                _CLK_stop
000019b8                _KNL_check
00001a13                _KNL_idle
00001a30                _KNL_max
00001a48                _CLK_dispatch
00001a90                CLK_TIMER0FUNC
00001a90                _CLK_isr
00001b0c                _CLK_getfhtime
00001b18                CLK_F_gethtime
00001b18                CLK_TIMEFXN
00001b18                _CLK_getshtime
00001b5f                _SEM_post
00001b5f                _SEM_postBinary
00001be4                _CLK_measure
00001c14                _CLK_timerIAFR
00001c4c                _LOG_printf
00001cb0                _KNL_enter
00001cf0                _KNL_exit
00001d10                _KNL_ipost
00001d6c                _LCK_post
00001d8c                _LCK_pend
00001dc4                LOG_F_event
00001dc4                _LOG_event
00001e15                _SEM_pend
00001e64                _SEM_postEnterKnl
00001eac                STS_F_delta
00001eac                _STS_delta
00001ece                STS_F_add
00001ece                _STS_add
00001ee6                STS_F_reset
00001ee6                _STS_reset
00001ef4                _SYS_exit
00001f3c                IDL_F_busy
00001f3c                _IDL_busy
00001f68                _IDL_init
00001f83                _IDL_calibrate
00001fc9                RTA_F_andn
00001fdf                RTA_F_or
00001ff6                iRTA_F_or
0000200c                SYS_PUTCFXN
0000200c                _UTL_doPutc
00002044                _KNL_post
00002078                CLK_F_itime
00002078                _CLK_itime
000020ac                CLK_TIMER1FUNC
000020ac                CLK_TIMER2FUNC
000020ac                FXN_F_nop
000020ae                FXN_F_run
000020cb                FXN_F_zero
000020cf                FXN_F_selfLoop
000020d1                IDL_CALIBRFXN
000020d1                _IDL_stub
000020f8                SYS_ABORTFXN
000020f8                _UTL_doAbort
0000211c                SYS_ERRORFXN
0000211c                _UTL_doError
0000213c                _HWI_disable
0000214c                _HWI_enable
00002150                _HWI_restore
00002156                _CLK_run
00002161                CLK_F_dispRun
00002161                CLK_HOOKFXN
00002161                _CLK_dispRun
00002170                _SYS_abort
00002187                IDL_F_loop
00002187                _IDL_loop
00002194                SYS_EXITFXN
00002194                _UTL_halt
0000219c                _STS_set
000021a3                _GBL_getVersion
000021ac                GBL_BIOS_BOOTFXN
000021ac                GBL_USERINITFXN
000021ac                GIO_CREATEFXN
000021ac                GIO_DELETEFXN
000021ac                GIO_PENDFXN
000021ac                GIO_POSTFXN
000021ac                PWRM_PWRM_BOOTHOOKFXN
000021ac                TSK_VCREATEFXN
000021ac                TSK_VDELETEFXN
000021ac                TSK_VEXITFXN
000021ac                _FXN_F_nop
000021b0                _CLK_wdogdisable
            000010da    GBL_sysstackbeg
            000010da    _HWI_SYSSTKTOP
            000010da    __sysstack
            000011d9    GBL_sysstackend
            000011da    GBL_stackbeg
            000011da    _HWI_STKTOP
            000011da    _HWI_SYSSTKBOTTOM
            000011da    __stack
            000015d9    GBL_stackend
00002bb4                DARAM$Bb
00002bb4                _DARAM_baseb
            000015da    _HWI_STKBOTTOM
            000015da    __STACK_END
            00001ada    TSK_idle$stack
000039ac                PIP_A_TABBEG
000039ac                _PIP_A_TABBEG
00003a10                PIP_A_TABEND
00003a10                _PIP_A_TABEND
00003a9e                HST_A_TABBEG
00003a9e                _HST_A_TABBEG
00003ab8                HST_A_TABEND
00003ab8                STS_A_TABBEG
00003ab8                _HST_A_TABEND
00003ab8                _STS_A_TABBEG
00003ad0                LOG_A_TABBEG
00003ad0                STS_A_TABEND
00003ad0                _LOG_A_TABBEG
00003ad0                _STS_A_TABEND
00003ae4                LOG_A_TABEND
00003ae4                SWI_A_TABBEG
00003ae4                _LOG_A_TABEND
00003af8                IDL_A_TABBEG
00003af8                SWI_A_TABEND
00003b02                IDL_A_CALBEG
00003b22                CLK_A_TABBEG
            00001ebc    TSK_idle$stkptr
            00001eda    TSK_idle$sysstack
            00001fbc    TSK_idle$sysstkptr
00004000                PRD_SCALAR
00004000                TRC_GBLTARG
0000418f                _RTDX_Buffer_WriteCB
0000430b                _RTDX_Init_RT_Monitor
0000441a                _RTDX_Poll
0000464e                _RTDX_Mon_Queue
000046d6                _RTDX_H2TPoll
0000473b                _RTDX_Buffer_Initialize
0000478e                _RTDX_Buffer_ReadCB
000047d9                _RTDX_Final_RT_Monitor
00004815                _RTDX_Buffer_Size
00004850                _RTDX_Mask_IER
0000487a                _RTDX_Buffer_Read
0000489c                _RTDX_Set_IER
000048ba                _RTDX_Buffer_Write
            0000247b    ___cinit__
            0000247b    cinit
00004e20                GBL_CLKIN
00005205                GBL_A_VERSION
            00002916    .bss
            00002916    ___atexit_func_id__
            00002916    ___bss__
            000029d8    _KNL_wFlag
            000029d9    _KNL_set
            000029da    _KNL_queues
            00002a2a    _KNL_wList
            00002a2c    _KNL_alarm
            00002a2e    _KNL_setpri
            00002a30    _KNL_inactive
            00002a32    _KNL_priority
            00002a34    _KNL_dummy
            00002a4c    _KNL_curtask
            00002a4e    _KNL_prevtask
            00002a50    _KNL_curtime
            00002a52    _KNL_swiptr
            00002a54    _KNL_curqueue
            00002a56    _KNL_maxqueue
            00002a58    _KNL_tswitchfxn
            00002a5a    _KNL_tcreatefxn
            00002a5c    _KNL_tdeletefxn
            00002a5e    _KNL_treadyfxn
            00002a60    _KNL_idlefxn
            00002a62    _TSK_nTasks
            00002a63    _TSK_pid
            00002a64    _TSK_ATTRS
            00002a72    _TSK_config
            00002a80    _TSK
            00002a82    _TSK_timerSem
            00002a92    __TSK_mutex
            00002aa6    __MEM_mutex
            00002aba    _OBJ_table
            00002ad6    _OBJ_segtab
            00002ade    _SYS_exitStack
            00002aee    _SYS_exitStackPtr
            00002af0    _SYS_exitStackTop
            00002af2    _CLK_timer0func
            00002af4    _CLK_timer1func
            00002af6    _CLK_timer2func
            00002af8    _CLK_timer0arg
            00002afa    _CLK_timer1arg
            00002afc    _CLK_timer2arg
            00002afe    _CLK_htimePerLtime
            00002b00    _MEM_memtab
            00002b06    DARAM
            00002b06    HST_DSMBUFSEG
            00002b06    MEM_MALLOCSEG
            00002b06    MEM_SEGZERO
            00002b06    RTDX_DATAMEMSEG
            00002b06    _DARAM
            00002b06    _SEG0
            00002b08    RTA_fromHost$pipe$dtab
            00002b0e    RTA_toHost$pipe$dtab
            00002b26    _rtdxNullChanCnt
            00002b27    _rtdxNullFuncCnt
            00002b28    _CLK_DFLTMICROSECS
            00002b2a    _CLK_D_microseconds
            00002b2c    __lock
            00002b2e    __unlock
            00002b30    __cleanup_ptr
            00002b32    __dtors_ptr
            00002b34    _MEM
            00002b36    _dtors
            00002b38    _HWI_dispatchTab
            00002b38    ___end__
            00002b38    end
            00002c00    trace$buf
            00003000    LOG_system$buf
            00003200    _SYS_PUTCBEG
            000033ff    _SYS_PUTCEND
00006800                _MEM_init
00006911                BIOS_init
00006911                _BIOS_init
000069a2                BIOS_start
000069a2                _BIOS_start
000069e8                _TSK_init
00006a6c                _auto_init
00006add                _c_int00
00006b4c                _OBJ_init
00006b50                .text
00006b50                ___text__
00006b50                _call_dtors
00006ba6                ___add_dtor
00006bc5                _atexit
00006c34                _C55_enableInt
00006c68                _C55_disableInt
00006cf8                _main
00006d1d                _IDL_One
00006d36                _HWI_I2S_Tx
00006d38                _HWI_I2S_Rx
00006d3a                _memcpy
00006d79                _exit
00006db7                I$$LMPY
00006db7                __mpyli
00006dca                __register_unlock
00006dd2                __register_lock
00006dda                __nop
00006ddc                _abort
00006ddd                C$$EXIT
            000036f2    _RTDX_Buffer
00006de4                ___etext__
00006de4                etext
            000037f4    _rtdx_mon_state
            00003806    _rtdx_buffer_state
            0000380c    _RTDX_writing
            00003816    _RTDX_Buffer_Start
            00003818    _RTDX_Buffer_End
            0000381a    C55_BIOSDATAOBJ
            0000381a    _GBL_procId
            0000381c    _GBL_clkIn
            0000381e    _GBL_freq
            00003820    _CLK_htimeDiv
            00003822    _CLK_htimeMult
            00003824    _CLK_ltimeDiv
            00003826    _CLK_ltimeMult
            00003828    _CLK_D_dirty
            0000382a    _CLK_D_prd
            0000382c    _CLK_D_tddr
            0000382e    _CLK_D_countspms
            00003830    CLK_D_idletime
            00003832    CLK_D_isrhook
            00003832    _CLK_isrhook
            00003834    CLK_D_tabbeg
            00003836    CLK_D_timefxn
            00003838    CLK_R_timh
            00003838    _CLK_time
            00003839    CLK_R_timl
            0000383a    HST_D_chanmask
            0000383c    IDL_D_calbeg
            0000383e    IDL_D_calibrate
            00003840    IDL_D_tabbeg
            00003842    LOG_D_system
            00003842    _LOG_D_system
            00003844    PIP_D_tabbeg
            00003846    PIP_D_tablen
            00003848    PRD_D_cur
            0000384a    PRD_D_elapsed
            0000384b    PRD_D_prevtim
            0000384c    PRD_D_scalar
            0000384e    PRD_D_swihandle
            00003850    PRD_D_tabbeg
            00003852    PRD_D_tablen
            00003854    PRD_D_thook
            00003856    PRD_D_tickh
            00003857    PRD_D_tickl
            00003857    _PRD_D_tick
            00003858    SWI_D_runaddr
            00003858    _SWI_data
            0000385a    SWI_D_execaddr
            0000385c    SWI_D_curmask
            0000385c    _SWI_D_curmask
            0000385d    SWI_D_curset
            0000385e    SWI_D_lock
            0000385e    _SWI_D_lock
            0000385f    SWI_D_curmbox
            00003860    SWI_D_curfxn
            00003860    _SWI_D_curfxn
            00003862    SWI_D_rdybeg
            00003862    _SWI_D_rdybeg
            00003864    SWI_D_rdytab
            000038a0    SWI_D_inswi
            000038a0    _SWI_D_inswi
            000038a2    HWI_D_spsave
            000038a2    _HWI_D_spsave
            000038a2    _HWI_data
            000038a4    HWI_D_sspsave
            000038a4    _HWI_D_sspsave
            000038a6    HWI_D_stkbotaddr
            000038a8    HWI_D_systkbotaddr
            000038aa    HWI_D_stktopaddr
            000038ac    HWI_D_systktopaddr
            000038ae    HWI_D_inhwi
            000038ae    _HWI_D_inhwi
            000038af    _MEM_D_NUMSEGMENTS
            000038b0    _MEM_D_memtab
            000038b2    _MEM_D_freelist
            000038b4    _MEM_D_lockaddr
            000038b6    _MEM_D_unlockaddr
            000038b8    _SYS
            000038ba    HST_D_tabbegaddr
            000038bc    HST_D_tabendaddr
            000038be    TSK_D_idlstkaddr
            000038c0    TSK_D_idlsystkaddr
            000038c2    RTDX_D_BufRead
            000038c4    RTDX_D_BufWrite
            000038c6    __HOOK_knlId
            000038c8    __HOOK_NUMHOOKS
            000038ca    RTA_D_fromHost
            000038cc    RTA_D_toHost
            000038ce    RTA_D_logval
            000038d8    RTA_D_stsval
            000038e0    LNKCTRL
            000038e0    LNK_D_fromHostMask
            000038e1    LNK_D_dataReadyMask
            000038e2    LNK_D_readPend
            000038e3    LNK_D_readDone
            000038e4    LNK_D_readFail
            000038e5    LNK_D_writeFail
            000038e6    IDL_D_busyObj
            000039ab    _HST_HOST_CHANNEL_DRIVER
00007358                PIP_A_TABBEGb
            000039ac    RTA_fromHost$pipe
            000039ae    RTA_fromHost$pipe$rd
            000039b0    RTA_fromHost$pipe$rdaddr
            000039b2    RTA_fromHost$pipe$rdsize
            000039b3    KNL_swi$sts$maxfmt
            000039b4    RTA_fromHost$pipe$rdcurdesc
            000039bb    KNL_swi$sts$sumfmt
            000039c3    KNL_swi$sts$avgfmt
            000039c4    RTA_fromHost$pipe$rdstshdl
            000039c6    RTA_fromHost$pipe$wr
            000039c8    RTA_fromHost$pipe$wraddr
            000039ca    RTA_fromHost$pipe$wrsize
            000039cc    RTA_fromHost$pipe$wrcurdesc
            000039cd    TSK_idle$sts$maxfmt
            000039d5    TSK_idle$sts$sumfmt
            000039dc    RTA_fromHost$pipe$wrstshdl
            000039dd    TSK_idle$sts$avgfmt
            000039de    RTA_toHost$pipe
            000039e0    RTA_toHost$pipe$rd
            000039e2    RTA_toHost$pipe$rdaddr
            000039e4    RTA_toHost$pipe$rdsize
            000039e6    RTA_toHost$pipe$rdcurdesc
            000039e7    IDL_busyObj$maxfmt
            000039ea    IDL_busyObj$sumfmt
            000039ed    IDL_busyObj$avgfmt
            000039f6    RTA_toHost$pipe$rdstshdl
            000039f8    RTA_toHost$pipe$wr
            000039fa    RTA_toHost$pipe$wraddr
            000039fc    RTA_toHost$pipe$wrsize
            000039fe    RTA_toHost$pipe$wrcurdesc
            00003a0e    RTA_toHost$pipe$wrstshdl
00007420                PIP_A_TABENDb
            00003a10    RTA_toHost$buf
            00003a56    TSK_idle
            00003a56    _TSK_idle
            00003a6e    TSK_idle$tskobj
            00003a7c    gblinit
0000753c                HST_A_TABBEGb
            00003aa0    RTA_fromHost
            00003aa0    _RTA_fromHost
            00003aa4    RTA_fromHost$rtdx
            00003aac    RTA_toHost
            00003aac    _RTA_toHost
            00003ab0    RTA_toHost$rtdx
00007570                HST_A_TABENDb
            00003ab8    KNL_swi$sts$stsobj
00007570                STS_A_TABBEGb
            00003aba    KNL_swi$sts
            00003ac0    TSK_idle$sts$stsobj
            00003ac2    TSK_idle$sts
            00003ac8    IDL_busyObj$stsobj
            00003aca    IDL_busyObj
            00003aca    _IDL_busyObj
000075a0                LOG_A_TABBEGb
            00003ad0    LOG_system
000075a0                STS_A_TABENDb
            00003ad0    _LOG_system
            00003ada    _trace
            00003ada    trace
            00003ae4    KNL_swi
000075c8                LOG_A_TABENDb
000075c8                SWI_A_TABBEGb
            00003ae4    _KNL_swi
000075f0                IDL_A_TABBEGb
            00003af8    IDL_cpuLoad
000075f0                SWI_A_TABENDb
            00003af8    _IDL_cpuLoad
            00003afa    LNK_dataPump
            00003afa    _LNK_dataPump
            00003afc    RTA_dispatcher
            00003afc    _RTA_dispatcher
            00003afe    IDL0
            00003afe    _IDL0
            00003b00    IDL_END
00007604                IDL_A_CALBEGb
            00003b02    IDL_cpuLoad$
            00003b04    LNK_dataPump$
            00003b06    RTA_dispatcher$
            00003b08    IDL0$
            00003b0a    IDL_END$
            00003b0c    RTA_fromHost$buf
            00003b14    SYS$config
            00003b1c    ___pinit__
            00003b1c    pinit
00007644                CLK_A_TABBEGb
            00003b22    PRD_clock
            00003b22    _PRD_clock
            00003b24    CLK_NULL
            00003b26    TRC_cinit
            00003b27    TRC_R_mask
            00003b27    _TRC_R_mask
            00003b28    GBL_initdone
00008000                GBL_PLLDIV0
00008003                GBL_PLLDIV1
0000c34f                CLK_PRD
0000c34f                _CLK_PRD
0000c350                CLK_COUNTSPMS
0000c350                CLK_HTIMEPERLTIME
0000c350                _CLK_COUNTSPMS
0000dbef                GBL_TRCMASKVALUE
0000ff00                HWI_A_VECS
0000ff00                hwi0
0000ff08                hwi1
0000ff10                hwi2
0000ff18                hwi3
0000ff20                hwi4
0000ff28                hwi5
0000ff30                hwi6
0000ff38                hwi7
0000ff40                hwi8
0000ff48                hwi9
0000ff50                hwi10
0000ff58                hwi11
0000ff60                hwi12
0000ff68                hwi13
0000ff70                hwi14
0000ff78                hwi15
0000ff80                hwi16
0000ff88                hwi17
0000ff90                hwi18
0000ff98                hwi19
0000ffa0                hwi20
0000ffa8                hwi21
0000ffb0                hwi22
0000ffb8                hwi23
0000ffc0                hwi24
0000ffc8                hwi25
0000ffd0                hwi26
0000ffd8                hwi27
0000ffe0                hwi28
0000ffe8                hwi29
0000fff0                hwi30
0000fff8                hwi31
000186a0                CLK_LTIMEMULT
000186a0                GBL_FREQ
00f80000                GBL_CACHEICRTAG1
00f81000                GBL_CACHEICRTAG2
ffffffff                SARAM
ffffffff                VECT
ffffffff                _SARAM
ffffffff                _VECT
ffffffff                ___binit__
ffffffff                ___c_args__
ffffffff                binit

[859 symbols]
