******************************************************************************
              TMS320C55x Linker PC v4.4.1                      
******************************************************************************
>> Linked Mon Apr 15 10:09:01 2024

OUTPUT FILE NAME:   <lcd-osk9616.out>
ENTRY POINT SYMBOL: "_c_int00"  address: 0002f4a2


MEMORY CONFIGURATION

         name            origin    length      used     unused   attr    fill
                        (bytes)   (bytes)    (bytes)   (bytes)
----------------------  --------  ---------  --------  --------  ----  --------
PAGE 0:
  MMR                   00000000   000000c0  00000000  000000c0  RWIX
  DARAM0                000000c0   0000ff40  000063b0  00009b90  RWIX
  SARAM0                00010000   00010000  00000000  00010000  RWIX
  SARAM1                00020000   00020000  0000f5c4  00010a3c  RWIX
  SARAM2                00040000   0000fe00  00000418  0000f9e8  RWIX
  VECS                  0004fe00   00000200  00000100  00000100  RWIX
  PDROM                 00ff8000   00008000  00000000  00008000  R IX

PAGE 2:
  IOPORT                00000000   00020000  00000000  00020000  RWI 


SECTION ALLOCATION MAP
(Addresses surrounded by []'s are displayed for convenience only!)

output                                                          attributes/
section   page  orgn(bytes) orgn(words) len(bytes) len(words)   input sections
--------  ----  ----------- ----------- ---------- ----------   --------------
.pinit       0   [ 00040000 ]  00020000          *   00000000   UNINITIALIZED

.stack       0   [ 000000c0 ]  00000060          *   00001000   UNINITIALIZED
                 [ 000000c0 ]  00000060          *   00001000   --HOLE--

.data        0   [ 000000c0 ]  00000060          *   00000000   UNINITIALIZED

.sysstack 
*            0   [ 000020c0 ]  00001060          *   00000800   UNINITIALIZED
                 [ 000020c0 ]  00001060          *   00000800   --HOLE--

.sysmem      0   [ 000030c0 ]  00001860          *   00001000   UNINITIALIZED
                 [ 000030c0 ]  00001860          *   00001000   --HOLE--

.bss.1       0   [ 000050c0 ]  00002860          *   000004b1   UNINITIALIZED
                 [ 000050c0 ]  00002860          *   00000119   rts55x.lib : defs.obj (.bss)
                 [ 000052f2 ]  00002979          *   00000001   main.obj (.bss)
                 [ 000052f4 ]  0000297a          *   00000112   ezdsp5535_spiflash.obj (.bss)
                 [ 00005518 ]  00002a8c          *   000000d0   rts55x.lib : trgdrv.obj (.bss)
                 [ 000056b8 ]  00002b5c          *   00000095   ezdsp5535_sdcard.obj (.bss)
                 [ 000057e2 ]  00002bf1          *   00000001   rts55x.lib : fopen.obj (.bss)
                 [ 000057e4 ]  00002bf2          *   00000084   cslVC5505.lib : csl_intc.obj (.bss)
                 [ 000058ec ]  00002c76          *   00000071   rts55x.lib : lowlev.obj (.bss)
                 [ 000059ce ]  00002ce7          *   0000002a   cslVC5505.lib : csl_i2s.obj (.bss)

.bss.2       0   [ 00005a24 ]  00002d12          *   00000045   UNINITIALIZED
                 [ 00005a24 ]  00002d12          *   00000016   ezdsp5535_uart.obj (.bss)
                 [ 00005a50 ]  00002d28          *   00000012   cslVC5505.lib : csl_i2c.obj (.bss)
                 [ 00005a74 ]  00002d3a          *   00000008   ezdsp5535_sar.obj (.bss)
                 [ 00005a84 ]  00002d42          *   00000006   rts55x.lib : memory.obj (.bss)
                 [ 00005a90 ]  00002d48          *   00000004   ezdsp5535_gpio.obj (.bss)
                 [ 00005a98 ]  00002d4c          *   00000004   rts55x.lib : _lock.obj (.bss)
                 [ 00005aa0 ]  00002d50          *   00000004              : exit.obj (.bss)
                 [ 00005aa8 ]  00002d54          *   00000003   cslVC5505.lib : csl_spi.obj (.bss)

.bss.3       0   [ 00005ab0 ]  00002d58          *   00000002   UNINITIALIZED
                 [ 00005ab0 ]  00002d58          *   00000002   ezdsp5535_i2s.obj (.bss)

.const.1     0   [ 00005ab4 ]  00002d5a          *   00000447   
                 [ 00005ab4 ]  00002d5a          *   00000346   ezdsp5535_sdcard.obj (.const:.string)
                 [ 00006140 ]  000030a0          *   00000101   rts55x.lib : ctype.obj (.const:__ctypes_)

.const.2     0   [ 00006344 ]  000031a2          *   0000005d   
                 [ 00006344 ]  000031a2          *   0000005d   main.obj (.const:.string)

.const.3     0   [ 00006400 ]  00003200          *   0000003c   
                 [ 00006400 ]  00003200          *   00000024   rts55x.lib : _printfi.obj (.const:.string)
                 [ 00006448 ]  00003224          *   0000000c              : _printfi.obj (.const)
                 [ 00006460 ]  00003230          *   00000008              : divd.obj (.const:_initial_approx$1)
                 [ 00006470 ]  00003238          *   00000002              : fputs.obj (.const:.string)
                 [ 00006474 ]  0000323a          *   00000002              : fltlid.obj (.const)

.text        0     00020000  [ 00010000 ] 0000f5c4          *   
                   00020000  [ 00010000 ] 00004408          *   cslVC5505.lib : csl_mmcsd.obj (.text)
                   00024408  [ 00012204 ] 000018b8          *                 : csl_dma.obj (.text)
                   00025cc0  [ 00012e60 ] 000015a4          *   rts55x.lib : _printfi.obj (.text)
                   00027264  [ 00013932 ] 000010e1          *   cslVC5505.lib : csl_uart.obj (.text)
                   00028345  [ 000141a2+] 00000c3c          *                 : csl_i2c.obj (.text)
                   00028f81  [ 000147c0+] 00000b18          *                 : csl_sar.obj (.text)
                   00029a99  [ 00014d4c+] 000009f3          *                 : csl_i2s.obj (.text)
                   0002a48c  [ 00015246 ] 0000068d          *                 : csl_gpio.obj (.text)
                   0002ab19  [ 0001558c+] 000005cc          *                 : csl_spi.obj (.text)
                   0002b0e5  [ 00015872+] 00000554          *                 : csl_intc.obj (.text)
                   0002b639  [ 00015b1c+] 00000543          *   rts55x.lib : lowlev.obj (.text)
                   0002bb7c  [ 00015dbe ] 00000528          *              : trgdrv.obj (.text)
                   0002c0a4  [ 00016052 ] 000004ce          *   ezdsp5535_sdcard.obj (.text)
                   0002c572  [ 000162b9 ] 000004b5          *   rts55x.lib : memory.obj (.text)
                   0002ca27  [ 00016513+] 000003f0          *   oled_test.obj (.text)
                   0002ce17  [ 0001670b+] 000003cc          *   rts55x.lib : divd.obj (.text)
                   0002d1e3  [ 000168f1+] 000003bd          *   ezdsp5535_spiflash.obj (.text)
                   0002d5a0  [ 00016ad0 ] 0000027f          *   rts55x.lib : fopen.obj (.text)
                   0002d81f  [ 00016c0f+] 0000025e          *              : llmpy.obj (.text)
                   0002da7d  [ 00016d3e+] 0000025a          *              : addd.obj (.text)
                   0002dcd7  [ 00016e6b+] 000001ea          *              : cmpd.obj (.text)
                   0002dec1  [ 00016f60+] 000001e7          *   ezdsp5535_led.obj (.text)
                   0002e0a8  [ 00017054 ] 00000192          *   ezdsp5535_lcd.obj (.text)
                   0002e23a  [ 0001711d ] 0000017a          *   ezdsp5535_sar.obj (.text)
                   0002e3b4  [ 000171da ] 00000163          *   rts55x.lib : fputs.obj (.text)
                   0002e517  [ 0001728b+] 0000014c          *              : mpyd.obj (.text)
                   0002e663  [ 00017331+] 00000107          *   ezdsp5535_i2s.obj (.text)
                   0002e76a  [ 000173b5 ] 000000e6          *   rts55x.lib : setvbuf.obj (.text)
                   0002e850  [ 00017428 ] 000000dd          *              : _io_perm.obj (.text)
                   0002e92d  [ 00017496+] 000000c2          *              : fflush.obj (.text)
                   0002e9ef  [ 000174f7+] 000000ba          *              : trgmsg.obj (.text:CIO_breakpoint)
                   0002eaa9  [ 00017554+] 000000a6          *              : fputc.obj (.text)
                   0002eb4f  [ 000175a7+] 000000a1          *              : divul.obj (.text)
                   0002ebf0  [ 000175f8 ] 0000009f          *   ezdsp5535_uart.obj (.text)
                   0002ec8f  [ 00017647+] 0000008e          *   ezdsp5535_i2c.obj (.text)
                   0002ed1d  [ 0001768e+] 00000087          *   ezdsp5535_gpio.obj (.text)
                   0002eda4  [ 000176d2 ] 0000007d          *   rts55x.lib : ltoa.obj (.text)
                   0002ee21  [ 00017710+] 0000007b          *              : fclose.obj (.text)
                   0002ee9c  [ 0001774e ] 00000076          *              : frcmpyd.obj (.text)
                   0002ef12  [ 00017789 ] 00000073          *              : frcmpyd_div.obj (.text)
                   0002ef85  [ 000177c2+] 00000072          *              : remul.obj (.text)
                   0002eff7  [ 000177fb+] 0000006f          *              : fixdli.obj (.text)
                   0002f066  [ 00017833 ] 0000006d          *              : trgmsg.obj (.text)
                   0002f0d3  [ 00017869+] 0000006b          *              : fseek.obj (.text)
                   0002f13e  [ 0001789f ] 00000067          *              : fltlid.obj (.text)
                   0002f1a5  [ 000178d2+] 0000005c          *              : atoi.obj (.text)
                   0002f201  [ 00017900+] 00000055          *   main.obj (.text)
                   0002f256  [ 0001792b ] 00000054          *   ezdsp5535.obj (.text)
                   0002f2aa  [ 00017955 ] 00000050          *   rts55x.lib : printf.obj (.text)
                   0002f2fa  [ 0001797d ] 0000004d          *              : autoinit.obj (.text)
                   0002f347  [ 000179a3+] 0000004b          *              : args_main.obj (.text)
                   0002f392  [ 000179c9 ] 0000004b          *              : remli.obj (.text)
                   0002f3dd  [ 000179ee+] 00000048          *              : divli.obj (.text)
                   0002f425  [ 00017a12+] 0000003f          *              : memcpy.obj (.text)
                   0002f464  [ 00017a32 ] 0000003e          *              : exit.obj (.text)
                   0002f4a2  [ 00017a51 ] 00000034          *              : boot.obj (.text)
                   0002f4d6  [ 00017a6b ] 0000002a          *              : fixdi.obj (.text)
                   0002f500  [ 00017a80 ] 0000002a          *              : udiv.obj (.text)
                   0002f52a  [ 00017a95 ] 00000023          *              : memccpy.obj (.text)
                   0002f54d  [ 00017aa6+] 0000001a          *              : isinf.obj (.text)
                   0002f567  [ 00017ab3+] 00000014          *              : subd.obj (.text)
                   0002f57b  [ 00017abd+] 00000013          *              : lmpy.obj (.text)
                   0002f58e  [ 00017ac7 ] 00000012          *              : _lock.obj (.text)
                   0002f5a0  [ 00017ad0 ] 00000010          *              : negd.obj (.text)
                   0002f5b0  [ 00017ad8 ] 0000000a          *              : remove.obj (.text)
                   0002f5ba  [ 00017add ] 00000007          *              : exit.obj (.text:CIO_breakpoint)
                   0002f5c1  [ 00017ae0+] 00000002          *              : vectors.obj (.text)
                   0002f5c3  [ 00017ae1 ] 00000001          *   --HOLE-- [fill = 20]

.cio         0   [ 00040000 ]  00020000          *   00000120   UNINITIALIZED
                 [ 00040000 ]  00020000          *   00000120   rts55x.lib : trgmsg.obj (.cio)

.cinit       0   [ 00040240 ]  00020120          *   0000008c   
                 [ 00040240 ]  00020120          *   0000002d   rts55x.lib : lowlev.obj (.cinit)
                 [ 0004029a ]  0002014d          *   0000002a              : defs.obj (.cinit)
                 [ 000402ee ]  00020177          *   0000000c   ezdsp5535_sar.obj (.cinit)
                 [ 00040306 ]  00020183          *   0000000a   rts55x.lib : _lock.obj (.cinit)
                 [ 0004031a ]  0002018d          *   0000000a              : exit.obj (.cinit)
                 [ 0004032e ]  00020197          *   00000008   cslVC5505.lib : csl_i2s.obj (.cinit)
                 [ 0004033e ]  0002019f          *   00000004   main.obj (.cinit)
                 [ 00040346 ]  000201a3          *   00000004   rts55x.lib : fopen.obj (.cinit)
                 [ 0004034e ]  000201a7          *   00000004              : memory.obj (.cinit)
                 [ 00040356 ]  000201ab          *   00000001   --HOLE-- [fill = 0]

.switch      0   [ 00040358 ]  000201ac          *   00000060   
                 [ 00040358 ]  000201ac          *   00000060   cslVC5505.lib : csl_dma.obj (.switch)

vectors      0     0004fe00  [ 00027f00 ] 00000100          *   
                   0004fe00  [ 00027f00 ] 00000100          *   rts55x.lib : vectors.obj (vectors)


GLOBAL SYMBOLS: SORTED ALPHABETICALLY BY Name 

abs. value/
byte addr   word addr   name
---------   ---------   ----
00000002                $TI_capability$C5500$CallingConvention
00000002                $TI_capability$C5500$MemoryModel
00000001                $TI_capability_requires_rev3
ffffffff                .bss
ffffffff                .data
ffffffff                .text
0002f5bb                C$$EXIT
0002eaa4                C$$IO$$
0002f57b                I$$LMPY
0002f500                I$$UDIV
0002f515                I$$UMOD
0002452b                _DMA_close
0002454a                _DMA_config
00025121                _DMA_getConfig
00025c14                _DMA_getLastTransferType
00024408                _DMA_init
0002443f                _DMA_open
000258a4                _DMA_reset
00025690                _DMA_start
000257a0                _DMA_stop
00025b90                _DMA_swapWords
0002ec75                _EVM5515_UART_getChar
0002ec5f                _EVM5515_UART_putChar
0002ed86                _EZDSP5535_GPIO_getInput
0002ed1d                _EZDSP5535_GPIO_init
0002ed48                _EZDSP5535_GPIO_setDirection
0002ed6c                _EZDSP5535_GPIO_setOutput
0002ec8f                _EZDSP5535_I2C_init
0002ecf5                _EZDSP5535_I2C_read
0002ecc4                _EZDSP5535_I2C_reset
0002eccf                _EZDSP5535_I2C_write
0002e758                _EZDSP5535_I2S_close
0002e663                _EZDSP5535_I2S_init
0002e6bc                _EZDSP5535_I2S_readLeft
0002e71b                _EZDSP5535_I2S_readRight
0002e6ee                _EZDSP5535_I2S_writeLeft
0002e73c                _EZDSP5535_I2S_writeRight
0002def7                _EZDSP5535_LED_getall
0002dec1                _EZDSP5535_LED_init
0002dfec                _EZDSP5535_LED_off
0002dfb7                _EZDSP5535_LED_on
0002df49                _EZDSP5535_LED_setall
0002e01f                _EZDSP5535_LED_toggle
0002e11b                _EZDSP5535_OSD9616_init
0002e0d0                _EZDSP5535_OSD9616_multiSend
0002e1fd                _EZDSP5535_OSD9616_printLetter
0002e0a8                _EZDSP5535_OSD9616_send
0002e300                _EZDSP5535_SAR_getKey
0002e23a                _EZDSP5535_SAR_init
0002c4ad                _EZDSP5535_SDCARD_close
0002c0a4                _EZDSP5535_SDCARD_init
0002c449                _EZDSP5535_SDCARD_read
0002c47b                _EZDSP5535_SDCARD_write
0002d286                _EZDSP5535_SPIFLASH_erase
0002d1e3                _EZDSP5535_SPIFLASH_init
0002d38a                _EZDSP5535_SPIFLASH_read
0002d244                _EZDSP5535_SPIFLASH_status
0002d43a                _EZDSP5535_SPIFLASH_write
0002ebf0                _EZDSP5535_UART_open
0002e07a                _EZDSP5535_XF_get
0002e06f                _EZDSP5535_XF_off
0002e064                _EZDSP5535_XF_on
0002e089                _EZDSP5535_XF_toggle
0002f29c                _EZDSP5535_init
0002f256                _EZDSP5535_wait
0002f28a                _EZDSP5535_waitusec
0002a977                _GPIO_clearInt
0002a4d0                _GPIO_close
0002a4f4                _GPIO_config
0002a727                _GPIO_configBit
0002a86f                _GPIO_disableInt
0002a8ed                _GPIO_enableInt
0002a579                _GPIO_getConfig
0002a48c                _GPIO_open
0002a601                _GPIO_read
0002aa8a                _GPIO_reset
0002aa03                _GPIO_statusBit
0002a684                _GPIO_write
            00002d48    _GpioObj
0002c046                _HOSTclock
0002bfdb                _HOSTclose
0002bf26                _HOSTlseek
0002be87                _HOSTopen
0002bdfa                _HOSTread
0002bd4c                _HOSTrename
0002bcee                _HOSTtime
0002bc84                _HOSTunlink
0002bbf7                _HOSTwrite
000283ee                _I2C_config
00028db9                _I2C_eventDisable
00028c85                _I2C_eventEnable
00028553                _I2C_getConfig
00028f65                _I2C_getEventId
00028345                _I2C_init
00028a67                _I2C_read
00028ed8                _I2C_setCallback
00028629                _I2C_setup
00028823                _I2C_write
00029ece                _I2S_close
00029a99                _I2S_open
00029f80                _I2S_read
0002a390                _I2S_reset
00029be0                _I2S_setup
0002a441                _I2S_transEnable
0002a23a                _I2S_write
0002b17f                _IRQ_clear
0002b1e9                _IRQ_clearAll
0002b1f9                _IRQ_config
0002b31f                _IRQ_disable
0002b39d                _IRQ_disableAll
0002b3ab                _IRQ_enable
0002b4a5                _IRQ_getArg
0002b28c                _IRQ_getConfig
0002b5f3                _IRQ_globalDisable
0002b60c                _IRQ_globalEnable
0002b625                _IRQ_globalRestore
0002b0e5                _IRQ_init
0002b51e                _IRQ_map
0002b435                _IRQ_restore
0002b4eb                _IRQ_setArg
0002b550                _IRQ_setVecs
0002b581                _IRQ_test
00024345                _MMC_checkReadDmaDone
00020360                _MMC_clearResponse
00020246                _MMC_close
00020a87                _MMC_config
00020dcb                _MMC_deselectCard
000208aa                _MMC_drrdy
000208f2                _MMC_dxrdy
000206d2                _MMC_eventDisable
000204d6                _MMC_eventEnable
00021a5b                _MMC_getCardCsd
00024120                _MMC_getCardStatus
00020b21                _MMC_getConfig
0002032a                _MMC_getNumberOfCards
00020975                _MMC_getStatus
0002047d                _MMC_ierDisable
00020439                _MMC_ierEnable
00020000                _MMC_init
000204ae                _MMC_intEnable
00020037                _MMC_open
00022586                _MMC_read
00020937                _MMC_saveStatus
00020e9a                _MMC_selectCard
0002169d                _MMC_sendAllCID
00020bbe                _MMC_sendCmd
00020c6f                _MMC_sendGoIdle
00021429                _MMC_sendOpCond
00023deb                _MMC_setBlockLength
000202ea                _MMC_setCallBack
000202b8                _MMC_setCardPtr
00020285                _MMC_setCardType
00023c3a                _MMC_setDataTransferCallback
00023c89                _MMC_setDmaChanConfig
00023bda                _MMC_setDmaHandle
00023d66                _MMC_setEndianMode
000214cd                _MMC_setRca
00023e83                _MMC_setWriteBlkEraseCnt
000209d6                _MMC_setupNative
00020cf6                _MMC_stop
00022fa1                _MMC_write
0004fe00                _Reset
00029504                _SAR_A2DMeasParamSet
0002997e                _SAR_GPODirSet
0002907b                _SAR_chanClose
000290ff                _SAR_chanConfig
000293fb                _SAR_chanCycSet
00028ffe                _SAR_chanInit
00029019                _SAR_chanOpen
000291e7                _SAR_chanSetup
00028fde                _SAR_deInit
00029175                _SAR_getConfig
00029a5a                _SAR_getStatus
00028f81                _SAR_init
000294c3                _SAR_readData
0002944a                _SAR_startConversion
0002947c                _SAR_stopConversion
0002421c                _SD_configurePullup
00021ead                _SD_getCardCsd
00021872                _SD_sendAllCID
000215a4                _SD_sendRca
00023fb2                _SD_setBusWidth
0002abae                _SPI_close
0002abda                _SPI_config
0002b072                _SPI_dataTransaction
0002ae60                _SPI_deInit
0002ab19                _SPI_init
0002ab7a                _SPI_open
0002ae8c                _SPI_read
0002af7a                _SPI_write
            00002d3e    _SarHandle
            00002d3a    _SarObj
0002f201                _StopTest
            00002979    _TestFail
0002784a                _UART_config
00027b81                _UART_eventDisable
00027ae9                _UART_eventEnable
00027ebb                _UART_fgetc
00027fde                _UART_fgets
00027f59                _UART_fputc
0002810e                _UART_fputs
00028222                _UART_getConfig
000281fb                _UART_getEventId
000272e9                _UART_init
00027c10                _UART_read
00027a59                _UART_reset
00027a9e                _UART_resetOff
000282df                _UART_setCallback
000273a3                _UART_setup
0002794f                _UART_setupBaudRate
00027d39                _UART_write
            00020000    __CIOBUF_
            00001060    __STACK_END
00002000                __STACK_SIZE
00002000                __SYSMEM_SIZE
00001000                __SYSSTACK_SIZE
00000001                __TI_args_main
ffffffff                ___binit__
ffffffff                ___bss__
ffffffff                ___c_args__
            00020120    ___cinit__
ffffffff                ___data__
ffffffff                ___edata__
ffffffff                ___end__
ffffffff                ___etext__
0002f54d                ___isinf
ffffffff                ___pinit__
ffffffff                ___text__
0002da7d                __addd
0002f347                __args_main
0002d6c1                __cleanup
            00002d50    __cleanup_ptr
0002de69                __cmpd
            000030a0    __ctypes_
0002ce17                __divd
0002f3dd                __divli
0002da48                __divlli
0002f500                __divu
0002eb4f                __divul
0002d954                __divull
0002e92d                __doflush
            00002d52    __dtors_ptr
0002de35                __eqld
0002f4d6                __fixdi
0002eff7                __fixdli
0002f13e                __fltlid
0002ee9c                __frcmpyd
0002ef12                __frcmpyd_div
            00002978    __ft_end
            00002860    __ftable
0002ddeb                __geqd
0002dda0                __gtrd
0002dd53                __leqd
            00002d4c    __lock
0002dd0b                __lssd
0002e517                __mpyd
0002f57b                __mpyli
0002d89c                __mpylli
0002f5a0                __negd
0002dcd7                __neqd
0002f59e                __nop
00027022                __printfi
0002e8d0                __rd_ok
0002f596                __register_lock
0002f58e                __register_unlock
0002f392                __remli
0002d86d                __remlli
0002f515                __remu
0002ef85                __remul
0002d81f                __remull
            00000060    __stack
0002f567                __subd
            00001860    __sys_memory
            00001060    __sysstack
            000028d8    __tmpnams
            00002d4e    __unlock
0002e850                __wrt_ok
0002f5ba                _abort
0002ba8c                _add_device
0002f1a5                _atoi
0002f2fa                _auto_init
0002f4a2                _c_int00
0002ca01                _calloc
            00002bee    _cardAddr
0002c9f9                _chkheap
0002ba19                _close
0002f464                _exit
0002ee21                _fclose
0002e996                _fflush
0002ba10                _find_registered_device
0002d7e4                _fopen
0002eaa9                _fputc
0002e3b4                _fputs
0002c572                _free
0002c9a3                _free_memory
0002d71b                _freopen
            00002d0f    _fsError
0002f0d3                _fseek
            00002d28    _gI2cObj
0002bb7c                _getenv
            00002d4a    _hGpio
            00002d58    _hI2s
            00002a8a    _hSpi
            00002d26    _hUart
            00002d38    _i2cHandle
            00002d40    _keyCnt1
            00002d41    _keyCnt2
0002b9aa                _lseek
0002eda4                _ltoa
0002f203                _main
0002c6a3                _malloc
0002c949                _max_free
0002f52a                _memccpy
0002f425                _memcpy
0002c63e                _minit
            00002b9e    _mmcCardObj
            00002bf0    _mmcStatus
            00002b9c    _mmcsdHandle
0002ca27                _oled_test
0002b8eb                _open
            00002d10    _ouError
            00002b5c    _pMmcsdContObj
            00002d3d    _preKey
0002f2aa                _printf
0002eaa9                _putc
0002eb40                _putchar
0002e4e9                _puts
0002b83d                _read
0002f066                _readmsg
0002c798                _realloc
0002f5b0                _remove
0002b807                _remove_device
0002b7ae                _rename
            00002bcc    _sdCardCsdObj
            00002bbc    _sdCardIdObj
0002e76a                _setvbuf
            00002d12    _uartObj
0002b77b                _unlink
0002b639                _write
0002e9ef                _writemsg
ffffffff                binit
            00020120    cinit
ffffffff                edata
ffffffff                end
ffffffff                etext
ffffffff                pinit


GLOBAL SYMBOLS: SORTED BY Symbol Address 

abs. value/
byte addr   word addr   name
---------   ---------   ----
00000001                $TI_capability_requires_rev3
00000001                __TI_args_main
00000002                $TI_capability$C5500$CallingConvention
00000002                $TI_capability$C5500$MemoryModel
            00000060    __stack
00001000                __SYSSTACK_SIZE
00002000                __STACK_SIZE
00002000                __SYSMEM_SIZE
            00001060    __STACK_END
            00001060    __sysstack
            00001860    __sys_memory
            00002860    __ftable
            000028d8    __tmpnams
            00002978    __ft_end
            00002979    _TestFail
            00002a8a    _hSpi
            00002b5c    _pMmcsdContObj
            00002b9c    _mmcsdHandle
            00002b9e    _mmcCardObj
            00002bbc    _sdCardIdObj
            00002bcc    _sdCardCsdObj
            00002bee    _cardAddr
            00002bf0    _mmcStatus
            00002d0f    _fsError
            00002d10    _ouError
            00002d12    _uartObj
            00002d26    _hUart
            00002d28    _gI2cObj
            00002d38    _i2cHandle
            00002d3a    _SarObj
            00002d3d    _preKey
            00002d3e    _SarHandle
            00002d40    _keyCnt1
            00002d41    _keyCnt2
            00002d48    _GpioObj
            00002d4a    _hGpio
            00002d4c    __lock
            00002d4e    __unlock
            00002d50    __cleanup_ptr
            00002d52    __dtors_ptr
            00002d58    _hI2s
            000030a0    __ctypes_
00020000                _MMC_init
00020037                _MMC_open
00020246                _MMC_close
00020285                _MMC_setCardType
000202b8                _MMC_setCardPtr
000202ea                _MMC_setCallBack
0002032a                _MMC_getNumberOfCards
00020360                _MMC_clearResponse
00020439                _MMC_ierEnable
0002047d                _MMC_ierDisable
000204ae                _MMC_intEnable
000204d6                _MMC_eventEnable
000206d2                _MMC_eventDisable
000208aa                _MMC_drrdy
000208f2                _MMC_dxrdy
00020937                _MMC_saveStatus
00020975                _MMC_getStatus
000209d6                _MMC_setupNative
00020a87                _MMC_config
00020b21                _MMC_getConfig
00020bbe                _MMC_sendCmd
00020c6f                _MMC_sendGoIdle
00020cf6                _MMC_stop
00020dcb                _MMC_deselectCard
00020e9a                _MMC_selectCard
00021429                _MMC_sendOpCond
000214cd                _MMC_setRca
000215a4                _SD_sendRca
0002169d                _MMC_sendAllCID
00021872                _SD_sendAllCID
00021a5b                _MMC_getCardCsd
00021ead                _SD_getCardCsd
00022586                _MMC_read
00022fa1                _MMC_write
00023bda                _MMC_setDmaHandle
00023c3a                _MMC_setDataTransferCallback
00023c89                _MMC_setDmaChanConfig
00023d66                _MMC_setEndianMode
00023deb                _MMC_setBlockLength
00023e83                _MMC_setWriteBlkEraseCnt
00023fb2                _SD_setBusWidth
00024120                _MMC_getCardStatus
0002421c                _SD_configurePullup
00024345                _MMC_checkReadDmaDone
00024408                _DMA_init
0002443f                _DMA_open
0002452b                _DMA_close
0002454a                _DMA_config
00025121                _DMA_getConfig
00025690                _DMA_start
000257a0                _DMA_stop
000258a4                _DMA_reset
00025b90                _DMA_swapWords
00025c14                _DMA_getLastTransferType
00027022                __printfi
000272e9                _UART_init
000273a3                _UART_setup
0002784a                _UART_config
0002794f                _UART_setupBaudRate
00027a59                _UART_reset
00027a9e                _UART_resetOff
00027ae9                _UART_eventEnable
00027b81                _UART_eventDisable
00027c10                _UART_read
00027d39                _UART_write
00027ebb                _UART_fgetc
00027f59                _UART_fputc
00027fde                _UART_fgets
0002810e                _UART_fputs
000281fb                _UART_getEventId
00028222                _UART_getConfig
000282df                _UART_setCallback
00028345                _I2C_init
000283ee                _I2C_config
00028553                _I2C_getConfig
00028629                _I2C_setup
00028823                _I2C_write
00028a67                _I2C_read
00028c85                _I2C_eventEnable
00028db9                _I2C_eventDisable
00028ed8                _I2C_setCallback
00028f65                _I2C_getEventId
00028f81                _SAR_init
00028fde                _SAR_deInit
00028ffe                _SAR_chanInit
00029019                _SAR_chanOpen
0002907b                _SAR_chanClose
000290ff                _SAR_chanConfig
00029175                _SAR_getConfig
000291e7                _SAR_chanSetup
000293fb                _SAR_chanCycSet
0002944a                _SAR_startConversion
0002947c                _SAR_stopConversion
000294c3                _SAR_readData
00029504                _SAR_A2DMeasParamSet
0002997e                _SAR_GPODirSet
00029a5a                _SAR_getStatus
00029a99                _I2S_open
00029be0                _I2S_setup
00029ece                _I2S_close
00029f80                _I2S_read
0002a23a                _I2S_write
0002a390                _I2S_reset
0002a441                _I2S_transEnable
0002a48c                _GPIO_open
0002a4d0                _GPIO_close
0002a4f4                _GPIO_config
0002a579                _GPIO_getConfig
0002a601                _GPIO_read
0002a684                _GPIO_write
0002a727                _GPIO_configBit
0002a86f                _GPIO_disableInt
0002a8ed                _GPIO_enableInt
0002a977                _GPIO_clearInt
0002aa03                _GPIO_statusBit
0002aa8a                _GPIO_reset
0002ab19                _SPI_init
0002ab7a                _SPI_open
0002abae                _SPI_close
0002abda                _SPI_config
0002ae60                _SPI_deInit
0002ae8c                _SPI_read
0002af7a                _SPI_write
0002b072                _SPI_dataTransaction
0002b0e5                _IRQ_init
0002b17f                _IRQ_clear
0002b1e9                _IRQ_clearAll
0002b1f9                _IRQ_config
0002b28c                _IRQ_getConfig
0002b31f                _IRQ_disable
0002b39d                _IRQ_disableAll
0002b3ab                _IRQ_enable
0002b435                _IRQ_restore
0002b4a5                _IRQ_getArg
0002b4eb                _IRQ_setArg
0002b51e                _IRQ_map
0002b550                _IRQ_setVecs
0002b581                _IRQ_test
0002b5f3                _IRQ_globalDisable
0002b60c                _IRQ_globalEnable
0002b625                _IRQ_globalRestore
0002b639                _write
0002b77b                _unlink
0002b7ae                _rename
0002b807                _remove_device
0002b83d                _read
0002b8eb                _open
0002b9aa                _lseek
0002ba10                _find_registered_device
0002ba19                _close
0002ba8c                _add_device
0002bb7c                _getenv
0002bbf7                _HOSTwrite
0002bc84                _HOSTunlink
0002bcee                _HOSTtime
0002bd4c                _HOSTrename
0002bdfa                _HOSTread
0002be87                _HOSTopen
0002bf26                _HOSTlseek
0002bfdb                _HOSTclose
0002c046                _HOSTclock
0002c0a4                _EZDSP5535_SDCARD_init
0002c449                _EZDSP5535_SDCARD_read
0002c47b                _EZDSP5535_SDCARD_write
0002c4ad                _EZDSP5535_SDCARD_close
0002c572                _free
0002c63e                _minit
0002c6a3                _malloc
0002c798                _realloc
0002c949                _max_free
0002c9a3                _free_memory
0002c9f9                _chkheap
0002ca01                _calloc
0002ca27                _oled_test
0002ce17                __divd
0002d1e3                _EZDSP5535_SPIFLASH_init
0002d244                _EZDSP5535_SPIFLASH_status
0002d286                _EZDSP5535_SPIFLASH_erase
0002d38a                _EZDSP5535_SPIFLASH_read
0002d43a                _EZDSP5535_SPIFLASH_write
0002d6c1                __cleanup
0002d71b                _freopen
0002d7e4                _fopen
0002d81f                __remull
0002d86d                __remlli
0002d89c                __mpylli
0002d954                __divull
0002da48                __divlli
0002da7d                __addd
0002dcd7                __neqd
0002dd0b                __lssd
0002dd53                __leqd
0002dda0                __gtrd
0002ddeb                __geqd
0002de35                __eqld
0002de69                __cmpd
0002dec1                _EZDSP5535_LED_init
0002def7                _EZDSP5535_LED_getall
0002df49                _EZDSP5535_LED_setall
0002dfb7                _EZDSP5535_LED_on
0002dfec                _EZDSP5535_LED_off
0002e01f                _EZDSP5535_LED_toggle
0002e064                _EZDSP5535_XF_on
0002e06f                _EZDSP5535_XF_off
0002e07a                _EZDSP5535_XF_get
0002e089                _EZDSP5535_XF_toggle
0002e0a8                _EZDSP5535_OSD9616_send
0002e0d0                _EZDSP5535_OSD9616_multiSend
0002e11b                _EZDSP5535_OSD9616_init
0002e1fd                _EZDSP5535_OSD9616_printLetter
0002e23a                _EZDSP5535_SAR_init
0002e300                _EZDSP5535_SAR_getKey
0002e3b4                _fputs
0002e4e9                _puts
0002e517                __mpyd
0002e663                _EZDSP5535_I2S_init
0002e6bc                _EZDSP5535_I2S_readLeft
0002e6ee                _EZDSP5535_I2S_writeLeft
0002e71b                _EZDSP5535_I2S_readRight
0002e73c                _EZDSP5535_I2S_writeRight
0002e758                _EZDSP5535_I2S_close
0002e76a                _setvbuf
0002e850                __wrt_ok
0002e8d0                __rd_ok
0002e92d                __doflush
0002e996                _fflush
0002e9ef                _writemsg
0002eaa4                C$$IO$$
0002eaa9                _fputc
0002eaa9                _putc
0002eb40                _putchar
0002eb4f                __divul
0002ebf0                _EZDSP5535_UART_open
0002ec5f                _EVM5515_UART_putChar
0002ec75                _EVM5515_UART_getChar
0002ec8f                _EZDSP5535_I2C_init
0002ecc4                _EZDSP5535_I2C_reset
0002eccf                _EZDSP5535_I2C_write
0002ecf5                _EZDSP5535_I2C_read
0002ed1d                _EZDSP5535_GPIO_init
0002ed48                _EZDSP5535_GPIO_setDirection
0002ed6c                _EZDSP5535_GPIO_setOutput
0002ed86                _EZDSP5535_GPIO_getInput
0002eda4                _ltoa
0002ee21                _fclose
0002ee9c                __frcmpyd
0002ef12                __frcmpyd_div
0002ef85                __remul
0002eff7                __fixdli
0002f066                _readmsg
0002f0d3                _fseek
0002f13e                __fltlid
0002f1a5                _atoi
0002f201                _StopTest
0002f203                _main
0002f256                _EZDSP5535_wait
0002f28a                _EZDSP5535_waitusec
0002f29c                _EZDSP5535_init
0002f2aa                _printf
0002f2fa                _auto_init
0002f347                __args_main
0002f392                __remli
0002f3dd                __divli
0002f425                _memcpy
0002f464                _exit
0002f4a2                _c_int00
0002f4d6                __fixdi
0002f500                I$$UDIV
0002f500                __divu
0002f515                I$$UMOD
0002f515                __remu
0002f52a                _memccpy
0002f54d                ___isinf
0002f567                __subd
0002f57b                I$$LMPY
0002f57b                __mpyli
0002f58e                __register_unlock
0002f596                __register_lock
0002f59e                __nop
0002f5a0                __negd
0002f5b0                _remove
0002f5ba                _abort
0002f5bb                C$$EXIT
            00020000    __CIOBUF_
            00020120    ___cinit__
            00020120    cinit
0004fe00                _Reset
ffffffff                .bss
ffffffff                .data
ffffffff                .text
ffffffff                ___binit__
ffffffff                ___bss__
ffffffff                ___c_args__
ffffffff                ___data__
ffffffff                ___edata__
ffffffff                ___end__
ffffffff                ___etext__
ffffffff                ___pinit__
ffffffff                ___text__
ffffffff                binit
ffffffff                edata
ffffffff                end
ffffffff                etext
ffffffff                pinit

[346 symbols]
