<?xml version="1.0"?>
<link_info>
   <banner>TMS320C55x Linker PC v4.4.1</banner>
   <copyright>Copyright (c) 1996-2012 Texas Instruments Incorporated</copyright>
   <link_time>0x661d430d</link_time>
   <output_file>lcd-osk9616.out</output_file>
   <entry_point>
      <name>_c_int00</name>
      <address>0x2f4a2</address>
   </entry_point>
   <input_file_list>
      <input_file id="fl-2">
         <path>.\</path>
         <kind>object</kind>
         <file>ezdsp5535.obj</file>
         <name>ezdsp5535.obj</name>
      </input_file>
      <input_file id="fl-3">
         <path>.\</path>
         <kind>object</kind>
         <file>ezdsp5535_gpio.obj</file>
         <name>ezdsp5535_gpio.obj</name>
      </input_file>
      <input_file id="fl-4">
         <path>.\</path>
         <kind>object</kind>
         <file>ezdsp5535_i2c.obj</file>
         <name>ezdsp5535_i2c.obj</name>
      </input_file>
      <input_file id="fl-5">
         <path>.\</path>
         <kind>object</kind>
         <file>ezdsp5535_i2s.obj</file>
         <name>ezdsp5535_i2s.obj</name>
      </input_file>
      <input_file id="fl-6">
         <path>.\</path>
         <kind>object</kind>
         <file>ezdsp5535_lcd.obj</file>
         <name>ezdsp5535_lcd.obj</name>
      </input_file>
      <input_file id="fl-7">
         <path>.\</path>
         <kind>object</kind>
         <file>ezdsp5535_led.obj</file>
         <name>ezdsp5535_led.obj</name>
      </input_file>
      <input_file id="fl-8">
         <path>.\</path>
         <kind>object</kind>
         <file>ezdsp5535_sar.obj</file>
         <name>ezdsp5535_sar.obj</name>
      </input_file>
      <input_file id="fl-9">
         <path>.\</path>
         <kind>object</kind>
         <file>ezdsp5535_sdcard.obj</file>
         <name>ezdsp5535_sdcard.obj</name>
      </input_file>
      <input_file id="fl-a">
         <path>.\</path>
         <kind>object</kind>
         <file>ezdsp5535_spiflash.obj</file>
         <name>ezdsp5535_spiflash.obj</name>
      </input_file>
      <input_file id="fl-b">
         <path>.\</path>
         <kind>object</kind>
         <file>ezdsp5535_uart.obj</file>
         <name>ezdsp5535_uart.obj</name>
      </input_file>
      <input_file id="fl-c">
         <path>.\</path>
         <kind>object</kind>
         <file>main.obj</file>
         <name>main.obj</name>
      </input_file>
      <input_file id="fl-d">
         <path>.\</path>
         <kind>object</kind>
         <file>oled_test.obj</file>
         <name>oled_test.obj</name>
      </input_file>
      <input_file id="fl-12">
         <path>Z:\Documents\UNL\ECEN498\ezdsp5535_v1_spring2024\c55xx_csl\ccs_v4.0_examples\cslVC5505\Debug\</path>
         <kind>archive</kind>
         <file>cslVC5505.lib</file>
         <name>csl_uart.obj</name>
      </input_file>
      <input_file id="fl-13">
         <path>Z:\Documents\UNL\ECEN498\ezdsp5535_v1_spring2024\c55xx_csl\ccs_v4.0_examples\cslVC5505\Debug\</path>
         <kind>archive</kind>
         <file>cslVC5505.lib</file>
         <name>csl_spi.obj</name>
      </input_file>
      <input_file id="fl-14">
         <path>Z:\Documents\UNL\ECEN498\ezdsp5535_v1_spring2024\c55xx_csl\ccs_v4.0_examples\cslVC5505\Debug\</path>
         <kind>archive</kind>
         <file>cslVC5505.lib</file>
         <name>csl_sar.obj</name>
      </input_file>
      <input_file id="fl-15">
         <path>Z:\Documents\UNL\ECEN498\ezdsp5535_v1_spring2024\c55xx_csl\ccs_v4.0_examples\cslVC5505\Debug\</path>
         <kind>archive</kind>
         <file>cslVC5505.lib</file>
         <name>csl_mmcsd.obj</name>
      </input_file>
      <input_file id="fl-16">
         <path>Z:\Documents\UNL\ECEN498\ezdsp5535_v1_spring2024\c55xx_csl\ccs_v4.0_examples\cslVC5505\Debug\</path>
         <kind>archive</kind>
         <file>cslVC5505.lib</file>
         <name>csl_intc.obj</name>
      </input_file>
      <input_file id="fl-17">
         <path>Z:\Documents\UNL\ECEN498\ezdsp5535_v1_spring2024\c55xx_csl\ccs_v4.0_examples\cslVC5505\Debug\</path>
         <kind>archive</kind>
         <file>cslVC5505.lib</file>
         <name>csl_i2s.obj</name>
      </input_file>
      <input_file id="fl-18">
         <path>Z:\Documents\UNL\ECEN498\ezdsp5535_v1_spring2024\c55xx_csl\ccs_v4.0_examples\cslVC5505\Debug\</path>
         <kind>archive</kind>
         <file>cslVC5505.lib</file>
         <name>csl_i2c.obj</name>
      </input_file>
      <input_file id="fl-19">
         <path>Z:\Documents\UNL\ECEN498\ezdsp5535_v1_spring2024\c55xx_csl\ccs_v4.0_examples\cslVC5505\Debug\</path>
         <kind>archive</kind>
         <file>cslVC5505.lib</file>
         <name>csl_gpio.obj</name>
      </input_file>
      <input_file id="fl-1a">
         <path>Z:\Documents\UNL\ECEN498\ezdsp5535_v1_spring2024\c55xx_csl\ccs_v4.0_examples\cslVC5505\Debug\</path>
         <kind>archive</kind>
         <file>cslVC5505.lib</file>
         <name>csl_dma.obj</name>
      </input_file>
      <input_file id="fl-1b">
         <path>C:\ti\ccsv6\tools\compiler\c5500_4.4.1\lib\</path>
         <kind>archive</kind>
         <file>rts55x.lib</file>
         <name>boot.obj</name>
      </input_file>
      <input_file id="fl-1c">
         <path>C:\ti\ccsv6\tools\compiler\c5500_4.4.1\lib\</path>
         <kind>archive</kind>
         <file>rts55x.lib</file>
         <name>divul.obj</name>
      </input_file>
      <input_file id="fl-1d">
         <path>C:\ti\ccsv6\tools\compiler\c5500_4.4.1\lib\</path>
         <kind>archive</kind>
         <file>rts55x.lib</file>
         <name>exit.obj</name>
      </input_file>
      <input_file id="fl-1e">
         <path>C:\ti\ccsv6\tools\compiler\c5500_4.4.1\lib\</path>
         <kind>archive</kind>
         <file>rts55x.lib</file>
         <name>lmpy.obj</name>
      </input_file>
      <input_file id="fl-1f">
         <path>C:\ti\ccsv6\tools\compiler\c5500_4.4.1\lib\</path>
         <kind>archive</kind>
         <file>rts55x.lib</file>
         <name>printf.obj</name>
      </input_file>
      <input_file id="fl-20">
         <path>C:\ti\ccsv6\tools\compiler\c5500_4.4.1\lib\</path>
         <kind>archive</kind>
         <file>rts55x.lib</file>
         <name>remul.obj</name>
      </input_file>
      <input_file id="fl-21">
         <path>C:\ti\ccsv6\tools\compiler\c5500_4.4.1\lib\</path>
         <kind>archive</kind>
         <file>rts55x.lib</file>
         <name>udiv.obj</name>
      </input_file>
      <input_file id="fl-22">
         <path>C:\ti\ccsv6\tools\compiler\c5500_4.4.1\lib\</path>
         <kind>archive</kind>
         <file>rts55x.lib</file>
         <name>vectors.obj</name>
      </input_file>
      <input_file id="fl-23">
         <path>C:\ti\ccsv6\tools\compiler\c5500_4.4.1\lib\</path>
         <kind>archive</kind>
         <file>rts55x.lib</file>
         <name>_lock.obj</name>
      </input_file>
      <input_file id="fl-24">
         <path>C:\ti\ccsv6\tools\compiler\c5500_4.4.1\lib\</path>
         <kind>archive</kind>
         <file>rts55x.lib</file>
         <name>_printfi.obj</name>
      </input_file>
      <input_file id="fl-25">
         <path>C:\ti\ccsv6\tools\compiler\c5500_4.4.1\lib\</path>
         <kind>archive</kind>
         <file>rts55x.lib</file>
         <name>args_main.obj</name>
      </input_file>
      <input_file id="fl-26">
         <path>C:\ti\ccsv6\tools\compiler\c5500_4.4.1\lib\</path>
         <kind>archive</kind>
         <file>rts55x.lib</file>
         <name>atoi.obj</name>
      </input_file>
      <input_file id="fl-27">
         <path>C:\ti\ccsv6\tools\compiler\c5500_4.4.1\lib\</path>
         <kind>archive</kind>
         <file>rts55x.lib</file>
         <name>autoinit.obj</name>
      </input_file>
      <input_file id="fl-28">
         <path>C:\ti\ccsv6\tools\compiler\c5500_4.4.1\lib\</path>
         <kind>archive</kind>
         <file>rts55x.lib</file>
         <name>cmpd.obj</name>
      </input_file>
      <input_file id="fl-29">
         <path>C:\ti\ccsv6\tools\compiler\c5500_4.4.1\lib\</path>
         <kind>archive</kind>
         <file>rts55x.lib</file>
         <name>ctype.obj</name>
      </input_file>
      <input_file id="fl-2a">
         <path>C:\ti\ccsv6\tools\compiler\c5500_4.4.1\lib\</path>
         <kind>archive</kind>
         <file>rts55x.lib</file>
         <name>defs.obj</name>
      </input_file>
      <input_file id="fl-2b">
         <path>C:\ti\ccsv6\tools\compiler\c5500_4.4.1\lib\</path>
         <kind>archive</kind>
         <file>rts55x.lib</file>
         <name>divd.obj</name>
      </input_file>
      <input_file id="fl-2c">
         <path>C:\ti\ccsv6\tools\compiler\c5500_4.4.1\lib\</path>
         <kind>archive</kind>
         <file>rts55x.lib</file>
         <name>fixdi.obj</name>
      </input_file>
      <input_file id="fl-2d">
         <path>C:\ti\ccsv6\tools\compiler\c5500_4.4.1\lib\</path>
         <kind>archive</kind>
         <file>rts55x.lib</file>
         <name>fixdli.obj</name>
      </input_file>
      <input_file id="fl-2e">
         <path>C:\ti\ccsv6\tools\compiler\c5500_4.4.1\lib\</path>
         <kind>archive</kind>
         <file>rts55x.lib</file>
         <name>fltlid.obj</name>
      </input_file>
      <input_file id="fl-2f">
         <path>C:\ti\ccsv6\tools\compiler\c5500_4.4.1\lib\</path>
         <kind>archive</kind>
         <file>rts55x.lib</file>
         <name>fputc.obj</name>
      </input_file>
      <input_file id="fl-30">
         <path>C:\ti\ccsv6\tools\compiler\c5500_4.4.1\lib\</path>
         <kind>archive</kind>
         <file>rts55x.lib</file>
         <name>fputs.obj</name>
      </input_file>
      <input_file id="fl-31">
         <path>C:\ti\ccsv6\tools\compiler\c5500_4.4.1\lib\</path>
         <kind>archive</kind>
         <file>rts55x.lib</file>
         <name>frcmpyd_div.obj</name>
      </input_file>
      <input_file id="fl-32">
         <path>C:\ti\ccsv6\tools\compiler\c5500_4.4.1\lib\</path>
         <kind>archive</kind>
         <file>rts55x.lib</file>
         <name>isinf.obj</name>
      </input_file>
      <input_file id="fl-33">
         <path>C:\ti\ccsv6\tools\compiler\c5500_4.4.1\lib\</path>
         <kind>archive</kind>
         <file>rts55x.lib</file>
         <name>llmpy.obj</name>
      </input_file>
      <input_file id="fl-34">
         <path>C:\ti\ccsv6\tools\compiler\c5500_4.4.1\lib\</path>
         <kind>archive</kind>
         <file>rts55x.lib</file>
         <name>lowlev.obj</name>
      </input_file>
      <input_file id="fl-35">
         <path>C:\ti\ccsv6\tools\compiler\c5500_4.4.1\lib\</path>
         <kind>archive</kind>
         <file>rts55x.lib</file>
         <name>ltoa.obj</name>
      </input_file>
      <input_file id="fl-36">
         <path>C:\ti\ccsv6\tools\compiler\c5500_4.4.1\lib\</path>
         <kind>archive</kind>
         <file>rts55x.lib</file>
         <name>memccpy.obj</name>
      </input_file>
      <input_file id="fl-37">
         <path>C:\ti\ccsv6\tools\compiler\c5500_4.4.1\lib\</path>
         <kind>archive</kind>
         <file>rts55x.lib</file>
         <name>memcpy.obj</name>
      </input_file>
      <input_file id="fl-38">
         <path>C:\ti\ccsv6\tools\compiler\c5500_4.4.1\lib\</path>
         <kind>archive</kind>
         <file>rts55x.lib</file>
         <name>mpyd.obj</name>
      </input_file>
      <input_file id="fl-39">
         <path>C:\ti\ccsv6\tools\compiler\c5500_4.4.1\lib\</path>
         <kind>archive</kind>
         <file>rts55x.lib</file>
         <name>negd.obj</name>
      </input_file>
      <input_file id="fl-3a">
         <path>C:\ti\ccsv6\tools\compiler\c5500_4.4.1\lib\</path>
         <kind>archive</kind>
         <file>rts55x.lib</file>
         <name>remli.obj</name>
      </input_file>
      <input_file id="fl-3b">
         <path>C:\ti\ccsv6\tools\compiler\c5500_4.4.1\lib\</path>
         <kind>archive</kind>
         <file>rts55x.lib</file>
         <name>subd.obj</name>
      </input_file>
      <input_file id="fl-3c">
         <path>C:\ti\ccsv6\tools\compiler\c5500_4.4.1\lib\</path>
         <kind>archive</kind>
         <file>rts55x.lib</file>
         <name>trgdrv.obj</name>
      </input_file>
      <input_file id="fl-3d">
         <path>C:\ti\ccsv6\tools\compiler\c5500_4.4.1\lib\</path>
         <kind>archive</kind>
         <file>rts55x.lib</file>
         <name>trgmsg.obj</name>
      </input_file>
      <input_file id="fl-3e">
         <path>C:\ti\ccsv6\tools\compiler\c5500_4.4.1\lib\</path>
         <kind>archive</kind>
         <file>rts55x.lib</file>
         <name>_io_perm.obj</name>
      </input_file>
      <input_file id="fl-3f">
         <path>C:\ti\ccsv6\tools\compiler\c5500_4.4.1\lib\</path>
         <kind>archive</kind>
         <file>rts55x.lib</file>
         <name>addd.obj</name>
      </input_file>
      <input_file id="fl-40">
         <path>C:\ti\ccsv6\tools\compiler\c5500_4.4.1\lib\</path>
         <kind>archive</kind>
         <file>rts55x.lib</file>
         <name>divli.obj</name>
      </input_file>
      <input_file id="fl-41">
         <path>C:\ti\ccsv6\tools\compiler\c5500_4.4.1\lib\</path>
         <kind>archive</kind>
         <file>rts55x.lib</file>
         <name>fflush.obj</name>
      </input_file>
      <input_file id="fl-42">
         <path>C:\ti\ccsv6\tools\compiler\c5500_4.4.1\lib\</path>
         <kind>archive</kind>
         <file>rts55x.lib</file>
         <name>frcmpyd.obj</name>
      </input_file>
      <input_file id="fl-43">
         <path>C:\ti\ccsv6\tools\compiler\c5500_4.4.1\lib\</path>
         <kind>archive</kind>
         <file>rts55x.lib</file>
         <name>fseek.obj</name>
      </input_file>
      <input_file id="fl-44">
         <path>C:\ti\ccsv6\tools\compiler\c5500_4.4.1\lib\</path>
         <kind>archive</kind>
         <file>rts55x.lib</file>
         <name>setvbuf.obj</name>
      </input_file>
      <input_file id="fl-45">
         <path>C:\ti\ccsv6\tools\compiler\c5500_4.4.1\lib\</path>
         <kind>archive</kind>
         <file>rts55x.lib</file>
         <name>fopen.obj</name>
      </input_file>
      <input_file id="fl-46">
         <path>C:\ti\ccsv6\tools\compiler\c5500_4.4.1\lib\</path>
         <kind>archive</kind>
         <file>rts55x.lib</file>
         <name>memory.obj</name>
      </input_file>
      <input_file id="fl-47">
         <path>C:\ti\ccsv6\tools\compiler\c5500_4.4.1\lib\</path>
         <kind>archive</kind>
         <file>rts55x.lib</file>
         <name>fclose.obj</name>
      </input_file>
      <input_file id="fl-48">
         <path>C:\ti\ccsv6\tools\compiler\c5500_4.4.1\lib\</path>
         <kind>archive</kind>
         <file>rts55x.lib</file>
         <name>remove.obj</name>
      </input_file>
   </input_file_list>
   <object_component_list>
      <object_component id="oc-69">
         <name>.text</name>
         <load_address>0x20000</load_address>
         <run_address>0x20000</run_address>
         <size>0x4408</size>
         <input_file_ref idref="fl-15"/>
      </object_component>
      <object_component id="oc-86">
         <name>.text</name>
         <load_address>0x24408</load_address>
         <run_address>0x24408</run_address>
         <size>0x18b8</size>
         <input_file_ref idref="fl-1a"/>
      </object_component>
      <object_component id="oc-b4">
         <name>.text</name>
         <load_address>0x25cc0</load_address>
         <run_address>0x25cc0</run_address>
         <size>0x15a4</size>
         <input_file_ref idref="fl-24"/>
      </object_component>
      <object_component id="oc-59">
         <name>.text</name>
         <load_address>0x27264</load_address>
         <run_address>0x27264</run_address>
         <size>0x10e1</size>
         <input_file_ref idref="fl-12"/>
      </object_component>
      <object_component id="oc-7b">
         <name>.text</name>
         <load_address>0x28345</load_address>
         <run_address>0x28345</run_address>
         <size>0xc3c</size>
         <input_file_ref idref="fl-18"/>
      </object_component>
      <object_component id="oc-64">
         <name>.text</name>
         <load_address>0x28f81</load_address>
         <run_address>0x28f81</run_address>
         <size>0xb18</size>
         <input_file_ref idref="fl-14"/>
      </object_component>
      <object_component id="oc-74">
         <name>.text</name>
         <load_address>0x29a99</load_address>
         <run_address>0x29a99</run_address>
         <size>0x9f3</size>
         <input_file_ref idref="fl-17"/>
      </object_component>
      <object_component id="oc-81">
         <name>.text</name>
         <load_address>0x2a48c</load_address>
         <run_address>0x2a48c</run_address>
         <size>0x68d</size>
         <input_file_ref idref="fl-19"/>
      </object_component>
      <object_component id="oc-5e">
         <name>.text</name>
         <load_address>0x2ab19</load_address>
         <run_address>0x2ab19</run_address>
         <size>0x5cc</size>
         <input_file_ref idref="fl-13"/>
      </object_component>
      <object_component id="oc-6e">
         <name>.text</name>
         <load_address>0x2b0e5</load_address>
         <run_address>0x2b0e5</run_address>
         <size>0x554</size>
         <input_file_ref idref="fl-16"/>
      </object_component>
      <object_component id="oc-f6">
         <name>.text</name>
         <load_address>0x2b639</load_address>
         <run_address>0x2b639</run_address>
         <size>0x543</size>
         <input_file_ref idref="fl-34"/>
      </object_component>
      <object_component id="oc-118">
         <name>.text</name>
         <load_address>0x2bb7c</load_address>
         <run_address>0x2bb7c</run_address>
         <size>0x528</size>
         <input_file_ref idref="fl-3c"/>
      </object_component>
      <object_component id="oc-39">
         <name>.text</name>
         <load_address>0x2c0a4</load_address>
         <run_address>0x2c0a4</run_address>
         <size>0x4ce</size>
         <input_file_ref idref="fl-9"/>
      </object_component>
      <object_component id="oc-145">
         <name>.text</name>
         <load_address>0x2c572</load_address>
         <run_address>0x2c572</run_address>
         <size>0x4b5</size>
         <input_file_ref idref="fl-46"/>
      </object_component>
      <object_component id="oc-54">
         <name>.text</name>
         <load_address>0x2ca27</load_address>
         <run_address>0x2ca27</run_address>
         <size>0x3f0</size>
         <input_file_ref idref="fl-d"/>
      </object_component>
      <object_component id="oc-d0">
         <name>.text</name>
         <load_address>0x2ce17</load_address>
         <run_address>0x2ce17</run_address>
         <size>0x3cc</size>
         <input_file_ref idref="fl-2b"/>
      </object_component>
      <object_component id="oc-40">
         <name>.text</name>
         <load_address>0x2d1e3</load_address>
         <run_address>0x2d1e3</run_address>
         <size>0x3bd</size>
         <input_file_ref idref="fl-a"/>
      </object_component>
      <object_component id="oc-13f">
         <name>.text</name>
         <load_address>0x2d5a0</load_address>
         <run_address>0x2d5a0</run_address>
         <size>0x27f</size>
         <input_file_ref idref="fl-45"/>
      </object_component>
      <object_component id="oc-f2">
         <name>.text</name>
         <load_address>0x2d81f</load_address>
         <run_address>0x2d81f</run_address>
         <size>0x25e</size>
         <input_file_ref idref="fl-33"/>
      </object_component>
      <object_component id="oc-127">
         <name>.text</name>
         <load_address>0x2da7d</load_address>
         <run_address>0x2da7d</run_address>
         <size>0x25a</size>
         <input_file_ref idref="fl-3f"/>
      </object_component>
      <object_component id="oc-c6">
         <name>.text</name>
         <load_address>0x2dcd7</load_address>
         <run_address>0x2dcd7</run_address>
         <size>0x1ea</size>
         <input_file_ref idref="fl-28"/>
      </object_component>
      <object_component id="oc-2d">
         <name>.text</name>
         <load_address>0x2dec1</load_address>
         <run_address>0x2dec1</run_address>
         <size>0x1e7</size>
         <input_file_ref idref="fl-7"/>
      </object_component>
      <object_component id="oc-28">
         <name>.text</name>
         <load_address>0x2e0a8</load_address>
         <run_address>0x2e0a8</run_address>
         <size>0x192</size>
         <input_file_ref idref="fl-6"/>
      </object_component>
      <object_component id="oc-32">
         <name>.text</name>
         <load_address>0x2e23a</load_address>
         <run_address>0x2e23a</run_address>
         <size>0x17a</size>
         <input_file_ref idref="fl-8"/>
      </object_component>
      <object_component id="oc-e5">
         <name>.text</name>
         <load_address>0x2e3b4</load_address>
         <run_address>0x2e3b4</run_address>
         <size>0x163</size>
         <input_file_ref idref="fl-30"/>
      </object_component>
      <object_component id="oc-108">
         <name>.text</name>
         <load_address>0x2e517</load_address>
         <run_address>0x2e517</run_address>
         <size>0x14c</size>
         <input_file_ref idref="fl-38"/>
      </object_component>
      <object_component id="oc-22">
         <name>.text</name>
         <load_address>0x2e663</load_address>
         <run_address>0x2e663</run_address>
         <size>0x107</size>
         <input_file_ref idref="fl-5"/>
      </object_component>
      <object_component id="oc-13b">
         <name>.text</name>
         <load_address>0x2e76a</load_address>
         <run_address>0x2e76a</run_address>
         <size>0xe6</size>
         <input_file_ref idref="fl-44"/>
      </object_component>
      <object_component id="oc-123">
         <name>.text</name>
         <load_address>0x2e850</load_address>
         <run_address>0x2e850</run_address>
         <size>0xdd</size>
         <input_file_ref idref="fl-3e"/>
      </object_component>
      <object_component id="oc-12f">
         <name>.text</name>
         <load_address>0x2e92d</load_address>
         <run_address>0x2e92d</run_address>
         <size>0xc2</size>
         <input_file_ref idref="fl-41"/>
      </object_component>
      <object_component id="oc-120">
         <name>.text:CIO_breakpoint</name>
         <load_address>0x2e9ef</load_address>
         <run_address>0x2e9ef</run_address>
         <size>0xba</size>
         <input_file_ref idref="fl-3d"/>
      </object_component>
      <object_component id="oc-e1">
         <name>.text</name>
         <load_address>0x2eaa9</load_address>
         <run_address>0x2eaa9</run_address>
         <size>0xa6</size>
         <input_file_ref idref="fl-2f"/>
      </object_component>
      <object_component id="oc-8f">
         <name>.text</name>
         <load_address>0x2eb4f</load_address>
         <run_address>0x2eb4f</run_address>
         <size>0xa1</size>
         <input_file_ref idref="fl-1c"/>
      </object_component>
      <object_component id="oc-46">
         <name>.text</name>
         <load_address>0x2ebf0</load_address>
         <run_address>0x2ebf0</run_address>
         <size>0x9f</size>
         <input_file_ref idref="fl-b"/>
      </object_component>
      <object_component id="oc-1d">
         <name>.text</name>
         <load_address>0x2ec8f</load_address>
         <run_address>0x2ec8f</run_address>
         <size>0x8e</size>
         <input_file_ref idref="fl-4"/>
      </object_component>
      <object_component id="oc-17">
         <name>.text</name>
         <load_address>0x2ed1d</load_address>
         <run_address>0x2ed1d</run_address>
         <size>0x87</size>
         <input_file_ref idref="fl-3"/>
      </object_component>
      <object_component id="oc-fc">
         <name>.text</name>
         <load_address>0x2eda4</load_address>
         <run_address>0x2eda4</run_address>
         <size>0x7d</size>
         <input_file_ref idref="fl-35"/>
      </object_component>
      <object_component id="oc-14c">
         <name>.text</name>
         <load_address>0x2ee21</load_address>
         <run_address>0x2ee21</run_address>
         <size>0x7b</size>
         <input_file_ref idref="fl-47"/>
      </object_component>
      <object_component id="oc-133">
         <name>.text</name>
         <load_address>0x2ee9c</load_address>
         <run_address>0x2ee9c</run_address>
         <size>0x76</size>
         <input_file_ref idref="fl-42"/>
      </object_component>
      <object_component id="oc-ea">
         <name>.text</name>
         <load_address>0x2ef12</load_address>
         <run_address>0x2ef12</run_address>
         <size>0x73</size>
         <input_file_ref idref="fl-31"/>
      </object_component>
      <object_component id="oc-a2">
         <name>.text</name>
         <load_address>0x2ef85</load_address>
         <run_address>0x2ef85</run_address>
         <size>0x72</size>
         <input_file_ref idref="fl-20"/>
      </object_component>
      <object_component id="oc-d8">
         <name>.text</name>
         <load_address>0x2eff7</load_address>
         <run_address>0x2eff7</run_address>
         <size>0x6f</size>
         <input_file_ref idref="fl-2d"/>
      </object_component>
      <object_component id="oc-11d">
         <name>.text</name>
         <load_address>0x2f066</load_address>
         <run_address>0x2f066</run_address>
         <size>0x6d</size>
         <input_file_ref idref="fl-3d"/>
      </object_component>
      <object_component id="oc-137">
         <name>.text</name>
         <load_address>0x2f0d3</load_address>
         <run_address>0x2f0d3</run_address>
         <size>0x6b</size>
         <input_file_ref idref="fl-43"/>
      </object_component>
      <object_component id="oc-dc">
         <name>.text</name>
         <load_address>0x2f13e</load_address>
         <run_address>0x2f13e</run_address>
         <size>0x67</size>
         <input_file_ref idref="fl-2e"/>
      </object_component>
      <object_component id="oc-be">
         <name>.text</name>
         <load_address>0x2f1a5</load_address>
         <run_address>0x2f1a5</run_address>
         <size>0x5c</size>
         <input_file_ref idref="fl-26"/>
      </object_component>
      <object_component id="oc-4c">
         <name>.text</name>
         <load_address>0x2f201</load_address>
         <run_address>0x2f201</run_address>
         <size>0x55</size>
         <input_file_ref idref="fl-c"/>
      </object_component>
      <object_component id="oc-12">
         <name>.text</name>
         <load_address>0x2f256</load_address>
         <run_address>0x2f256</run_address>
         <size>0x54</size>
         <input_file_ref idref="fl-2"/>
      </object_component>
      <object_component id="oc-9e">
         <name>.text</name>
         <load_address>0x2f2aa</load_address>
         <run_address>0x2f2aa</run_address>
         <size>0x50</size>
         <input_file_ref idref="fl-1f"/>
      </object_component>
      <object_component id="oc-c2">
         <name>.text</name>
         <load_address>0x2f2fa</load_address>
         <run_address>0x2f2fa</run_address>
         <size>0x4d</size>
         <input_file_ref idref="fl-27"/>
      </object_component>
      <object_component id="oc-ba">
         <name>.text</name>
         <load_address>0x2f347</load_address>
         <run_address>0x2f347</run_address>
         <size>0x4b</size>
         <input_file_ref idref="fl-25"/>
      </object_component>
      <object_component id="oc-110">
         <name>.text</name>
         <load_address>0x2f392</load_address>
         <run_address>0x2f392</run_address>
         <size>0x4b</size>
         <input_file_ref idref="fl-3a"/>
      </object_component>
      <object_component id="oc-12b">
         <name>.text</name>
         <load_address>0x2f3dd</load_address>
         <run_address>0x2f3dd</run_address>
         <size>0x48</size>
         <input_file_ref idref="fl-40"/>
      </object_component>
      <object_component id="oc-104">
         <name>.text</name>
         <load_address>0x2f425</load_address>
         <run_address>0x2f425</run_address>
         <size>0x3f</size>
         <input_file_ref idref="fl-37"/>
      </object_component>
      <object_component id="oc-93">
         <name>.text</name>
         <load_address>0x2f464</load_address>
         <run_address>0x2f464</run_address>
         <size>0x3e</size>
         <input_file_ref idref="fl-1d"/>
      </object_component>
      <object_component id="oc-10">
         <name>.text</name>
         <load_address>0x2f4a2</load_address>
         <run_address>0x2f4a2</run_address>
         <size>0x34</size>
         <input_file_ref idref="fl-1b"/>
      </object_component>
      <object_component id="oc-d4">
         <name>.text</name>
         <load_address>0x2f4d6</load_address>
         <run_address>0x2f4d6</run_address>
         <size>0x2a</size>
         <input_file_ref idref="fl-2c"/>
      </object_component>
      <object_component id="oc-a6">
         <name>.text</name>
         <load_address>0x2f500</load_address>
         <run_address>0x2f500</run_address>
         <size>0x2a</size>
         <input_file_ref idref="fl-21"/>
      </object_component>
      <object_component id="oc-100">
         <name>.text</name>
         <load_address>0x2f52a</load_address>
         <run_address>0x2f52a</run_address>
         <size>0x23</size>
         <input_file_ref idref="fl-36"/>
      </object_component>
      <object_component id="oc-ee">
         <name>.text</name>
         <load_address>0x2f54d</load_address>
         <run_address>0x2f54d</run_address>
         <size>0x1a</size>
         <input_file_ref idref="fl-32"/>
      </object_component>
      <object_component id="oc-114">
         <name>.text</name>
         <load_address>0x2f567</load_address>
         <run_address>0x2f567</run_address>
         <size>0x14</size>
         <input_file_ref idref="fl-3b"/>
      </object_component>
      <object_component id="oc-9a">
         <name>.text</name>
         <load_address>0x2f57b</load_address>
         <run_address>0x2f57b</run_address>
         <size>0x13</size>
         <input_file_ref idref="fl-1e"/>
      </object_component>
      <object_component id="oc-ae">
         <name>.text</name>
         <load_address>0x2f58e</load_address>
         <run_address>0x2f58e</run_address>
         <size>0x12</size>
         <input_file_ref idref="fl-23"/>
      </object_component>
      <object_component id="oc-10c">
         <name>.text</name>
         <load_address>0x2f5a0</load_address>
         <run_address>0x2f5a0</run_address>
         <size>0x10</size>
         <input_file_ref idref="fl-39"/>
      </object_component>
      <object_component id="oc-150">
         <name>.text</name>
         <load_address>0x2f5b0</load_address>
         <run_address>0x2f5b0</run_address>
         <size>0xa</size>
         <input_file_ref idref="fl-48"/>
      </object_component>
      <object_component id="oc-97">
         <name>.text:CIO_breakpoint</name>
         <load_address>0x2f5ba</load_address>
         <run_address>0x2f5ba</run_address>
         <size>0x7</size>
         <input_file_ref idref="fl-1d"/>
      </object_component>
      <object_component id="oc-aa">
         <name>.text</name>
         <load_address>0x2f5c1</load_address>
         <run_address>0x2f5c1</run_address>
         <size>0x2</size>
         <input_file_ref idref="fl-22"/>
      </object_component>
      <object_component id="oc-8b">
         <name>.stack</name>
         <uninitialized>true</uninitialized>
         <run_address>0xc0</run_address>
         <size>0x0</size>
         <input_file_ref idref="fl-1b"/>
      </object_component>
      <object_component id="oc-16f">
         <name>.stack</name>
         <uninitialized>true</uninitialized>
         <run_address>0xc0</run_address>
         <size>0x0</size>
      </object_component>
      <object_component id="oc-154">
         <name>.sysstack</name>
         <uninitialized>true</uninitialized>
         <run_address>0x20c0</run_address>
         <size>0x0</size>
         <input_file_ref idref="fl-1b"/>
      </object_component>
      <object_component id="oc-171">
         <name>.sysstack</name>
         <uninitialized>true</uninitialized>
         <run_address>0x20c0</run_address>
         <size>0x0</size>
      </object_component>
      <object_component id="oc-cc">
         <name>.bss</name>
         <uninitialized>true</uninitialized>
         <run_address>0x50c0</run_address>
         <size>0x232</size>
         <input_file_ref idref="fl-2a"/>
      </object_component>
      <object_component id="oc-4d">
         <name>.bss</name>
         <uninitialized>true</uninitialized>
         <run_address>0x52f2</run_address>
         <size>0x2</size>
         <input_file_ref idref="fl-c"/>
      </object_component>
      <object_component id="oc-41">
         <name>.bss</name>
         <uninitialized>true</uninitialized>
         <run_address>0x52f4</run_address>
         <size>0x224</size>
         <input_file_ref idref="fl-a"/>
      </object_component>
      <object_component id="oc-119">
         <name>.bss</name>
         <uninitialized>true</uninitialized>
         <run_address>0x5518</run_address>
         <size>0x1a0</size>
         <input_file_ref idref="fl-3c"/>
      </object_component>
      <object_component id="oc-3a">
         <name>.bss</name>
         <uninitialized>true</uninitialized>
         <run_address>0x56b8</run_address>
         <size>0x12a</size>
         <input_file_ref idref="fl-9"/>
      </object_component>
      <object_component id="oc-140">
         <name>.bss</name>
         <uninitialized>true</uninitialized>
         <run_address>0x57e2</run_address>
         <size>0x2</size>
         <input_file_ref idref="fl-45"/>
      </object_component>
      <object_component id="oc-6f">
         <name>.bss</name>
         <uninitialized>true</uninitialized>
         <run_address>0x57e4</run_address>
         <size>0x108</size>
         <input_file_ref idref="fl-16"/>
      </object_component>
      <object_component id="oc-f7">
         <name>.bss</name>
         <uninitialized>true</uninitialized>
         <run_address>0x58ec</run_address>
         <size>0xe2</size>
         <input_file_ref idref="fl-34"/>
      </object_component>
      <object_component id="oc-75">
         <name>.bss</name>
         <uninitialized>true</uninitialized>
         <run_address>0x59ce</run_address>
         <size>0x54</size>
         <input_file_ref idref="fl-17"/>
      </object_component>
      <object_component id="oc-47">
         <name>.bss</name>
         <uninitialized>true</uninitialized>
         <run_address>0x5a24</run_address>
         <size>0x2c</size>
         <input_file_ref idref="fl-b"/>
      </object_component>
      <object_component id="oc-7c">
         <name>.bss</name>
         <uninitialized>true</uninitialized>
         <run_address>0x5a50</run_address>
         <size>0x24</size>
         <input_file_ref idref="fl-18"/>
      </object_component>
      <object_component id="oc-33">
         <name>.bss</name>
         <uninitialized>true</uninitialized>
         <run_address>0x5a74</run_address>
         <size>0x10</size>
         <input_file_ref idref="fl-8"/>
      </object_component>
      <object_component id="oc-146">
         <name>.bss</name>
         <uninitialized>true</uninitialized>
         <run_address>0x5a84</run_address>
         <size>0xc</size>
         <input_file_ref idref="fl-46"/>
      </object_component>
      <object_component id="oc-18">
         <name>.bss</name>
         <uninitialized>true</uninitialized>
         <run_address>0x5a90</run_address>
         <size>0x8</size>
         <input_file_ref idref="fl-3"/>
      </object_component>
      <object_component id="oc-af">
         <name>.bss</name>
         <uninitialized>true</uninitialized>
         <run_address>0x5a98</run_address>
         <size>0x8</size>
         <input_file_ref idref="fl-23"/>
      </object_component>
      <object_component id="oc-94">
         <name>.bss</name>
         <uninitialized>true</uninitialized>
         <run_address>0x5aa0</run_address>
         <size>0x8</size>
         <input_file_ref idref="fl-1d"/>
      </object_component>
      <object_component id="oc-5f">
         <name>.bss</name>
         <uninitialized>true</uninitialized>
         <run_address>0x5aa8</run_address>
         <size>0x6</size>
         <input_file_ref idref="fl-13"/>
      </object_component>
      <object_component id="oc-23">
         <name>.bss</name>
         <uninitialized>true</uninitialized>
         <run_address>0x5ab0</run_address>
         <size>0x4</size>
         <input_file_ref idref="fl-5"/>
      </object_component>
      <object_component id="oc-3c">
         <name>.const:.string</name>
         <load_address>0x5ab4</load_address>
         <run_address>0x5ab4</run_address>
         <size>0x68c</size>
         <input_file_ref idref="fl-9"/>
      </object_component>
      <object_component id="oc-156">
         <name>.const:__ctypes_</name>
         <load_address>0x6140</load_address>
         <run_address>0x6140</run_address>
         <size>0x202</size>
         <input_file_ref idref="fl-29"/>
      </object_component>
      <object_component id="oc-50">
         <name>.const:.string</name>
         <load_address>0x6344</load_address>
         <run_address>0x6344</run_address>
         <size>0xba</size>
         <input_file_ref idref="fl-c"/>
      </object_component>
      <object_component id="oc-b7">
         <name>.const:.string</name>
         <load_address>0x6400</load_address>
         <run_address>0x6400</run_address>
         <size>0x48</size>
         <input_file_ref idref="fl-24"/>
      </object_component>
      <object_component id="oc-b6">
         <name>.const</name>
         <load_address>0x6448</load_address>
         <run_address>0x6448</run_address>
         <size>0x18</size>
         <input_file_ref idref="fl-24"/>
      </object_component>
      <object_component id="oc-157">
         <name>.const:_initial_approx$1</name>
         <load_address>0x6460</load_address>
         <run_address>0x6460</run_address>
         <size>0x10</size>
         <input_file_ref idref="fl-2b"/>
      </object_component>
      <object_component id="oc-e7">
         <name>.const:.string</name>
         <load_address>0x6470</load_address>
         <run_address>0x6470</run_address>
         <size>0x4</size>
         <input_file_ref idref="fl-30"/>
      </object_component>
      <object_component id="oc-de">
         <name>.const</name>
         <load_address>0x6474</load_address>
         <run_address>0x6474</run_address>
         <size>0x4</size>
         <input_file_ref idref="fl-2e"/>
      </object_component>
      <object_component id="oc-149">
         <name>.sysmem</name>
         <uninitialized>true</uninitialized>
         <run_address>0x30c0</run_address>
         <size>0x0</size>
         <input_file_ref idref="fl-46"/>
      </object_component>
      <object_component id="oc-170">
         <name>.sysmem</name>
         <uninitialized>true</uninitialized>
         <run_address>0x30c0</run_address>
         <size>0x0</size>
      </object_component>
      <object_component id="oc-155">
         <name>.switch</name>
         <load_address>0x40358</load_address>
         <run_address>0x40358</run_address>
         <size>0xc0</size>
         <input_file_ref idref="fl-1a"/>
      </object_component>
      <object_component id="oc-f9">
         <name>.cinit</name>
         <load_address>0x40240</load_address>
         <run_address>0x40240</run_address>
         <size>0x5a</size>
         <input_file_ref idref="fl-34"/>
      </object_component>
      <object_component id="oc-ce">
         <name>.cinit</name>
         <load_address>0x4029a</load_address>
         <run_address>0x4029a</run_address>
         <size>0x54</size>
         <input_file_ref idref="fl-2a"/>
      </object_component>
      <object_component id="oc-35">
         <name>.cinit</name>
         <load_address>0x402ee</load_address>
         <run_address>0x402ee</run_address>
         <size>0x18</size>
         <input_file_ref idref="fl-8"/>
      </object_component>
      <object_component id="oc-b1">
         <name>.cinit</name>
         <load_address>0x40306</load_address>
         <run_address>0x40306</run_address>
         <size>0x14</size>
         <input_file_ref idref="fl-23"/>
      </object_component>
      <object_component id="oc-96">
         <name>.cinit</name>
         <load_address>0x4031a</load_address>
         <run_address>0x4031a</run_address>
         <size>0x14</size>
         <input_file_ref idref="fl-1d"/>
      </object_component>
      <object_component id="oc-77">
         <name>.cinit</name>
         <load_address>0x4032e</load_address>
         <run_address>0x4032e</run_address>
         <size>0x10</size>
         <input_file_ref idref="fl-17"/>
      </object_component>
      <object_component id="oc-4f">
         <name>.cinit</name>
         <load_address>0x4033e</load_address>
         <run_address>0x4033e</run_address>
         <size>0x8</size>
         <input_file_ref idref="fl-c"/>
      </object_component>
      <object_component id="oc-142">
         <name>.cinit</name>
         <load_address>0x40346</load_address>
         <run_address>0x40346</run_address>
         <size>0x8</size>
         <input_file_ref idref="fl-45"/>
      </object_component>
      <object_component id="oc-148">
         <name>.cinit</name>
         <load_address>0x4034e</load_address>
         <run_address>0x4034e</run_address>
         <size>0x8</size>
         <input_file_ref idref="fl-46"/>
      </object_component>
      <object_component id="oc-11f">
         <name>.cio</name>
         <uninitialized>true</uninitialized>
         <run_address>0x40000</run_address>
         <size>0x240</size>
         <input_file_ref idref="fl-3d"/>
      </object_component>
      <object_component id="oc-11">
         <name>vectors</name>
         <load_address>0x4fe00</load_address>
         <run_address>0x4fe00</run_address>
         <size>0x100</size>
         <input_file_ref idref="fl-22"/>
      </object_component>
      <object_component id="oc-13">
         <name>.debug_info</name>
         <load_address>0x0</load_address>
         <run_address>0x0</run_address>
         <size>0xc91</size>
         <input_file_ref idref="fl-2"/>
      </object_component>
      <object_component id="oc-19">
         <name>.debug_info</name>
         <load_address>0xc91</load_address>
         <run_address>0xc91</run_address>
         <size>0x14b4</size>
         <input_file_ref idref="fl-3"/>
      </object_component>
      <object_component id="oc-1e">
         <name>.debug_info</name>
         <load_address>0x2145</load_address>
         <run_address>0x2145</run_address>
         <size>0xa2e</size>
         <input_file_ref idref="fl-4"/>
      </object_component>
      <object_component id="oc-24">
         <name>.debug_info</name>
         <load_address>0x2b73</load_address>
         <run_address>0x2b73</run_address>
         <size>0x1523</size>
         <input_file_ref idref="fl-5"/>
      </object_component>
      <object_component id="oc-29">
         <name>.debug_info</name>
         <load_address>0x4096</load_address>
         <run_address>0x4096</run_address>
         <size>0xd77</size>
         <input_file_ref idref="fl-6"/>
      </object_component>
      <object_component id="oc-2e">
         <name>.debug_info</name>
         <load_address>0x4e0d</load_address>
         <run_address>0x4e0d</run_address>
         <size>0x103d</size>
         <input_file_ref idref="fl-7"/>
      </object_component>
      <object_component id="oc-34">
         <name>.debug_info</name>
         <load_address>0x5e4a</load_address>
         <run_address>0x5e4a</run_address>
         <size>0x149a</size>
         <input_file_ref idref="fl-8"/>
      </object_component>
      <object_component id="oc-3b">
         <name>.debug_info</name>
         <load_address>0x72e4</load_address>
         <run_address>0x72e4</run_address>
         <size>0x31af</size>
         <input_file_ref idref="fl-9"/>
      </object_component>
      <object_component id="oc-42">
         <name>.debug_info</name>
         <load_address>0xa493</load_address>
         <run_address>0xa493</run_address>
         <size>0x1f38</size>
         <input_file_ref idref="fl-a"/>
      </object_component>
      <object_component id="oc-48">
         <name>.debug_info</name>
         <load_address>0xc3cb</load_address>
         <run_address>0xc3cb</run_address>
         <size>0x11dc</size>
         <input_file_ref idref="fl-b"/>
      </object_component>
      <object_component id="oc-4e">
         <name>.debug_info</name>
         <load_address>0xd5a7</load_address>
         <run_address>0xd5a7</run_address>
         <size>0x625</size>
         <input_file_ref idref="fl-c"/>
      </object_component>
      <object_component id="oc-55">
         <name>.debug_info</name>
         <load_address>0xdbcc</load_address>
         <run_address>0xdbcc</run_address>
         <size>0x10dc</size>
         <input_file_ref idref="fl-d"/>
      </object_component>
      <object_component id="oc-5a">
         <name>.debug_info</name>
         <load_address>0xeca8</load_address>
         <run_address>0xeca8</run_address>
         <size>0x87cd</size>
         <input_file_ref idref="fl-12"/>
      </object_component>
      <object_component id="oc-60">
         <name>.debug_info</name>
         <load_address>0x17475</load_address>
         <run_address>0x17475</run_address>
         <size>0x7178</size>
         <input_file_ref idref="fl-13"/>
      </object_component>
      <object_component id="oc-65">
         <name>.debug_info</name>
         <load_address>0x1e5ed</load_address>
         <run_address>0x1e5ed</run_address>
         <size>0x6ebb</size>
         <input_file_ref idref="fl-14"/>
      </object_component>
      <object_component id="oc-6a">
         <name>.debug_info</name>
         <load_address>0x254a8</load_address>
         <run_address>0x254a8</run_address>
         <size>0xfb17</size>
         <input_file_ref idref="fl-15"/>
      </object_component>
      <object_component id="oc-70">
         <name>.debug_info</name>
         <load_address>0x34fbf</load_address>
         <run_address>0x34fbf</run_address>
         <size>0x6f61</size>
         <input_file_ref idref="fl-16"/>
      </object_component>
      <object_component id="oc-76">
         <name>.debug_info</name>
         <load_address>0x3bf20</load_address>
         <run_address>0x3bf20</run_address>
         <size>0x710f</size>
         <input_file_ref idref="fl-17"/>
      </object_component>
      <object_component id="oc-7d">
         <name>.debug_info</name>
         <load_address>0x4302f</load_address>
         <run_address>0x4302f</run_address>
         <size>0x7424</size>
         <input_file_ref idref="fl-18"/>
      </object_component>
      <object_component id="oc-82">
         <name>.debug_info</name>
         <load_address>0x4a453</load_address>
         <run_address>0x4a453</run_address>
         <size>0x6ced</size>
         <input_file_ref idref="fl-19"/>
      </object_component>
      <object_component id="oc-87">
         <name>.debug_info</name>
         <load_address>0x51140</load_address>
         <run_address>0x51140</run_address>
         <size>0x744a</size>
         <input_file_ref idref="fl-1a"/>
      </object_component>
      <object_component id="oc-8c">
         <name>.debug_info</name>
         <load_address>0x5858a</load_address>
         <run_address>0x5858a</run_address>
         <size>0xe8</size>
         <input_file_ref idref="fl-1b"/>
      </object_component>
      <object_component id="oc-90">
         <name>.debug_info</name>
         <load_address>0x58672</load_address>
         <run_address>0x58672</run_address>
         <size>0x534</size>
         <input_file_ref idref="fl-1c"/>
      </object_component>
      <object_component id="oc-95">
         <name>.debug_info</name>
         <load_address>0x58ba6</load_address>
         <run_address>0x58ba6</run_address>
         <size>0x5fb</size>
         <input_file_ref idref="fl-1d"/>
      </object_component>
      <object_component id="oc-9b">
         <name>.debug_info</name>
         <load_address>0x591a1</load_address>
         <run_address>0x591a1</run_address>
         <size>0xbd</size>
         <input_file_ref idref="fl-1e"/>
      </object_component>
      <object_component id="oc-9f">
         <name>.debug_info</name>
         <load_address>0x5925e</load_address>
         <run_address>0x5925e</run_address>
         <size>0x76c</size>
         <input_file_ref idref="fl-1f"/>
      </object_component>
      <object_component id="oc-a3">
         <name>.debug_info</name>
         <load_address>0x599ca</load_address>
         <run_address>0x599ca</run_address>
         <size>0x534</size>
         <input_file_ref idref="fl-20"/>
      </object_component>
      <object_component id="oc-a7">
         <name>.debug_info</name>
         <load_address>0x59efe</load_address>
         <run_address>0x59efe</run_address>
         <size>0xef</size>
         <input_file_ref idref="fl-21"/>
      </object_component>
      <object_component id="oc-ab">
         <name>.debug_info</name>
         <load_address>0x59fed</load_address>
         <run_address>0x59fed</run_address>
         <size>0xbc</size>
         <input_file_ref idref="fl-22"/>
      </object_component>
      <object_component id="oc-b0">
         <name>.debug_info</name>
         <load_address>0x5a0a9</load_address>
         <run_address>0x5a0a9</run_address>
         <size>0x5bc</size>
         <input_file_ref idref="fl-23"/>
      </object_component>
      <object_component id="oc-b5">
         <name>.debug_info</name>
         <load_address>0x5a665</load_address>
         <run_address>0x5a665</run_address>
         <size>0x27bd</size>
         <input_file_ref idref="fl-24"/>
      </object_component>
      <object_component id="oc-bb">
         <name>.debug_info</name>
         <load_address>0x5ce22</load_address>
         <run_address>0x5ce22</run_address>
         <size>0x586</size>
         <input_file_ref idref="fl-25"/>
      </object_component>
      <object_component id="oc-bf">
         <name>.debug_info</name>
         <load_address>0x5d3a8</load_address>
         <run_address>0x5d3a8</run_address>
         <size>0x5a4</size>
         <input_file_ref idref="fl-26"/>
      </object_component>
      <object_component id="oc-c3">
         <name>.debug_info</name>
         <load_address>0x5d94c</load_address>
         <run_address>0x5d94c</run_address>
         <size>0xcd</size>
         <input_file_ref idref="fl-27"/>
      </object_component>
      <object_component id="oc-c7">
         <name>.debug_info</name>
         <load_address>0x5da19</load_address>
         <run_address>0x5da19</run_address>
         <size>0x81f</size>
         <input_file_ref idref="fl-28"/>
      </object_component>
      <object_component id="oc-ca">
         <name>.debug_info</name>
         <load_address>0x5e238</load_address>
         <run_address>0x5e238</run_address>
         <size>0x498</size>
         <input_file_ref idref="fl-29"/>
      </object_component>
      <object_component id="oc-cd">
         <name>.debug_info</name>
         <load_address>0x5e6d0</load_address>
         <run_address>0x5e6d0</run_address>
         <size>0x57e</size>
         <input_file_ref idref="fl-2a"/>
      </object_component>
      <object_component id="oc-d1">
         <name>.debug_info</name>
         <load_address>0x5ec4e</load_address>
         <run_address>0x5ec4e</run_address>
         <size>0x7e8</size>
         <input_file_ref idref="fl-2b"/>
      </object_component>
      <object_component id="oc-d5">
         <name>.debug_info</name>
         <load_address>0x5f436</load_address>
         <run_address>0x5f436</run_address>
         <size>0x4cf</size>
         <input_file_ref idref="fl-2c"/>
      </object_component>
      <object_component id="oc-d9">
         <name>.debug_info</name>
         <load_address>0x5f905</load_address>
         <run_address>0x5f905</run_address>
         <size>0x534</size>
         <input_file_ref idref="fl-2d"/>
      </object_component>
      <object_component id="oc-dd">
         <name>.debug_info</name>
         <load_address>0x5fe39</load_address>
         <run_address>0x5fe39</run_address>
         <size>0x549</size>
         <input_file_ref idref="fl-2e"/>
      </object_component>
      <object_component id="oc-e2">
         <name>.debug_info</name>
         <load_address>0x60382</load_address>
         <run_address>0x60382</run_address>
         <size>0x6aa</size>
         <input_file_ref idref="fl-2f"/>
      </object_component>
      <object_component id="oc-e6">
         <name>.debug_info</name>
         <load_address>0x60a2c</load_address>
         <run_address>0x60a2c</run_address>
         <size>0x942</size>
         <input_file_ref idref="fl-30"/>
      </object_component>
      <object_component id="oc-eb">
         <name>.debug_info</name>
         <load_address>0x6136e</load_address>
         <run_address>0x6136e</run_address>
         <size>0x53e</size>
         <input_file_ref idref="fl-31"/>
      </object_component>
      <object_component id="oc-ef">
         <name>.debug_info</name>
         <load_address>0x618ac</load_address>
         <run_address>0x618ac</run_address>
         <size>0x680</size>
         <input_file_ref idref="fl-32"/>
      </object_component>
      <object_component id="oc-f3">
         <name>.debug_info</name>
         <load_address>0x61f2c</load_address>
         <run_address>0x61f2c</run_address>
         <size>0x7d4</size>
         <input_file_ref idref="fl-33"/>
      </object_component>
      <object_component id="oc-f8">
         <name>.debug_info</name>
         <load_address>0x62700</load_address>
         <run_address>0x62700</run_address>
         <size>0x144b</size>
         <input_file_ref idref="fl-34"/>
      </object_component>
      <object_component id="oc-fd">
         <name>.debug_info</name>
         <load_address>0x63b4b</load_address>
         <run_address>0x63b4b</run_address>
         <size>0x5ad</size>
         <input_file_ref idref="fl-35"/>
      </object_component>
      <object_component id="oc-101">
         <name>.debug_info</name>
         <load_address>0x640f8</load_address>
         <run_address>0x640f8</run_address>
         <size>0x574</size>
         <input_file_ref idref="fl-36"/>
      </object_component>
      <object_component id="oc-105">
         <name>.debug_info</name>
         <load_address>0x6466c</load_address>
         <run_address>0x6466c</run_address>
         <size>0xd1</size>
         <input_file_ref idref="fl-37"/>
      </object_component>
      <object_component id="oc-109">
         <name>.debug_info</name>
         <load_address>0x6473d</load_address>
         <run_address>0x6473d</run_address>
         <size>0x55b</size>
         <input_file_ref idref="fl-38"/>
      </object_component>
      <object_component id="oc-10d">
         <name>.debug_info</name>
         <load_address>0x64c98</load_address>
         <run_address>0x64c98</run_address>
         <size>0x4b7</size>
         <input_file_ref idref="fl-39"/>
      </object_component>
      <object_component id="oc-111">
         <name>.debug_info</name>
         <load_address>0x6514f</load_address>
         <run_address>0x6514f</run_address>
         <size>0x4f2</size>
         <input_file_ref idref="fl-3a"/>
      </object_component>
      <object_component id="oc-115">
         <name>.debug_info</name>
         <load_address>0x65641</load_address>
         <run_address>0x65641</run_address>
         <size>0x4de</size>
         <input_file_ref idref="fl-3b"/>
      </object_component>
      <object_component id="oc-11a">
         <name>.debug_info</name>
         <load_address>0x65b1f</load_address>
         <run_address>0x65b1f</run_address>
         <size>0xed4</size>
         <input_file_ref idref="fl-3c"/>
      </object_component>
      <object_component id="oc-11e">
         <name>.debug_info</name>
         <load_address>0x669f3</load_address>
         <run_address>0x669f3</run_address>
         <size>0x744</size>
         <input_file_ref idref="fl-3d"/>
      </object_component>
      <object_component id="oc-124">
         <name>.debug_info</name>
         <load_address>0x67137</load_address>
         <run_address>0x67137</run_address>
         <size>0x662</size>
         <input_file_ref idref="fl-3e"/>
      </object_component>
      <object_component id="oc-128">
         <name>.debug_info</name>
         <load_address>0x67799</load_address>
         <run_address>0x67799</run_address>
         <size>0x5ab</size>
         <input_file_ref idref="fl-3f"/>
      </object_component>
      <object_component id="oc-12c">
         <name>.debug_info</name>
         <load_address>0x67d44</load_address>
         <run_address>0x67d44</run_address>
         <size>0x4f2</size>
         <input_file_ref idref="fl-40"/>
      </object_component>
      <object_component id="oc-130">
         <name>.debug_info</name>
         <load_address>0x68236</load_address>
         <run_address>0x68236</run_address>
         <size>0x706</size>
         <input_file_ref idref="fl-41"/>
      </object_component>
      <object_component id="oc-134">
         <name>.debug_info</name>
         <load_address>0x6893c</load_address>
         <run_address>0x6893c</run_address>
         <size>0x4d2</size>
         <input_file_ref idref="fl-42"/>
      </object_component>
      <object_component id="oc-138">
         <name>.debug_info</name>
         <load_address>0x68e0e</load_address>
         <run_address>0x68e0e</run_address>
         <size>0x5f7</size>
         <input_file_ref idref="fl-43"/>
      </object_component>
      <object_component id="oc-13c">
         <name>.debug_info</name>
         <load_address>0x69405</load_address>
         <run_address>0x69405</run_address>
         <size>0x64a</size>
         <input_file_ref idref="fl-44"/>
      </object_component>
      <object_component id="oc-141">
         <name>.debug_info</name>
         <load_address>0x69a4f</load_address>
         <run_address>0x69a4f</run_address>
         <size>0xa1c</size>
         <input_file_ref idref="fl-45"/>
      </object_component>
      <object_component id="oc-147">
         <name>.debug_info</name>
         <load_address>0x6a46b</load_address>
         <run_address>0x6a46b</run_address>
         <size>0xb97</size>
         <input_file_ref idref="fl-46"/>
      </object_component>
      <object_component id="oc-14d">
         <name>.debug_info</name>
         <load_address>0x6b002</load_address>
         <run_address>0x6b002</run_address>
         <size>0x64f</size>
         <input_file_ref idref="fl-47"/>
      </object_component>
      <object_component id="oc-151">
         <name>.debug_info</name>
         <load_address>0x6b651</load_address>
         <run_address>0x6b651</run_address>
         <size>0x510</size>
         <input_file_ref idref="fl-48"/>
      </object_component>
      <object_component id="oc-17a">
         <name>.debug_info</name>
         <load_address>0x6bb61</load_address>
         <run_address>0x6bb61</run_address>
         <size>0x6e</size>
      </object_component>
      <object_component id="oc-14">
         <name>.debug_frame</name>
         <load_address>0x0</load_address>
         <run_address>0x0</run_address>
         <size>0x116</size>
         <input_file_ref idref="fl-2"/>
      </object_component>
      <object_component id="oc-1a">
         <name>.debug_frame</name>
         <load_address>0x116</load_address>
         <run_address>0x116</run_address>
         <size>0x138</size>
         <input_file_ref idref="fl-3"/>
      </object_component>
      <object_component id="oc-1f">
         <name>.debug_frame</name>
         <load_address>0x24e</load_address>
         <run_address>0x24e</run_address>
         <size>0x138</size>
         <input_file_ref idref="fl-4"/>
      </object_component>
      <object_component id="oc-25">
         <name>.debug_frame</name>
         <load_address>0x386</load_address>
         <run_address>0x386</run_address>
         <size>0x171</size>
         <input_file_ref idref="fl-5"/>
      </object_component>
      <object_component id="oc-2a">
         <name>.debug_frame</name>
         <load_address>0x4f7</load_address>
         <run_address>0x4f7</run_address>
         <size>0x13a</size>
         <input_file_ref idref="fl-6"/>
      </object_component>
      <object_component id="oc-2f">
         <name>.debug_frame</name>
         <load_address>0x631</load_address>
         <run_address>0x631</run_address>
         <size>0x1e3</size>
         <input_file_ref idref="fl-7"/>
      </object_component>
      <object_component id="oc-36">
         <name>.debug_frame</name>
         <load_address>0x814</load_address>
         <run_address>0x814</run_address>
         <size>0x102</size>
         <input_file_ref idref="fl-8"/>
      </object_component>
      <object_component id="oc-3d">
         <name>.debug_frame</name>
         <load_address>0x916</load_address>
         <run_address>0x916</run_address>
         <size>0x13b</size>
         <input_file_ref idref="fl-9"/>
      </object_component>
      <object_component id="oc-43">
         <name>.debug_frame</name>
         <load_address>0xa51</load_address>
         <run_address>0xa51</run_address>
         <size>0x15a</size>
         <input_file_ref idref="fl-a"/>
      </object_component>
      <object_component id="oc-49">
         <name>.debug_frame</name>
         <load_address>0xbab</load_address>
         <run_address>0xbab</run_address>
         <size>0x11d</size>
         <input_file_ref idref="fl-b"/>
      </object_component>
      <object_component id="oc-51">
         <name>.debug_frame</name>
         <load_address>0xcc8</load_address>
         <run_address>0xcc8</run_address>
         <size>0xfb</size>
         <input_file_ref idref="fl-c"/>
      </object_component>
      <object_component id="oc-56">
         <name>.debug_frame</name>
         <load_address>0xdc3</load_address>
         <run_address>0xdc3</run_address>
         <size>0xe6</size>
         <input_file_ref idref="fl-d"/>
      </object_component>
      <object_component id="oc-5b">
         <name>.debug_frame</name>
         <load_address>0xea9</load_address>
         <run_address>0xea9</run_address>
         <size>0x30e</size>
         <input_file_ref idref="fl-12"/>
      </object_component>
      <object_component id="oc-61">
         <name>.debug_frame</name>
         <load_address>0x11b7</load_address>
         <run_address>0x11b7</run_address>
         <size>0x1ae</size>
         <input_file_ref idref="fl-13"/>
      </object_component>
      <object_component id="oc-66">
         <name>.debug_frame</name>
         <load_address>0x1365</load_address>
         <run_address>0x1365</run_address>
         <size>0x272</size>
         <input_file_ref idref="fl-14"/>
      </object_component>
      <object_component id="oc-6b">
         <name>.debug_frame</name>
         <load_address>0x15d7</load_address>
         <run_address>0x15d7</run_address>
         <size>0x5d4</size>
         <input_file_ref idref="fl-15"/>
      </object_component>
      <object_component id="oc-71">
         <name>.debug_frame</name>
         <load_address>0x1bab</load_address>
         <run_address>0x1bab</run_address>
         <size>0x2a1</size>
         <input_file_ref idref="fl-16"/>
      </object_component>
      <object_component id="oc-78">
         <name>.debug_frame</name>
         <load_address>0x1e4c</load_address>
         <run_address>0x1e4c</run_address>
         <size>0x197</size>
         <input_file_ref idref="fl-17"/>
      </object_component>
      <object_component id="oc-7e">
         <name>.debug_frame</name>
         <load_address>0x1fe3</load_address>
         <run_address>0x1fe3</run_address>
         <size>0x1ef</size>
         <input_file_ref idref="fl-18"/>
      </object_component>
      <object_component id="oc-83">
         <name>.debug_frame</name>
         <load_address>0x21d2</load_address>
         <run_address>0x21d2</run_address>
         <size>0x224</size>
         <input_file_ref idref="fl-19"/>
      </object_component>
      <object_component id="oc-88">
         <name>.debug_frame</name>
         <load_address>0x23f6</load_address>
         <run_address>0x23f6</run_address>
         <size>0x1e7</size>
         <input_file_ref idref="fl-1a"/>
      </object_component>
      <object_component id="oc-15">
         <name>.debug_line</name>
         <load_address>0x0</load_address>
         <run_address>0x0</run_address>
         <size>0x81</size>
         <input_file_ref idref="fl-2"/>
      </object_component>
      <object_component id="oc-1b">
         <name>.debug_line</name>
         <load_address>0x81</load_address>
         <run_address>0x81</run_address>
         <size>0x9f</size>
         <input_file_ref idref="fl-3"/>
      </object_component>
      <object_component id="oc-20">
         <name>.debug_line</name>
         <load_address>0x120</load_address>
         <run_address>0x120</run_address>
         <size>0xa6</size>
         <input_file_ref idref="fl-4"/>
      </object_component>
      <object_component id="oc-26">
         <name>.debug_line</name>
         <load_address>0x1c6</load_address>
         <run_address>0x1c6</run_address>
         <size>0xe5</size>
         <input_file_ref idref="fl-5"/>
      </object_component>
      <object_component id="oc-2b">
         <name>.debug_line</name>
         <load_address>0x2ab</load_address>
         <run_address>0x2ab</run_address>
         <size>0xd5</size>
         <input_file_ref idref="fl-6"/>
      </object_component>
      <object_component id="oc-30">
         <name>.debug_line</name>
         <load_address>0x380</load_address>
         <run_address>0x380</run_address>
         <size>0x18e</size>
         <input_file_ref idref="fl-7"/>
      </object_component>
      <object_component id="oc-37">
         <name>.debug_line</name>
         <load_address>0x50e</load_address>
         <run_address>0x50e</run_address>
         <size>0xbf</size>
         <input_file_ref idref="fl-8"/>
      </object_component>
      <object_component id="oc-3e">
         <name>.debug_line</name>
         <load_address>0x5cd</load_address>
         <run_address>0x5cd</run_address>
         <size>0x172</size>
         <input_file_ref idref="fl-9"/>
      </object_component>
      <object_component id="oc-44">
         <name>.debug_line</name>
         <load_address>0x73f</load_address>
         <run_address>0x73f</run_address>
         <size>0x1cf</size>
         <input_file_ref idref="fl-a"/>
      </object_component>
      <object_component id="oc-4a">
         <name>.debug_line</name>
         <load_address>0x90e</load_address>
         <run_address>0x90e</run_address>
         <size>0x8f</size>
         <input_file_ref idref="fl-b"/>
      </object_component>
      <object_component id="oc-52">
         <name>.debug_line</name>
         <load_address>0x99d</load_address>
         <run_address>0x99d</run_address>
         <size>0x67</size>
         <input_file_ref idref="fl-c"/>
      </object_component>
      <object_component id="oc-57">
         <name>.debug_line</name>
         <load_address>0xa04</load_address>
         <run_address>0xa04</run_address>
         <size>0x105</size>
         <input_file_ref idref="fl-d"/>
      </object_component>
      <object_component id="oc-5c">
         <name>.debug_line</name>
         <load_address>0xb09</load_address>
         <run_address>0xb09</run_address>
         <size>0xd5e</size>
         <input_file_ref idref="fl-12"/>
      </object_component>
      <object_component id="oc-62">
         <name>.debug_line</name>
         <load_address>0x1867</load_address>
         <run_address>0x1867</run_address>
         <size>0x84e</size>
         <input_file_ref idref="fl-13"/>
      </object_component>
      <object_component id="oc-67">
         <name>.debug_line</name>
         <load_address>0x20b5</load_address>
         <run_address>0x20b5</run_address>
         <size>0x94b</size>
         <input_file_ref idref="fl-14"/>
      </object_component>
      <object_component id="oc-6c">
         <name>.debug_line</name>
         <load_address>0x2a00</load_address>
         <run_address>0x2a00</run_address>
         <size>0x208a</size>
         <input_file_ref idref="fl-15"/>
      </object_component>
      <object_component id="oc-72">
         <name>.debug_line</name>
         <load_address>0x4a8a</load_address>
         <run_address>0x4a8a</run_address>
         <size>0x83c</size>
         <input_file_ref idref="fl-16"/>
      </object_component>
      <object_component id="oc-79">
         <name>.debug_line</name>
         <load_address>0x52c6</load_address>
         <run_address>0x52c6</run_address>
         <size>0x94c</size>
         <input_file_ref idref="fl-17"/>
      </object_component>
      <object_component id="oc-7f">
         <name>.debug_line</name>
         <load_address>0x5c12</load_address>
         <run_address>0x5c12</run_address>
         <size>0x96d</size>
         <input_file_ref idref="fl-18"/>
      </object_component>
      <object_component id="oc-84">
         <name>.debug_line</name>
         <load_address>0x657f</load_address>
         <run_address>0x657f</run_address>
         <size>0x7c8</size>
         <input_file_ref idref="fl-19"/>
      </object_component>
      <object_component id="oc-89">
         <name>.debug_line</name>
         <load_address>0x6d47</load_address>
         <run_address>0x6d47</run_address>
         <size>0xfd6</size>
         <input_file_ref idref="fl-1a"/>
      </object_component>
      <object_component id="oc-8d">
         <name>.debug_line</name>
         <load_address>0x7d1d</load_address>
         <run_address>0x7d1d</run_address>
         <size>0x54</size>
         <input_file_ref idref="fl-1b"/>
      </object_component>
      <object_component id="oc-91">
         <name>.debug_line</name>
         <load_address>0x7d71</load_address>
         <run_address>0x7d71</run_address>
         <size>0x44</size>
         <input_file_ref idref="fl-1c"/>
      </object_component>
      <object_component id="oc-98">
         <name>.debug_line</name>
         <load_address>0x7db5</load_address>
         <run_address>0x7db5</run_address>
         <size>0x51</size>
         <input_file_ref idref="fl-1d"/>
      </object_component>
      <object_component id="oc-9c">
         <name>.debug_line</name>
         <load_address>0x7e06</load_address>
         <run_address>0x7e06</run_address>
         <size>0x3c</size>
         <input_file_ref idref="fl-1e"/>
      </object_component>
      <object_component id="oc-a0">
         <name>.debug_line</name>
         <load_address>0x7e42</load_address>
         <run_address>0x7e42</run_address>
         <size>0x69</size>
         <input_file_ref idref="fl-1f"/>
      </object_component>
      <object_component id="oc-a4">
         <name>.debug_line</name>
         <load_address>0x7eab</load_address>
         <run_address>0x7eab</run_address>
         <size>0x44</size>
         <input_file_ref idref="fl-20"/>
      </object_component>
      <object_component id="oc-a8">
         <name>.debug_line</name>
         <load_address>0x7eef</load_address>
         <run_address>0x7eef</run_address>
         <size>0x58</size>
         <input_file_ref idref="fl-21"/>
      </object_component>
      <object_component id="oc-ac">
         <name>.debug_line</name>
         <load_address>0x7f47</load_address>
         <run_address>0x7f47</run_address>
         <size>0x37</size>
         <input_file_ref idref="fl-22"/>
      </object_component>
      <object_component id="oc-b2">
         <name>.debug_line</name>
         <load_address>0x7f7e</load_address>
         <run_address>0x7f7e</run_address>
         <size>0x57</size>
         <input_file_ref idref="fl-23"/>
      </object_component>
      <object_component id="oc-b8">
         <name>.debug_line</name>
         <load_address>0x7fd5</load_address>
         <run_address>0x7fd5</run_address>
         <size>0x328</size>
         <input_file_ref idref="fl-24"/>
      </object_component>
      <object_component id="oc-bc">
         <name>.debug_line</name>
         <load_address>0x82fd</load_address>
         <run_address>0x82fd</run_address>
         <size>0x41</size>
         <input_file_ref idref="fl-25"/>
      </object_component>
      <object_component id="oc-c0">
         <name>.debug_line</name>
         <load_address>0x833e</load_address>
         <run_address>0x833e</run_address>
         <size>0x46</size>
         <input_file_ref idref="fl-26"/>
      </object_component>
      <object_component id="oc-c4">
         <name>.debug_line</name>
         <load_address>0x8384</load_address>
         <run_address>0x8384</run_address>
         <size>0x55</size>
         <input_file_ref idref="fl-27"/>
      </object_component>
      <object_component id="oc-c8">
         <name>.debug_line</name>
         <load_address>0x83d9</load_address>
         <run_address>0x83d9</run_address>
         <size>0xad</size>
         <input_file_ref idref="fl-28"/>
      </object_component>
      <object_component id="oc-d2">
         <name>.debug_line</name>
         <load_address>0x8486</load_address>
         <run_address>0x8486</run_address>
         <size>0x5b</size>
         <input_file_ref idref="fl-2b"/>
      </object_component>
      <object_component id="oc-d6">
         <name>.debug_line</name>
         <load_address>0x84e1</load_address>
         <run_address>0x84e1</run_address>
         <size>0x3d</size>
         <input_file_ref idref="fl-2c"/>
      </object_component>
      <object_component id="oc-da">
         <name>.debug_line</name>
         <load_address>0x851e</load_address>
         <run_address>0x851e</run_address>
         <size>0x3d</size>
         <input_file_ref idref="fl-2d"/>
      </object_component>
      <object_component id="oc-df">
         <name>.debug_line</name>
         <load_address>0x855b</load_address>
         <run_address>0x855b</run_address>
         <size>0x44</size>
         <input_file_ref idref="fl-2e"/>
      </object_component>
      <object_component id="oc-e3">
         <name>.debug_line</name>
         <load_address>0x859f</load_address>
         <run_address>0x859f</run_address>
         <size>0x56</size>
         <input_file_ref idref="fl-2f"/>
      </object_component>
      <object_component id="oc-e8">
         <name>.debug_line</name>
         <load_address>0x85f5</load_address>
         <run_address>0x85f5</run_address>
         <size>0xa8</size>
         <input_file_ref idref="fl-30"/>
      </object_component>
      <object_component id="oc-ec">
         <name>.debug_line</name>
         <load_address>0x869d</load_address>
         <run_address>0x869d</run_address>
         <size>0x40</size>
         <input_file_ref idref="fl-31"/>
      </object_component>
      <object_component id="oc-f0">
         <name>.debug_line</name>
         <load_address>0x86dd</load_address>
         <run_address>0x86dd</run_address>
         <size>0x38</size>
         <input_file_ref idref="fl-32"/>
      </object_component>
      <object_component id="oc-f4">
         <name>.debug_line</name>
         <load_address>0x8715</load_address>
         <run_address>0x8715</run_address>
         <size>0xa8</size>
         <input_file_ref idref="fl-33"/>
      </object_component>
      <object_component id="oc-fa">
         <name>.debug_line</name>
         <load_address>0x87bd</load_address>
         <run_address>0x87bd</run_address>
         <size>0x1b0</size>
         <input_file_ref idref="fl-34"/>
      </object_component>
      <object_component id="oc-fe">
         <name>.debug_line</name>
         <load_address>0x896d</load_address>
         <run_address>0x896d</run_address>
         <size>0x40</size>
         <input_file_ref idref="fl-35"/>
      </object_component>
      <object_component id="oc-102">
         <name>.debug_line</name>
         <load_address>0x89ad</load_address>
         <run_address>0x89ad</run_address>
         <size>0x3c</size>
         <input_file_ref idref="fl-36"/>
      </object_component>
      <object_component id="oc-106">
         <name>.debug_line</name>
         <load_address>0x89e9</load_address>
         <run_address>0x89e9</run_address>
         <size>0x4d</size>
         <input_file_ref idref="fl-37"/>
      </object_component>
      <object_component id="oc-10a">
         <name>.debug_line</name>
         <load_address>0x8a36</load_address>
         <run_address>0x8a36</run_address>
         <size>0x3c</size>
         <input_file_ref idref="fl-38"/>
      </object_component>
      <object_component id="oc-10e">
         <name>.debug_line</name>
         <load_address>0x8a72</load_address>
         <run_address>0x8a72</run_address>
         <size>0x37</size>
         <input_file_ref idref="fl-39"/>
      </object_component>
      <object_component id="oc-112">
         <name>.debug_line</name>
         <load_address>0x8aa9</load_address>
         <run_address>0x8aa9</run_address>
         <size>0x3c</size>
         <input_file_ref idref="fl-3a"/>
      </object_component>
      <object_component id="oc-116">
         <name>.debug_line</name>
         <load_address>0x8ae5</load_address>
         <run_address>0x8ae5</run_address>
         <size>0x37</size>
         <input_file_ref idref="fl-3b"/>
      </object_component>
      <object_component id="oc-11b">
         <name>.debug_line</name>
         <load_address>0x8b1c</load_address>
         <run_address>0x8b1c</run_address>
         <size>0x15d</size>
         <input_file_ref idref="fl-3c"/>
      </object_component>
      <object_component id="oc-121">
         <name>.debug_line</name>
         <load_address>0x8c79</load_address>
         <run_address>0x8c79</run_address>
         <size>0x6a</size>
         <input_file_ref idref="fl-3d"/>
      </object_component>
      <object_component id="oc-125">
         <name>.debug_line</name>
         <load_address>0x8ce3</load_address>
         <run_address>0x8ce3</run_address>
         <size>0x57</size>
         <input_file_ref idref="fl-3e"/>
      </object_component>
      <object_component id="oc-129">
         <name>.debug_line</name>
         <load_address>0x8d3a</load_address>
         <run_address>0x8d3a</run_address>
         <size>0x5c</size>
         <input_file_ref idref="fl-3f"/>
      </object_component>
      <object_component id="oc-12d">
         <name>.debug_line</name>
         <load_address>0x8d96</load_address>
         <run_address>0x8d96</run_address>
         <size>0x3c</size>
         <input_file_ref idref="fl-40"/>
      </object_component>
      <object_component id="oc-131">
         <name>.debug_line</name>
         <load_address>0x8dd2</load_address>
         <run_address>0x8dd2</run_address>
         <size>0x5b</size>
         <input_file_ref idref="fl-41"/>
      </object_component>
      <object_component id="oc-135">
         <name>.debug_line</name>
         <load_address>0x8e2d</load_address>
         <run_address>0x8e2d</run_address>
         <size>0x3a</size>
         <input_file_ref idref="fl-42"/>
      </object_component>
      <object_component id="oc-139">
         <name>.debug_line</name>
         <load_address>0x8e67</load_address>
         <run_address>0x8e67</run_address>
         <size>0x3c</size>
         <input_file_ref idref="fl-43"/>
      </object_component>
      <object_component id="oc-13d">
         <name>.debug_line</name>
         <load_address>0x8ea3</load_address>
[...]
      <symbol id="sm-94c">
         <name>_GPIO_read</name>
         <value>0x2a601</value>
         <object_component_ref idref="oc-81"/>
      </symbol>
      <symbol id="sm-94d">
         <name>_GPIO_close</name>
         <value>0x2a4d0</value>
         <object_component_ref idref="oc-81"/>
      </symbol>
      <symbol id="sm-94e">
         <name>_GPIO_enableInt</name>
         <value>0x2a8ed</value>
         <object_component_ref idref="oc-81"/>
      </symbol>
      <symbol id="sm-94f">
         <name>_GPIO_clearInt</name>
         <value>0x2a977</value>
         <object_component_ref idref="oc-81"/>
      </symbol>
      <symbol id="sm-950">
         <name>_GPIO_statusBit</name>
         <value>0x2aa03</value>
         <object_component_ref idref="oc-81"/>
      </symbol>
      <symbol id="sm-951">
         <name>_GPIO_configBit</name>
         <value>0x2a727</value>
         <object_component_ref idref="oc-81"/>
      </symbol>
      <symbol id="sm-952">
         <name>_GPIO_reset</name>
         <value>0x2aa8a</value>
         <object_component_ref idref="oc-81"/>
      </symbol>
      <symbol id="sm-953">
         <name>_GPIO_getConfig</name>
         <value>0x2a579</value>
         <object_component_ref idref="oc-81"/>
      </symbol>
      <symbol id="sm-954">
         <name>_GPIO_disableInt</name>
         <value>0x2a86f</value>
         <object_component_ref idref="oc-81"/>
      </symbol>
      <symbol id="sm-955">
         <name>_GPIO_config</name>
         <value>0x2a4f4</value>
         <object_component_ref idref="oc-81"/>
      </symbol>
      <symbol id="sm-956">
         <name>_GPIO_open</name>
         <value>0x2a48c</value>
         <object_component_ref idref="oc-81"/>
      </symbol>
      <symbol id="sm-a1a">
         <name>_DMA_open</name>
         <value>0x2443f</value>
         <object_component_ref idref="oc-86"/>
      </symbol>
      <symbol id="sm-a1b">
         <name>_DMA_reset</name>
         <value>0x258a4</value>
         <object_component_ref idref="oc-86"/>
      </symbol>
      <symbol id="sm-a1c">
         <name>_DMA_close</name>
         <value>0x2452b</value>
         <object_component_ref idref="oc-86"/>
      </symbol>
      <symbol id="sm-a1d">
         <name>_DMA_start</name>
         <value>0x25690</value>
         <object_component_ref idref="oc-86"/>
      </symbol>
      <symbol id="sm-a1e">
         <name>_DMA_stop</name>
         <value>0x257a0</value>
         <object_component_ref idref="oc-86"/>
      </symbol>
      <symbol id="sm-a1f">
         <name>_DMA_init</name>
         <value>0x24408</value>
         <object_component_ref idref="oc-86"/>
      </symbol>
      <symbol id="sm-a20">
         <name>_DMA_getLastTransferType</name>
         <value>0x25c14</value>
         <object_component_ref idref="oc-86"/>
      </symbol>
      <symbol id="sm-a21">
         <name>_DMA_config</name>
         <value>0x2454a</value>
         <object_component_ref idref="oc-86"/>
      </symbol>
      <symbol id="sm-a22">
         <name>_DMA_swapWords</name>
         <value>0x25b90</value>
         <object_component_ref idref="oc-86"/>
      </symbol>
      <symbol id="sm-a23">
         <name>_DMA_getConfig</name>
         <value>0x25121</value>
         <object_component_ref idref="oc-86"/>
      </symbol>
      <symbol id="sm-a2f">
         <name>__sysstack</name>
         <value>0x20c0</value>
         <object_component_ref idref="oc-154"/>
      </symbol>
      <symbol id="sm-a30">
         <name>_c_int00</name>
         <value>0x2f4a2</value>
         <object_component_ref idref="oc-10"/>
      </symbol>
      <symbol id="sm-a31">
         <name>__stack</name>
         <value>0xc0</value>
         <object_component_ref idref="oc-8b"/>
      </symbol>
      <symbol id="sm-a3c">
         <name>__divul</name>
         <value>0x2eb4f</value>
         <object_component_ref idref="oc-8f"/>
      </symbol>
      <symbol id="sm-a4c">
         <name>C$$EXIT</name>
         <value>0x2f5bb</value>
         <object_component_ref idref="oc-97"/>
      </symbol>
      <symbol id="sm-a4d">
         <name>_exit</name>
         <value>0x2f464</value>
         <object_component_ref idref="oc-93"/>
      </symbol>
      <symbol id="sm-a4e">
         <name>_abort</name>
         <value>0x2f5ba</value>
         <object_component_ref idref="oc-97"/>
      </symbol>
      <symbol id="sm-a4f">
         <name>__cleanup_ptr</name>
         <value>0x5aa0</value>
         <object_component_ref idref="oc-94"/>
      </symbol>
      <symbol id="sm-a50">
         <name>__dtors_ptr</name>
         <value>0x5aa4</value>
         <object_component_ref idref="oc-94"/>
      </symbol>
      <symbol id="sm-a58">
         <name>__mpyli</name>
         <value>0x2f57b</value>
         <object_component_ref idref="oc-9a"/>
      </symbol>
      <symbol id="sm-a59">
         <name>I$$LMPY</name>
         <value>0x2f57b</value>
         <object_component_ref idref="oc-9a"/>
      </symbol>
      <symbol id="sm-a63">
         <name>_printf</name>
         <value>0x2f2aa</value>
         <object_component_ref idref="oc-9e"/>
      </symbol>
      <symbol id="sm-a6e">
         <name>__remul</name>
         <value>0x2ef85</value>
         <object_component_ref idref="oc-a2"/>
      </symbol>
      <symbol id="sm-a76">
         <name>__remu</name>
         <value>0x2f515</value>
         <object_component_ref idref="oc-a6"/>
      </symbol>
      <symbol id="sm-a77">
         <name>__divu</name>
         <value>0x2f500</value>
         <object_component_ref idref="oc-a6"/>
      </symbol>
      <symbol id="sm-a78">
         <name>I$$UMOD</name>
         <value>0x2f515</value>
         <object_component_ref idref="oc-a6"/>
      </symbol>
      <symbol id="sm-a79">
         <name>I$$UDIV</name>
         <value>0x2f500</value>
         <object_component_ref idref="oc-a6"/>
      </symbol>
      <symbol id="sm-a83">
         <name>_Reset</name>
         <value>0x4fe00</value>
         <object_component_ref idref="oc-11"/>
      </symbol>
      <symbol id="sm-a91">
         <name>__unlock</name>
         <value>0x5a9c</value>
         <object_component_ref idref="oc-af"/>
      </symbol>
      <symbol id="sm-a92">
         <name>__lock</name>
         <value>0x5a98</value>
         <object_component_ref idref="oc-af"/>
      </symbol>
      <symbol id="sm-a93">
         <name>__register_lock</name>
         <value>0x2f596</value>
         <object_component_ref idref="oc-ae"/>
      </symbol>
      <symbol id="sm-a94">
         <name>__nop</name>
         <value>0x2f59e</value>
         <object_component_ref idref="oc-ae"/>
      </symbol>
      <symbol id="sm-a95">
         <name>__register_unlock</name>
         <value>0x2f58e</value>
         <object_component_ref idref="oc-ae"/>
      </symbol>
      <symbol id="sm-aa7">
         <name>__printfi</name>
         <value>0x27022</value>
         <object_component_ref idref="oc-b4"/>
      </symbol>
      <symbol id="sm-ab1">
         <name>__args_main</name>
         <value>0x2f347</value>
         <object_component_ref idref="oc-ba"/>
      </symbol>
      <symbol id="sm-ab2">
         <name>__TI_args_main</name>
         <value>0x1</value>
      </symbol>
      <symbol id="sm-abc">
         <name>_atoi</name>
         <value>0x2f1a5</value>
         <object_component_ref idref="oc-be"/>
      </symbol>
      <symbol id="sm-ac4">
         <name>_auto_init</name>
         <value>0x2f2fa</value>
         <object_component_ref idref="oc-c2"/>
      </symbol>
      <symbol id="sm-ace">
         <name>__eqld</name>
         <value>0x2de35</value>
         <object_component_ref idref="oc-c6"/>
      </symbol>
      <symbol id="sm-acf">
         <name>__cmpd</name>
         <value>0x2de69</value>
         <object_component_ref idref="oc-c6"/>
      </symbol>
      <symbol id="sm-ad0">
         <name>__neqd</name>
         <value>0x2dcd7</value>
         <object_component_ref idref="oc-c6"/>
      </symbol>
      <symbol id="sm-ad1">
         <name>__gtrd</name>
         <value>0x2dda0</value>
         <object_component_ref idref="oc-c6"/>
      </symbol>
      <symbol id="sm-ad2">
         <name>__geqd</name>
         <value>0x2ddeb</value>
         <object_component_ref idref="oc-c6"/>
      </symbol>
      <symbol id="sm-ad3">
         <name>__leqd</name>
         <value>0x2dd53</value>
         <object_component_ref idref="oc-c6"/>
      </symbol>
      <symbol id="sm-ad4">
         <name>__lssd</name>
         <value>0x2dd0b</value>
         <object_component_ref idref="oc-c6"/>
      </symbol>
      <symbol id="sm-adc">
         <name>__ctypes_</name>
         <value>0x6140</value>
         <object_component_ref idref="oc-156"/>
      </symbol>
      <symbol id="sm-ae6">
         <name>__tmpnams</name>
         <value>0x51b0</value>
         <object_component_ref idref="oc-cc"/>
      </symbol>
      <symbol id="sm-ae7">
         <name>__ft_end</name>
         <value>0x52f0</value>
         <object_component_ref idref="oc-cc"/>
      </symbol>
      <symbol id="sm-ae8">
         <name>__ftable</name>
         <value>0x50c0</value>
         <object_component_ref idref="oc-cc"/>
      </symbol>
      <symbol id="sm-af4">
         <name>__divd</name>
         <value>0x2ce17</value>
         <object_component_ref idref="oc-d0"/>
      </symbol>
      <symbol id="sm-afe">
         <name>__fixdi</name>
         <value>0x2f4d6</value>
         <object_component_ref idref="oc-d4"/>
      </symbol>
      <symbol id="sm-b08">
         <name>__fixdli</name>
         <value>0x2eff7</value>
         <object_component_ref idref="oc-d8"/>
      </symbol>
      <symbol id="sm-b14">
         <name>__fltlid</name>
         <value>0x2f13e</value>
         <object_component_ref idref="oc-dc"/>
      </symbol>
      <symbol id="sm-b1e">
         <name>_putchar</name>
         <value>0x2eb40</value>
         <object_component_ref idref="oc-e1"/>
      </symbol>
      <symbol id="sm-b1f">
         <name>_putc</name>
         <value>0x2eaa9</value>
         <object_component_ref idref="oc-e1"/>
      </symbol>
      <symbol id="sm-b20">
         <name>_fputc</name>
         <value>0x2eaa9</value>
         <object_component_ref idref="oc-e1"/>
      </symbol>
      <symbol id="sm-b2e">
         <name>_puts</name>
         <value>0x2e4e9</value>
         <object_component_ref idref="oc-e5"/>
      </symbol>
      <symbol id="sm-b2f">
         <name>_fputs</name>
         <value>0x2e3b4</value>
         <object_component_ref idref="oc-e5"/>
      </symbol>
      <symbol id="sm-b39">
         <name>__frcmpyd_div</name>
         <value>0x2ef12</value>
         <object_component_ref idref="oc-ea"/>
      </symbol>
      <symbol id="sm-b43">
         <name>___isinf</name>
         <value>0x2f54d</value>
         <object_component_ref idref="oc-ee"/>
      </symbol>
      <symbol id="sm-b4d">
         <name>__divull</name>
         <value>0x2d954</value>
         <object_component_ref idref="oc-f2"/>
      </symbol>
      <symbol id="sm-b4e">
         <name>__mpylli</name>
         <value>0x2d89c</value>
         <object_component_ref idref="oc-f2"/>
      </symbol>
      <symbol id="sm-b4f">
         <name>__remlli</name>
         <value>0x2d86d</value>
         <object_component_ref idref="oc-f2"/>
      </symbol>
      <symbol id="sm-b50">
         <name>__divlli</name>
         <value>0x2da48</value>
         <object_component_ref idref="oc-f2"/>
      </symbol>
      <symbol id="sm-b51">
         <name>__remull</name>
         <value>0x2d81f</value>
         <object_component_ref idref="oc-f2"/>
      </symbol>
      <symbol id="sm-b63">
         <name>_add_device</name>
         <value>0x2ba8c</value>
         <object_component_ref idref="oc-f6"/>
      </symbol>
      <symbol id="sm-b64">
         <name>_rename</name>
         <value>0x2b7ae</value>
         <object_component_ref idref="oc-f6"/>
      </symbol>
      <symbol id="sm-b65">
         <name>_read</name>
         <value>0x2b83d</value>
         <object_component_ref idref="oc-f6"/>
      </symbol>
      <symbol id="sm-b66">
         <name>_unlink</name>
         <value>0x2b77b</value>
         <object_component_ref idref="oc-f6"/>
      </symbol>
      <symbol id="sm-b67">
         <name>_remove_device</name>
         <value>0x2b807</value>
         <object_component_ref idref="oc-f6"/>
      </symbol>
      <symbol id="sm-b68">
         <name>_open</name>
         <value>0x2b8eb</value>
         <object_component_ref idref="oc-f6"/>
      </symbol>
      <symbol id="sm-b69">
         <name>_find_registered_device</name>
         <value>0x2ba10</value>
         <object_component_ref idref="oc-f6"/>
      </symbol>
      <symbol id="sm-b6a">
         <name>_lseek</name>
         <value>0x2b9aa</value>
         <object_component_ref idref="oc-f6"/>
      </symbol>
      <symbol id="sm-b6b">
         <name>_close</name>
         <value>0x2ba19</value>
         <object_component_ref idref="oc-f6"/>
      </symbol>
      <symbol id="sm-b6c">
         <name>_write</name>
         <value>0x2b639</value>
         <object_component_ref idref="oc-f6"/>
      </symbol>
      <symbol id="sm-b76">
         <name>_ltoa</name>
         <value>0x2eda4</value>
         <object_component_ref idref="oc-fc"/>
      </symbol>
      <symbol id="sm-b81">
         <name>_memccpy</name>
         <value>0x2f52a</value>
         <object_component_ref idref="oc-100"/>
      </symbol>
      <symbol id="sm-b89">
         <name>_memcpy</name>
         <value>0x2f425</value>
         <object_component_ref idref="oc-104"/>
      </symbol>
      <symbol id="sm-b93">
         <name>__mpyd</name>
         <value>0x2e517</value>
         <object_component_ref idref="oc-108"/>
      </symbol>
      <symbol id="sm-b9d">
         <name>__negd</name>
         <value>0x2f5a0</value>
         <object_component_ref idref="oc-10c"/>
      </symbol>
      <symbol id="sm-ba7">
         <name>__remli</name>
         <value>0x2f392</value>
         <object_component_ref idref="oc-110"/>
      </symbol>
      <symbol id="sm-bb1">
         <name>__subd</name>
         <value>0x2f567</value>
         <object_component_ref idref="oc-114"/>
      </symbol>
      <symbol id="sm-bbd">
         <name>_HOSTopen</name>
         <value>0x2be87</value>
         <object_component_ref idref="oc-118"/>
      </symbol>
      <symbol id="sm-bbe">
         <name>_HOSTread</name>
         <value>0x2bdfa</value>
         <object_component_ref idref="oc-118"/>
      </symbol>
      <symbol id="sm-bbf">
         <name>_HOSTtime</name>
         <value>0x2bcee</value>
         <object_component_ref idref="oc-118"/>
      </symbol>
      <symbol id="sm-bc0">
         <name>_getenv</name>
         <value>0x2bb7c</value>
         <object_component_ref idref="oc-118"/>
      </symbol>
      <symbol id="sm-bc1">
         <name>_HOSTrename</name>
         <value>0x2bd4c</value>
         <object_component_ref idref="oc-118"/>
      </symbol>
      <symbol id="sm-bc2">
         <name>_HOSTclock</name>
         <value>0x2c046</value>
         <object_component_ref idref="oc-118"/>
      </symbol>
      <symbol id="sm-bc3">
         <name>_HOSTwrite</name>
         <value>0x2bbf7</value>
         <object_component_ref idref="oc-118"/>
      </symbol>
      <symbol id="sm-bc4">
         <name>_HOSTlseek</name>
         <value>0x2bf26</value>
         <object_component_ref idref="oc-118"/>
      </symbol>
      <symbol id="sm-bc5">
         <name>_HOSTunlink</name>
         <value>0x2bc84</value>
         <object_component_ref idref="oc-118"/>
      </symbol>
      <symbol id="sm-bc6">
         <name>_HOSTclose</name>
         <value>0x2bfdb</value>
         <object_component_ref idref="oc-118"/>
      </symbol>
      <symbol id="sm-bd8">
         <name>C$$IO$$</name>
         <value>0x2eaa4</value>
         <object_component_ref idref="oc-120"/>
      </symbol>
      <symbol id="sm-bd9">
         <name>__CIOBUF_</name>
         <value>0x40000</value>
         <object_component_ref idref="oc-11f"/>
      </symbol>
      <symbol id="sm-bda">
         <name>_readmsg</name>
         <value>0x2f066</value>
         <object_component_ref idref="oc-11d"/>
      </symbol>
      <symbol id="sm-bdb">
         <name>_writemsg</name>
         <value>0x2e9ef</value>
         <object_component_ref idref="oc-120"/>
      </symbol>
      <symbol id="sm-be5">
         <name>__rd_ok</name>
         <value>0x2e8d0</value>
         <object_component_ref idref="oc-123"/>
      </symbol>
      <symbol id="sm-be6">
         <name>__wrt_ok</name>
         <value>0x2e850</value>
         <object_component_ref idref="oc-123"/>
      </symbol>
      <symbol id="sm-bf0">
         <name>__addd</name>
         <value>0x2da7d</value>
         <object_component_ref idref="oc-127"/>
      </symbol>
      <symbol id="sm-bfa">
         <name>__divli</name>
         <value>0x2f3dd</value>
         <object_component_ref idref="oc-12b"/>
      </symbol>
      <symbol id="sm-c04">
         <name>__doflush</name>
         <value>0x2e92d</value>
         <object_component_ref idref="oc-12f"/>
      </symbol>
      <symbol id="sm-c05">
         <name>_fflush</name>
         <value>0x2e996</value>
         <object_component_ref idref="oc-12f"/>
      </symbol>
      <symbol id="sm-c0f">
         <name>__frcmpyd</name>
         <value>0x2ee9c</value>
         <object_component_ref idref="oc-133"/>
      </symbol>
      <symbol id="sm-c19">
         <name>_fseek</name>
         <value>0x2f0d3</value>
         <object_component_ref idref="oc-137"/>
      </symbol>
      <symbol id="sm-c23">
         <name>_setvbuf</name>
         <value>0x2e76a</value>
         <object_component_ref idref="oc-13b"/>
      </symbol>
      <symbol id="sm-c32">
         <name>__cleanup</name>
         <value>0x2d6c1</value>
         <object_component_ref idref="oc-13f"/>
      </symbol>
      <symbol id="sm-c33">
         <name>_fopen</name>
         <value>0x2d7e4</value>
         <object_component_ref idref="oc-13f"/>
      </symbol>
      <symbol id="sm-c34">
         <name>_freopen</name>
         <value>0x2d71b</value>
         <object_component_ref idref="oc-13f"/>
      </symbol>
      <symbol id="sm-c44">
         <name>__sys_memory</name>
         <value>0x30c0</value>
         <object_component_ref idref="oc-149"/>
      </symbol>
      <symbol id="sm-c45">
         <name>_chkheap</name>
         <value>0x2c9f9</value>
         <object_component_ref idref="oc-145"/>
      </symbol>
      <symbol id="sm-c46">
         <name>_realloc</name>
         <value>0x2c798</value>
         <object_component_ref idref="oc-145"/>
      </symbol>
      <symbol id="sm-c47">
         <name>_free_memory</name>
         <value>0x2c9a3</value>
         <object_component_ref idref="oc-145"/>
      </symbol>
      <symbol id="sm-c48">
         <name>_max_free</name>
         <value>0x2c949</value>
         <object_component_ref idref="oc-145"/>
      </symbol>
      <symbol id="sm-c49">
         <name>_free</name>
         <value>0x2c572</value>
         <object_component_ref idref="oc-145"/>
      </symbol>
      <symbol id="sm-c4a">
         <name>_calloc</name>
         <value>0x2ca01</value>
         <object_component_ref idref="oc-145"/>
      </symbol>
      <symbol id="sm-c4b">
         <name>_malloc</name>
         <value>0x2c6a3</value>
         <object_component_ref idref="oc-145"/>
      </symbol>
      <symbol id="sm-c4c">
         <name>_minit</name>
         <value>0x2c63e</value>
         <object_component_ref idref="oc-145"/>
      </symbol>
      <symbol id="sm-c56">
         <name>_fclose</name>
         <value>0x2ee21</value>
         <object_component_ref idref="oc-14c"/>
      </symbol>
      <symbol id="sm-c60">
         <name>_remove</name>
         <value>0x2f5b0</value>
         <object_component_ref idref="oc-150"/>
      </symbol>
   </symbol_table>
</link_info>
