******************************************************************************
              TMS320C55x Linker PC v4.4.1                      
******************************************************************************
>> Linked Wed Feb 22 08:43:12 2017

OUTPUT FILE NAME:   <biosExample.out>
ENTRY POINT SYMBOL: "_c_int00"  address: 00008add


MEMORY CONFIGURATION

         name            origin    length      used     unused   attr    fill
                        (bytes)   (bytes)    (bytes)   (bytes)
----------------------  --------  ---------  --------  --------  ----  --------
  DARAM                 000000c0   0000fe40  00009176  00006cca  RWIX
  VECT                  0000ff00   00000100  00000100  00000000  RWIX
  SARAM                 00010000   00040000  00000000  00040000  RWIX


SECTION ALLOCATION MAP
(Addresses surrounded by []'s are displayed for convenience only!)

output                                                          attributes/
section   page  orgn(bytes) orgn(words) len(bytes) len(words)   input sections
--------  ----  ----------- ----------- ---------- ----------   --------------
.vers        0   [ 00000000 ]  00000000          *   0000003c   COPY SECTION
                 [ 00000000 ]  00000000          *   0000003c   hellocfg.obj (.vers)

.prd         0   [ 000000c0 ]  00000060          *   00000000   UNINITIALIZED

.bios        0     000000c0  [ 00000060 ] 000020f4          *   
                   000000c0  [ 00000060 ] 000003d4          *   bios.a55L : swi.o55L (.bios)
                   00000494  [ 0000024a ] 000003a3          *   lnkrtdx.a55L : rtdx.o55L (.bios)
                   00000837  [ 0000041b+] 0000035f          *   bios.a55L : hwi_disp_asm.o55L (.bios)
                   00000b96  [ 000005cb ] 00000002          *   --HOLE-- [fill = 20]
                   00000b98  [ 000005cc ] 0000018b          *             : sem_pend.o55L (.bios)
                   00000d23  [ 00000691+] 00000186          *             : prd.o55L (.bios)
                   00000ea9  [ 00000754 ] 00000003          *   --HOLE-- [fill = 20]
                   00000eac  [ 00000756 ] 00000185          *             : knl_run.o55L (.bios)
                   00001031  [ 00000818 ] 00000003          *   --HOLE-- [fill = 20]
                   00001034  [ 0000081a ] 00000144          *             : knl_tick.o55L (.bios)
                   00001178  [ 000008bc ] 00000130          *             : rta.o55L (.bios)
                   000012a8  [ 00000954 ] 00000119          *             : pip.o55L (.bios)
                   000013c1  [ 000009e0+] 0000010e          *             : knl_swit.o55L (.bios)
                   000014cf  [ 00000a67 ] 00000001          *   --HOLE-- [fill = 20]
                   000014d0  [ 00000a68 ] 00000104          *             : sem_dopo.o55L (.bios)
                   000015d4  [ 00000aea ] 000000f8          *             : tsk_exit.o55L (.bios)
                   000016cc  [ 00000b66 ] 000000f6          *             : tsk_setu.o55L (.bios)
                   000017c2  [ 00000be1 ] 00000002          *   --HOLE-- [fill = 20]
                   000017c4  [ 00000be2 ] 000000bf          *             : tsk_stup.o55L (.bios)
                   00001883  [ 00000c41+] 000000a2          *             : c55_c.o55L (.bios)
                   00001925  [ 00000c92 ] 00000003          *   --HOLE-- [fill = 20]
                   00001928  [ 00000c94 ] 00000090          *   bios5505.a55L : clk5505_start.o55L (.bios)
                   000019b8  [ 00000cdc ] 0000008d          *   bios.a55L : knl_chec.o55L (.bios)
                   00001a45  [ 00000d22 ] 00000003          *   --HOLE-- [fill = 20]
                   00001a48  [ 00000d24 ] 0000008d          *   bios5505.a55L : clk5505_isr.o55L (.bios)
                   00001ad5  [ 00000d6a ] 00000003          *   --HOLE-- [fill = 20]
                   00001ad8  [ 00000d6c ] 00000087          *                 : clk5505_htime.o55L (.bios)
                   00001b5f  [ 00000daf+] 00000082          *   bios.a55L : sem_post_asm.o55L (.bios)
                   00001be1  [ 00000df0 ] 00000003          *   --HOLE-- [fill = 20]
                   00001be4  [ 00000df2 ] 00000068          *   bios5505.a55L : clk5505_meas.o55L (.bios)
                   00001c4c  [ 00000e26 ] 00000062          *   bios.a55L : log_printf.o55L (.bios)
                   00001cae  [ 00000e57 ] 00000002          *   --HOLE-- [fill = 20]
                   00001cb0  [ 00000e58 ] 0000005f          *             : knl_exit.o55L (.bios)
                   00001d0f  [ 00000e87 ] 00000001          *   --HOLE-- [fill = 20]
                   00001d10  [ 00000e88 ] 0000005b          *             : knl_ipos.o55L (.bios)
                   00001d6b  [ 00000eb5 ] 00000001          *   --HOLE-- [fill = 20]
                   00001d6c  [ 00000eb6 ] 00000058          *             : lck.o55L (.bios)
                   00001dc4  [ 00000ee2 ] 00000051          *             : log.o55L (.bios)
                   00001e15  [ 00000f0a+] 0000004e          *             : sem_pend_counting.o55L (.bios)
                   00001e63  [ 00000f31 ] 00000001          *   --HOLE-- [fill = 20]
                   00001e64  [ 00000f32 ] 00000048          *             : sem_post.o55L (.bios)
                   00001eac  [ 00000f56 ] 00000048          *             : sts.o55L (.bios)
                   00001ef4  [ 00000f7a ] 00000048          *             : sys_exit.o55L (.bios)
                   00001f3c  [ 00000f9e ] 00000047          *             : idl_busy.o55L (.bios)
                   00001f83  [ 00000fc1+] 00000046          *             : idl_cal.o55L (.bios)
                   00001fc9  [ 00000fe4+] 00000043          *             : rta_andn.o55L (.bios)
                   0000200c  [ 00001006 ] 00000036          *             : utl_putc.o55L (.bios)
                   00002042  [ 00001021 ] 00000002          *   --HOLE-- [fill = 20]
                   00002044  [ 00001022 ] 00000034          *             : knl_post.o55L (.bios)
                   00002078  [ 0000103c ] 00000034          *   bios5505.a55L : clk_itime.o55L (.bios)
                   000020ac  [ 00001056 ] 00000025          *   bios.a55L : fxn.o55L (.bios)
                   000020d1  [ 00001068+] 00000024          *             : idl_stub.o55L (.bios)
                   000020f5  [ 0000107a ] 00000003          *   --HOLE-- [fill = 20]
                   000020f8  [ 0000107c ] 00000023          *             : utl_doab.o55L (.bios)
                   0000211b  [ 0000108d ] 00000001          *   --HOLE-- [fill = 20]
                   0000211c  [ 0000108e ] 00000020          *             : utl_doer.o55L (.bios)
                   0000213c  [ 0000109e ] 0000001a          *             : hwi_xable.o55L (.bios)
                   00002156  [ 000010ab ] 00000017          *             : clk_run.o55L (.bios)
                   0000216d  [ 000010b6 ] 00000003          *   --HOLE-- [fill = 20]
                   00002170  [ 000010b8 ] 00000017          *             : sys_abor.o55L (.bios)
                   00002187  [ 000010c3+] 0000000c          *             : idl.o55L (.bios)
                   00002193  [ 000010c9 ] 00000001          *   --HOLE-- [fill = 20]
                   00002194  [ 000010ca ] 00000008          *             : utl_halt.o55L (.bios)
                   0000219c  [ 000010ce ] 00000007          *             : sts_set.o55L (.bios)
                   000021a3  [ 000010d1+] 00000006          *             : gbl_vers.o55L (.bios)
                   000021a9  [ 000010d4 ] 00000003          *   --HOLE-- [fill = 20]
                   000021ac  [ 000010d6 ] 00000002          *             : fxn_c.o55L (.bios)
                   000021ae  [ 000010d7 ] 00000002          *   --HOLE-- [fill = 20]
                   000021b0  [ 000010d8 ] 00000002          *   bios5505.a55L : clk5505_wdog.o55L (.bios)
                   000021b2  [ 000010d9 ] 00000002          *   --HOLE-- [fill = 20]

.data        0   [ 000000c0 ]  00000060          *   00000000   UNINITIALIZED

.text        0     000021b4  [ 000010da ] 00001e2e          *   
                   000021b4  [ 000010da ] 00000c3c          *   cslVC5505.lib : csl_i2c.obj (.text)
                   00002df0  [ 000016f8 ] 000009f3          *                 : csl_i2s.obj (.text)
                   000037e3  [ 00001bf1+] 0000022e          *   aic3204.obj (.text)
                   00003a11  [ 00001d08+] 00000107          *   ezdsp5535bsl.lib : ezdsp5535_i2s.obj (.text)
                   00003b18  [ 00001d8c ] 000000a1          *   rts55x.lib : divul.obj (.text)
                   00003bb9  [ 00001ddc+] 0000008e          *   ezdsp5535bsl.lib : ezdsp5535_i2c.obj (.text)
                   00003c47  [ 00001e23+] 00000083          *   main.obj (.text)
                   00003cca  [ 00001e65 ] 00000075          *   rts55x.lib : sinit.obj (.text)
                   00003d3f  [ 00001e9f+] 00000072          *              : remul.obj (.text)
                   00003db1  [ 00001ed8+] 0000006f          *              : atexit.obj (.text)
                   00003e20  [ 00001f10 ] 00000067          *   bios.a55L : c55_enable.o55L (.text)
                   00003e87  [ 00001f43 ] 00000001          *   --HOLE-- [fill = 20]
                   00003e88  [ 00001f44 ] 0000005c          *             : tsk_stup.o55L (.text)
                   00003ee4  [ 00001f72 ] 00000054          *   ezdsp5535bsl.lib : ezdsp5535.obj (.text)
                   00003f38  [ 00001f9c ] 0000003f          *   rts55x.lib : memcpy.obj (.text)
                   00003f77  [ 00001fbb+] 0000003e          *              : exit.obj (.text)
                   00003fb5  [ 00001fda+] 00000013          *              : lmpy.obj (.text)
                   00003fc8  [ 00001fe4 ] 00000012          *              : _lock.obj (.text)
                   00003fda  [ 00001fed ] 00000007          *              : exit.obj (.text:CIO_breakpoint)
                   00003fe1  [ 00001ff0 ] 00000001          *   --HOLE-- [fill = 20]

.mem         0   [ 00003fe2 ]  00001ff1          *   00000001   UNINITIALIZED
                 [ 00003fe2 ]  00001ff1          *   00000001   hellocfg.obj (.mem)

.sysstack 
*            0   [ 00003fe4 ]  00001ff2          *   00000100   UNINITIALIZED
                 [ 00003fe4 ]  00001ff2          *   00000100   --HOLE--

.stack       0   [ 000041e4 ]  000020f2          *   00000400   UNINITIALIZED
                 [ 000041e4 ]  000020f2          *   00000400   --HOLE--

.DARAM$heap 
*            0   [ 000049e4 ]  000024f2          *   00000500   UNINITIALIZED
                 [ 000049e4 ]  000024f2          *   00000500   --HOLE--

.TSK_idle$stk 
*            0   [ 000053e4 ]  000029f2          *   00000500   UNINITIALIZED
                 [ 000053e4 ]  000029f2          *   00000500   hellocfg.obj (.TSK_idle$stk)

.rtdx_text 
*            0     00005de4  [ 00002ef2 ] 00000942          *   
                   00005de4  [ 00002ef2 ] 000001db          *   rtdxx.lib : buffer1.o55L (.rtdx_text:_RTDX_write_next)
                   00005fbf  [ 00002fdf+] 0000017c          *             : buffer1.o55L (.rtdx_text:_RTDX_Buffer_WriteCB)
                   0000613b  [ 0000309d+] 0000010f          *             : rtdx_mon.o55L (.rtdx_text:_RTDX_Init_RT_Monitor)
                   0000624a  [ 00003125 ] 000000ec          *             : rtdx_mon.o55L (.rtdx_text:_RTDX_Poll)
                   00006336  [ 0000319b ] 000000b5          *             : buffer1.o55L (.rtdx_text:_claim)
                   000063eb  [ 000031f5+] 00000093          *             : rtdx_mon.o55L (.rtdx_text:_StartXFer)
                   0000647e  [ 0000323f ] 00000088          *             : rtdx_mon.o55L (.rtdx_text:_RTDX_Mon_Queue)
                   00006506  [ 00003283 ] 00000065          *             : rtdx_mon.o55L (.rtdx_text:_RTDX_H2TPoll)
                   0000656b  [ 000032b5+] 00000053          *             : buffer1.o55L (.rtdx_text:_RTDX_Buffer_Initialize)
                   000065be  [ 000032df ] 0000004b          *             : buffer2.o55L (.rtdx_text:_RTDX_Buffer_ReadCB)
                   00006609  [ 00003304+] 0000003c          *             : rtdx_mon.o55L (.rtdx_text:_RTDX_Final_RT_Monitor)
                   00006645  [ 00003322+] 0000003b          *             : buffer1.o55L (.rtdx_text:_RTDX_Buffer_Size)
                   00006680  [ 00003340 ] 0000002a          *             : intr_tgt.o55L (.rtdx_text:_RTDX_Mask_IER)
                   000066aa  [ 00003355 ] 00000022          *             : buffer2.o55L (.rtdx_text:_RTDX_Buffer_Read)
                   000066cc  [ 00003366 ] 0000001e          *             : intr_tgt.o55L (.rtdx_text:_RTDX_Set_IER)
                   000066ea  [ 00003375 ] 0000001c          *             : buffer1.o55L (.rtdx_text:_RTDX_Buffer_Write)
                   00006706  [ 00003383 ] 00000017          *             : rtdx_mon.o55L (.rtdx_text:_Allow_EmuAccess)
                   0000671d  [ 0000338e+] 00000004          *             : rtdx_mon.o55L (.rtdx_text:_Disallow_EmuAccess)
                   00006721  [ 00003390+] 00000004          *             : rtdx_mon.o55L (.rtdx_text:_Wait)
                   00006725  [ 00003392 ] 00000001          *   --HOLE-- [fill = 20]

.cinit       0   [ 00006726 ]  00003393          *   00000499   
                 [ 00006726 ]  00003393          *   00000250   hellocfg.obj (.cinit)
                 [ 00006bc6 ]  000035e3          *   000000af   bios.a55L : biosdata.o55L (.cinit)
                 [ 00006d24 ]  00003692          *   000000a0             : knl.o55L (.cinit)
                 [ 00006e64 ]  00003732          *   00000031             : tsk.o55L (.cinit)
                 [ 00006ec6 ]  00003763          *   0000002e             : tsk_stup.o55L (.cinit)
                 [ 00006f22 ]  00003791          *   00000019             : rta.o55L (.cinit)
                 [ 00006f54 ]  000037aa          *   00000017   rtdxx.lib : buffer1.o55L (.cinit)
                 [ 00006f82 ]  000037c1          *   0000000f   bios.a55L : utl_putc.o55L (.cinit)
                 [ 00006fa0 ]  000037d0          *   0000000b             : knl_tick.o55L (.cinit)
                 [ 00006fb6 ]  000037db          *   0000000a             : obj_init.o55L (.cinit)
                 [ 00006fca ]  000037e5          *   0000000a             : sys.o55L (.cinit)
                 [ 00006fde ]  000037ef          *   0000000a   rts55x.lib : _lock.obj (.cinit)
                 [ 00006ff2 ]  000037f9          *   0000000a              : exit.obj (.cinit)
                 [ 00007006 ]  00003803          *   00000009   lnkrtdx.a55L : rtdx.o55L (.cinit)
                 [ 00007018 ]  0000380c          *   00000008   cslVC5505.lib : csl_i2s.obj (.cinit)
                 [ 00007028 ]  00003814          *   00000008   rts55x.lib : atexit.obj (.cinit)
                 [ 00007038 ]  0000381c          *   00000005   bios.a55L : idl_busy.o55L (.cinit)
                 [ 00007042 ]  00003821          *   00000005             : knl_swit.o55L (.cinit)
                 [ 0000704c ]  00003826          *   00000005   rts55x.lib : sinit.obj (.cinit)
                 [ 00007056 ]  0000382b          *   00000001   --HOLE-- [fill = 0]

.bss         0   [ 00007058 ]  0000382c          *   00000262   UNINITIALIZED
                 [ 00007058 ]  0000382c          *   000000c2   rts55x.lib : atexit.obj (.bss)
                 [ 000071dc ]  000038ee          *   0000008a   bios.a55L : knl.o55L (.bss)
                 [ 000072f0 ]  00003978          *   00000030             : tsk.o55L (.bss)
                 [ 00007350 ]  000039a8          *   0000002a   cslVC5505.lib : csl_i2s.obj (.bss)
                 [ 000073a4 ]  000039d2          *   00000028   bios.a55L : tsk_stup.o55L (.bss)
                 [ 000073f4 ]  000039fa          *   00000023             : obj_init.o55L (.bss)
                 [ 0000743a ]  00003a1d          *   00000001   --HOLE--
                 [ 0000743c ]  00003a1e          *   00000014             : sys.o55L (.bss)
                 [ 00007464 ]  00003a32          *   00000014   hellocfg.obj (.bss)
                 [ 0000748c ]  00003a46          *   00000012   cslVC5505.lib : csl_i2c.obj (.bss)
                 [ 000074b0 ]  00003a58          *   0000000c   bios5505.a55L : clk5505_data.o55L (.bss)
                 [ 000074c8 ]  00003a64          *   00000008   bios.a55L : knl_tick.o55L (.bss)
                 [ 000074d8 ]  00003a6c          *   00000006             : utl_putc.o55L (.bss)
                 [ 000074e4 ]  00003a72          *   00000006   rtdxx.lib : buffer1.o55L (.bss)
                 [ 000074f0 ]  00003a78          *   00000004   bios.a55L : clk_data.o55L (.bss)
                 [ 000074f8 ]  00003a7c          *   00000004   rts55x.lib : _lock.obj (.bss)
                 [ 00007500 ]  00003a80          *   00000004              : exit.obj (.bss)
                 [ 00007508 ]  00003a84          *   00000002   bios.a55L : clk_data2.o55L (.bss)
                 [ 0000750c ]  00003a86          *   00000002             : mem_asm.o55L (.bss)
                 [ 00007510 ]  00003a88          *   00000002   ezdsp5535bsl.lib : ezdsp5535_i2s.obj (.bss)
                 [ 00007514 ]  00003a8a          *   00000002   main.obj (.bss)
                 [ 00007518 ]  00003a8c          *   00000002   rts55x.lib : sinit.obj (.bss)

.rtdx_data 
*            0   [ 0000751c ]  00003a8e          *   00000128   UNINITIALIZED
                 [ 0000751c ]  00003a8e          *   00000102   hellocfg.obj (.rtdx_data)
                 [ 00007720 ]  00003b90          *   00000012   rtdxx.lib : rtdx_mon.o55L (.rtdx_data)
                 [ 00007744 ]  00003ba2          *   00000010             : buffer1.o55L (.rtdx_data)
                 [ 00007764 ]  00003bb2          *   00000004   bios.a55L : rtdx_data.o55L (.rtdx_data)

.hst0        0   [ 0000776c ]  00003bb6          *   00000040   UNINITIALIZED
                 [ 0000776c ]  00003bb6          *   00000040   hellocfg.obj (.hst0)

.args        0   [ 000077ec ]  00003bf6          *   00000008   
                 [ 000077ec ]  00003bf6          *   00000008   --HOLE-- [fill = 0]

.trace$buf 
*            0   [ 00007800 ]  00003c00          *   00000400   UNINITIALIZED
                 [ 00007800 ]  00003c00          *   00000400   hellocfg.obj (.trace$buf)

.LOG_system$buf 
*            0   [ 00008000 ]  00004000          *   00000200   UNINITIALIZED
                 [ 00008000 ]  00004000          *   00000200   hellocfg.obj (.LOG_system$buf)

.trace       0   [ 00008400 ]  00004200          *   00000200   
                 [ 00008400 ]  00004200          *   00000200   --HOLE-- [fill = 00]

.sysinit     0     00008800  [ 00004400 ] 00000350          *   
                   00008800  [ 00004400 ] 00000111          *   bios.a55L : mem_init.o55L (.sysinit)
                   00008911  [ 00004488+] 000000d5          *   hellocfg.obj (.sysinit)
                   000089e6  [ 000044f3 ] 00000002          *   --HOLE-- [fill = 20]
                   000089e8  [ 000044f4 ] 00000084          *   bios.a55L : tsk_init.o55L (.sysinit)
                   00008a6c  [ 00004536 ] 00000071          *             : autoinit.o55L (.sysinit)
                   00008add  [ 0000456e+] 0000006f          *             : boot.o55L (.sysinit)
                   00008b4c  [ 000045a6 ] 00000002          *             : obj_init.o55L (.sysinit)
                   00008b4e  [ 000045a7 ] 00000002          *   --HOLE-- [fill = 20]

.sysdata     0   [ 00008b50 ]  000045a8          *   000000ce   UNINITIALIZED
                 [ 00008b50 ]  000045a8          *   000000b0   bios.a55L : biosdata.o55L (.sysdata)
                 [ 00008cb0 ]  00004658          *   00000016             : rta.o55L (.sysdata)
                 [ 00008cdc ]  0000466e          *   00000006   lnkrtdx.a55L : rtdx.o55L (.sysdata)
                 [ 00008ce8 ]  00004674          *   00000002   bios.a55L : idl_busy.o55L (.sysdata)

.hwi_disp_sec 
*            0   [ 00008cec ]  00004676          *   000000c0   UNINITIALIZED
                 [ 00008cec ]  00004676          *   000000c0   bios.a55L : hwi_disp_asm.o55L (.hwi_disp_sec)

.const       0   [ 00008e6c ]  00004736          *   000000af   
                 [ 00008e6c ]  00004736          *   0000004f   bios.a55L : tsk_stup.o55L (.const)
                 [ 00008f0a ]  00004785          *   00000001   --HOLE-- [fill = 0]
                 [ 00008f0c ]  00004786          *   00000023             : utl_doab.o55L (.const)
                 [ 00008f52 ]  000047a9          *   00000001   --HOLE-- [fill = 0]
                 [ 00008f54 ]  000047aa          *   00000022             : utl_doer.o55L (.const)
                 [ 00008f98 ]  000047cc          *   0000000d   main.obj (.const:.string)
                 [ 00008fb2 ]  000047d9          *   00000001   --HOLE-- [fill = 0]
                 [ 00008fb4 ]  000047da          *   00000006   rtdxx.lib : rtdx_mon.o55L (.const)
                 [ 00008fc0 ]  000047e0          *   00000004             : buffer1.o55L (.const)
                 [ 00008fc8 ]  000047e4          *   00000001   bios.a55L : tsk.o55L (.const)

.printf      0   [ 00008fca ]  000047e5          *   00000047   COPY SECTION
                 [ 00008fca ]  000047e5          *   00000047   hellocfg.obj (.printf)

.pip         0   [ 00008fcc ]  000047e6          *   00000064   UNINITIALIZED
                 [ 00008fcc ]  000047e6          *   00000064   hellocfg.obj (.pip)

.tsk         0   [ 00009094 ]  0000484a          *   0000002c   UNINITIALIZED
                 [ 00009094 ]  0000484a          *   0000002c   hellocfg.obj (.tsk)

.gblinit     0   [ 000090ec ]  00004876          *   00000021   
                 [ 000090ec ]  00004876          *   00000021   hellocfg.obj (.gblinit)

.hst         0   [ 00009130 ]  00004898          *   0000001a   UNINITIALIZED
                 [ 00009130 ]  00004898          *   0000001a   hellocfg.obj (.hst)

.sts         0   [ 00009164 ]  000048b2          *   00000018   UNINITIALIZED
                 [ 00009164 ]  000048b2          *   00000018   hellocfg.obj (.sts)

.log         0   [ 00009194 ]  000048ca          *   00000014   UNINITIALIZED
                 [ 00009194 ]  000048ca          *   00000014   hellocfg.obj (.log)

.swi         0   [ 000091bc ]  000048de          *   00000014   UNINITIALIZED
                 [ 000091bc ]  000048de          *   00000014   hellocfg.obj (.swi)

.hst1        0   [ 000091e4 ]  000048f2          *   00000008   UNINITIALIZED
                 [ 000091e4 ]  000048f2          *   00000008   hellocfg.obj (.hst1)

.idl         0   [ 000091f4 ]  000048fa          *   00000008   UNINITIALIZED
                 [ 000091f4 ]  000048fa          *   00000008   hellocfg.obj (.idl)

.idlcal      0   [ 00009204 ]  00004902          *   00000008   UNINITIALIZED
                 [ 00009204 ]  00004902          *   00000008   hellocfg.obj (.idlcal)

.sys         0   [ 00009214 ]  0000490a          *   00000008   UNINITIALIZED
                 [ 00009214 ]  0000490a          *   00000008   hellocfg.obj (.sys)

.pinit       0   [ 00009224 ]  00004912          *   00000006   
                 [ 00009224 ]  00004912          *   00000002   rtdxx.lib : buffer1.o55L (.pinit)
                 [ 00009228 ]  00004914          *   00000002             : rtdx_mon.o55L (.pinit)
                 [ 0000922c ]  00004916          *   00000002   --HOLE-- [fill = 0]

.clk         0   [ 00009230 ]  00004918          *   00000004   UNINITIALIZED
                 [ 00009230 ]  00004918          *   00000004   hellocfg.obj (.clk)

.trcdata     0   [ 00009238 ]  0000491c          *   00000003   
                 [ 00009238 ]  0000491c          *   00000003   bios.a55L : trc.o55L (.trcdata)

.hwi_vec     0     0000ff00  [ 00007f80 ] 00000100          *   
                   0000ff00  [ 00007f80 ] 00000100          *   hellocfg.obj (.hwi_vec)


GLOBAL SYMBOLS: SORTED ALPHABETICALLY BY Name 

abs. value/
byte addr   word addr   name
---------   ---------   ----
00000002                $TI_capability$C5500$CallingConvention
00000002                $TI_capability$C5500$MemoryModel
00000001                $TI_capability_requires_rev3
            0000382c    .bss
            00000060    .data
000021b4                .text
00000014                BIOSDATA_O_CLK_D_COUNTSPMS
0000000e                BIOSDATA_O_CLK_D_DIRTY
00000016                BIOSDATA_O_CLK_D_IDLETIME
00000018                BIOSDATA_O_CLK_D_ISRHOOK
00000010                BIOSDATA_O_CLK_D_PRD
0000001a                BIOSDATA_O_CLK_D_TABBEG
00000012                BIOSDATA_O_CLK_D_TDDR
0000001c                BIOSDATA_O_CLK_D_TIMEFXN
00000006                BIOSDATA_O_CLK_HTIMEDIV
00000008                BIOSDATA_O_CLK_HTIMEMULT
0000000a                BIOSDATA_O_CLK_LTIMEDIV
0000000c                BIOSDATA_O_CLK_LTIMEMULT
0000001e                BIOSDATA_O_CLK_R_TIMH
0000001f                BIOSDATA_O_CLK_R_TIML
00000020                BIOSDATA_O_HST_D_CHANMASK
000000a0                BIOSDATA_O_HST_D_TABBEGADDR
000000a2                BIOSDATA_O_HST_D_TABENDADDR
00000088                BIOSDATA_O_HWI_D_SPSAVE
0000008a                BIOSDATA_O_HWI_D_SSPSAVE
0000008c                BIOSDATA_O_HWI_D_STKBOTADDR
00000090                BIOSDATA_O_HWI_D_STKTOPADDR
0000008e                BIOSDATA_O_HWI_D_SYSTKBOTADDR
00000092                BIOSDATA_O_HWI_D_SYSTKTOPADDR
00000022                BIOSDATA_O_IDL_D_CALBEG
00000024                BIOSDATA_O_IDL_D_CALIBRATE
00000026                BIOSDATA_O_IDL_D_TABBEG
00000028                BIOSDATA_O_LOG_D_SYSTEM
00000098                BIOSDATA_O_MEM_D_FREELIST
0000009a                BIOSDATA_O_MEM_D_LOCKADDR
00000096                BIOSDATA_O_MEM_D_MEMTAB
00000095                BIOSDATA_O_MEM_D_NUMSEGMENTS
0000009c                BIOSDATA_O_MEM_D_UNLOCKADDR
0000002a                BIOSDATA_O_PIP_D_TABBEG
0000002c                BIOSDATA_O_PIP_D_TABLEN
0000002e                BIOSDATA_O_PRD_D_CUR
00000030                BIOSDATA_O_PRD_D_ELAPSED
00000031                BIOSDATA_O_PRD_D_PREVTIM
00000032                BIOSDATA_O_PRD_D_SCALAR
00000034                BIOSDATA_O_PRD_D_SWIHANDLE
00000036                BIOSDATA_O_PRD_D_TABBEG
00000038                BIOSDATA_O_PRD_D_TABLEN
0000003a                BIOSDATA_O_PRD_D_THOOK
0000003c                BIOSDATA_O_PRD_D_TICKH
0000003d                BIOSDATA_O_PRD_D_TICKL
000000a8                BIOSDATA_O_RTDX_D_BUFREAD
000000aa                BIOSDATA_O_RTDX_D_BUFWRITE
00000046                BIOSDATA_O_SWI_D_CURFXN
00000042                BIOSDATA_O_SWI_D_CURMASK
00000045                BIOSDATA_O_SWI_D_CURMBOX
00000043                BIOSDATA_O_SWI_D_CURSET
00000040                BIOSDATA_O_SWI_D_EXECADDR
00000044                BIOSDATA_O_SWI_D_LOCK
00000048                BIOSDATA_O_SWI_D_RDYBEG
0000004a                BIOSDATA_O_SWI_D_RDYTAB
0000003e                BIOSDATA_O_SWI_D_RUNADDR
0000009e                BIOSDATA_O_SYS
000000a4                BIOSDATA_O_TSK_D_IDLSTKADDR
000000a6                BIOSDATA_O_TSK_D_IDLSYSTKADDR
00008911                BIOS_init
000089a2                BIOS_start
00000000                BUF$
00000001                BUF_ENABLED
00003fdb                C$$EXIT
            000045a8    C55_BIOSDATAOBJ
00000001                CLK$
00004918                CLK_A_TABBEG
00009230                CLK_A_TABBEGb
00000001                CLK_CALDIV
00000004                CLK_CALMULT
0000c350                CLK_COUNTSPMS
00000000                CLK_COUNTSPMSHIGH
            000045be    CLK_D_idletime
            000045c0    CLK_D_isrhook
            000045c2    CLK_D_tabbeg
            000045c4    CLK_D_timefxn
00002161                CLK_F_dispRun
00001b18                CLK_F_gethtime
00002078                CLK_F_itime
00002161                CLK_HOOKFXN
00000001                CLK_HTIMEDIV
00000002                CLK_HTIMEMULT
0000c350                CLK_HTIMEPERLTIME
00000010                CLK_IMR0TINTMASK
00000000                CLK_IMR1TINTMASK
00000000                CLK_INTBIT
00000004                CLK_INTID
00000001                CLK_LTIMEDIV
000186a0                CLK_LTIMEMULT
000003e8                CLK_MICROSECS
            0000491a    CLK_NULL
0000c34f                CLK_PRD
00000000                CLK_PRDHIGH
00001810                CLK_REGS
            000045c6    CLK_R_timh
            000045c7    CLK_R_timl
00000020                CLK_TCR
00000000                CLK_TDDR
00000000                CLK_TDDRHIGH
00001b18                CLK_TIMEFXN
00000001                CLK_TIMER0ARG
00001a90                CLK_TIMER0FUNC
00000000                CLK_TIMER1ARG
000020ac                CLK_TIMER1FUNC
00000000                CLK_TIMER2ARG
000020ac                CLK_TIMER2FUNC
00000046                CLK_TIMERIFR
00000045                CLK_TIMERIMR
00000010                CLK_TIMERIMRMASK
00000000                CLK_TIMERNUM
00000001                CLK_USETIMER
            00003a38    DARAM
000024f2                DARAM$B
000049e4                DARAM$Bb
00000a00                DARAM$L
00000000                DEV$
00000000                DGN$
00000000                DHL$
00000000                DHL_gChannelsAvailable
00000000                DIO$
00000000                DIO_NUMSWIBASE
00000000                DIO_NUMTSKBASE
00000000                DIO_STATIC
00000000                DPI$
000020ac                FXN_F_nop
000020ae                FXN_F_run
000020cf                FXN_F_selfLoop
000020cb                FXN_F_zero
00000001                GBL$
00005205                GBL_A_VERSION
000021ac                GBL_BIOS_BOOTFXN
00f80000                GBL_CACHEICRTAG1
00f81000                GBL_CACHEICRTAG2
00000002                GBL_CACHETYPE
00000000                GBL_CALLCSLCFGINIT
00004e20                GBL_CLKIN
00000001                GBL_CLKMD
00001581                GBL_CLKTYPE
00000001                GBL_DCRPOSTEDWRITE
00001581                GBL_DSPSUBTYPE
00000037                GBL_DSPTYPE
00000000                GBL_ENABLEICACHE
00000001                GBL_ENABLEINST
00000042                GBL_FOOTPRINT
000186a0                GBL_FREQ
00000001                GBL_LARGEMODEL
00000000                GBL_MODIFYCLKMD
00000000                GBL_NULL
00008000                GBL_PLLDIV0
00008003                GBL_PLLDIV1
0000000f                GBL_PLLM
00000000                GBL_PROCID
00000000                GBL_ROM
00000000                GBL_SUPPORTCSL
0000dbef                GBL_TRCMASKVALUE
00000000                GBL_USERINIT
000021ac                GBL_USERINITFXN
00000001                GBL_boot
            0000491e    GBL_initdone
            000020f2    GBL_stackbeg
            000024f1    GBL_stackend
            00001ff2    GBL_sysstackbeg
            000020f1    GBL_sysstackend
00000000                GIO$
000021ac                GIO_CREATEFXN
000021ac                GIO_DELETEFXN
000021ac                GIO_PENDFXN
000021ac                GIO_POSTFXN
00000000                HOOK$
00000000                HOOK_KNLID
00000001                HST$
00004898                HST_A_TABBEG
00009130                HST_A_TABBEGb
000048b2                HST_A_TABEND
00009164                HST_A_TABENDb
00000000                HST_BIOSLINK
00000000                HST_DSM
            00003a38    HST_DSMBUFSEG
00000400                HST_DSMMEMSIZE
            000045c8    HST_D_chanmask
            00004648    HST_D_tabbegaddr
            0000464a    HST_D_tabendaddr
000000ff                HST_MAXFRAMEALLOWED
00000040                HST_MAXFRAMESET
00000000                HST_NONE
00000001                HST_RTDX
00000001                HWI$
0000ff00                HWI_A_VECS
00000018                HWI_BERR
00000019                HWI_DLOG
            0000463c    HWI_D_inhwi
            00004630    HWI_D_spsave
            00004632    HWI_D_sspsave
            00004634    HWI_D_stkbotaddr
            00004638    HWI_D_stktopaddr
            00004636    HWI_D_systkbotaddr
            0000463a    HWI_D_systktopaddr
00000837                HWI_F_dispatch
0000000a                HWI_INT10
0000000b                HWI_INT11
0000000c                HWI_INT12
0000000d                HWI_INT13
0000000e                HWI_INT14
0000000f                HWI_INT15
00000010                HWI_INT16
00000011                HWI_INT17
00000012                HWI_INT18
00000013                HWI_INT19
00000002                HWI_INT2
00000014                HWI_INT20
00000015                HWI_INT21
00000016                HWI_INT22
00000017                HWI_INT23
00000003                HWI_INT3
00000004                HWI_INT4
00000005                HWI_INT5
00000006                HWI_INT6
00000007                HWI_INT7
00000008                HWI_INT8
00000009                HWI_INT9
00000001                HWI_NMI
00000000                HWI_RESET
0000001a                HWI_RTOS
0000001b                HWI_SINT27
0000001c                HWI_SINT28
0000001d                HWI_SINT29
0000001e                HWI_SINT30
0000001f                HWI_SINT31
00000004                HWI_TINT
00000000                HWI_ZEROTAB
00003fb5                I$$LMPY
00000001                IDL$
00004902                IDL_A_CALBEG
00009204                IDL_A_CALBEGb
000048fa                IDL_A_TABBEG
000091f4                IDL_A_TABBEGb
00000000                IDL_CALIBRERROR
000020d1                IDL_CALIBRFXN
            00004674    IDL_D_busyObj
            000045ca    IDL_D_calbeg
            000045cc    IDL_D_calibrate
            000045ce    IDL_D_tabbeg
            00004900    IDL_END
            00004908    IDL_END$
00001f3c                IDL_F_busy
00002187                IDL_F_loop
00000001                IDL_USECLKIDLTIME
            000048c4    IDL_busyObj
            00004827    IDL_busyObj$avgfmt
00000001                IDL_busyObj$filter
00000001                IDL_busyObj$iA
00000000                IDL_busyObj$iB
00000001                IDL_busyObj$iC
            00004821    IDL_busyObj$maxfmt
00000000                IDL_busyObj$operation
            000048c2    IDL_busyObj$stsobj
            00004824    IDL_busyObj$sumfmt
00000002                IDL_busyObj$unittype
            000048fa    IDL_cpuLoad
            00004902    IDL_cpuLoad$
00000001                ISRC$
0000140f                KNL_glue
            000048de    KNL_swi
00000001                KNL_swi$dorta
00000000                KNL_swi$ord
00000000                KNL_swi$pri
            000048b4    KNL_swi$sts
            000047fd    KNL_swi$sts$avgfmt
00000002                KNL_swi$sts$filter
00000001                KNL_swi$sts$filtmaxmult
00000001                KNL_swi$sts$filtsummult
            000047ed    KNL_swi$sts$maxfmt
            000048b2    KNL_swi$sts$stsobj
            000047f5    KNL_swi$sts$sumfmt
00000000                KNL_swi$sts$unittype
00000000                KNL_swi$swi
0000144e                KNL_tick_stub
00000001                LCK$
            0000466e    LNKCTRL
            0000466f    LNK_D_dataReadyMask
            0000466e    LNK_D_fromHostMask
            00004671    LNK_D_readDone
            00004672    LNK_D_readFail
            00004670    LNK_D_readPend
            00004673    LNK_D_writeFail
00000496                LNK_F_checkChanEnabled
000004ef                LNK_F_dataPump
000004bd                LNK_F_getChanPtr
000004a4                LNK_F_getNextChan
00000494                LNK_F_init
00000812                LNK_F_readCallBack
            000048fc    LNK_dataPump
            00004904    LNK_dataPump$
0000065a                LNK_newin
0000073e                LNK_newout
000004ef                LNK_rcloop
00000543                LNK_rdrtry
0000054d                LNK_rrloop
000005cd                LNK_wrloop
000005c3                LNK_wrrtry
00000001                LOG$
000048ca                LOG_A_TABBEG
00009194                LOG_A_TABBEGb
000048de                LOG_A_TABEND
000091bc                LOG_A_TABENDb
00000002                LOG_A_TABLEN
            000045d0    LOG_D_system
00000001                LOG_ENABLED
00001dc4                LOG_F_event
            000048ca    LOG_system
            00004000    LOG_system$buf
00000000                LOG_system$datatype
00000000                LOG_system$log
00000200                LOG_system$size
00000000                MBX$
00000001                MEM$
            00003a38    MEM_MALLOCSEG
00000000                MEM_NULL
            00003a38    MEM_SEGZERO
00000001                MEM_gNumHeap
00000000                MSGQ$
00000000                MSGQ_USEMSGQ
00000000                OBJ$
00000000                PIP$
000047e6                PIP_A_TABBEG
00008fcc                PIP_A_TABBEGb
0000484a                PIP_A_TABEND
00009094                PIP_A_TABENDb
00000002                PIP_A_TABLEN
            000045d2    PIP_D_tabbeg
            000045d4    PIP_D_tablen
000012fe                PIP_F_give
000012fc                PIP_F_probe
00001370                PIP_F_start
000012a8                PIP_F_take
00000064                PIP_OBJSIZE
00000000                PIP_gNextId
00000002                PIP_gNumEmbed
00000000                POOL$
00000000                POOL_USEPOOL
00000001                PRD$
00000060                PRD_A_TABBEG
000000c0                PRD_A_TABBEGb
00000060                PRD_A_TABEND
000000c0                PRD_A_TABENDb
00000000                PRD_A_TABLEN
            000045d6    PRD_D_cur
            000045d8    PRD_D_elapsed
            000045d9    PRD_D_prevtim
            000045da    PRD_D_scalar
            000045dc    PRD_D_swihandle
            000045de    PRD_D_tabbeg
            000045e0    PRD_D_tablen
            000045e2    PRD_D_thook
            000045e4    PRD_D_tickh
            000045e5    PRD_D_tickl
00000d23                PRD_F_swi
00000e48                PRD_F_tick
00004000                PRD_SCALAR
00000000                PRD_SWIHANDLE
0000144e                PRD_THOOKFXN
            00004918    PRD_clock
00000001                PWRM$
00000000                PWRM_PWRM_ADAPTCLK
000021ac                PWRM_PWRM_BOOTHOOKFXN
00000023                PWRM_PWRM_CAPSMASK
0000003f                PWRM_PWRM_DS_IDLEMASK
00000000                PWRM_PWRM_ENABLE
00000005                PWRM_PWRM_IDLEMASK
00000000                PWRM_PWRM_IER0
00000000                PWRM_PWRM_IER1
00000640                PWRM_PWRM_INITMILVOLTS
0000000f                PWRM_PWRM_INITSP
00000000                PWRM_PWRM_SCALING
00000001                QUE$
            00004658    RTA_D_fromHost
            0000465c    RTA_D_logval
            00004666    RTA_D_stsval
            0000465a    RTA_D_toHost
00001fc9                RTA_F_andn
00001201                RTA_F_dispatch
00001178                RTA_F_getlog
000011a4                RTA_F_getsts
00001fdf                RTA_F_or
000011d3                RTA_F_readblk
000011e6                RTA_F_resetmem
000011e2                RTA_F_writeword
            000048fe    RTA_dispatcher
            00004906    RTA_dispatcher$
            0000489a    RTA_fromHost
            000048f2    RTA_fromHost$buf
00000008                RTA_fromHost$framesize
00000000                RTA_fromHost$hst
00000001                RTA_fromHost$id
00000000                RTA_fromHost$mode
            000047e6    RTA_fromHost$pipe
            00003a3a    RTA_fromHost$pipe$dtab
            000047e8    RTA_fromHost$pipe$rd
            000047ea    RTA_fromHost$pipe$rdaddr
            000047ee    RTA_fromHost$pipe$rdcurdesc
            000047ec    RTA_fromHost$pipe$rdsize
            000047fe    RTA_fromHost$pipe$rdstshdl
            00004800    RTA_fromHost$pipe$wr
            00004802    RTA_fromHost$pipe$wraddr
            00004806    RTA_fromHost$pipe$wrcurdesc
            00004804    RTA_fromHost$pipe$wrsize
            00004816    RTA_fromHost$pipe$wrstshdl
            0000489e    RTA_fromHost$rtdx
            000048a6    RTA_toHost
            00003bb6    RTA_toHost$buf
00000040                RTA_toHost$framesize
00000000                RTA_toHost$hst
00000000                RTA_toHost$id
00000001                RTA_toHost$mode
            00004818    RTA_toHost$pipe
            00003a40    RTA_toHost$pipe$dtab
            0000481a    RTA_toHost$pipe$rd
            0000481c    RTA_toHost$pipe$rdaddr
            00004820    RTA_toHost$pipe$rdcurdesc
            0000481e    RTA_toHost$pipe$rdsize
            00004830    RTA_toHost$pipe$rdstshdl
            00004832    RTA_toHost$pipe$wr
            00004834    RTA_toHost$pipe$wraddr
            00004838    RTA_toHost$pipe$wrcurdesc
            00004836    RTA_toHost$pipe$wrsize
            00004848    RTA_toHost$pipe$wrstshdl
            000048aa    RTA_toHost$rtdx
00000001                RTDX$
00000102                RTDX_BUFMEMSIZE
            00003a38    RTDX_DATAMEMSEG
            00004650    RTDX_D_BufRead
            00004652    RTDX_D_BufWrite
00000000                RTDX_MODE
00000001                RTDX_USERTDX
00000000                RTDX_USERTEXECUTION
ffffffff                SARAM
00000000                SEM$
00000000                SIO$
00000001                STS$
000048b2                STS_A_TABBEG
00009164                STS_A_TABBEGb
000048ca                STS_A_TABEND
00009194                STS_A_TABENDb
00001ece                STS_F_add
00001eac                STS_F_delta
00001ee6                STS_F_reset
00000001                SWI$
000048de                SWI_A_TABBEG
000091bc                SWI_A_TABBEGb
000048f2                SWI_A_TABEND
000091e4                SWI_A_TABENDb
00000001                SWI_A_TABLEN
            000045ee    SWI_D_curfxn
            000045ea    SWI_D_curmask
            000045ed    SWI_D_curmbox
            000045eb    SWI_D_curset
            000045e8    SWI_D_execaddr
            0000462e    SWI_D_inswi
            000045ec    SWI_D_lock
            000045f0    SWI_D_rdybeg
            000045f2    SWI_D_rdytab
            000045e6    SWI_D_runaddr
00000000                SWI_EHOOKFXN
00000206                SWI_EXECFXN
000000c0                SWI_F_enable
00000206                SWI_F_exec
0000017e                SWI_F_exec_sync
000000f3                SWI_F_post
000002f2                SWI_F_run
00000000                SWI_IHOOKFXN
000002f2                SWI_RUNFXN
00000001                SYS$
            0000490a    SYS$config
000020f8                SYS_ABORTFXN
0000211c                SYS_ERRORFXN
00002194                SYS_EXITFXN
0000200c                SYS_PUTCFXN
00004000                TRC_GBLTARG
            0000491d    TRC_R_mask
            0000491c    TRC_cinit
00000001                TSK$
            0000464c    TSK_D_idlstkaddr
            0000464e    TSK_D_idlsystkaddr
00000000                TSK_NUM_HOOKS
00000001                TSK_PRIORITY
00000000                TSK_READYFXN
00000000                TSK_STACKSEG
00000400                TSK_STACKSIZE
00000000                TSK_SWITCHFXN
00000100                TSK_SYSTACKSIZE
000021ac                TSK_VCREATEFXN
000021ac                TSK_VDELETEFXN
000021ac                TSK_VEXITFXN
            00004850    TSK_idle
00000000                TSK_idle$ord
00000000                TSK_idle$pri
            000029f2    TSK_idle$stack
            00002dd4    TSK_idle$stkptr
            000048bc    TSK_idle$sts
            00004817    TSK_idle$sts$avgfmt
00000002                TSK_idle$sts$filter
00000001                TSK_idle$sts$filtmaxmult
00000001                TSK_idle$sts$filtsummult
            00004807    TSK_idle$sts$maxfmt
            000048ba    TSK_idle$sts$stsobj
            0000480f    TSK_idle$sts$sumfmt
00000000                TSK_idle$sts$unittype
            00002df2    TSK_idle$sysstack
            00002ed4    TSK_idle$sysstkptr
00000000                TSK_idle$tsk
            00004868    TSK_idle$tskobj
00000000                UDEV$
ffffffff                VECT
000037e3                _AIC3204_rget
0000382e                _AIC3204_rset
00008911                _BIOS_init
000089a2                _BIOS_start
000018fb                _C55_clearIFR0
00001910                _C55_clearIFR1
00001883                _C55_disableIMR0
000018a6                _C55_disableIMR1
00003e54                _C55_disableInt
000018c9                _C55_enableIMR0
000018e2                _C55_enableIMR1
00003e20                _C55_enableInt
0000c350                _CLK_COUNTSPMS
            00003a78    _CLK_DFLTMICROSECS
            000045bc    _CLK_D_countspms
            000045b6    _CLK_D_dirty
            00003a7a    _CLK_D_microseconds
            000045b8    _CLK_D_prd
            000045ba    _CLK_D_tddr
0000c34f                _CLK_PRD
00001810                _CLK_REGS
00000020                _CLK_TCR
00000000                _CLK_TDDR
00000000                _CLK_TIMERNUM
00000001                _CLK_USETIMER
00002161                _CLK_dispRun
00001a48                _CLK_dispatch
00001b0c                _CLK_getfhtime
00001b18                _CLK_getshtime
            000045ae    _CLK_htimeDiv
            000045b0    _CLK_htimeMult
            00003a84    _CLK_htimePerLtime
00001a90                _CLK_isr
            000045c0    _CLK_isrhook
00002078                _CLK_itime
            000045b2    _CLK_ltimeDiv
            000045b4    _CLK_ltimeMult
00001be4                _CLK_measure
00002156                _CLK_run
00001928                _CLK_start
000019b0                _CLK_stop
            000045c6    _CLK_time
            00003a5e    _CLK_timer0arg
            00003a58    _CLK_timer0func
            00003a60    _CLK_timer1arg
            00003a5a    _CLK_timer1func
            00003a62    _CLK_timer2arg
            00003a5c    _CLK_timer2func
00001810                _CLK_timer5505
00001c14                _CLK_timerIAFR
00000000                _CLK_timerNum
000021b0                _CLK_wdogdisable
00003862                _ConfigureAic3204
            00003a38    _DARAM
000024f2                _DARAM_base
000049e4                _DARAM_baseb
00000a00                _DARAM_length
00003bb9                _EZDSP5535_I2C_init
00003c1f                _EZDSP5535_I2C_read
00003bee                _EZDSP5535_I2C_reset
00003bf9                _EZDSP5535_I2C_write
00003b06                _EZDSP5535_I2S_close
00003a11                _EZDSP5535_I2S_init
00003a6a                _EZDSP5535_I2S_readLeft
00003ac9                _EZDSP5535_I2S_readRight
00003a9c                _EZDSP5535_I2S_writeLeft
00003aea                _EZDSP5535_I2S_writeRight
00003f2a                _EZDSP5535_init
00003ee4                _EZDSP5535_wait
00003f18                _EZDSP5535_waitusec
000021ac                _FXN_F_nop
            000045aa    _GBL_clkIn
            000045ac    _GBL_freq
000021a3                _GBL_getVersion
            000045a8    _GBL_procId
00004898                _HST_A_TABBEG
000048b2                _HST_A_TABEND
            000047e5    _HST_HOST_CHANNEL_DRIVER
00000018                _HWI_BERR
00000019                _HWI_DLOG
            0000463c    _HWI_D_inhwi
            00004630    _HWI_D_spsave
            00004632    _HWI_D_sspsave
00000ab6                _HWI_F_DispIsr0
00000837                _HWI_F_dispatch
00003c78                _HWI_I2S_Rx
00003ca2                _HWI_I2S_Tx
0000000a                _HWI_INT10
0000000b                _HWI_INT11
0000000c                _HWI_INT12
0000000d                _HWI_INT13
0000000e                _HWI_INT14
0000000f                _HWI_INT15
00000010                _HWI_INT16
00000011                _HWI_INT17
00000012                _HWI_INT18
00000013                _HWI_INT19
00000002                _HWI_INT2
00000014                _HWI_INT20
00000015                _HWI_INT21
00000016                _HWI_INT22
00000017                _HWI_INT23
00000003                _HWI_INT3
00000004                _HWI_INT4
00000005                _HWI_INT5
00000006                _HWI_INT6
00000007                _HWI_INT7
00000008                _HWI_INT8
00000009                _HWI_INT9
00000001                _HWI_NMI
00000000                _HWI_RESET
0000001a                _HWI_RTOS
0000001b                _HWI_SINT27
0000001c                _HWI_SINT28
0000001d                _HWI_SINT29
0000001e                _HWI_SINT30
0000001f                _HWI_SINT31
            000024f2    _HWI_STKBOTTOM
            000020f2    _HWI_STKTOP
            000020f2    _HWI_SYSSTKBOTTOM
            00001ff2    _HWI_SYSSTKTOP
00000004                _HWI_TINT
            00004630    _HWI_data
0000213c                _HWI_disable
            00004676    _HWI_dispatchTab
0000214c                _HWI_enable
00002150                _HWI_restore
0000225d                _I2C_config
00002c28                _I2C_eventDisable
00002af4                _I2C_eventEnable
000023c2                _I2C_getConfig
00002dd4                _I2C_getEventId
000021b4                _I2C_init
000028d6                _I2C_read
00002d47                _I2C_setCallback
00002498                _I2C_setup
00002692                _I2C_write
00003225                _I2S_close
00002df0                _I2S_open
000032d7                _I2S_read
000036e7                _I2S_reset
00002f37                _I2S_setup
00003798                _I2S_transEnable
00003591                _I2S_write
00001f3c                _IDL_busy
            000048c4    _IDL_busyObj
00001f83                _IDL_calibrate
            000048fa    _IDL_cpuLoad
00001f68                _IDL_init
00002187                _IDL_loop
000020d1                _IDL_stub
            00003942    _KNL_alarm
000019b8                _KNL_check
            0000396a    _KNL_curqueue
            00003962    _KNL_curtask
            00003966    _KNL_curtime
            0000394a    _KNL_dummy
00001cb0                _KNL_enter
00001cf0                _KNL_exit
00001a13                _KNL_idle
            00003976    _KNL_idlefxn
            00003946    _KNL_inactive
00001d10                _KNL_ipost
00001a30                _KNL_max
            0000396c    _KNL_maxqueue
00002044                _KNL_post
            00003964    _KNL_prevtask
            00003948    _KNL_priority
            000038f0    _KNL_queues
00000eac                _KNL_run
0000146e                _KNL_saveIsrFrame
            000038ef    _KNL_set
            00003944    _KNL_setpri
            000048de    _KNL_swi
            00003968    _KNL_swiptr
000013c1                _KNL_switch
            00003970    _KNL_tcreatefxn
            00003972    _KNL_tdeletefxn
00001168                _KNL_tick
            00003974    _KNL_treadyfxn
            0000396e    _KNL_tswitchfxn
            000038ee    _KNL_wFlag
            00003940    _KNL_wList
00001d8c                _LCK_pend
00001d6c                _LCK_post
00000812                _LNK_F_readCallBack
            000048fc    _LNK_dataPump
000048ca                _LOG_A_TABBEG
000048de                _LOG_A_TABEND
00000002                _LOG_A_TABLEN
            000045d0    _LOG_D_system
00001dc4                _LOG_event
00001c4c                _LOG_printf
            000048ca    _LOG_system
            00003a86    _MEM
            0000463d    _MEM_D_NUMSEGMENTS
            00004640    _MEM_D_freelist
            00004642    _MEM_D_lockaddr
            0000463e    _MEM_D_memtab
            00004644    _MEM_D_unlockaddr
00008800                _MEM_init
            00003a32    _MEM_memtab
00008b4c                _OBJ_init
            00003a16    _OBJ_segtab
            000039fa    _OBJ_table
000047e6                _PIP_A_TABBEG
0000484a                _PIP_A_TABEND
            000045e5    _PRD_D_tick
            00004918    _PRD_clock
00001178                _RTA_F_getlog
            000048fe    _RTA_dispatcher
            0000489a    _RTA_fromHost
            000048a6    _RTA_toHost
            00003a8e    _RTDX_Buffer
            00003bb4    _RTDX_Buffer_End
0000656b                _RTDX_Buffer_Initialize
000066aa                _RTDX_Buffer_Read
000065be                _RTDX_Buffer_ReadCB
00006645                _RTDX_Buffer_Size
            00003bb2    _RTDX_Buffer_Start
000066ea                _RTDX_Buffer_Write
00005fbf                _RTDX_Buffer_WriteCB
00006609                _RTDX_Final_RT_Monitor
00006506                _RTDX_H2TPoll
0000613b                _RTDX_Init_RT_Monitor
00000003                _RTDX_JTAGONLY
00000001                _RTDX_LMM
00006680                _RTDX_Mask_IER
0000647e                _RTDX_Mon_Queue
0000624a                _RTDX_Poll
000066cc                _RTDX_Set_IER
00000000                _RTDX_interrupt_mask
            00003ba8    _RTDX_writing
ffffffff                _SARAM
            00003a38    _SEG0
00001e15                _SEM_pend
00000b98                _SEM_pendEnterKnl
00001b5f                _SEM_post
00001b5f                _SEM_postBinary
00001e64                _SEM_postEnterKnl
000048b2                _STS_A_TABBEG
000048ca                _STS_A_TABEND
00001ece                _STS_add
00001eac                _STS_delta
00001ee6                _STS_reset
0000219c                _STS_set
            000045ee    _SWI_D_curfxn
            000045ea    _SWI_D_curmask
            0000462e    _SWI_D_inswi
            000045ec    _SWI_D_lock
            000045f0    _SWI_D_rdybeg
            000045e6    _SWI_data
000000c0                _SWI_enable
000000f3                _SWI_post
            00004646    _SYS
            00004200    _SYS_PUTCBEG
            000043ff    _SYS_PUTCEND
00002170                _SYS_abort
00001ef4                _SYS_exit
            00003a1e    _SYS_exitStack
            00003a2e    _SYS_exitStackPtr
            00003a30    _SYS_exitStackTop
            0000491d    _TRC_R_mask
            00003996    _TSK
            0000397a    _TSK_ATTRS
            00003988    _TSK_config
000015d4                _TSK_exit
            00004850    _TSK_idle
000089e8                _TSK_init
            00003978    _TSK_nTasks
            00003979    _TSK_pid
000016cc                _TSK_setup
00001820                _TSK_startup
            00003998    _TSK_timerSem
000020f8                _UTL_doAbort
0000211c                _UTL_doError
0000200c                _UTL_doPutc
00002194                _UTL_halt
ffffffff                _VECT
            00004656    __HOOK_NUMHOOKS
            00004654    __HOOK_knlId
            000039e6    __MEM_mutex
000014d0                __SEM_dopost
            000024f2    __STACK_END
00000800                __STACK_SIZE
00000200                __SYSSTACK_SIZE
            000039d2    __TSK_mutex
00003d20                ___add_dtor
            0000382c    ___atexit_func_id__
ffffffff                ___binit__
            0000382c    ___bss__
ffffffff                ___c_args__
            00003393    ___cinit__
            00000060    ___data__
            00000060    ___edata__
            00003a8e    ___end__
00003fe2                ___etext__
            00004912    ___pinit__
000021b4                ___text__
            00003a80    __cleanup_ptr
00003b18                __divul
            00003a82    __dtors_ptr
            00003a7c    __lock
00003fb5                __mpyli
00003fd8                __nop
00003fd0                __register_lock
00003fc8                __register_unlock
00003d3f                __remul
            000020f2    __stack
            00001ff2    __sysstack
            00003a7e    __unlock
00003fda                _abort
00003858                _aic3204_init
00003db1                _atexit
00008a6c                _auto_init
00008add                _c_int00
00003cca                _call_dtors
            00003a8c    _dtors
00003f77                _exit
            000039d0    _fsError
            00003a46    _gI2cObj
            00003a88    _hI2s
            00003a56    _i2cHandle
00003c47                _main
00003f38                _memcpy
            000039d1    _ouError
            00003a76    _rtdxNullChanCnt
            00003a77    _rtdxNullFuncCnt
            00003ba2    _rtdx_buffer_state
            00003b90    _rtdx_mon_state
            00003a8b    _rxLeftChannelData
            00003a8a    _rxRightChannelData
            000048d4    _trace
ffffffff                binit
            00003393    cinit
            00000060    edata
            00003a8e    end
00003fe2                etext
            00004876    gblinit
0000ff00                hwi0
0000ff08                hwi1
0000ff50                hwi10
0000ff58                hwi11
0000ff60                hwi12
0000ff68                hwi13
0000ff70                hwi14
0000ff78                hwi15
0000ff80                hwi16
0000ff88                hwi17
0000ff90                hwi18
0000ff98                hwi19
0000ff10                hwi2
0000ffa0                hwi20
0000ffa8                hwi21
0000ffb0                hwi22
0000ffb8                hwi23
0000ffc0                hwi24
0000ffc8                hwi25
0000ffd0                hwi26
0000ffd8                hwi27
0000ffe0                hwi28
0000ffe8                hwi29
0000ff18                hwi3
0000fff0                hwi30
0000fff8                hwi31
0000ff20                hwi4
0000ff28                hwi5
0000ff30                hwi6
0000ff38                hwi7
0000ff40                hwi8
0000ff48                hwi9
00001ff6                iRTA_F_or
000003f8                logPost
            00004912    pinit
0000044a                stsPost
            000048d4    trace
            00003c00    trace$buf
00000001                trace$datatype
00000000                trace$log
00000400                trace$size


GLOBAL SYMBOLS: SORTED BY Symbol Address 

abs. value/
byte addr   word addr   name
---------   ---------   ----
00000000                BUF$
00000000                CLK_COUNTSPMSHIGH
00000000                CLK_IMR1TINTMASK
00000000                CLK_INTBIT
00000000                CLK_PRDHIGH
00000000                CLK_TDDR
00000000                CLK_TDDRHIGH
00000000                CLK_TIMER1ARG
00000000                CLK_TIMER2ARG
00000000                CLK_TIMERNUM
00000000                DEV$
00000000                DGN$
00000000                DHL$
00000000                DHL_gChannelsAvailable
00000000                DIO$
00000000                DIO_NUMSWIBASE
00000000                DIO_NUMTSKBASE
00000000                DIO_STATIC
00000000                DPI$
00000000                GBL_CALLCSLCFGINIT
00000000                GBL_ENABLEICACHE
00000000                GBL_MODIFYCLKMD
00000000                GBL_NULL
00000000                GBL_PROCID
00000000                GBL_ROM
00000000                GBL_SUPPORTCSL
00000000                GBL_USERINIT
00000000                GIO$
00000000                HOOK$
00000000                HOOK_KNLID
00000000                HST_BIOSLINK
00000000                HST_DSM
00000000                HST_NONE
00000000                HWI_RESET
00000000                HWI_ZEROTAB
00000000                IDL_CALIBRERROR
00000000                IDL_busyObj$iB
00000000                IDL_busyObj$operation
00000000                KNL_swi$ord
00000000                KNL_swi$pri
00000000                KNL_swi$sts$unittype
00000000                KNL_swi$swi
00000000                LOG_system$datatype
00000000                LOG_system$log
00000000                MBX$
00000000                MEM_NULL
00000000                MSGQ$
00000000                MSGQ_USEMSGQ
00000000                OBJ$
00000000                PIP$
00000000                PIP_gNextId
00000000                POOL$
00000000                POOL_USEPOOL
00000000                PRD_A_TABLEN
00000000                PRD_SWIHANDLE
00000000                PWRM_PWRM_ADAPTCLK
00000000                PWRM_PWRM_ENABLE
00000000                PWRM_PWRM_IER0
00000000                PWRM_PWRM_IER1
00000000                PWRM_PWRM_SCALING
00000000                RTA_fromHost$hst
00000000                RTA_fromHost$mode
00000000                RTA_toHost$hst
00000000                RTA_toHost$id
00000000                RTDX_MODE
00000000                RTDX_USERTEXECUTION
00000000                SEM$
00000000                SIO$
00000000                SWI_EHOOKFXN
00000000                SWI_IHOOKFXN
00000000                TSK_NUM_HOOKS
00000000                TSK_READYFXN
00000000                TSK_STACKSEG
00000000                TSK_SWITCHFXN
00000000                TSK_idle$ord
00000000                TSK_idle$pri
00000000                TSK_idle$sts$unittype
00000000                TSK_idle$tsk
00000000                UDEV$
00000000                _CLK_TDDR
00000000                _CLK_TIMERNUM
00000000                _CLK_timerNum
00000000                _HWI_RESET
00000000                _RTDX_interrupt_mask
00000000                trace$log
00000001                $TI_capability_requires_rev3
00000001                BUF_ENABLED
00000001                CLK$
00000001                CLK_CALDIV
00000001                CLK_HTIMEDIV
00000001                CLK_LTIMEDIV
00000001                CLK_TIMER0ARG
00000001                CLK_USETIMER
00000001                GBL$
00000001                GBL_CLKMD
00000001                GBL_DCRPOSTEDWRITE
00000001                GBL_ENABLEINST
00000001                GBL_LARGEMODEL
00000001                GBL_boot
00000001                HST$
00000001                HST_RTDX
00000001                HWI$
00000001                HWI_NMI
00000001                IDL$
00000001                IDL_USECLKIDLTIME
00000001                IDL_busyObj$filter
00000001                IDL_busyObj$iA
00000001                IDL_busyObj$iC
00000001                ISRC$
00000001                KNL_swi$dorta
00000001                KNL_swi$sts$filtmaxmult
00000001                KNL_swi$sts$filtsummult
00000001                LCK$
00000001                LOG$
00000001                LOG_ENABLED
00000001                MEM$
00000001                MEM_gNumHeap
00000001                PRD$
00000001                PWRM$
00000001                QUE$
00000001                RTA_fromHost$id
00000001                RTA_toHost$mode
00000001                RTDX$
00000001                RTDX_USERTDX
00000001                STS$
00000001                SWI$
00000001                SWI_A_TABLEN
00000001                SYS$
00000001                TSK$
00000001                TSK_PRIORITY
00000001                TSK_idle$sts$filtmaxmult
00000001                TSK_idle$sts$filtsummult
00000001                _CLK_USETIMER
00000001                _HWI_NMI
00000001                _RTDX_LMM
00000001                trace$datatype
00000002                $TI_capability$C5500$CallingConvention
00000002                $TI_capability$C5500$MemoryModel
00000002                CLK_HTIMEMULT
00000002                GBL_CACHETYPE
00000002                HWI_INT2
00000002                IDL_busyObj$unittype
00000002                KNL_swi$sts$filter
00000002                LOG_A_TABLEN
00000002                PIP_A_TABLEN
00000002                PIP_gNumEmbed
00000002                TSK_idle$sts$filter
00000002                _HWI_INT2
00000002                _LOG_A_TABLEN
00000003                HWI_INT3
00000003                _HWI_INT3
00000003                _RTDX_JTAGONLY
00000004                CLK_CALMULT
00000004                CLK_INTID
00000004                HWI_INT4
00000004                HWI_TINT
00000004                _HWI_INT4
00000004                _HWI_TINT
00000005                HWI_INT5
00000005                PWRM_PWRM_IDLEMASK
00000005                _HWI_INT5
00000006                BIOSDATA_O_CLK_HTIMEDIV
00000006                HWI_INT6
00000006                _HWI_INT6
00000007                HWI_INT7
00000007                _HWI_INT7
00000008                BIOSDATA_O_CLK_HTIMEMULT
00000008                HWI_INT8
00000008                RTA_fromHost$framesize
00000008                _HWI_INT8
00000009                HWI_INT9
00000009                _HWI_INT9
0000000a                BIOSDATA_O_CLK_LTIMEDIV
0000000a                HWI_INT10
0000000a                _HWI_INT10
0000000b                HWI_INT11
0000000b                _HWI_INT11
0000000c                BIOSDATA_O_CLK_LTIMEMULT
0000000c                HWI_INT12
0000000c                _HWI_INT12
0000000d                HWI_INT13
0000000d                _HWI_INT13
0000000e                BIOSDATA_O_CLK_D_DIRTY
0000000e                HWI_INT14
0000000e                _HWI_INT14
0000000f                GBL_PLLM
0000000f                HWI_INT15
0000000f                PWRM_PWRM_INITSP
0000000f                _HWI_INT15
00000010                BIOSDATA_O_CLK_D_PRD
00000010                CLK_IMR0TINTMASK
00000010                CLK_TIMERIMRMASK
00000010                HWI_INT16
00000010                _HWI_INT16
00000011                HWI_INT17
00000011                _HWI_INT17
00000012                BIOSDATA_O_CLK_D_TDDR
00000012                HWI_INT18
00000012                _HWI_INT18
00000013                HWI_INT19
00000013                _HWI_INT19
00000014                BIOSDATA_O_CLK_D_COUNTSPMS
00000014                HWI_INT20
00000014                _HWI_INT20
00000015                HWI_INT21
00000015                _HWI_INT21
00000016                BIOSDATA_O_CLK_D_IDLETIME
00000016                HWI_INT22
00000016                _HWI_INT22
00000017                HWI_INT23
00000017                _HWI_INT23
00000018                BIOSDATA_O_CLK_D_ISRHOOK
00000018                HWI_BERR
00000018                _HWI_BERR
00000019                HWI_DLOG
00000019                _HWI_DLOG
0000001a                BIOSDATA_O_CLK_D_TABBEG
0000001a                HWI_RTOS
0000001a                _HWI_RTOS
0000001b                HWI_SINT27
0000001b                _HWI_SINT27
0000001c                BIOSDATA_O_CLK_D_TIMEFXN
0000001c                HWI_SINT28
0000001c                _HWI_SINT28
0000001d                HWI_SINT29
0000001d                _HWI_SINT29
0000001e                BIOSDATA_O_CLK_R_TIMH
0000001e                HWI_SINT30
0000001e                _HWI_SINT30
0000001f                BIOSDATA_O_CLK_R_TIML
0000001f                HWI_SINT31
0000001f                _HWI_SINT31
00000020                BIOSDATA_O_HST_D_CHANMASK
00000020                CLK_TCR
00000020                _CLK_TCR
00000022                BIOSDATA_O_IDL_D_CALBEG
00000023                PWRM_PWRM_CAPSMASK
00000024                BIOSDATA_O_IDL_D_CALIBRATE
00000026                BIOSDATA_O_IDL_D_TABBEG
00000028                BIOSDATA_O_LOG_D_SYSTEM
0000002a                BIOSDATA_O_PIP_D_TABBEG
0000002c                BIOSDATA_O_PIP_D_TABLEN
0000002e                BIOSDATA_O_PRD_D_CUR
00000030                BIOSDATA_O_PRD_D_ELAPSED
00000031                BIOSDATA_O_PRD_D_PREVTIM
00000032                BIOSDATA_O_PRD_D_SCALAR
00000034                BIOSDATA_O_PRD_D_SWIHANDLE
00000036                BIOSDATA_O_PRD_D_TABBEG
00000037                GBL_DSPTYPE
00000038                BIOSDATA_O_PRD_D_TABLEN
0000003a                BIOSDATA_O_PRD_D_THOOK
0000003c                BIOSDATA_O_PRD_D_TICKH
0000003d                BIOSDATA_O_PRD_D_TICKL
0000003e                BIOSDATA_O_SWI_D_RUNADDR
0000003f                PWRM_PWRM_DS_IDLEMASK
00000040                BIOSDATA_O_SWI_D_EXECADDR
00000040                HST_MAXFRAMESET
00000040                RTA_toHost$framesize
00000042                BIOSDATA_O_SWI_D_CURMASK
00000042                GBL_FOOTPRINT
00000043                BIOSDATA_O_SWI_D_CURSET
00000044                BIOSDATA_O_SWI_D_LOCK
00000045                BIOSDATA_O_SWI_D_CURMBOX
00000045                CLK_TIMERIMR
00000046                BIOSDATA_O_SWI_D_CURFXN
00000046                CLK_TIMERIFR
00000048                BIOSDATA_O_SWI_D_RDYBEG
0000004a                BIOSDATA_O_SWI_D_RDYTAB
00000060                PRD_A_TABBEG
00000060                PRD_A_TABEND
00000064                PIP_OBJSIZE
00000088                BIOSDATA_O_HWI_D_SPSAVE
0000008a                BIOSDATA_O_HWI_D_SSPSAVE
0000008c                BIOSDATA_O_HWI_D_STKBOTADDR
0000008e                BIOSDATA_O_HWI_D_SYSTKBOTADDR
00000090                BIOSDATA_O_HWI_D_STKTOPADDR
00000092                BIOSDATA_O_HWI_D_SYSTKTOPADDR
00000095                BIOSDATA_O_MEM_D_NUMSEGMENTS
00000096                BIOSDATA_O_MEM_D_MEMTAB
00000098                BIOSDATA_O_MEM_D_FREELIST
0000009a                BIOSDATA_O_MEM_D_LOCKADDR
0000009c                BIOSDATA_O_MEM_D_UNLOCKADDR
0000009e                BIOSDATA_O_SYS
000000a0                BIOSDATA_O_HST_D_TABBEGADDR
000000a2                BIOSDATA_O_HST_D_TABENDADDR
000000a4                BIOSDATA_O_TSK_D_IDLSTKADDR
000000a6                BIOSDATA_O_TSK_D_IDLSYSTKADDR
000000a8                BIOSDATA_O_RTDX_D_BUFREAD
000000aa                BIOSDATA_O_RTDX_D_BUFWRITE
            00000060    .data
000000c0                PRD_A_TABBEGb
000000c0                PRD_A_TABENDb
000000c0                SWI_F_enable
000000c0                _SWI_enable
            00000060    ___data__
            00000060    ___edata__
            00000060    edata
000000f3                SWI_F_post
000000f3                _SWI_post
000000ff                HST_MAXFRAMEALLOWED
00000100                TSK_SYSTACKSIZE
00000102                RTDX_BUFMEMSIZE
0000017e                SWI_F_exec_sync
00000200                LOG_system$size
00000200                __SYSSTACK_SIZE
00000206                SWI_EXECFXN
00000206                SWI_F_exec
000002f2                SWI_F_run
000002f2                SWI_RUNFXN
000003e8                CLK_MICROSECS
000003f8                logPost
00000400                HST_DSMMEMSIZE
00000400                TSK_STACKSIZE
00000400                trace$size
0000044a                stsPost
00000494                LNK_F_init
00000496                LNK_F_checkChanEnabled
000004a4                LNK_F_getNextChan
000004bd                LNK_F_getChanPtr
000004ef                LNK_F_dataPump
000004ef                LNK_rcloop
00000543                LNK_rdrtry
0000054d                LNK_rrloop
000005c3                LNK_wrrtry
000005cd                LNK_wrloop
00000640                PWRM_PWRM_INITMILVOLTS
0000065a                LNK_newin
0000073e                LNK_newout
00000800                __STACK_SIZE
00000812                LNK_F_readCallBack
00000812                _LNK_F_readCallBack
00000837                HWI_F_dispatch
00000837                _HWI_F_dispatch
00000a00                DARAM$L
00000a00                _DARAM_length
00000ab6                _HWI_F_DispIsr0
00000b98                _SEM_pendEnterKnl
00000d23                PRD_F_swi
00000e48                PRD_F_tick
00000eac                _KNL_run
00001168                _KNL_tick
00001178                RTA_F_getlog
00001178                _RTA_F_getlog
000011a4                RTA_F_getsts
000011d3                RTA_F_readblk
000011e2                RTA_F_writeword
000011e6                RTA_F_resetmem
00001201                RTA_F_dispatch
000012a8                PIP_F_take
000012fc                PIP_F_probe
000012fe                PIP_F_give
00001370                PIP_F_start
000013c1                _KNL_switch
0000140f                KNL_glue
0000144e                KNL_tick_stub
0000144e                PRD_THOOKFXN
0000146e                _KNL_saveIsrFrame
000014d0                __SEM_dopost
00001581                GBL_CLKTYPE
00001581                GBL_DSPSUBTYPE
000015d4                _TSK_exit
000016cc                _TSK_setup
00001810                CLK_REGS
00001810                _CLK_REGS
00001810                _CLK_timer5505
00001820                _TSK_startup
00001883                _C55_disableIMR0
000018a6                _C55_disableIMR1
000018c9                _C55_enableIMR0
000018e2                _C55_enableIMR1
000018fb                _C55_clearIFR0
00001910                _C55_clearIFR1
00001928                _CLK_start
000019b0                _CLK_stop
000019b8                _KNL_check
00001a13                _KNL_idle
00001a30                _KNL_max
00001a48                _CLK_dispatch
00001a90                CLK_TIMER0FUNC
00001a90                _CLK_isr
00001b0c                _CLK_getfhtime
00001b18                CLK_F_gethtime
00001b18                CLK_TIMEFXN
00001b18                _CLK_getshtime
00001b5f                _SEM_post
00001b5f                _SEM_postBinary
00001be4                _CLK_measure
00001c14                _CLK_timerIAFR
00001c4c                _LOG_printf
00001cb0                _KNL_enter
00001cf0                _KNL_exit
00001d10                _KNL_ipost
00001d6c                _LCK_post
00001d8c                _LCK_pend
00001dc4                LOG_F_event
00001dc4                _LOG_event
00001e15                _SEM_pend
00001e64                _SEM_postEnterKnl
00001eac                STS_F_delta
00001eac                _STS_delta
00001ece                STS_F_add
00001ece                _STS_add
00001ee6                STS_F_reset
00001ee6                _STS_reset
00001ef4                _SYS_exit
00001f3c                IDL_F_busy
00001f3c                _IDL_busy
00001f68                _IDL_init
00001f83                _IDL_calibrate
00001fc9                RTA_F_andn
00001fdf                RTA_F_or
00001ff6                iRTA_F_or
0000200c                SYS_PUTCFXN
0000200c                _UTL_doPutc
00002044                _KNL_post
00002078                CLK_F_itime
00002078                _CLK_itime
000020ac                CLK_TIMER1FUNC
000020ac                CLK_TIMER2FUNC
000020ac                FXN_F_nop
000020ae                FXN_F_run
000020cb                FXN_F_zero
000020cf                FXN_F_selfLoop
000020d1                IDL_CALIBRFXN
000020d1                _IDL_stub
000020f8                SYS_ABORTFXN
000020f8                _UTL_doAbort
0000211c                SYS_ERRORFXN
0000211c                _UTL_doError
0000213c                _HWI_disable
0000214c                _HWI_enable
00002150                _HWI_restore
00002156                _CLK_run
00002161                CLK_F_dispRun
00002161                CLK_HOOKFXN
00002161                _CLK_dispRun
00002170                _SYS_abort
00002187                IDL_F_loop
00002187                _IDL_loop
00002194                SYS_EXITFXN
00002194                _UTL_halt
0000219c                _STS_set
000021a3                _GBL_getVersion
000021ac                GBL_BIOS_BOOTFXN
000021ac                GBL_USERINITFXN
000021ac                GIO_CREATEFXN
000021ac                GIO_DELETEFXN
000021ac                GIO_PENDFXN
000021ac                GIO_POSTFXN
000021ac                PWRM_PWRM_BOOTHOOKFXN
000021ac                TSK_VCREATEFXN
000021ac                TSK_VDELETEFXN
000021ac                TSK_VEXITFXN
000021ac                _FXN_F_nop
000021b0                _CLK_wdogdisable
000021b4                .text
000021b4                _I2C_init
000021b4                ___text__
0000225d                _I2C_config
000023c2                _I2C_getConfig
00002498                _I2C_setup
000024f2                DARAM$B
000024f2                _DARAM_base
00002692                _I2C_write
000028d6                _I2C_read
00002af4                _I2C_eventEnable
00002c28                _I2C_eventDisable
00002d47                _I2C_setCallback
00002dd4                _I2C_getEventId
00002df0                _I2S_open
00002f37                _I2S_setup
00003225                _I2S_close
000032d7                _I2S_read
00003591                _I2S_write
000036e7                _I2S_reset
00003798                _I2S_transEnable
000037e3                _AIC3204_rget
0000382e                _AIC3204_rset
00003858                _aic3204_init
00003862                _ConfigureAic3204
00003a11                _EZDSP5535_I2S_init
00003a6a                _EZDSP5535_I2S_readLeft
00003a9c                _EZDSP5535_I2S_writeLeft
00003ac9                _EZDSP5535_I2S_readRight
00003aea                _EZDSP5535_I2S_writeRight
00003b06                _EZDSP5535_I2S_close
00003b18                __divul
00003bb9                _EZDSP5535_I2C_init
00003bee                _EZDSP5535_I2C_reset
00003bf9                _EZDSP5535_I2C_write
00003c1f                _EZDSP5535_I2C_read
00003c47                _main
00003c78                _HWI_I2S_Rx
00003ca2                _HWI_I2S_Tx
00003cca                _call_dtors
00003d20                ___add_dtor
00003d3f                __remul
00003db1                _atexit
00003e20                _C55_enableInt
00003e54                _C55_disableInt
00003ee4                _EZDSP5535_wait
00003f18                _EZDSP5535_waitusec
00003f2a                _EZDSP5535_init
00003f38                _memcpy
00003f77                _exit
00003fb5                I$$LMPY
00003fb5                __mpyli
00003fc8                __register_unlock
00003fd0                __register_lock
00003fd8                __nop
00003fda                _abort
00003fdb                C$$EXIT
00003fe2                ___etext__
00003fe2                etext
            00001ff2    GBL_sysstackbeg
            00001ff2    _HWI_SYSSTKTOP
            00001ff2    __sysstack
00004000                PRD_SCALAR
00004000                TRC_GBLTARG
            000020f1    GBL_sysstackend
            000020f2    GBL_stackbeg
            000020f2    _HWI_STKTOP
            000020f2    _HWI_SYSSTKBOTTOM
            000020f2    __stack
000047e6                PIP_A_TABBEG
000047e6                _PIP_A_TABBEG
0000484a                PIP_A_TABEND
0000484a                _PIP_A_TABEND
00004898                HST_A_TABBEG
00004898                _HST_A_TABBEG
000048b2                HST_A_TABEND
000048b2                STS_A_TABBEG
000048b2                _HST_A_TABEND
000048b2                _STS_A_TABBEG
000048ca                LOG_A_TABBEG
000048ca                STS_A_TABEND
000048ca                _LOG_A_TABBEG
000048ca                _STS_A_TABEND
000048de                LOG_A_TABEND
000048de                SWI_A_TABBEG
000048de                _LOG_A_TABEND
000048f2                SWI_A_TABEND
000048fa                IDL_A_TABBEG
00004902                IDL_A_CALBEG
00004918                CLK_A_TABBEG
            000024f1    GBL_stackend
000049e4                DARAM$Bb
000049e4                _DARAM_baseb
            000024f2    _HWI_STKBOTTOM
            000024f2    __STACK_END
00004e20                GBL_CLKIN
00005205                GBL_A_VERSION
            000029f2    TSK_idle$stack
            00002dd4    TSK_idle$stkptr
            00002df2    TSK_idle$sysstack
            00002ed4    TSK_idle$sysstkptr
00005fbf                _RTDX_Buffer_WriteCB
0000613b                _RTDX_Init_RT_Monitor
0000624a                _RTDX_Poll
0000647e                _RTDX_Mon_Queue
00006506                _RTDX_H2TPoll
0000656b                _RTDX_Buffer_Initialize
000065be                _RTDX_Buffer_ReadCB
00006609                _RTDX_Final_RT_Monitor
00006645                _RTDX_Buffer_Size
00006680                _RTDX_Mask_IER
000066aa                _RTDX_Buffer_Read
000066cc                _RTDX_Set_IER
000066ea                _RTDX_Buffer_Write
            00003393    ___cinit__
            00003393    cinit
            0000382c    .bss
            0000382c    ___atexit_func_id__
            0000382c    ___bss__
            000038ee    _KNL_wFlag
            000038ef    _KNL_set
            000038f0    _KNL_queues
            00003940    _KNL_wList
            00003942    _KNL_alarm
            00003944    _KNL_setpri
            00003946    _KNL_inactive
            00003948    _KNL_priority
            0000394a    _KNL_dummy
            00003962    _KNL_curtask
            00003964    _KNL_prevtask
            00003966    _KNL_curtime
            00003968    _KNL_swiptr
            0000396a    _KNL_curqueue
            0000396c    _KNL_maxqueue
            0000396e    _KNL_tswitchfxn
            00003970    _KNL_tcreatefxn
            00003972    _KNL_tdeletefxn
            00003974    _KNL_treadyfxn
            00003976    _KNL_idlefxn
            00003978    _TSK_nTasks
            00003979    _TSK_pid
            0000397a    _TSK_ATTRS
            00003988    _TSK_config
            00003996    _TSK
            00003998    _TSK_timerSem
            000039d0    _fsError
            000039d1    _ouError
            000039d2    __TSK_mutex
            000039e6    __MEM_mutex
            000039fa    _OBJ_table
            00003a16    _OBJ_segtab
            00003a1e    _SYS_exitStack
            00003a2e    _SYS_exitStackPtr
            00003a30    _SYS_exitStackTop
            00003a32    _MEM_memtab
            00003a38    DARAM
            00003a38    HST_DSMBUFSEG
            00003a38    MEM_MALLOCSEG
            00003a38    MEM_SEGZERO
            00003a38    RTDX_DATAMEMSEG
            00003a38    _DARAM
            00003a38    _SEG0
            00003a3a    RTA_fromHost$pipe$dtab
            00003a40    RTA_toHost$pipe$dtab
            00003a46    _gI2cObj
            00003a56    _i2cHandle
            00003a58    _CLK_timer0func
            00003a5a    _CLK_timer1func
            00003a5c    _CLK_timer2func
            00003a5e    _CLK_timer0arg
            00003a60    _CLK_timer1arg
            00003a62    _CLK_timer2arg
            00003a76    _rtdxNullChanCnt
            00003a77    _rtdxNullFuncCnt
            00003a78    _CLK_DFLTMICROSECS
            00003a7a    _CLK_D_microseconds
            00003a7c    __lock
            00003a7e    __unlock
            00003a80    __cleanup_ptr
            00003a82    __dtors_ptr
            00003a84    _CLK_htimePerLtime
            00003a86    _MEM
            00003a88    _hI2s
            00003a8a    _rxRightChannelData
            00003a8b    _rxLeftChannelData
            00003a8c    _dtors
            00003a8e    _RTDX_Buffer
            00003a8e    ___end__
            00003a8e    end
            00003b90    _rtdx_mon_state
            00003ba2    _rtdx_buffer_state
            00003ba8    _RTDX_writing
            00003bb2    _RTDX_Buffer_Start
            00003bb4    _RTDX_Buffer_End
            00003bb6    RTA_toHost$buf
            00003c00    trace$buf
00008000                GBL_PLLDIV0
            00004000    LOG_system$buf
00008003                GBL_PLLDIV1
            00004200    _SYS_PUTCBEG
            000043ff    _SYS_PUTCEND
00008800                _MEM_init
00008911                BIOS_init
00008911                _BIOS_init
000089a2                BIOS_start
000089a2                _BIOS_start
000089e8                _TSK_init
00008a6c                _auto_init
00008add                _c_int00
00008b4c                _OBJ_init
            000045a8    C55_BIOSDATAOBJ
            000045a8    _GBL_procId
            000045aa    _GBL_clkIn
            000045ac    _GBL_freq
            000045ae    _CLK_htimeDiv
            000045b0    _CLK_htimeMult
            000045b2    _CLK_ltimeDiv
            000045b4    _CLK_ltimeMult
            000045b6    _CLK_D_dirty
            000045b8    _CLK_D_prd
            000045ba    _CLK_D_tddr
            000045bc    _CLK_D_countspms
            000045be    CLK_D_idletime
            000045c0    CLK_D_isrhook
            000045c0    _CLK_isrhook
            000045c2    CLK_D_tabbeg
            000045c4    CLK_D_timefxn
            000045c6    CLK_R_timh
            000045c6    _CLK_time
            000045c7    CLK_R_timl
            000045c8    HST_D_chanmask
            000045ca    IDL_D_calbeg
            000045cc    IDL_D_calibrate
            000045ce    IDL_D_tabbeg
            000045d0    LOG_D_system
            000045d0    _LOG_D_system
            000045d2    PIP_D_tabbeg
            000045d4    PIP_D_tablen
            000045d6    PRD_D_cur
            000045d8    PRD_D_elapsed
            000045d9    PRD_D_prevtim
            000045da    PRD_D_scalar
            000045dc    PRD_D_swihandle
            000045de    PRD_D_tabbeg
            000045e0    PRD_D_tablen
            000045e2    PRD_D_thook
            000045e4    PRD_D_tickh
            000045e5    PRD_D_tickl
            000045e5    _PRD_D_tick
            000045e6    SWI_D_runaddr
            000045e6    _SWI_data
            000045e8    SWI_D_execaddr
            000045ea    SWI_D_curmask
            000045ea    _SWI_D_curmask
            000045eb    SWI_D_curset
            000045ec    SWI_D_lock
            000045ec    _SWI_D_lock
            000045ed    SWI_D_curmbox
            000045ee    SWI_D_curfxn
            000045ee    _SWI_D_curfxn
            000045f0    SWI_D_rdybeg
            000045f0    _SWI_D_rdybeg
            000045f2    SWI_D_rdytab
            0000462e    SWI_D_inswi
            0000462e    _SWI_D_inswi
            00004630    HWI_D_spsave
            00004630    _HWI_D_spsave
            00004630    _HWI_data
            00004632    HWI_D_sspsave
            00004632    _HWI_D_sspsave
            00004634    HWI_D_stkbotaddr
            00004636    HWI_D_systkbotaddr
            00004638    HWI_D_stktopaddr
            0000463a    HWI_D_systktopaddr
            0000463c    HWI_D_inhwi
            0000463c    _HWI_D_inhwi
            0000463d    _MEM_D_NUMSEGMENTS
            0000463e    _MEM_D_memtab
            00004640    _MEM_D_freelist
            00004642    _MEM_D_lockaddr
            00004644    _MEM_D_unlockaddr
            00004646    _SYS
            00004648    HST_D_tabbegaddr
            0000464a    HST_D_tabendaddr
            0000464c    TSK_D_idlstkaddr
            0000464e    TSK_D_idlsystkaddr
            00004650    RTDX_D_BufRead
            00004652    RTDX_D_BufWrite
            00004654    __HOOK_knlId
            00004656    __HOOK_NUMHOOKS
            00004658    RTA_D_fromHost
            0000465a    RTA_D_toHost
            0000465c    RTA_D_logval
            00004666    RTA_D_stsval
            0000466e    LNKCTRL
            0000466e    LNK_D_fromHostMask
            0000466f    LNK_D_dataReadyMask
            00004670    LNK_D_readPend
            00004671    LNK_D_readDone
            00004672    LNK_D_readFail
            00004673    LNK_D_writeFail
            00004674    IDL_D_busyObj
            00004676    _HWI_dispatchTab
            000047e5    _HST_HOST_CHANNEL_DRIVER
00008fcc                PIP_A_TABBEGb
            000047e6    RTA_fromHost$pipe
            000047e8    RTA_fromHost$pipe$rd
            000047ea    RTA_fromHost$pipe$rdaddr
            000047ec    RTA_fromHost$pipe$rdsize
            000047ed    KNL_swi$sts$maxfmt
            000047ee    RTA_fromHost$pipe$rdcurdesc
            000047f5    KNL_swi$sts$sumfmt
            000047fd    KNL_swi$sts$avgfmt
            000047fe    RTA_fromHost$pipe$rdstshdl
            00004800    RTA_fromHost$pipe$wr
            00004802    RTA_fromHost$pipe$wraddr
            00004804    RTA_fromHost$pipe$wrsize
            00004806    RTA_fromHost$pipe$wrcurdesc
            00004807    TSK_idle$sts$maxfmt
            0000480f    TSK_idle$sts$sumfmt
            00004816    RTA_fromHost$pipe$wrstshdl
            00004817    TSK_idle$sts$avgfmt
            00004818    RTA_toHost$pipe
            0000481a    RTA_toHost$pipe$rd
            0000481c    RTA_toHost$pipe$rdaddr
            0000481e    RTA_toHost$pipe$rdsize
            00004820    RTA_toHost$pipe$rdcurdesc
            00004821    IDL_busyObj$maxfmt
            00004824    IDL_busyObj$sumfmt
            00004827    IDL_busyObj$avgfmt
            00004830    RTA_toHost$pipe$rdstshdl
            00004832    RTA_toHost$pipe$wr
            00004834    RTA_toHost$pipe$wraddr
            00004836    RTA_toHost$pipe$wrsize
            00004838    RTA_toHost$pipe$wrcurdesc
            00004848    RTA_toHost$pipe$wrstshdl
00009094                PIP_A_TABENDb
            00004850    TSK_idle
            00004850    _TSK_idle
            00004868    TSK_idle$tskobj
            00004876    gblinit
00009130                HST_A_TABBEGb
            0000489a    RTA_fromHost
            0000489a    _RTA_fromHost
            0000489e    RTA_fromHost$rtdx
            000048a6    RTA_toHost
            000048a6    _RTA_toHost
            000048aa    RTA_toHost$rtdx
00009164                HST_A_TABENDb
            000048b2    KNL_swi$sts$stsobj
00009164                STS_A_TABBEGb
            000048b4    KNL_swi$sts
            000048ba    TSK_idle$sts$stsobj
            000048bc    TSK_idle$sts
            000048c2    IDL_busyObj$stsobj
            000048c4    IDL_busyObj
            000048c4    _IDL_busyObj
00009194                LOG_A_TABBEGb
            000048ca    LOG_system
00009194                STS_A_TABENDb
            000048ca    _LOG_system
            000048d4    _trace
            000048d4    trace
            000048de    KNL_swi
000091bc                LOG_A_TABENDb
000091bc                SWI_A_TABBEGb
            000048de    _KNL_swi
            000048f2    RTA_fromHost$buf
000091e4                SWI_A_TABENDb
000091f4                IDL_A_TABBEGb
            000048fa    IDL_cpuLoad
            000048fa    _IDL_cpuLoad
            000048fc    LNK_dataPump
            000048fc    _LNK_dataPump
            000048fe    RTA_dispatcher
            000048fe    _RTA_dispatcher
            00004900    IDL_END
00009204                IDL_A_CALBEGb
            00004902    IDL_cpuLoad$
            00004904    LNK_dataPump$
            00004906    RTA_dispatcher$
            00004908    IDL_END$
            0000490a    SYS$config
            00004912    ___pinit__
            00004912    pinit
00009230                CLK_A_TABBEGb
            00004918    PRD_clock
            00004918    _PRD_clock
            0000491a    CLK_NULL
            0000491c    TRC_cinit
            0000491d    TRC_R_mask
            0000491d    _TRC_R_mask
            0000491e    GBL_initdone
0000c34f                CLK_PRD
0000c34f                _CLK_PRD
0000c350                CLK_COUNTSPMS
0000c350                CLK_HTIMEPERLTIME
0000c350                _CLK_COUNTSPMS
0000dbef                GBL_TRCMASKVALUE
0000ff00                HWI_A_VECS
0000ff00                hwi0
0000ff08                hwi1
0000ff10                hwi2
0000ff18                hwi3
0000ff20                hwi4
0000ff28                hwi5
0000ff30                hwi6
0000ff38                hwi7
0000ff40                hwi8
0000ff48                hwi9
0000ff50                hwi10
0000ff58                hwi11
0000ff60                hwi12
0000ff68                hwi13
0000ff70                hwi14
0000ff78                hwi15
0000ff80                hwi16
0000ff88                hwi17
0000ff90                hwi18
0000ff98                hwi19
0000ffa0                hwi20
0000ffa8                hwi21
0000ffb0                hwi22
0000ffb8                hwi23
0000ffc0                hwi24
0000ffc8                hwi25
0000ffd0                hwi26
0000ffd8                hwi27
0000ffe0                hwi28
0000ffe8                hwi29
0000fff0                hwi30
0000fff8                hwi31
000186a0                CLK_LTIMEMULT
000186a0                GBL_FREQ
00f80000                GBL_CACHEICRTAG1
00f81000                GBL_CACHEICRTAG2
ffffffff                SARAM
ffffffff                VECT
ffffffff                _SARAM
ffffffff                _VECT
ffffffff                ___binit__
ffffffff                ___c_args__
ffffffff                binit

[898 symbols]
