******************************************************************************
              TMS320C55x Linker PC v4.4.1                      
******************************************************************************
>> Linked Fri Apr 04 10:03:23 2025

OUTPUT FILE NAME:   <biosExample.out>
ENTRY POINT SYMBOL: "_c_int00"  address: 0000badd


MEMORY CONFIGURATION

         name            origin    length      used     unused   attr    fill
                        (bytes)   (bytes)    (bytes)   (bytes)
----------------------  --------  ---------  --------  --------  ----  --------
  DARAM                 000000c0   0000fe40  0000c2d0  00003b70  RWIX
  VECT                  0000ff00   00000100  00000100  00000000  RWIX
  SARAM                 00010000   00040000  00000ea6  0003f15a  RWIX


SECTION ALLOCATION MAP
(Addresses surrounded by []'s are displayed for convenience only!)

output                                                          attributes/
section   page  orgn(bytes) orgn(words) len(bytes) len(words)   input sections
--------  ----  ----------- ----------- ---------- ----------   --------------
.vers        0   [ 00000000 ]  00000000          *   0000003c   COPY SECTION
                 [ 00000000 ]  00000000          *   0000003c   hellocfg.obj (.vers)

.prd         0   [ 000000c0 ]  00000060          *   00000000   UNINITIALIZED

.text        0     000000c0  [ 00000060 ] 00004a8c          *   
                   000000c0  [ 00000060 ] 00000c3c          *   cslVC5505.lib : csl_i2c.obj (.text)
                   00000cfc  [ 0000067e ] 00000b18          *                 : csl_sar.obj (.text)
                   00001814  [ 00000c0a ] 000009f3          *                 : csl_i2s.obj (.text)
                   00002207  [ 00001103+] 0000068d          *                 : csl_gpio.obj (.text)
                   00002894  [ 0000144a ] 00000555          *   aic3204.obj (.text)
                   00002de9  [ 000016f4+] 000003cc          *   rts55x.lib : divd.obj (.text)
                   000031b5  [ 000018da+] 000002b5          *   ezdsp5535_lcd.obj (.text)
                   0000346a  [ 00001a35 ] 0000025a          *   rts55x.lib : addd.obj (.text)
                   000036c4  [ 00001b62 ] 000001f2          *              : sin.obj (.text)
                   000038b6  [ 00001c5b ] 000001ea          *              : cmpd.obj (.text)
                   00003aa0  [ 00001d50 ] 000001d4          *   ezdsp5535_led.obj (.text)
                   00003c74  [ 00001e3a ] 0000016a          *   audioProcessing.obj (.text)
                   00003dde  [ 00001eef ] 0000014c          *   rts55x.lib : mpyd.obj (.text)
                   00003f2a  [ 00001f95 ] 0000011f          *   ezdsp5535_sar.obj (.text)
                   00004049  [ 00002024+] 000000e8          *   main.obj (.text)
                   00004131  [ 00002098+] 000000d0          *   ezdsp5535_i2s.obj (.text)
                   00004201  [ 00002100+] 000000bf          *   rts55x.lib : modf.obj (.text)
                   000042c0  [ 00002160 ] 000000a1          *              : divul.obj (.text)
                   00004361  [ 000021b0+] 00000084          *   nco (1).obj (.text)
                   000043e5  [ 000021f2+] 00000077          *   rts55x.lib : fixdul.obj (.text)
                   0000445c  [ 0000222e ] 00000076          *              : frcmpyd.obj (.text)
                   000044d2  [ 00002269 ] 00000075          *              : sinit.obj (.text)
                   00004547  [ 000022a3+] 00000073          *              : frcmpyd_div.obj (.text)
                   000045ba  [ 000022dd ] 00000072          *              : remul.obj (.text)
                   0000462c  [ 00002316 ] 0000006f          *   ezdsp5535_i2c.obj (.text)
                   0000469b  [ 0000234d+] 0000006f          *   rts55x.lib : atexit.obj (.text)
                   0000470a  [ 00002385 ] 0000006f          *              : fixdli.obj (.text)
                   00004779  [ 000023bc+] 0000006c          *   ezdsp5535_gpio.obj (.text)
                   000047e5  [ 000023f2 ] 00000003          *   --HOLE-- [fill = 20]
                   000047e8  [ 000023f4 ] 00000067          *   bios.a55L : c55_enable.o55L (.text)
                   0000484f  [ 00002427+] 00000067          *   rts55x.lib : fltlid.obj (.text)
                   000048b6  [ 0000245b ] 0000005f          *              : round.obj (.text)
                   00004915  [ 0000248a ] 00000003          *   --HOLE-- [fill = 20]
                   00004918  [ 0000248c ] 0000005c          *   bios.a55L : tsk_stup.o55L (.text)
                   00004974  [ 000024ba ] 0000004e          *   myfir.obj (.text)
                   000049c2  [ 000024e1 ] 00000045          *   ezdsp5535.obj (.text)
                   00004a07  [ 00002503+] 00000041          *   rts55x.lib : trunc.obj (.text)
                   00004a48  [ 00002524 ] 0000003f          *              : memcpy.obj (.text)
                   00004a87  [ 00002543+] 0000003e          *              : exit.obj (.text)
                   00004ac5  [ 00002562+] 0000002a          *              : fixdi.obj (.text)
                   00004aef  [ 00002577+] 00000014          *              : subd.obj (.text)
                   00004b03  [ 00002581+] 00000013          *              : lmpy.obj (.text)
                   00004b16  [ 0000258b ] 00000012          *              : _lock.obj (.text)
                   00004b28  [ 00002594 ] 00000010          *              : negd.obj (.text)
                   00004b38  [ 0000259c ] 0000000c          *              : fltid.obj (.text)
                   00004b44  [ 000025a2 ] 00000007          *              : exit.obj (.text:CIO_breakpoint)
                   00004b4b  [ 000025a5 ] 00000001          *   --HOLE-- [fill = 20]

.data        0   [ 000000c0 ]  00000060          *   00000000   UNINITIALIZED

.bios        0     00004b4c  [ 000025a6 ] 00002090          *   
                   00004b4c  [ 000025a6 ] 000003d4          *   bios.a55L : swi.o55L (.bios)
                   00004f20  [ 00002790 ] 000003a3          *   lnkrtdx.a55L : rtdx.o55L (.bios)
                   000052c3  [ 00002961+] 0000035f          *   bios.a55L : hwi_disp_asm.o55L (.bios)
                   00005622  [ 00002b11 ] 00000002          *   --HOLE-- [fill = 20]
                   00005624  [ 00002b12 ] 0000018b          *             : sem_pend.o55L (.bios)
                   000057af  [ 00002bd7+] 00000186          *             : prd.o55L (.bios)
                   00005935  [ 00002c9a ] 00000003          *   --HOLE-- [fill = 20]
                   00005938  [ 00002c9c ] 00000185          *             : knl_run.o55L (.bios)
                   00005abd  [ 00002d5e ] 00000003          *   --HOLE-- [fill = 20]
                   00005ac0  [ 00002d60 ] 00000144          *             : knl_tick.o55L (.bios)
                   00005c04  [ 00002e02 ] 00000130          *             : rta.o55L (.bios)
                   00005d34  [ 00002e9a ] 00000119          *             : pip.o55L (.bios)
                   00005e4d  [ 00002f26+] 0000010e          *             : knl_swit.o55L (.bios)
                   00005f5b  [ 00002fad ] 00000001          *   --HOLE-- [fill = 20]
                   00005f5c  [ 00002fae ] 00000104          *             : sem_dopo.o55L (.bios)
                   00006060  [ 00003030 ] 000000f8          *             : tsk_exit.o55L (.bios)
                   00006158  [ 000030ac ] 000000f6          *             : tsk_setu.o55L (.bios)
                   0000624e  [ 00003127 ] 00000002          *   --HOLE-- [fill = 20]
                   00006250  [ 00003128 ] 000000bf          *             : tsk_stup.o55L (.bios)
                   0000630f  [ 00003187+] 000000a2          *             : c55_c.o55L (.bios)
                   000063b1  [ 000031d8 ] 00000003          *   --HOLE-- [fill = 20]
                   000063b4  [ 000031da ] 00000090          *   bios5505.a55L : clk5505_start.o55L (.bios)
                   00006444  [ 00003222 ] 0000008d          *   bios.a55L : knl_chec.o55L (.bios)
                   000064d1  [ 00003268 ] 00000003          *   --HOLE-- [fill = 20]
                   000064d4  [ 0000326a ] 0000008d          *   bios5505.a55L : clk5505_isr.o55L (.bios)
                   00006561  [ 000032b0 ] 00000003          *   --HOLE-- [fill = 20]
                   00006564  [ 000032b2 ] 00000087          *                 : clk5505_htime.o55L (.bios)
                   000065eb  [ 000032f5+] 00000082          *   bios.a55L : sem_post_asm.o55L (.bios)
                   0000666d  [ 00003336 ] 00000003          *   --HOLE-- [fill = 20]
                   00006670  [ 00003338 ] 00000068          *   bios5505.a55L : clk5505_meas.o55L (.bios)
                   000066d8  [ 0000336c ] 0000005f          *   bios.a55L : knl_exit.o55L (.bios)
                   00006737  [ 0000339b ] 00000001          *   --HOLE-- [fill = 20]
                   00006738  [ 0000339c ] 0000005b          *             : knl_ipos.o55L (.bios)
                   00006793  [ 000033c9 ] 00000001          *   --HOLE-- [fill = 20]
                   00006794  [ 000033ca ] 00000058          *             : lck.o55L (.bios)
                   000067ec  [ 000033f6 ] 00000051          *             : log.o55L (.bios)
                   0000683d  [ 0000341e+] 0000004e          *             : sem_pend_counting.o55L (.bios)
                   0000688b  [ 00003445 ] 00000001          *   --HOLE-- [fill = 20]
                   0000688c  [ 00003446 ] 00000048          *             : sem_post.o55L (.bios)
                   000068d4  [ 0000346a ] 00000048          *             : sts.o55L (.bios)
                   0000691c  [ 0000348e ] 00000048          *             : sys_exit.o55L (.bios)
                   00006964  [ 000034b2 ] 00000047          *             : idl_busy.o55L (.bios)
                   000069ab  [ 000034d5+] 00000046          *             : idl_cal.o55L (.bios)
                   000069f1  [ 000034f8+] 00000043          *             : rta_andn.o55L (.bios)
                   00006a34  [ 0000351a ] 00000036          *             : utl_putc.o55L (.bios)
                   00006a6a  [ 00003535 ] 00000002          *   --HOLE-- [fill = 20]
                   00006a6c  [ 00003536 ] 00000034          *             : knl_post.o55L (.bios)
                   00006aa0  [ 00003550 ] 00000034          *   bios5505.a55L : clk_itime.o55L (.bios)
                   00006ad4  [ 0000356a ] 00000025          *   bios.a55L : fxn.o55L (.bios)
                   00006af9  [ 0000357c+] 00000024          *             : idl_stub.o55L (.bios)
                   00006b1d  [ 0000358e ] 00000003          *   --HOLE-- [fill = 20]
                   00006b20  [ 00003590 ] 00000023          *             : utl_doab.o55L (.bios)
                   00006b43  [ 000035a1 ] 00000001          *   --HOLE-- [fill = 20]
                   00006b44  [ 000035a2 ] 00000020          *             : utl_doer.o55L (.bios)
                   00006b64  [ 000035b2 ] 0000001a          *             : hwi_xable.o55L (.bios)
                   00006b7e  [ 000035bf ] 00000017          *             : clk_run.o55L (.bios)
                   00006b95  [ 000035ca ] 00000003          *   --HOLE-- [fill = 20]
                   00006b98  [ 000035cc ] 00000017          *             : sys_abor.o55L (.bios)
                   00006baf  [ 000035d7+] 0000000c          *             : idl.o55L (.bios)
                   00006bbb  [ 000035dd ] 00000001          *   --HOLE-- [fill = 20]
                   00006bbc  [ 000035de ] 00000008          *             : utl_halt.o55L (.bios)
                   00006bc4  [ 000035e2 ] 00000007          *             : sts_set.o55L (.bios)
                   00006bcb  [ 000035e5+] 00000006          *             : gbl_vers.o55L (.bios)
                   00006bd1  [ 000035e8 ] 00000003          *   --HOLE-- [fill = 20]
                   00006bd4  [ 000035ea ] 00000002          *             : fxn_c.o55L (.bios)
                   00006bd6  [ 000035eb ] 00000002          *   --HOLE-- [fill = 20]
                   00006bd8  [ 000035ec ] 00000002          *   bios5505.a55L : clk5505_wdog.o55L (.bios)
                   00006bda  [ 000035ed ] 00000002          *   --HOLE-- [fill = 20]

.sysstack 
*            0   [ 00006bdc ]  000035ee          *   00000100   UNINITIALIZED
                 [ 00006bdc ]  000035ee          *   00000100   --HOLE--

.stack       0   [ 00006ddc ]  000036ee          *   00000400   UNINITIALIZED
                 [ 00006ddc ]  000036ee          *   00000400   --HOLE--

.DARAM$heap 
*            0   [ 000075dc ]  00003aee          *   00000500   UNINITIALIZED
                 [ 000075dc ]  00003aee          *   00000500   --HOLE--

.TSK_idle$stk 
*            0   [ 00007fdc ]  00003fee          *   00000500   UNINITIALIZED
                 [ 00007fdc ]  00003fee          *   00000500   hellocfg.obj (.TSK_idle$stk)

.User_interface$stk 
*            0   [ 000089dc ]  000044ee          *   00000500   UNINITIALIZED
                 [ 000089dc ]  000044ee          *   00000500   hellocfg.obj (.User_interface$stk)

.rtdx_text 
*            0     000093dc  [ 000049ee ] 00000942          *   
                   000093dc  [ 000049ee ] 000001db          *   rtdxx.lib : buffer1.o55L (.rtdx_text:_RTDX_write_next)
                   000095b7  [ 00004adb+] 0000017c          *             : buffer1.o55L (.rtdx_text:_RTDX_Buffer_WriteCB)
                   00009733  [ 00004b99+] 0000010f          *             : rtdx_mon.o55L (.rtdx_text:_RTDX_Init_RT_Monitor)
                   00009842  [ 00004c21 ] 000000ec          *             : rtdx_mon.o55L (.rtdx_text:_RTDX_Poll)
                   0000992e  [ 00004c97 ] 000000b5          *             : buffer1.o55L (.rtdx_text:_claim)
                   000099e3  [ 00004cf1+] 00000093          *             : rtdx_mon.o55L (.rtdx_text:_StartXFer)
                   00009a76  [ 00004d3b ] 00000088          *             : rtdx_mon.o55L (.rtdx_text:_RTDX_Mon_Queue)
                   00009afe  [ 00004d7f ] 00000065          *             : rtdx_mon.o55L (.rtdx_text:_RTDX_H2TPoll)
                   00009b63  [ 00004db1+] 00000053          *             : buffer1.o55L (.rtdx_text:_RTDX_Buffer_Initialize)
                   00009bb6  [ 00004ddb ] 0000004b          *             : buffer2.o55L (.rtdx_text:_RTDX_Buffer_ReadCB)
                   00009c01  [ 00004e00+] 0000003c          *             : rtdx_mon.o55L (.rtdx_text:_RTDX_Final_RT_Monitor)
                   00009c3d  [ 00004e1e+] 0000003b          *             : buffer1.o55L (.rtdx_text:_RTDX_Buffer_Size)
                   00009c78  [ 00004e3c ] 0000002a          *             : intr_tgt.o55L (.rtdx_text:_RTDX_Mask_IER)
                   00009ca2  [ 00004e51 ] 00000022          *             : buffer2.o55L (.rtdx_text:_RTDX_Buffer_Read)
                   00009cc4  [ 00004e62 ] 0000001e          *             : intr_tgt.o55L (.rtdx_text:_RTDX_Set_IER)
                   00009ce2  [ 00004e71 ] 0000001c          *             : buffer1.o55L (.rtdx_text:_RTDX_Buffer_Write)
                   00009cfe  [ 00004e7f ] 00000017          *             : rtdx_mon.o55L (.rtdx_text:_Allow_EmuAccess)
                   00009d15  [ 00004e8a+] 00000004          *             : rtdx_mon.o55L (.rtdx_text:_Disallow_EmuAccess)
                   00009d19  [ 00004e8c+] 00000004          *             : rtdx_mon.o55L (.rtdx_text:_Wait)
                   00009d1d  [ 00004e8e ] 00000001          *   --HOLE-- [fill = 20]

.mem         0   [ 00009d1e ]  00004e8f          *   00000001   UNINITIALIZED
                 [ 00009d1e ]  00004e8f          *   00000001   hellocfg.obj (.mem)

.bss         0   [ 00009d20 ]  00004e90          *   0000046c   UNINITIALIZED
                 [ 00009d20 ]  00004e90          *   000001ee   audioProcessing.obj (.bss)
                 [ 0000a0fc ]  0000507e          *   000000c2   rts55x.lib : atexit.obj (.bss)
                 [ 0000a280 ]  00005140          *   0000008a   bios.a55L : knl.o55L (.bss)
                 [ 0000a394 ]  000051ca          *   00000030             : tsk.o55L (.bss)
                 [ 0000a3f4 ]  000051fa          *   0000002a   cslVC5505.lib : csl_i2s.obj (.bss)
                 [ 0000a448 ]  00005224          *   00000028   bios.a55L : tsk_stup.o55L (.bss)
                 [ 0000a498 ]  0000524c          *   00000023             : obj_init.o55L (.bss)
                 [ 0000a4de ]  0000526f          *   00000001   --HOLE--
                 [ 0000a4e0 ]  00005270          *   00000014             : sys.o55L (.bss)
                 [ 0000a508 ]  00005284          *   00000014   hellocfg.obj (.bss)
                 [ 0000a530 ]  00005298          *   00000012   cslVC5505.lib : csl_i2c.obj (.bss)
                 [ 0000a554 ]  000052aa          *   0000000c   bios5505.a55L : clk5505_data.o55L (.bss)
                 [ 0000a56c ]  000052b6          *   00000009   main.obj (.bss)
                 [ 0000a57e ]  000052bf          *   00000001   --HOLE--
                 [ 0000a580 ]  000052c0          *   00000008   bios.a55L : knl_tick.o55L (.bss)
                 [ 0000a590 ]  000052c8          *   00000008   ezdsp5535_sar.obj (.bss)
                 [ 0000a5a0 ]  000052d0          *   00000008   rts55x.lib : sin.obj (.bss)
                 [ 0000a5b0 ]  000052d8          *   00000006   bios.a55L : utl_putc.o55L (.bss)
                 [ 0000a5bc ]  000052de          *   00000006   rtdxx.lib : buffer1.o55L (.bss)
                 [ 0000a5c8 ]  000052e4          *   00000004   bios.a55L : clk_data.o55L (.bss)
                 [ 0000a5d0 ]  000052e8          *   00000004   ezdsp5535_gpio.obj (.bss)
                 [ 0000a5d8 ]  000052ec          *   00000004   rts55x.lib : _lock.obj (.bss)
                 [ 0000a5e0 ]  000052f0          *   00000004              : exit.obj (.bss)
                 [ 0000a5e8 ]  000052f4          *   00000002   bios.a55L : clk_data2.o55L (.bss)
                 [ 0000a5ec ]  000052f6          *   00000002             : mem_asm.o55L (.bss)
                 [ 0000a5f0 ]  000052f8          *   00000002   ezdsp5535_i2s.obj (.bss)
                 [ 0000a5f4 ]  000052fa          *   00000002   rts55x.lib : sinit.obj (.bss)

.sysdata     0   [ 0000a5f8 ]  000052fc          *   000000ce   UNINITIALIZED
                 [ 0000a5f8 ]  000052fc          *   000000b0   bios.a55L : biosdata.o55L (.sysdata)
                 [ 0000a758 ]  000053ac          *   00000016             : rta.o55L (.sysdata)
                 [ 0000a784 ]  000053c2          *   00000006   lnkrtdx.a55L : rtdx.o55L (.sysdata)
                 [ 0000a790 ]  000053c8          *   00000002   bios.a55L : idl_busy.o55L (.sysdata)

.MBXAudio$que 
*            0   [ 0000a794 ]  000053ca          *   00000034   UNINITIALIZED
                 [ 0000a794 ]  000053ca          *   00000034   --HOLE--

.trace$buf 
*            0   [ 0000a800 ]  00005400          *   00000400   UNINITIALIZED
                 [ 0000a800 ]  00005400          *   00000400   hellocfg.obj (.trace$buf)

.LOG_system$buf 
*            0   [ 0000b000 ]  00005800          *   00000200   UNINITIALIZED
                 [ 0000b000 ]  00005800          *   00000200   hellocfg.obj (.LOG_system$buf)

.trace       0   [ 0000b400 ]  00005a00          *   00000200   
                 [ 0000b400 ]  00005a00          *   00000200   --HOLE-- [fill = 00]

.sysinit     0     0000b800  [ 00005c00 ] 00000350          *   
                   0000b800  [ 00005c00 ] 00000111          *   bios.a55L : mem_init.o55L (.sysinit)
                   0000b911  [ 00005c88+] 000000d5          *   hellocfg.obj (.sysinit)
                   0000b9e6  [ 00005cf3 ] 00000002          *   --HOLE-- [fill = 20]
                   0000b9e8  [ 00005cf4 ] 00000084          *   bios.a55L : tsk_init.o55L (.sysinit)
                   0000ba6c  [ 00005d36 ] 00000071          *             : autoinit.o55L (.sysinit)
                   0000badd  [ 00005d6e+] 0000006f          *             : boot.o55L (.sysinit)
                   0000bb4c  [ 00005da6 ] 00000002          *             : obj_init.o55L (.sysinit)
                   0000bb4e  [ 00005da7 ] 00000002          *   --HOLE-- [fill = 20]

.rtdx_data 
*            0   [ 0000bb50 ]  00005da8          *   00000128   UNINITIALIZED
                 [ 0000bb50 ]  00005da8          *   00000102   hellocfg.obj (.rtdx_data)
                 [ 0000bd54 ]  00005eaa          *   00000012   rtdxx.lib : rtdx_mon.o55L (.rtdx_data)
                 [ 0000bd78 ]  00005ebc          *   00000010             : buffer1.o55L (.rtdx_data)
                 [ 0000bd98 ]  00005ecc          *   00000004   bios.a55L : rtdx_data.o55L (.rtdx_data)

.hwi_disp_sec 
*            0   [ 0000bda0 ]  00005ed0          *   000000c0   UNINITIALIZED
                 [ 0000bda0 ]  00005ed0          *   000000c0   bios.a55L : hwi_disp_asm.o55L (.hwi_disp_sec)

.mbx         0   [ 0000bf20 ]  00005f90          *   00000068   UNINITIALIZED
                 [ 0000bf20 ]  00005f90          *   00000068   hellocfg.obj (.mbx)

.pip         0   [ 0000bff0 ]  00005ff8          *   00000064   UNINITIALIZED
                 [ 0000bff0 ]  00005ff8          *   00000064   hellocfg.obj (.pip)

.tsk         0   [ 0000c0b8 ]  0000605c          *   00000058   UNINITIALIZED
                 [ 0000c0b8 ]  0000605c          *   00000058   hellocfg.obj (.tsk)

.hst0        0   [ 0000c168 ]  000060b4          *   00000040   UNINITIALIZED
                 [ 0000c168 ]  000060b4          *   00000040   hellocfg.obj (.hst0)

.gblinit     0   [ 0000c1e8 ]  000060f4          *   00000029   
                 [ 0000c1e8 ]  000060f4          *   00000029   hellocfg.obj (.gblinit)

.sts         0   [ 0000c23c ]  0000611e          *   00000020   UNINITIALIZED
                 [ 0000c23c ]  0000611e          *   00000020   hellocfg.obj (.sts)

.hst         0   [ 0000c27c ]  0000613e          *   0000001a   UNINITIALIZED
                 [ 0000c27c ]  0000613e          *   0000001a   hellocfg.obj (.hst)

.sem         0   [ 0000c2b0 ]  00006158          *   00000016   UNINITIALIZED
                 [ 0000c2b0 ]  00006158          *   00000016   hellocfg.obj (.sem)

.log         0   [ 0000c2dc ]  0000616e          *   00000014   UNINITIALIZED
                 [ 0000c2dc ]  0000616e          *   00000014   hellocfg.obj (.log)

.swi         0   [ 0000c304 ]  00006182          *   00000014   UNINITIALIZED
                 [ 0000c304 ]  00006182          *   00000014   hellocfg.obj (.swi)

.args        0   [ 0000c32c ]  00006196          *   00000008   
                 [ 0000c32c ]  00006196          *   00000008   --HOLE-- [fill = 0]

.hst1        0   [ 0000c33c ]  0000619e          *   00000008   UNINITIALIZED
                 [ 0000c33c ]  0000619e          *   00000008   hellocfg.obj (.hst1)

.idl         0   [ 0000c34c ]  000061a6          *   00000008   UNINITIALIZED
                 [ 0000c34c ]  000061a6          *   00000008   hellocfg.obj (.idl)

.idlcal      0   [ 0000c35c ]  000061ae          *   00000008   UNINITIALIZED
                 [ 0000c35c ]  000061ae          *   00000008   hellocfg.obj (.idlcal)

.sys         0   [ 0000c36c ]  000061b6          *   00000008   UNINITIALIZED
                 [ 0000c36c ]  000061b6          *   00000008   hellocfg.obj (.sys)

.MBXFFT$que 
*            0   [ 0000c37c ]  000061be          *   00000006   UNINITIALIZED
                 [ 0000c37c ]  000061be          *   00000006   --HOLE--

.clk         0   [ 0000c388 ]  000061c4          *   00000004   UNINITIALIZED
                 [ 0000c388 ]  000061c4          *   00000004   hellocfg.obj (.clk)

.trcdata     0   [ 0000c390 ]  000061c8          *   00000003   
                 [ 0000c390 ]  000061c8          *   00000003   bios.a55L : trc.o55L (.trcdata)

.hwi_vec     0     0000ff00  [ 00007f80 ] 00000100          *   
                   0000ff00  [ 00007f80 ] 00000100          *   hellocfg.obj (.hwi_vec)

.cinit       0   [ 00010000 ]  00008000          *   00000670   
                 [ 00010000 ]  00008000          *   00000367   hellocfg.obj (.cinit)
                 [ 000106ce ]  00008367          *   000000af   bios.a55L : biosdata.o55L (.cinit)
                 [ 0001082c ]  00008416          *   000000a0             : knl.o55L (.cinit)
                 [ 0001096c ]  000084b6          *   0000008e   audioProcessing.obj (.cinit)
                 [ 00010a88 ]  00008544          *   00000031   bios.a55L : tsk.o55L (.cinit)
                 [ 00010aea ]  00008575          *   0000002e             : tsk_stup.o55L (.cinit)
                 [ 00010b46 ]  000085a3          *   0000001b   main.obj (.cinit)
                 [ 00010b7c ]  000085be          *   00000019   bios.a55L : rta.o55L (.cinit)
                 [ 00010bae ]  000085d7          *   00000017   rtdxx.lib : buffer1.o55L (.cinit)
                 [ 00010bdc ]  000085ee          *   0000000f   bios.a55L : utl_putc.o55L (.cinit)
                 [ 00010bfa ]  000085fd          *   0000000c   ezdsp5535_sar.obj (.cinit)
                 [ 00010c12 ]  00008609          *   0000000b   bios.a55L : knl_tick.o55L (.cinit)
                 [ 00010c28 ]  00008614          *   0000000b   rts55x.lib : sin.obj (.cinit)
                 [ 00010c3e ]  0000861f          *   0000000a   bios.a55L : obj_init.o55L (.cinit)
                 [ 00010c52 ]  00008629          *   0000000a             : sys.o55L (.cinit)
                 [ 00010c66 ]  00008633          *   0000000a   rts55x.lib : _lock.obj (.cinit)
                 [ 00010c7a ]  0000863d          *   0000000a              : exit.obj (.cinit)
                 [ 00010c8e ]  00008647          *   00000009   lnkrtdx.a55L : rtdx.o55L (.cinit)
                 [ 00010ca0 ]  00008650          *   00000008   cslVC5505.lib : csl_i2s.obj (.cinit)
                 [ 00010cb0 ]  00008658          *   00000008   rts55x.lib : atexit.obj (.cinit)
                 [ 00010cc0 ]  00008660          *   00000005   bios.a55L : idl_busy.o55L (.cinit)
                 [ 00010cca ]  00008665          *   00000005             : knl_swit.o55L (.cinit)
                 [ 00010cd4 ]  0000866a          *   00000005   rts55x.lib : sinit.obj (.cinit)
                 [ 00010cde ]  0000866f          *   00000001   --HOLE-- [fill = 0]

.const       0   [ 00010ce0 ]  00008670          *   000000dd   
                 [ 00010ce0 ]  00008670          *   0000004f   bios.a55L : tsk_stup.o55L (.const)
                 [ 00010d7e ]  000086bf          *   00000001   --HOLE-- [fill = 0]
                 [ 00010d80 ]  000086c0          *   00000023             : utl_doab.o55L (.const)
                 [ 00010dc6 ]  000086e3          *   00000001   --HOLE-- [fill = 0]
                 [ 00010dc8 ]  000086e4          *   00000022             : utl_doer.o55L (.const)
                 [ 00010e0c ]  00008706          *   00000014   rts55x.lib : sin.obj (.const)
                 [ 00010e34 ]  0000871a          *   0000000a   nco (1).obj (.const)
                 [ 00010e48 ]  00008724          *   00000008   rts55x.lib : divd.obj (.const:_initial_approx$1)
                 [ 00010e58 ]  0000872c          *   00000008              : round.obj (.const)
                 [ 00010e68 ]  00008734          *   00000006   rtdxx.lib : rtdx_mon.o55L (.const)
                 [ 00010e74 ]  0000873a          *   00000006   rts55x.lib : modf.obj (.const)
                 [ 00010e80 ]  00008740          *   00000004   rtdxx.lib : buffer1.o55L (.const)
                 [ 00010e88 ]  00008744          *   00000004   rts55x.lib : trunc.obj (.const)
                 [ 00010e90 ]  00008748          *   00000002   audioProcessing.obj (.const)
                 [ 00010e94 ]  0000874a          *   00000002   rts55x.lib : fltlid.obj (.const)
                 [ 00010e98 ]  0000874c          *   00000001   bios.a55L : tsk.o55L (.const)

.printf      0   [ 00010e9a ]  0000874d          *   00000061   COPY SECTION
                 [ 00010e9a ]  0000874d          *   00000061   hellocfg.obj (.printf)

.pinit       0   [ 00010e9c ]  0000874e          *   00000006   
                 [ 00010e9c ]  0000874e          *   00000002   rtdxx.lib : buffer1.o55L (.pinit)
                 [ 00010ea0 ]  00008750          *   00000002             : rtdx_mon.o55L (.pinit)
                 [ 00010ea4 ]  00008752          *   00000002   --HOLE-- [fill = 0]


GLOBAL SYMBOLS: SORTED ALPHABETICALLY BY Name 

abs. value/
byte addr   word addr   name
---------   ---------   ----
00000002                $TI_capability$C5500$CallingConvention
00000002                $TI_capability$C5500$MemoryModel
00000001                $TI_capability_requires_rev3
            00004e90    .bss
            00000060    .data
000000c0                .text
00000014                BIOSDATA_O_CLK_D_COUNTSPMS
0000000e                BIOSDATA_O_CLK_D_DIRTY
00000016                BIOSDATA_O_CLK_D_IDLETIME
00000018                BIOSDATA_O_CLK_D_ISRHOOK
00000010                BIOSDATA_O_CLK_D_PRD
0000001a                BIOSDATA_O_CLK_D_TABBEG
00000012                BIOSDATA_O_CLK_D_TDDR
0000001c                BIOSDATA_O_CLK_D_TIMEFXN
00000006                BIOSDATA_O_CLK_HTIMEDIV
00000008                BIOSDATA_O_CLK_HTIMEMULT
0000000a                BIOSDATA_O_CLK_LTIMEDIV
0000000c                BIOSDATA_O_CLK_LTIMEMULT
0000001e                BIOSDATA_O_CLK_R_TIMH
0000001f                BIOSDATA_O_CLK_R_TIML
00000020                BIOSDATA_O_HST_D_CHANMASK
000000a0                BIOSDATA_O_HST_D_TABBEGADDR
000000a2                BIOSDATA_O_HST_D_TABENDADDR
00000088                BIOSDATA_O_HWI_D_SPSAVE
0000008a                BIOSDATA_O_HWI_D_SSPSAVE
0000008c                BIOSDATA_O_HWI_D_STKBOTADDR
00000090                BIOSDATA_O_HWI_D_STKTOPADDR
0000008e                BIOSDATA_O_HWI_D_SYSTKBOTADDR
00000092                BIOSDATA_O_HWI_D_SYSTKTOPADDR
00000022                BIOSDATA_O_IDL_D_CALBEG
00000024                BIOSDATA_O_IDL_D_CALIBRATE
00000026                BIOSDATA_O_IDL_D_TABBEG
00000028                BIOSDATA_O_LOG_D_SYSTEM
00000098                BIOSDATA_O_MEM_D_FREELIST
0000009a                BIOSDATA_O_MEM_D_LOCKADDR
00000096                BIOSDATA_O_MEM_D_MEMTAB
00000095                BIOSDATA_O_MEM_D_NUMSEGMENTS
0000009c                BIOSDATA_O_MEM_D_UNLOCKADDR
0000002a                BIOSDATA_O_PIP_D_TABBEG
0000002c                BIOSDATA_O_PIP_D_TABLEN
0000002e                BIOSDATA_O_PRD_D_CUR
00000030                BIOSDATA_O_PRD_D_ELAPSED
00000031                BIOSDATA_O_PRD_D_PREVTIM
00000032                BIOSDATA_O_PRD_D_SCALAR
00000034                BIOSDATA_O_PRD_D_SWIHANDLE
00000036                BIOSDATA_O_PRD_D_TABBEG
00000038                BIOSDATA_O_PRD_D_TABLEN
0000003a                BIOSDATA_O_PRD_D_THOOK
0000003c                BIOSDATA_O_PRD_D_TICKH
0000003d                BIOSDATA_O_PRD_D_TICKL
000000a8                BIOSDATA_O_RTDX_D_BUFREAD
000000aa                BIOSDATA_O_RTDX_D_BUFWRITE
00000046                BIOSDATA_O_SWI_D_CURFXN
00000042                BIOSDATA_O_SWI_D_CURMASK
00000045                BIOSDATA_O_SWI_D_CURMBOX
00000043                BIOSDATA_O_SWI_D_CURSET
00000040                BIOSDATA_O_SWI_D_EXECADDR
00000044                BIOSDATA_O_SWI_D_LOCK
00000048                BIOSDATA_O_SWI_D_RDYBEG
0000004a                BIOSDATA_O_SWI_D_RDYTAB
0000003e                BIOSDATA_O_SWI_D_RUNADDR
0000009e                BIOSDATA_O_SYS
000000a4                BIOSDATA_O_TSK_D_IDLSTKADDR
000000a6                BIOSDATA_O_TSK_D_IDLSYSTKADDR
0000b911                BIOS_init
0000b9a2                BIOS_start
00000000                BUF$
00000001                BUF_ENABLED
00004b45                C$$EXIT
            000052fc    C55_BIOSDATAOBJ
00000001                CLK$
000061c4                CLK_A_TABBEG
0000c388                CLK_A_TABBEGb
00000001                CLK_CALDIV
00000004                CLK_CALMULT
0000c350                CLK_COUNTSPMS
00000000                CLK_COUNTSPMSHIGH
            00005312    CLK_D_idletime
            00005314    CLK_D_isrhook
            00005316    CLK_D_tabbeg
            00005318    CLK_D_timefxn
00006b89                CLK_F_dispRun
000065a4                CLK_F_gethtime
00006aa0                CLK_F_itime
00006b89                CLK_HOOKFXN
00000001                CLK_HTIMEDIV
00000002                CLK_HTIMEMULT
0000c350                CLK_HTIMEPERLTIME
00000010                CLK_IMR0TINTMASK
00000000                CLK_IMR1TINTMASK
00000000                CLK_INTBIT
00000004                CLK_INTID
00000001                CLK_LTIMEDIV
000186a0                CLK_LTIMEMULT
000003e8                CLK_MICROSECS
            000061c6    CLK_NULL
0000c34f                CLK_PRD
00000000                CLK_PRDHIGH
00001810                CLK_REGS
            0000531a    CLK_R_timh
            0000531b    CLK_R_timl
00000020                CLK_TCR
00000000                CLK_TDDR
00000000                CLK_TDDRHIGH
000065a4                CLK_TIMEFXN
00000001                CLK_TIMER0ARG
0000651c                CLK_TIMER0FUNC
00000000                CLK_TIMER1ARG
00006ad4                CLK_TIMER1FUNC
00000000                CLK_TIMER2ARG
00006ad4                CLK_TIMER2FUNC
00000046                CLK_TIMERIFR
00000045                CLK_TIMERIMR
00000010                CLK_TIMERIMRMASK
00000000                CLK_TIMERNUM
00000001                CLK_USETIMER
            0000528a    DARAM
00003aee                DARAM$B
000075dc                DARAM$Bb
00000a00                DARAM$L
00000000                DEV$
00000000                DGN$
00000000                DHL$
00000000                DHL_gChannelsAvailable
00000000                DIO$
00000000                DIO_NUMSWIBASE
00000000                DIO_NUMTSKBASE
00000000                DIO_STATIC
00000000                DPI$
00006ad4                FXN_F_nop
00006ad6                FXN_F_run
00006af7                FXN_F_selfLoop
00006af3                FXN_F_zero
00000001                GBL$
00005205                GBL_A_VERSION
00006bd4                GBL_BIOS_BOOTFXN
00f80000                GBL_CACHEICRTAG1
00f81000                GBL_CACHEICRTAG2
00000002                GBL_CACHETYPE
00000000                GBL_CALLCSLCFGINIT
00004e20                GBL_CLKIN
00000001                GBL_CLKMD
00001581                GBL_CLKTYPE
00000001                GBL_DCRPOSTEDWRITE
00001581                GBL_DSPSUBTYPE
00000037                GBL_DSPTYPE
00000000                GBL_ENABLEICACHE
00000001                GBL_ENABLEINST
00000042                GBL_FOOTPRINT
000186a0                GBL_FREQ
00000001                GBL_LARGEMODEL
00000000                GBL_MODIFYCLKMD
00000000                GBL_NULL
00008000                GBL_PLLDIV0
00008003                GBL_PLLDIV1
0000000f                GBL_PLLM
00000000                GBL_PROCID
00000000                GBL_ROM
00000000                GBL_SUPPORTCSL
0000dbef                GBL_TRCMASKVALUE
00000000                GBL_USERINIT
00006bd4                GBL_USERINITFXN
00000001                GBL_boot
            000061ca    GBL_initdone
            000036ee    GBL_stackbeg
            00003aed    GBL_stackend
            000035ee    GBL_sysstackbeg
            000036ed    GBL_sysstackend
00000000                GIO$
00006bd4                GIO_CREATEFXN
00006bd4                GIO_DELETEFXN
00006bd4                GIO_PENDFXN
00006bd4                GIO_POSTFXN
00000000                HOOK$
00000000                HOOK_KNLID
00000001                HST$
0000613e                HST_A_TABBEG
0000c27c                HST_A_TABBEGb
00006158                HST_A_TABEND
0000c2b0                HST_A_TABENDb
00000000                HST_BIOSLINK
00000000                HST_DSM
            0000528a    HST_DSMBUFSEG
00000400                HST_DSMMEMSIZE
            0000531c    HST_D_chanmask
            0000539c    HST_D_tabbegaddr
            0000539e    HST_D_tabendaddr
000000ff                HST_MAXFRAMEALLOWED
00000040                HST_MAXFRAMESET
00000000                HST_NONE
00000001                HST_RTDX
00000001                HWI$
0000ff00                HWI_A_VECS
00000018                HWI_BERR
00000019                HWI_DLOG
            00005390    HWI_D_inhwi
            00005384    HWI_D_spsave
            00005386    HWI_D_sspsave
            00005388    HWI_D_stkbotaddr
            0000538c    HWI_D_stktopaddr
            0000538a    HWI_D_systkbotaddr
            0000538e    HWI_D_systktopaddr
000052c3                HWI_F_dispatch
0000000a                HWI_INT10
0000000b                HWI_INT11
0000000c                HWI_INT12
0000000d                HWI_INT13
0000000e                HWI_INT14
0000000f                HWI_INT15
00000010                HWI_INT16
00000011                HWI_INT17
00000012                HWI_INT18
00000013                HWI_INT19
00000002                HWI_INT2
00000014                HWI_INT20
00000015                HWI_INT21
00000016                HWI_INT22
00000017                HWI_INT23
00000003                HWI_INT3
00000004                HWI_INT4
00000005                HWI_INT5
00000006                HWI_INT6
00000007                HWI_INT7
00000008                HWI_INT8
00000009                HWI_INT9
00000001                HWI_NMI
00000000                HWI_RESET
0000001a                HWI_RTOS
0000001b                HWI_SINT27
0000001c                HWI_SINT28
0000001d                HWI_SINT29
0000001e                HWI_SINT30
0000001f                HWI_SINT31
00000004                HWI_TINT
00000000                HWI_ZEROTAB
00004b03                I$$LMPY
00000001                IDL$
000061ae                IDL_A_CALBEG
0000c35c                IDL_A_CALBEGb
000061a6                IDL_A_TABBEG
0000c34c                IDL_A_TABBEGb
00000000                IDL_CALIBRERROR
00006af9                IDL_CALIBRFXN
            000053c8    IDL_D_busyObj
            0000531e    IDL_D_calbeg
            00005320    IDL_D_calibrate
            00005322    IDL_D_tabbeg
            000061ac    IDL_END
            000061b4    IDL_END$
00006964                IDL_F_busy
00006baf                IDL_F_loop
00000001                IDL_USECLKIDLTIME
            00006138    IDL_busyObj
            000087a9    IDL_busyObj$avgfmt
00000001                IDL_busyObj$filter
00000001                IDL_busyObj$iA
00000000                IDL_busyObj$iB
00000001                IDL_busyObj$iC
            000087a3    IDL_busyObj$maxfmt
00000000                IDL_busyObj$operation
            00006136    IDL_busyObj$stsobj
            000087a6    IDL_busyObj$sumfmt
00000002                IDL_busyObj$unittype
            000061aa    IDL_cpuLoad
            000061b2    IDL_cpuLoad$
00000001                ISRC$
00005e9b                KNL_glue
            00006182    KNL_swi
00000001                KNL_swi$dorta
00000002                KNL_swi$ord
00000000                KNL_swi$pri
            00006120    KNL_swi$sts
            00008765    KNL_swi$sts$avgfmt
00000002                KNL_swi$sts$filter
00000001                KNL_swi$sts$filtmaxmult
00000001                KNL_swi$sts$filtsummult
            00008755    KNL_swi$sts$maxfmt
            0000611e    KNL_swi$sts$stsobj
            0000875d    KNL_swi$sts$sumfmt
00000000                KNL_swi$sts$unittype
00000000                KNL_swi$swi
00005eda                KNL_tick_stub
00000001                LCK$
            000053c2    LNKCTRL
            000053c3    LNK_D_dataReadyMask
            000053c2    LNK_D_fromHostMask
            000053c5    LNK_D_readDone
            000053c6    LNK_D_readFail
            000053c4    LNK_D_readPend
            000053c7    LNK_D_writeFail
00004f22                LNK_F_checkChanEnabled
00004f7b                LNK_F_dataPump
00004f49                LNK_F_getChanPtr
00004f30                LNK_F_getNextChan
00004f20                LNK_F_init
0000529e                LNK_F_readCallBack
            000061a6    LNK_dataPump
            000061ae    LNK_dataPump$
000050e6                LNK_newin
000051ca                LNK_newout
00004f7b                LNK_rcloop
00004fcf                LNK_rdrtry
00004fd9                LNK_rrloop
00005059                LNK_wrloop
0000504f                LNK_wrrtry
00000001                LOG$
0000616e                LOG_A_TABBEG
0000c2dc                LOG_A_TABBEGb
00006182                LOG_A_TABEND
0000c304                LOG_A_TABENDb
00000002                LOG_A_TABLEN
            00005324    LOG_D_system
00000001                LOG_ENABLED
000067ec                LOG_F_event
            0000616e    LOG_system
            00005800    LOG_system$buf
00000000                LOG_system$datatype
00000000                LOG_system$log
00000200                LOG_system$size
00000001                MBX$
            00005f96    MBXAudio
            00005f9e    MBXAudio$data
            00005fae    MBXAudio$free
            000053ca    MBXAudio$queElems
            00005fca    MBXFFT
            00005fd2    MBXFFT$data
            00005fe2    MBXFFT$free
            000061be    MBXFFT$queElems
00000001                MEM$
            0000528a    MEM_MALLOCSEG
00000000                MEM_NULL
            0000528a    MEM_SEGZERO
00000001                MEM_gNumHeap
00000000                MSGQ$
00000000                MSGQ_USEMSGQ
00000000                OBJ$
00000000                PIP$
00005ff8                PIP_A_TABBEG
0000bff0                PIP_A_TABBEGb
0000605c                PIP_A_TABEND
0000c0b8                PIP_A_TABENDb
00000002                PIP_A_TABLEN
            00005326    PIP_D_tabbeg
            00005328    PIP_D_tablen
00005d8a                PIP_F_give
00005d88                PIP_F_probe
00005dfc                PIP_F_start
00005d34                PIP_F_take
00000064                PIP_OBJSIZE
00000000                PIP_gNextId
00000002                PIP_gNumEmbed
00000000                POOL$
00000000                POOL_USEPOOL
00000001                PRD$
00000060                PRD_A_TABBEG
000000c0                PRD_A_TABBEGb
00000060                PRD_A_TABEND
000000c0                PRD_A_TABENDb
00000000                PRD_A_TABLEN
            0000532a    PRD_D_cur
            0000532c    PRD_D_elapsed
            0000532d    PRD_D_prevtim
            0000532e    PRD_D_scalar
            00005330    PRD_D_swihandle
            00005332    PRD_D_tabbeg
            00005334    PRD_D_tablen
            00005336    PRD_D_thook
            00005338    PRD_D_tickh
            00005339    PRD_D_tickl
000057af                PRD_F_swi
000058d4                PRD_F_tick
00004000                PRD_SCALAR
00000000                PRD_SWIHANDLE
00005eda                PRD_THOOKFXN
            000061c4    PRD_clock
00000001                PWRM$
00000000                PWRM_PWRM_ADAPTCLK
00006bd4                PWRM_PWRM_BOOTHOOKFXN
00000023                PWRM_PWRM_CAPSMASK
0000003f                PWRM_PWRM_DS_IDLEMASK
00000000                PWRM_PWRM_ENABLE
00000005                PWRM_PWRM_IDLEMASK
00000000                PWRM_PWRM_IER0
00000000                PWRM_PWRM_IER1
00000640                PWRM_PWRM_INITMILVOLTS
0000000f                PWRM_PWRM_INITSP
00000000                PWRM_PWRM_SCALING
00000001                QUE$
            000053ac    RTA_D_fromHost
            000053b0    RTA_D_logval
            000053ba    RTA_D_stsval
            000053ae    RTA_D_toHost
000069f1                RTA_F_andn
00005c8d                RTA_F_dispatch
00005c04                RTA_F_getlog
00005c30                RTA_F_getsts
00006a07                RTA_F_or
00005c5f                RTA_F_readblk
00005c72                RTA_F_resetmem
00005c6e                RTA_F_writeword
            000061a8    RTA_dispatcher
            000061b0    RTA_dispatcher$
            00006140    RTA_fromHost
            0000619e    RTA_fromHost$buf
00000008                RTA_fromHost$framesize
00000000                RTA_fromHost$hst
00000001                RTA_fromHost$id
00000000                RTA_fromHost$mode
            00005ff8    RTA_fromHost$pipe
            0000528c    RTA_fromHost$pipe$dtab
            00005ffa    RTA_fromHost$pipe$rd
            00005ffc    RTA_fromHost$pipe$rdaddr
            00006000    RTA_fromHost$pipe$rdcurdesc
            00005ffe    RTA_fromHost$pipe$rdsize
            00006010    RTA_fromHost$pipe$rdstshdl
            00006012    RTA_fromHost$pipe$wr
            00006014    RTA_fromHost$pipe$wraddr
            00006018    RTA_fromHost$pipe$wrcurdesc
            00006016    RTA_fromHost$pipe$wrsize
            00006028    RTA_fromHost$pipe$wrstshdl
            00006144    RTA_fromHost$rtdx
            0000614c    RTA_toHost
            000060b4    RTA_toHost$buf
00000040                RTA_toHost$framesize
00000000                RTA_toHost$hst
00000000                RTA_toHost$id
00000001                RTA_toHost$mode
            0000602a    RTA_toHost$pipe
            00005292    RTA_toHost$pipe$dtab
            0000602c    RTA_toHost$pipe$rd
            0000602e    RTA_toHost$pipe$rdaddr
            00006032    RTA_toHost$pipe$rdcurdesc
            00006030    RTA_toHost$pipe$rdsize
            00006042    RTA_toHost$pipe$rdstshdl
            00006044    RTA_toHost$pipe$wr
            00006046    RTA_toHost$pipe$wraddr
            0000604a    RTA_toHost$pipe$wrcurdesc
            00006048    RTA_toHost$pipe$wrsize
            0000605a    RTA_toHost$pipe$wrstshdl
            00006150    RTA_toHost$rtdx
00000001                RTDX$
00000102                RTDX_BUFMEMSIZE
            0000528a    RTDX_DATAMEMSEG
            000053a4    RTDX_D_BufRead
            000053a6    RTDX_D_BufWrite
00000000                RTDX_MODE
00000001                RTDX_USERTDX
00000000                RTDX_USERTEXECUTION
ffffffff                SARAM
00000001                SEM$
            0000615e    SEMUI
00000000                SIO$
00000001                STS$
0000611e                STS_A_TABBEG
0000c23c                STS_A_TABBEGb
0000613e                STS_A_TABEND
0000c27c                STS_A_TABENDb
000068f6                STS_F_add
000068d4                STS_F_delta
0000690e                STS_F_reset
00000001                SWI$
00006182                SWI_A_TABBEG
0000c304                SWI_A_TABBEGb
00006196                SWI_A_TABEND
0000c32c                SWI_A_TABENDb
00000001                SWI_A_TABLEN
            00005342    SWI_D_curfxn
            0000533e    SWI_D_curmask
            00005341    SWI_D_curmbox
            0000533f    SWI_D_curset
            0000533c    SWI_D_execaddr
            00005382    SWI_D_inswi
            00005340    SWI_D_lock
            00005344    SWI_D_rdybeg
            00005346    SWI_D_rdytab
            0000533a    SWI_D_runaddr
00000000                SWI_EHOOKFXN
00004c92                SWI_EXECFXN
00004b4c                SWI_F_enable
00004c92                SWI_F_exec
00004c0a                SWI_F_exec_sync
00004b7f                SWI_F_post
00004d7e                SWI_F_run
00000000                SWI_IHOOKFXN
00004d7e                SWI_RUNFXN
00000001                SYS$
            000061b6    SYS$config
00006b20                SYS_ABORTFXN
00006b44                SYS_ERRORFXN
00006bbc                SYS_EXITFXN
00006a34                SYS_PUTCFXN
00004000                TRC_GBLTARG
            000061c9    TRC_R_mask
            000061c8    TRC_cinit
00000001                TSK$
            000053a0    TSK_D_idlstkaddr
            000053a2    TSK_D_idlsystkaddr
00000000                TSK_NUM_HOOKS
00000001                TSK_PRIORITY
00000000                TSK_READYFXN
00000000                TSK_STACKSEG
00000400                TSK_STACKSIZE
00000000                TSK_SWITCHFXN
00000100                TSK_SYSTACKSIZE
00006bd4                TSK_VCREATEFXN
00006bd4                TSK_VDELETEFXN
00006bd4                TSK_VEXITFXN
            00006062    TSK_idle
00000001                TSK_idle$ord
00000000                TSK_idle$pri
            00003fee    TSK_idle$stack
            000043d0    TSK_idle$stkptr
            00006128    TSK_idle$sts
            0000877f    TSK_idle$sts$avgfmt
00000002                TSK_idle$sts$filter
00000001                TSK_idle$sts$filtmaxmult
00000001                TSK_idle$sts$filtsummult
            0000876f    TSK_idle$sts$maxfmt
            00006126    TSK_idle$sts$stsobj
            00008777    TSK_idle$sts$sumfmt
00000000                TSK_idle$sts$unittype
            000043ee    TSK_idle$sysstack
            000044d0    TSK_idle$sysstkptr
00000000                TSK_idle$tsk
            0000607a    TSK_idle$tskobj
00000000                UDEV$
            0000608e    User_interface
00000002                User_interface$ord
00000001                User_interface$pri
            000044ee    User_interface$stack
            000048d0    User_interface$stkptr
            00006130    User_interface$sts
            00008799    User_interface$sts$avgfmt
00000002                User_interface$sts$filter
00000001                User_interface$sts$filtmaxmult
00000001                User_interface$sts$filtsummult
            00008789    User_interface$sts$maxfmt
            0000612e    User_interface$sts$stsobj
            00008791    User_interface$sts$sumfmt
00000000                User_interface$sts$unittype
            000048ee    User_interface$sysstack
            000049d0    User_interface$sysstkptr
00000000                User_interface$tsk
            000060a6    User_interface$tskobj
ffffffff                VECT
00002da6                _AIC3204_rget
0000289e                _AIC3204_rset
0000b911                _BIOS_init
0000b9a2                _BIOS_start
00006387                _C55_clearIFR0
0000639c                _C55_clearIFR1
0000630f                _C55_disableIMR0
00006332                _C55_disableIMR1
0000481c                _C55_disableInt
00006355                _C55_enableIMR0
0000636e                _C55_enableIMR1
000047e8                _C55_enableInt
0000c350                _CLK_COUNTSPMS
            000052e4    _CLK_DFLTMICROSECS
            00005310    _CLK_D_countspms
            0000530a    _CLK_D_dirty
            000052e6    _CLK_D_microseconds
            0000530c    _CLK_D_prd
            0000530e    _CLK_D_tddr
0000c34f                _CLK_PRD
00001810                _CLK_REGS
00000020                _CLK_TCR
00000000                _CLK_TDDR
00000000                _CLK_TIMERNUM
00000001                _CLK_USETIMER
00006b89                _CLK_dispRun
000064d4                _CLK_dispatch
00006598                _CLK_getfhtime
000065a4                _CLK_getshtime
            00005302    _CLK_htimeDiv
            00005304    _CLK_htimeMult
            000052f4    _CLK_htimePerLtime
0000651c                _CLK_isr
            00005314    _CLK_isrhook
00006aa0                _CLK_itime
            00005306    _CLK_ltimeDiv
            00005308    _CLK_ltimeMult
00006670                _CLK_measure
00006b7e                _CLK_run
000063b4                _CLK_start
0000643c                _CLK_stop
            0000531a    _CLK_time
            000052b0    _CLK_timer0arg
            000052aa    _CLK_timer0func
            000052b2    _CLK_timer1arg
            000052ac    _CLK_timer1func
            000052b4    _CLK_timer2arg
            000052ae    _CLK_timer2func
00001810                _CLK_timer5505
00001c14                _CLK_timerIAFR
00000000                _CLK_timerNum
00006bd8                _CLK_wdogdisable
000028c0                _ConfigureAic3204
            0000528a    _DARAM
00003aee                _DARAM_base
000075dc                _DARAM_baseb
00000a00                _DARAM_length
000047cd                _EZDSP5535_GPIO_getInput
000047a3                _EZDSP5535_GPIO_init
00004789                _EZDSP5535_GPIO_setDirection
00004779                _EZDSP5535_GPIO_setOutput
00004646                _EZDSP5535_I2C_init
0000467f                _EZDSP5535_I2C_read
00004674                _EZDSP5535_I2C_reset
0000462c                _EZDSP5535_I2C_write
000041f1                _EZDSP5535_I2S_close
0000419d                _EZDSP5535_I2S_init
00004179                _EZDSP5535_I2S_readLeft
00004166                _EZDSP5535_I2S_readRight
00004143                _EZDSP5535_I2S_writeLeft
00004131                _EZDSP5535_I2S_writeRight
00003ae1                _EZDSP5535_LED_getall
00003c3a                _EZDSP5535_LED_init
00003c08                _EZDSP5535_LED_off
00003bd4                _EZDSP5535_LED_on
00003b2c                _EZDSP5535_LED_setall
00003b9a                _EZDSP5535_LED_toggle
000032a5                _EZDSP5535_OSD9616_init
00003274                _EZDSP5535_OSD9616_multiSend
000031d7                _EZDSP5535_OSD9616_printLetter
000031b5                _EZDSP5535_OSD9616_send
00003fd0                _EZDSP5535_SAR_getKey
00003f2a                _EZDSP5535_SAR_init
00003ad6                _EZDSP5535_XF_get
00003aab                _EZDSP5535_XF_off
00003aa0                _EZDSP5535_XF_on
00003ab6                _EZDSP5535_XF_toggle
000049f9                _EZDSP5535_init
000049c2                _EZDSP5535_wait
000049ed                _EZDSP5535_waitusec
00006bd4                _FXN_F_nop
            000052fe    _GBL_clkIn
            00005300    _GBL_freq
00006bcb                _GBL_getVersion
            000052fc    _GBL_procId
000026f2                _GPIO_clearInt
0000224b                _GPIO_close
0000226f                _GPIO_config
000024a2                _GPIO_configBit
000025ea                _GPIO_disableInt
00002668                _GPIO_enableInt
000022f4                _GPIO_getConfig
00002207                _GPIO_open
0000237c                _GPIO_read
00002805                _GPIO_reset
0000277e                _GPIO_statusBit
000023ff                _GPIO_write
            000052e8    _GpioObj
0000613e                _HST_A_TABBEG
00006158                _HST_A_TABEND
            0000874d    _HST_HOST_CHANNEL_DRIVER
00000018                _HWI_BERR
00000019                _HWI_DLOG
            00005390    _HWI_D_inhwi
            00005384    _HWI_D_spsave
            00005386    _HWI_D_sspsave
00005542                _HWI_F_DispIsr0
000052c3                _HWI_F_dispatch
00003dbc                _HWI_I2S_Rx
00003c8a                _HWI_I2S_Tx
0000000a                _HWI_INT10
0000000b                _HWI_INT11
0000000c                _HWI_INT12
0000000d                _HWI_INT13
0000000e                _HWI_INT14
0000000f                _HWI_INT15
00000010                _HWI_INT16
00000011                _HWI_INT17
00000012                _HWI_INT18
00000013                _HWI_INT19
00000002                _HWI_INT2
00000014                _HWI_INT20
00000015                _HWI_INT21
00000016                _HWI_INT22
00000017                _HWI_INT23
00000003                _HWI_INT3
00000004                _HWI_INT4
00000005                _HWI_INT5
00000006                _HWI_INT6
00000007                _HWI_INT7
00000008                _HWI_INT8
00000009                _HWI_INT9
00000001                _HWI_NMI
00000000                _HWI_RESET
0000001a                _HWI_RTOS
0000001b                _HWI_SINT27
0000001c                _HWI_SINT28
0000001d                _HWI_SINT29
0000001e                _HWI_SINT30
0000001f                _HWI_SINT31
            00003aee    _HWI_STKBOTTOM
            000036ee    _HWI_STKTOP
            000036ee    _HWI_SYSSTKBOTTOM
            000035ee    _HWI_SYSSTKTOP
00000004                _HWI_TINT
            00005384    _HWI_data
00006b64                _HWI_disable
            00005ed0    _HWI_dispatchTab
00006b74                _HWI_enable
00006b78                _HWI_restore
00000169                _I2C_config
00000b34                _I2C_eventDisable
00000a00                _I2C_eventEnable
000002ce                _I2C_getConfig
00000ce0                _I2C_getEventId
000000c0                _I2C_init
000007e2                _I2C_read
00000c53                _I2C_setCallback
000003a4                _I2C_setup
0000059e                _I2C_write
00001c49                _I2S_close
00001814                _I2S_open
00001cfb                _I2S_read
0000210b                _I2S_reset
0000195b                _I2S_setup
000021bc                _I2S_transEnable
00001fb5                _I2S_write
00006964                _IDL_busy
            00006138    _IDL_busyObj
000069ab                _IDL_calibrate
            000061aa    _IDL_cpuLoad
00006990                _IDL_init
00006baf                _IDL_loop
00006af9                _IDL_stub
            00005194    _KNL_alarm
00006444                _KNL_check
            000051bc    _KNL_curqueue
            000051b4    _KNL_curtask
            000051b8    _KNL_curtime
            0000519c    _KNL_dummy
000066d8                _KNL_enter
00006718                _KNL_exit
0000649f                _KNL_idle
            000051c8    _KNL_idlefxn
            00005198    _KNL_inactive
00006738                _KNL_ipost
000064bc                _KNL_max
            000051be    _KNL_maxqueue
00006a6c                _KNL_post
            000051b6    _KNL_prevtask
            0000519a    _KNL_priority
            00005142    _KNL_queues
00005938                _KNL_run
00005efa                _KNL_saveIsrFrame
            00005141    _KNL_set
            00005196    _KNL_setpri
            00006182    _KNL_swi
            000051ba    _KNL_swiptr
00005e4d                _KNL_switch
            000051c2    _KNL_tcreatefxn
            000051c4    _KNL_tdeletefxn
00005bf4                _KNL_tick
            000051c6    _KNL_treadyfxn
            000051c0    _KNL_tswitchfxn
            00005140    _KNL_wFlag
            00005192    _KNL_wList
000067b4                _LCK_pend
00006794                _LCK_post
0000529e                _LNK_F_readCallBack
            000061a6    _LNK_dataPump
0000616e                _LOG_A_TABBEG
00006182                _LOG_A_TABEND
00000002                _LOG_A_TABLEN
            00005324    _LOG_D_system
000067ec                _LOG_event
            0000616e    _LOG_system
            00005f96    _MBXAudio
            00005fca    _MBXFFT
            000052f6    _MEM
            00005391    _MEM_D_NUMSEGMENTS
            00005394    _MEM_D_freelist
            00005396    _MEM_D_lockaddr
            00005392    _MEM_D_memtab
            00005398    _MEM_D_unlockaddr
0000b800                _MEM_init
            00005284    _MEM_memtab
000043d1                _NCO_generate_sample
00004361                _NCO_init
0000bb4c                _OBJ_init
            00005268    _OBJ_segtab
            0000524c    _OBJ_table
00005ff8                _PIP_A_TABBEG
0000605c                _PIP_A_TABEND
            00005339    _PRD_D_tick
            000061c4    _PRD_clock
00005c04                _RTA_F_getlog
            000061a8    _RTA_dispatcher
            00006140    _RTA_fromHost
            0000614c    _RTA_toHost
            00005da8    _RTDX_Buffer
            00005ece    _RTDX_Buffer_End
00009b63                _RTDX_Buffer_Initialize
00009ca2                _RTDX_Buffer_Read
00009bb6                _RTDX_Buffer_ReadCB
00009c3d                _RTDX_Buffer_Size
            00005ecc    _RTDX_Buffer_Start
00009ce2                _RTDX_Buffer_Write
000095b7                _RTDX_Buffer_WriteCB
00009c01                _RTDX_Final_RT_Monitor
00009afe                _RTDX_H2TPoll
00009733                _RTDX_Init_RT_Monitor
00000003                _RTDX_JTAGONLY
00000001                _RTDX_LMM
00009c78                _RTDX_Mask_IER
00009a76                _RTDX_Mon_Queue
00009842                _RTDX_Poll
00009cc4                _RTDX_Set_IER
00000000                _RTDX_interrupt_mask
            00005ec2    _RTDX_writing
ffffffff                _SARAM
0000127f                _SAR_A2DMeasParamSet
000016f9                _SAR_GPODirSet
00000df6                _SAR_chanClose
00000e7a                _SAR_chanConfig
00001176                _SAR_chanCycSet
00000d79                _SAR_chanInit
00000d94                _SAR_chanOpen
00000f62                _SAR_chanSetup
00000d59                _SAR_deInit
00000ef0                _SAR_getConfig
000017d5                _SAR_getStatus
00000cfc                _SAR_init
0000123e                _SAR_readData
000011c5                _SAR_startConversion
000011f7                _SAR_stopConversion
            0000528a    _SEG0
            0000615e    _SEMUI
0000683d                _SEM_pend
00005624                _SEM_pendEnterKnl
000065eb                _SEM_post
000065eb                _SEM_postBinary
0000688c                _SEM_postEnterKnl
0000611e                _STS_A_TABBEG
0000613e                _STS_A_TABEND
000068f6                _STS_add
000068d4                _STS_delta
0000690e                _STS_reset
00006bc4                _STS_set
            00005342    _SWI_D_curfxn
            0000533e    _SWI_D_curmask
            00005382    _SWI_D_inswi
            00005340    _SWI_D_lock
            00005344    _SWI_D_rdybeg
            0000533a    _SWI_data
00004b4c                _SWI_enable
00004b7f                _SWI_post
            0000539a    _SYS
            00005a00    _SYS_PUTCBEG
            00005bff    _SYS_PUTCEND
00006b98                _SYS_abort
0000691c                _SYS_exit
            00005270    _SYS_exitStack
            00005280    _SYS_exitStackPtr
            00005282    _SYS_exitStackTop
            000052cc    _SarHandle
            000052c8    _SarObj
            000061c9    _TRC_R_mask
            000051e8    _TSK
            000051cc    _TSK_ATTRS
            000051da    _TSK_config
00006060                _TSK_exit
            00006062    _TSK_idle
0000b9e8                _TSK_init
            000051ca    _TSK_nTasks
            000051cb    _TSK_pid
00006158                _TSK_setup
000062ac                _TSK_startup
            000051ea    _TSK_timerSem
00004073                _Tsk_Func
00006b20                _UTL_doAbort
00006b44                _UTL_doError
00006a34                _UTL_doPutc
00006bbc                _UTL_halt
            0000608e    _User_interface
ffffffff                _VECT
            000053aa    __HOOK_NUMHOOKS
            000053a8    __HOOK_knlId
            00005238    __MEM_mutex
00005f5c                __SEM_dopost
            00003aee    __STACK_END
00000800                __STACK_SIZE
00000200                __SYSSTACK_SIZE
            00005224    __TSK_mutex
00004528                ___add_dtor
            0000507e    ___atexit_func_id__
ffffffff                ___binit__
            00004e90    ___bss__
ffffffff                ___c_args__
            00008000    ___cinit__
            00000060    ___data__
            00000060    ___edata__
            000052fc    ___end__
00004b4c                ___etext__
            0000874e    ___pinit__
000000c0                ___text__
0000346a                __addd
            000052f0    __cleanup_ptr
00003a48                __cmpd
00002de9                __divd
000042c0                __divul
            000052f2    __dtors_ptr
00003a14                __eqld
00004ac5                __fixdi
0000470a                __fixdli
000043e5                __fixdul
00004b38                __fltid
0000484f                __fltlid
0000445c                __frcmpyd
00004547                __frcmpyd_div
000039ca                __geqd
0000397f                __gtrd
00003932                __leqd
            000052ec    __lock
000038ea                __lssd
00003dde                __mpyd
00004b03                __mpyli
00004b28                __negd
000038b6                __neqd
00004b26                __nop
000048b6                __nround
00004b1e                __register_lock
00004b16                __register_unlock
000045ba                __remul
            000036ee    __stack
00004aef                __subd
            000035ee    __sysstack
00004a07                __trunc
            000052ee    __unlock
00004b44                _abort
00002894                _aic3204_init
0000469b                _atexit
00003c74                _audioProcessingInit
0000ba6c                _auto_init
0000badd                _c_int00
000044d2                _call_dtors
            000052b6    _count
            000052b8    _count2
            00004e94    _delayline
            000052fa    _dtors
00004a87                _exit
            000052be    _filter
            00005222    _fsError
            00005298    _gI2cObj
            000052ea    _hGpio
            000052f8    _hI2s
            00004f0c    _high_coeffs
            000052a8    _i2cHandle
            000052ce    _keyCnt1
            000052cf    _keyCnt2
            000052bd    _lastKey
            00004e90    _leftSample
            00004ed0    _low_coeffs
00004049                _main
00004a48                _memcpy
00004201                _modf
00004974                _myfir
            000052ba    _nco
            00004f7a    _nco1
            00004e93    _nco_out
            00005223    _ouError
            00004e92    _output
            000052cb    _preKey
            00004e91    _rightSample
            000052e2    _rtdxNullChanCnt
            000052e3    _rtdxNullFuncCnt
            00005ebc    _rtdx_buffer_state
            00005eaa    _rtdx_mon_state
            00004f78    _rxSampleIdx
            00004f48    _rxSamples
000036c4                _sin
            000052bc    _sw1State
            00006178    _trace
ffffffff                binit
            00008000    cinit
            00000060    edata
            000052fc    end
00004b4c                etext
            000060f4    gblinit
0000ff00                hwi0
0000ff08                hwi1
0000ff50                hwi10
0000ff58                hwi11
0000ff60                hwi12
0000ff68                hwi13
0000ff70                hwi14
0000ff78                hwi15
0000ff80                hwi16
0000ff88                hwi17
0000ff90                hwi18
0000ff98                hwi19
0000ff10                hwi2
0000ffa0                hwi20
0000ffa8                hwi21
0000ffb0                hwi22
0000ffb8                hwi23
0000ffc0                hwi24
0000ffc8                hwi25
0000ffd0                hwi26
0000ffd8                hwi27
0000ffe0                hwi28
0000ffe8                hwi29
0000ff18                hwi3
0000fff0                hwi30
0000fff8                hwi31
0000ff20                hwi4
0000ff28                hwi5
0000ff30                hwi6
0000ff38                hwi7
0000ff40                hwi8
0000ff48                hwi9
00006a1e                iRTA_F_or
00004e84                logPost
            0000874e    pinit
00004ed6                stsPost
            00006178    trace
            00005400    trace$buf
00000001                trace$datatype
00000000                trace$log
00000400                trace$size


GLOBAL SYMBOLS: SORTED BY Symbol Address 

abs. value/
byte addr   word addr   name
---------   ---------   ----
00000000                BUF$
00000000                CLK_COUNTSPMSHIGH
00000000                CLK_IMR1TINTMASK
00000000                CLK_INTBIT
00000000                CLK_PRDHIGH
00000000                CLK_TDDR
00000000                CLK_TDDRHIGH
00000000                CLK_TIMER1ARG
00000000                CLK_TIMER2ARG
00000000                CLK_TIMERNUM
00000000                DEV$
00000000                DGN$
00000000                DHL$
00000000                DHL_gChannelsAvailable
00000000                DIO$
00000000                DIO_NUMSWIBASE
00000000                DIO_NUMTSKBASE
00000000                DIO_STATIC
00000000                DPI$
00000000                GBL_CALLCSLCFGINIT
00000000                GBL_ENABLEICACHE
00000000                GBL_MODIFYCLKMD
00000000                GBL_NULL
00000000                GBL_PROCID
00000000                GBL_ROM
00000000                GBL_SUPPORTCSL
00000000                GBL_USERINIT
00000000                GIO$
00000000                HOOK$
00000000                HOOK_KNLID
00000000                HST_BIOSLINK
00000000                HST_DSM
00000000                HST_NONE
00000000                HWI_RESET
00000000                HWI_ZEROTAB
00000000                IDL_CALIBRERROR
00000000                IDL_busyObj$iB
00000000                IDL_busyObj$operation
00000000                KNL_swi$pri
00000000                KNL_swi$sts$unittype
00000000                KNL_swi$swi
00000000                LOG_system$datatype
00000000                LOG_system$log
00000000                MEM_NULL
00000000                MSGQ$
00000000                MSGQ_USEMSGQ
00000000                OBJ$
00000000                PIP$
00000000                PIP_gNextId
00000000                POOL$
00000000                POOL_USEPOOL
00000000                PRD_A_TABLEN
00000000                PRD_SWIHANDLE
00000000                PWRM_PWRM_ADAPTCLK
00000000                PWRM_PWRM_ENABLE
00000000                PWRM_PWRM_IER0
00000000                PWRM_PWRM_IER1
00000000                PWRM_PWRM_SCALING
00000000                RTA_fromHost$hst
00000000                RTA_fromHost$mode
00000000                RTA_toHost$hst
00000000                RTA_toHost$id
00000000                RTDX_MODE
00000000                RTDX_USERTEXECUTION
00000000                SIO$
00000000                SWI_EHOOKFXN
00000000                SWI_IHOOKFXN
00000000                TSK_NUM_HOOKS
00000000                TSK_READYFXN
00000000                TSK_STACKSEG
00000000                TSK_SWITCHFXN
00000000                TSK_idle$pri
00000000                TSK_idle$sts$unittype
00000000                TSK_idle$tsk
00000000                UDEV$
00000000                User_interface$sts$unittype
00000000                User_interface$tsk
00000000                _CLK_TDDR
00000000                _CLK_TIMERNUM
00000000                _CLK_timerNum
00000000                _HWI_RESET
00000000                _RTDX_interrupt_mask
00000000                trace$log
00000001                $TI_capability_requires_rev3
00000001                BUF_ENABLED
00000001                CLK$
00000001                CLK_CALDIV
00000001                CLK_HTIMEDIV
00000001                CLK_LTIMEDIV
00000001                CLK_TIMER0ARG
00000001                CLK_USETIMER
00000001                GBL$
00000001                GBL_CLKMD
00000001                GBL_DCRPOSTEDWRITE
00000001                GBL_ENABLEINST
00000001                GBL_LARGEMODEL
00000001                GBL_boot
00000001                HST$
00000001                HST_RTDX
00000001                HWI$
00000001                HWI_NMI
00000001                IDL$
00000001                IDL_USECLKIDLTIME
00000001                IDL_busyObj$filter
00000001                IDL_busyObj$iA
00000001                IDL_busyObj$iC
00000001                ISRC$
00000001                KNL_swi$dorta
00000001                KNL_swi$sts$filtmaxmult
00000001                KNL_swi$sts$filtsummult
00000001                LCK$
00000001                LOG$
00000001                LOG_ENABLED
00000001                MBX$
00000001                MEM$
00000001                MEM_gNumHeap
00000001                PRD$
00000001                PWRM$
00000001                QUE$
00000001                RTA_fromHost$id
00000001                RTA_toHost$mode
00000001                RTDX$
00000001                RTDX_USERTDX
00000001                SEM$
00000001                STS$
00000001                SWI$
00000001                SWI_A_TABLEN
00000001                SYS$
00000001                TSK$
00000001                TSK_PRIORITY
00000001                TSK_idle$ord
00000001                TSK_idle$sts$filtmaxmult
00000001                TSK_idle$sts$filtsummult
00000001                User_interface$pri
00000001                User_interface$sts$filtmaxmult
00000001                User_interface$sts$filtsummult
00000001                _CLK_USETIMER
00000001                _HWI_NMI
00000001                _RTDX_LMM
00000001                trace$datatype
00000002                $TI_capability$C5500$CallingConvention
00000002                $TI_capability$C5500$MemoryModel
00000002                CLK_HTIMEMULT
00000002                GBL_CACHETYPE
00000002                HWI_INT2
00000002                IDL_busyObj$unittype
00000002                KNL_swi$ord
00000002                KNL_swi$sts$filter
00000002                LOG_A_TABLEN
00000002                PIP_A_TABLEN
00000002                PIP_gNumEmbed
00000002                TSK_idle$sts$filter
00000002                User_interface$ord
00000002                User_interface$sts$filter
00000002                _HWI_INT2
00000002                _LOG_A_TABLEN
00000003                HWI_INT3
00000003                _HWI_INT3
00000003                _RTDX_JTAGONLY
00000004                CLK_CALMULT
00000004                CLK_INTID
00000004                HWI_INT4
00000004                HWI_TINT
00000004                _HWI_INT4
00000004                _HWI_TINT
00000005                HWI_INT5
00000005                PWRM_PWRM_IDLEMASK
00000005                _HWI_INT5
00000006                BIOSDATA_O_CLK_HTIMEDIV
00000006                HWI_INT6
00000006                _HWI_INT6
00000007                HWI_INT7
00000007                _HWI_INT7
00000008                BIOSDATA_O_CLK_HTIMEMULT
00000008                HWI_INT8
00000008                RTA_fromHost$framesize
00000008                _HWI_INT8
00000009                HWI_INT9
00000009                _HWI_INT9
0000000a                BIOSDATA_O_CLK_LTIMEDIV
0000000a                HWI_INT10
0000000a                _HWI_INT10
0000000b                HWI_INT11
0000000b                _HWI_INT11
0000000c                BIOSDATA_O_CLK_LTIMEMULT
0000000c                HWI_INT12
0000000c                _HWI_INT12
0000000d                HWI_INT13
0000000d                _HWI_INT13
0000000e                BIOSDATA_O_CLK_D_DIRTY
0000000e                HWI_INT14
0000000e                _HWI_INT14
0000000f                GBL_PLLM
0000000f                HWI_INT15
0000000f                PWRM_PWRM_INITSP
0000000f                _HWI_INT15
00000010                BIOSDATA_O_CLK_D_PRD
00000010                CLK_IMR0TINTMASK
00000010                CLK_TIMERIMRMASK
00000010                HWI_INT16
00000010                _HWI_INT16
00000011                HWI_INT17
00000011                _HWI_INT17
00000012                BIOSDATA_O_CLK_D_TDDR
00000012                HWI_INT18
00000012                _HWI_INT18
00000013                HWI_INT19
00000013                _HWI_INT19
00000014                BIOSDATA_O_CLK_D_COUNTSPMS
00000014                HWI_INT20
00000014                _HWI_INT20
00000015                HWI_INT21
00000015                _HWI_INT21
00000016                BIOSDATA_O_CLK_D_IDLETIME
00000016                HWI_INT22
00000016                _HWI_INT22
00000017                HWI_INT23
00000017                _HWI_INT23
00000018                BIOSDATA_O_CLK_D_ISRHOOK
00000018                HWI_BERR
00000018                _HWI_BERR
00000019                HWI_DLOG
00000019                _HWI_DLOG
0000001a                BIOSDATA_O_CLK_D_TABBEG
0000001a                HWI_RTOS
0000001a                _HWI_RTOS
0000001b                HWI_SINT27
0000001b                _HWI_SINT27
0000001c                BIOSDATA_O_CLK_D_TIMEFXN
0000001c                HWI_SINT28
0000001c                _HWI_SINT28
0000001d                HWI_SINT29
0000001d                _HWI_SINT29
0000001e                BIOSDATA_O_CLK_R_TIMH
0000001e                HWI_SINT30
0000001e                _HWI_SINT30
0000001f                BIOSDATA_O_CLK_R_TIML
0000001f                HWI_SINT31
0000001f                _HWI_SINT31
00000020                BIOSDATA_O_HST_D_CHANMASK
00000020                CLK_TCR
00000020                _CLK_TCR
00000022                BIOSDATA_O_IDL_D_CALBEG
00000023                PWRM_PWRM_CAPSMASK
00000024                BIOSDATA_O_IDL_D_CALIBRATE
00000026                BIOSDATA_O_IDL_D_TABBEG
00000028                BIOSDATA_O_LOG_D_SYSTEM
0000002a                BIOSDATA_O_PIP_D_TABBEG
0000002c                BIOSDATA_O_PIP_D_TABLEN
0000002e                BIOSDATA_O_PRD_D_CUR
00000030                BIOSDATA_O_PRD_D_ELAPSED
00000031                BIOSDATA_O_PRD_D_PREVTIM
00000032                BIOSDATA_O_PRD_D_SCALAR
00000034                BIOSDATA_O_PRD_D_SWIHANDLE
00000036                BIOSDATA_O_PRD_D_TABBEG
00000037                GBL_DSPTYPE
00000038                BIOSDATA_O_PRD_D_TABLEN
0000003a                BIOSDATA_O_PRD_D_THOOK
0000003c                BIOSDATA_O_PRD_D_TICKH
0000003d                BIOSDATA_O_PRD_D_TICKL
0000003e                BIOSDATA_O_SWI_D_RUNADDR
0000003f                PWRM_PWRM_DS_IDLEMASK
00000040                BIOSDATA_O_SWI_D_EXECADDR
00000040                HST_MAXFRAMESET
00000040                RTA_toHost$framesize
00000042                BIOSDATA_O_SWI_D_CURMASK
00000042                GBL_FOOTPRINT
00000043                BIOSDATA_O_SWI_D_CURSET
00000044                BIOSDATA_O_SWI_D_LOCK
00000045                BIOSDATA_O_SWI_D_CURMBOX
00000045                CLK_TIMERIMR
00000046                BIOSDATA_O_SWI_D_CURFXN
00000046                CLK_TIMERIFR
00000048                BIOSDATA_O_SWI_D_RDYBEG
0000004a                BIOSDATA_O_SWI_D_RDYTAB
00000060                PRD_A_TABBEG
00000060                PRD_A_TABEND
00000064                PIP_OBJSIZE
00000088                BIOSDATA_O_HWI_D_SPSAVE
[...]
00005dfc                PIP_F_start
00005e4d                _KNL_switch
00005e9b                KNL_glue
00005eda                KNL_tick_stub
00005eda                PRD_THOOKFXN
00005efa                _KNL_saveIsrFrame
00005f5c                __SEM_dopost
00005ff8                PIP_A_TABBEG
00005ff8                _PIP_A_TABBEG
0000605c                PIP_A_TABEND
0000605c                _PIP_A_TABEND
00006060                _TSK_exit
0000611e                STS_A_TABBEG
0000611e                _STS_A_TABBEG
0000613e                HST_A_TABBEG
0000613e                STS_A_TABEND
0000613e                _HST_A_TABBEG
0000613e                _STS_A_TABEND
00006158                HST_A_TABEND
00006158                _HST_A_TABEND
00006158                _TSK_setup
0000616e                LOG_A_TABBEG
0000616e                _LOG_A_TABBEG
00006182                LOG_A_TABEND
00006182                SWI_A_TABBEG
00006182                _LOG_A_TABEND
00006196                SWI_A_TABEND
000061a6                IDL_A_TABBEG
000061ae                IDL_A_CALBEG
000061c4                CLK_A_TABBEG
000062ac                _TSK_startup
0000630f                _C55_disableIMR0
00006332                _C55_disableIMR1
00006355                _C55_enableIMR0
0000636e                _C55_enableIMR1
00006387                _C55_clearIFR0
0000639c                _C55_clearIFR1
000063b4                _CLK_start
0000643c                _CLK_stop
00006444                _KNL_check
0000649f                _KNL_idle
000064bc                _KNL_max
000064d4                _CLK_dispatch
0000651c                CLK_TIMER0FUNC
0000651c                _CLK_isr
00006598                _CLK_getfhtime
000065a4                CLK_F_gethtime
000065a4                CLK_TIMEFXN
000065a4                _CLK_getshtime
000065eb                _SEM_post
000065eb                _SEM_postBinary
00006670                _CLK_measure
000066d8                _KNL_enter
00006718                _KNL_exit
00006738                _KNL_ipost
00006794                _LCK_post
000067b4                _LCK_pend
000067ec                LOG_F_event
000067ec                _LOG_event
0000683d                _SEM_pend
0000688c                _SEM_postEnterKnl
000068d4                STS_F_delta
000068d4                _STS_delta
000068f6                STS_F_add
000068f6                _STS_add
0000690e                STS_F_reset
0000690e                _STS_reset
0000691c                _SYS_exit
00006964                IDL_F_busy
00006964                _IDL_busy
00006990                _IDL_init
000069ab                _IDL_calibrate
000069f1                RTA_F_andn
00006a07                RTA_F_or
00006a1e                iRTA_F_or
00006a34                SYS_PUTCFXN
00006a34                _UTL_doPutc
00006a6c                _KNL_post
00006aa0                CLK_F_itime
00006aa0                _CLK_itime
00006ad4                CLK_TIMER1FUNC
00006ad4                CLK_TIMER2FUNC
00006ad4                FXN_F_nop
00006ad6                FXN_F_run
00006af3                FXN_F_zero
00006af7                FXN_F_selfLoop
00006af9                IDL_CALIBRFXN
00006af9                _IDL_stub
00006b20                SYS_ABORTFXN
00006b20                _UTL_doAbort
00006b44                SYS_ERRORFXN
00006b44                _UTL_doError
00006b64                _HWI_disable
00006b74                _HWI_enable
00006b78                _HWI_restore
00006b7e                _CLK_run
00006b89                CLK_F_dispRun
00006b89                CLK_HOOKFXN
00006b89                _CLK_dispRun
00006b98                _SYS_abort
00006baf                IDL_F_loop
00006baf                _IDL_loop
00006bbc                SYS_EXITFXN
00006bbc                _UTL_halt
00006bc4                _STS_set
00006bcb                _GBL_getVersion
00006bd4                GBL_BIOS_BOOTFXN
00006bd4                GBL_USERINITFXN
00006bd4                GIO_CREATEFXN
00006bd4                GIO_DELETEFXN
00006bd4                GIO_PENDFXN
00006bd4                GIO_POSTFXN
00006bd4                PWRM_PWRM_BOOTHOOKFXN
00006bd4                TSK_VCREATEFXN
00006bd4                TSK_VDELETEFXN
00006bd4                TSK_VEXITFXN
00006bd4                _FXN_F_nop
00006bd8                _CLK_wdogdisable
            000035ee    GBL_sysstackbeg
            000035ee    _HWI_SYSSTKTOP
            000035ee    __sysstack
            000036ed    GBL_sysstackend
            000036ee    GBL_stackbeg
            000036ee    _HWI_STKTOP
            000036ee    _HWI_SYSSTKBOTTOM
            000036ee    __stack
            00003aed    GBL_stackend
000075dc                DARAM$Bb
000075dc                _DARAM_baseb
            00003aee    _HWI_STKBOTTOM
            00003aee    __STACK_END
            00003fee    TSK_idle$stack
00008000                GBL_PLLDIV0
00008003                GBL_PLLDIV1
            000043d0    TSK_idle$stkptr
            000043ee    TSK_idle$sysstack
            000044d0    TSK_idle$sysstkptr
            000044ee    User_interface$stack
            000048d0    User_interface$stkptr
            000048ee    User_interface$sysstack
            000049d0    User_interface$sysstkptr
000095b7                _RTDX_Buffer_WriteCB
00009733                _RTDX_Init_RT_Monitor
00009842                _RTDX_Poll
00009a76                _RTDX_Mon_Queue
00009afe                _RTDX_H2TPoll
00009b63                _RTDX_Buffer_Initialize
00009bb6                _RTDX_Buffer_ReadCB
00009c01                _RTDX_Final_RT_Monitor
00009c3d                _RTDX_Buffer_Size
00009c78                _RTDX_Mask_IER
00009ca2                _RTDX_Buffer_Read
00009cc4                _RTDX_Set_IER
00009ce2                _RTDX_Buffer_Write
            00004e90    .bss
            00004e90    ___bss__
            00004e90    _leftSample
            00004e91    _rightSample
            00004e92    _output
            00004e93    _nco_out
            00004e94    _delayline
            00004ed0    _low_coeffs
            00004f0c    _high_coeffs
            00004f48    _rxSamples
            00004f78    _rxSampleIdx
            00004f7a    _nco1
            0000507e    ___atexit_func_id__
            00005140    _KNL_wFlag
            00005141    _KNL_set
            00005142    _KNL_queues
            00005192    _KNL_wList
            00005194    _KNL_alarm
            00005196    _KNL_setpri
            00005198    _KNL_inactive
            0000519a    _KNL_priority
            0000519c    _KNL_dummy
            000051b4    _KNL_curtask
            000051b6    _KNL_prevtask
            000051b8    _KNL_curtime
            000051ba    _KNL_swiptr
            000051bc    _KNL_curqueue
            000051be    _KNL_maxqueue
            000051c0    _KNL_tswitchfxn
            000051c2    _KNL_tcreatefxn
            000051c4    _KNL_tdeletefxn
            000051c6    _KNL_treadyfxn
            000051c8    _KNL_idlefxn
            000051ca    _TSK_nTasks
            000051cb    _TSK_pid
            000051cc    _TSK_ATTRS
            000051da    _TSK_config
            000051e8    _TSK
            000051ea    _TSK_timerSem
            00005222    _fsError
            00005223    _ouError
            00005224    __TSK_mutex
            00005238    __MEM_mutex
            0000524c    _OBJ_table
            00005268    _OBJ_segtab
            00005270    _SYS_exitStack
            00005280    _SYS_exitStackPtr
            00005282    _SYS_exitStackTop
            00005284    _MEM_memtab
            0000528a    DARAM
            0000528a    HST_DSMBUFSEG
            0000528a    MEM_MALLOCSEG
            0000528a    MEM_SEGZERO
            0000528a    RTDX_DATAMEMSEG
            0000528a    _DARAM
            0000528a    _SEG0
            0000528c    RTA_fromHost$pipe$dtab
            00005292    RTA_toHost$pipe$dtab
            00005298    _gI2cObj
            000052a8    _i2cHandle
            000052aa    _CLK_timer0func
            000052ac    _CLK_timer1func
            000052ae    _CLK_timer2func
            000052b0    _CLK_timer0arg
            000052b2    _CLK_timer1arg
            000052b4    _CLK_timer2arg
            000052b6    _count
            000052b8    _count2
            000052ba    _nco
            000052bc    _sw1State
            000052bd    _lastKey
            000052be    _filter
            000052c8    _SarObj
            000052cb    _preKey
            000052cc    _SarHandle
            000052ce    _keyCnt1
            000052cf    _keyCnt2
            000052e2    _rtdxNullChanCnt
            000052e3    _rtdxNullFuncCnt
            000052e4    _CLK_DFLTMICROSECS
            000052e6    _CLK_D_microseconds
            000052e8    _GpioObj
            000052ea    _hGpio
            000052ec    __lock
            000052ee    __unlock
            000052f0    __cleanup_ptr
            000052f2    __dtors_ptr
            000052f4    _CLK_htimePerLtime
            000052f6    _MEM
            000052f8    _hI2s
            000052fa    _dtors
            000052fc    C55_BIOSDATAOBJ
            000052fc    _GBL_procId
            000052fc    ___end__
            000052fc    end
            000052fe    _GBL_clkIn
            00005300    _GBL_freq
            00005302    _CLK_htimeDiv
            00005304    _CLK_htimeMult
            00005306    _CLK_ltimeDiv
            00005308    _CLK_ltimeMult
            0000530a    _CLK_D_dirty
            0000530c    _CLK_D_prd
            0000530e    _CLK_D_tddr
            00005310    _CLK_D_countspms
            00005312    CLK_D_idletime
            00005314    CLK_D_isrhook
            00005314    _CLK_isrhook
            00005316    CLK_D_tabbeg
            00005318    CLK_D_timefxn
            0000531a    CLK_R_timh
            0000531a    _CLK_time
            0000531b    CLK_R_timl
            0000531c    HST_D_chanmask
            0000531e    IDL_D_calbeg
            00005320    IDL_D_calibrate
            00005322    IDL_D_tabbeg
            00005324    LOG_D_system
            00005324    _LOG_D_system
            00005326    PIP_D_tabbeg
            00005328    PIP_D_tablen
            0000532a    PRD_D_cur
            0000532c    PRD_D_elapsed
            0000532d    PRD_D_prevtim
            0000532e    PRD_D_scalar
            00005330    PRD_D_swihandle
            00005332    PRD_D_tabbeg
            00005334    PRD_D_tablen
            00005336    PRD_D_thook
            00005338    PRD_D_tickh
            00005339    PRD_D_tickl
            00005339    _PRD_D_tick
            0000533a    SWI_D_runaddr
            0000533a    _SWI_data
            0000533c    SWI_D_execaddr
            0000533e    SWI_D_curmask
            0000533e    _SWI_D_curmask
            0000533f    SWI_D_curset
            00005340    SWI_D_lock
            00005340    _SWI_D_lock
            00005341    SWI_D_curmbox
            00005342    SWI_D_curfxn
            00005342    _SWI_D_curfxn
            00005344    SWI_D_rdybeg
            00005344    _SWI_D_rdybeg
            00005346    SWI_D_rdytab
            00005382    SWI_D_inswi
            00005382    _SWI_D_inswi
            00005384    HWI_D_spsave
            00005384    _HWI_D_spsave
            00005384    _HWI_data
            00005386    HWI_D_sspsave
            00005386    _HWI_D_sspsave
            00005388    HWI_D_stkbotaddr
            0000538a    HWI_D_systkbotaddr
            0000538c    HWI_D_stktopaddr
            0000538e    HWI_D_systktopaddr
            00005390    HWI_D_inhwi
            00005390    _HWI_D_inhwi
            00005391    _MEM_D_NUMSEGMENTS
            00005392    _MEM_D_memtab
            00005394    _MEM_D_freelist
            00005396    _MEM_D_lockaddr
            00005398    _MEM_D_unlockaddr
            0000539a    _SYS
            0000539c    HST_D_tabbegaddr
            0000539e    HST_D_tabendaddr
            000053a0    TSK_D_idlstkaddr
            000053a2    TSK_D_idlsystkaddr
            000053a4    RTDX_D_BufRead
            000053a6    RTDX_D_BufWrite
            000053a8    __HOOK_knlId
            000053aa    __HOOK_NUMHOOKS
            000053ac    RTA_D_fromHost
            000053ae    RTA_D_toHost
            000053b0    RTA_D_logval
            000053ba    RTA_D_stsval
            000053c2    LNKCTRL
            000053c2    LNK_D_fromHostMask
            000053c3    LNK_D_dataReadyMask
            000053c4    LNK_D_readPend
            000053c5    LNK_D_readDone
            000053c6    LNK_D_readFail
            000053c7    LNK_D_writeFail
            000053c8    IDL_D_busyObj
            000053ca    MBXAudio$queElems
            00005400    trace$buf
            00005800    LOG_system$buf
            00005a00    _SYS_PUTCBEG
            00005bff    _SYS_PUTCEND
0000b800                _MEM_init
0000b911                BIOS_init
0000b911                _BIOS_init
0000b9a2                BIOS_start
0000b9a2                _BIOS_start
0000b9e8                _TSK_init
0000ba6c                _auto_init
0000badd                _c_int00
0000bb4c                _OBJ_init
            00005da8    _RTDX_Buffer
            00005eaa    _rtdx_mon_state
            00005ebc    _rtdx_buffer_state
            00005ec2    _RTDX_writing
            00005ecc    _RTDX_Buffer_Start
            00005ece    _RTDX_Buffer_End
            00005ed0    _HWI_dispatchTab
            00005f96    MBXAudio
            00005f96    _MBXAudio
            00005f9e    MBXAudio$data
            00005fae    MBXAudio$free
            00005fca    MBXFFT
            00005fca    _MBXFFT
            00005fd2    MBXFFT$data
            00005fe2    MBXFFT$free
0000bff0                PIP_A_TABBEGb
            00005ff8    RTA_fromHost$pipe
            00005ffa    RTA_fromHost$pipe$rd
            00005ffc    RTA_fromHost$pipe$rdaddr
            00005ffe    RTA_fromHost$pipe$rdsize
            00006000    RTA_fromHost$pipe$rdcurdesc
            00006010    RTA_fromHost$pipe$rdstshdl
            00006012    RTA_fromHost$pipe$wr
            00006014    RTA_fromHost$pipe$wraddr
            00006016    RTA_fromHost$pipe$wrsize
            00006018    RTA_fromHost$pipe$wrcurdesc
            00006028    RTA_fromHost$pipe$wrstshdl
            0000602a    RTA_toHost$pipe
            0000602c    RTA_toHost$pipe$rd
            0000602e    RTA_toHost$pipe$rdaddr
            00006030    RTA_toHost$pipe$rdsize
            00006032    RTA_toHost$pipe$rdcurdesc
            00006042    RTA_toHost$pipe$rdstshdl
            00006044    RTA_toHost$pipe$wr
            00006046    RTA_toHost$pipe$wraddr
            00006048    RTA_toHost$pipe$wrsize
            0000604a    RTA_toHost$pipe$wrcurdesc
            0000605a    RTA_toHost$pipe$wrstshdl
0000c0b8                PIP_A_TABENDb
            00006062    TSK_idle
            00006062    _TSK_idle
            0000607a    TSK_idle$tskobj
            0000608e    User_interface
            0000608e    _User_interface
            000060a6    User_interface$tskobj
            000060b4    RTA_toHost$buf
            000060f4    gblinit
            0000611e    KNL_swi$sts$stsobj
0000c23c                STS_A_TABBEGb
            00006120    KNL_swi$sts
            00006126    TSK_idle$sts$stsobj
            00006128    TSK_idle$sts
            0000612e    User_interface$sts$stsobj
            00006130    User_interface$sts
            00006136    IDL_busyObj$stsobj
            00006138    IDL_busyObj
            00006138    _IDL_busyObj
0000c27c                HST_A_TABBEGb
0000c27c                STS_A_TABENDb
            00006140    RTA_fromHost
            00006140    _RTA_fromHost
            00006144    RTA_fromHost$rtdx
            0000614c    RTA_toHost
            0000614c    _RTA_toHost
            00006150    RTA_toHost$rtdx
0000c2b0                HST_A_TABENDb
            0000615e    SEMUI
            0000615e    _SEMUI
0000c2dc                LOG_A_TABBEGb
            0000616e    LOG_system
            0000616e    _LOG_system
            00006178    _trace
            00006178    trace
            00006182    KNL_swi
0000c304                LOG_A_TABENDb
0000c304                SWI_A_TABBEGb
            00006182    _KNL_swi
0000c32c                SWI_A_TABENDb
            0000619e    RTA_fromHost$buf
0000c34c                IDL_A_TABBEGb
            000061a6    LNK_dataPump
            000061a6    _LNK_dataPump
0000c34f                CLK_PRD
0000c34f                _CLK_PRD
0000c350                CLK_COUNTSPMS
0000c350                CLK_HTIMEPERLTIME
            000061a8    RTA_dispatcher
0000c350                _CLK_COUNTSPMS
            000061a8    _RTA_dispatcher
            000061aa    IDL_cpuLoad
            000061aa    _IDL_cpuLoad
            000061ac    IDL_END
0000c35c                IDL_A_CALBEGb
            000061ae    LNK_dataPump$
            000061b0    RTA_dispatcher$
            000061b2    IDL_cpuLoad$
            000061b4    IDL_END$
            000061b6    SYS$config
            000061be    MBXFFT$queElems
0000c388                CLK_A_TABBEGb
            000061c4    PRD_clock
            000061c4    _PRD_clock
            000061c6    CLK_NULL
            000061c8    TRC_cinit
            000061c9    TRC_R_mask
            000061c9    _TRC_R_mask
            000061ca    GBL_initdone
0000dbef                GBL_TRCMASKVALUE
0000ff00                HWI_A_VECS
0000ff00                hwi0
0000ff08                hwi1
0000ff10                hwi2
0000ff18                hwi3
0000ff20                hwi4
0000ff28                hwi5
0000ff30                hwi6
0000ff38                hwi7
0000ff40                hwi8
0000ff48                hwi9
0000ff50                hwi10
0000ff58                hwi11
0000ff60                hwi12
0000ff68                hwi13
0000ff70                hwi14
0000ff78                hwi15
0000ff80                hwi16
0000ff88                hwi17
0000ff90                hwi18
0000ff98                hwi19
0000ffa0                hwi20
0000ffa8                hwi21
0000ffb0                hwi22
0000ffb8                hwi23
0000ffc0                hwi24
0000ffc8                hwi25
0000ffd0                hwi26
0000ffd8                hwi27
0000ffe0                hwi28
0000ffe8                hwi29
0000fff0                hwi30
0000fff8                hwi31
            00008000    ___cinit__
            00008000    cinit
            0000874d    _HST_HOST_CHANNEL_DRIVER
            0000874e    ___pinit__
            0000874e    pinit
            00008755    KNL_swi$sts$maxfmt
            0000875d    KNL_swi$sts$sumfmt
            00008765    KNL_swi$sts$avgfmt
            0000876f    TSK_idle$sts$maxfmt
            00008777    TSK_idle$sts$sumfmt
            0000877f    TSK_idle$sts$avgfmt
            00008789    User_interface$sts$maxfmt
            00008791    User_interface$sts$sumfmt
            00008799    User_interface$sts$avgfmt
            000087a3    IDL_busyObj$maxfmt
            000087a6    IDL_busyObj$sumfmt
            000087a9    IDL_busyObj$avgfmt
000186a0                CLK_LTIMEMULT
000186a0                GBL_FREQ
00f80000                GBL_CACHEICRTAG1
00f81000                GBL_CACHEICRTAG2
ffffffff                SARAM
ffffffff                VECT
ffffffff                _SARAM
ffffffff                _VECT
ffffffff                ___binit__
ffffffff                ___c_args__
ffffffff                binit

[1024 symbols]
